Linux 6.17.0-1015-aws (ip-172-31-2-48) 	05/26/26 	_x86_64_	(4 CPU)

22:35:16     CPU    %usr   %nice    %sys %iowait    %irq   %soft  %steal  %guest  %gnice   %idle
22:35:21     all   17.64    0.00    3.99    0.10    0.00    0.91    0.05    0.00    0.00   77.30
22:35:21       0   17.34    0.00    4.64    0.40    0.00    0.00    0.20    0.00    0.00   77.42
22:35:21       1    7.72    0.00    3.25    0.00    0.00    1.63    0.00    0.00    0.00   87.40
22:35:21       2   24.09    0.00    5.47    0.00    0.00    0.00    0.00    0.00    0.00   70.45
22:35:21       3   21.37    0.00    2.62    0.00    0.00    2.02    0.00    0.00    0.00   73.99

22:35:21     CPU    %usr   %nice    %sys %iowait    %irq   %soft  %steal  %guest  %gnice   %idle
22:35:26     all   59.19    0.00   25.45    0.00    0.00    9.47    0.25    0.00    0.00    5.65
22:35:26       0   56.52    0.00   31.88    0.00    0.00    0.00    0.21    0.00    0.00   11.39
22:35:26       1   58.70    0.00   21.46    0.00    0.00   18.62    0.20    0.00    0.00    1.01
22:35:26       2   55.60    0.00   33.81    0.00    0.00    0.00    0.41    0.00    0.00   10.18
22:35:26       3   65.79    0.00   14.89    0.00    0.00   18.91    0.20    0.00    0.00    0.20

22:35:26     CPU    %usr   %nice    %sys %iowait    %irq   %soft  %steal  %guest  %gnice   %idle
22:35:31     all   61.53    0.00   24.24    0.00    0.00    8.23    0.25    0.00    0.00    5.74
22:35:31       0   54.10    0.00   32.17    0.00    0.00    2.25    0.41    0.00    0.00   11.07
22:35:31       1   60.04    0.00   22.11    0.00    0.00   16.84    0.20    0.00    0.00    0.81
22:35:31       2   56.06    0.00   32.85    0.00    0.00    0.00    0.21    0.00    0.00   10.88
22:35:31       3   75.60    0.00   10.20    0.00    0.00   13.60    0.20    0.00    0.00    0.40

22:35:31     CPU    %usr   %nice    %sys %iowait    %irq   %soft  %steal  %guest  %gnice   %idle
22:35:36     all   62.29    0.00   24.99    0.00    0.00    8.52    0.15    0.00    0.00    4.05
22:35:36       0   57.32    0.00   26.19    0.00    0.00   12.37    0.21    0.00    0.00    3.92
22:35:36       1   59.59    0.00   22.65    0.00    0.00   16.53    0.00    0.00    0.00    1.22
22:35:36       2   72.07    0.00   20.53    0.00    0.00    0.00    0.21    0.00    0.00    7.19
22:35:36       3   60.16    0.00   30.60    0.00    0.00    5.13    0.21    0.00    0.00    3.90

22:35:36     CPU    %usr   %nice    %sys %iowait    %irq   %soft  %steal  %guest  %gnice   %idle
22:35:41     all   67.36    0.00   20.93    0.00    0.00    8.45    0.15    0.00    0.00    3.11
22:35:41       0   56.53    0.00   26.94    0.00    0.00   13.06    0.20    0.00    0.00    3.27
22:35:41       1   63.56    0.00   20.24    0.00    0.00   14.98    0.00    0.00    0.00    1.21
22:35:41       2   66.05    0.00   25.10    0.00    0.00    1.44    0.21    0.00    0.00    7.20
22:35:41       3   83.20    0.00   11.54    0.00    0.00    4.25    0.20    0.00    0.00    0.81

22:35:41     CPU    %usr   %nice    %sys %iowait    %irq   %soft  %steal  %guest  %gnice   %idle
22:35:46     all   65.85    0.00   22.27    0.00    0.00    8.66    0.20    0.00    0.00    3.01
22:35:46       0   59.43    0.00   24.18    0.00    0.00   13.11    0.20    0.00    0.00    3.07
22:35:46       1   69.78    0.00   19.07    0.00    0.00    8.11    0.20    0.00    0.00    2.84
22:35:46       2   68.02    0.00   21.59    0.00    0.00    7.54    0.20    0.00    0.00    2.65
22:35:46       3   66.12    0.00   24.29    0.00    0.00    5.92    0.20    0.00    0.00    3.47

22:35:46     CPU    %usr   %nice    %sys %iowait    %irq   %soft  %steal  %guest  %gnice   %idle
22:35:51     all   60.03    0.00   22.61    0.00    0.00    8.83    0.20    0.00    0.00    8.32
22:35:51       0   60.33    0.00   18.61    0.00    0.00   13.09    0.20    0.00    0.00    7.77
22:35:51       1   57.00    0.00   24.49    0.00    0.00    8.64    0.21    0.00    0.00    9.67
22:35:51       2   65.31    0.00   18.66    0.00    0.00    8.32    0.20    0.00    0.00    7.51
22:35:51       3   57.43    0.00   28.72    0.00    0.00    5.30    0.20    0.00    0.00    8.35

22:35:51     CPU    %usr   %nice    %sys %iowait    %irq   %soft  %steal  %guest  %gnice   %idle
22:35:56     all   64.00    0.00   24.43    0.00    0.00    9.13    0.20    0.00    0.00    2.24
22:35:56       0   58.98    0.00   25.31    0.00    0.00   13.06    0.41    0.00    0.00    2.24
22:35:56       1   57.20    0.00   29.02    0.00    0.00    9.60    0.21    0.00    0.00    3.97
22:35:56       2   76.66    0.00   13.28    0.00    0.00    8.85    0.20    0.00    0.00    1.01
22:35:56       3   62.83    0.00   30.30    0.00    0.00    5.05    0.00    0.00    0.00    1.82

22:35:56     CPU    %usr   %nice    %sys %iowait    %irq   %soft  %steal  %guest  %gnice   %idle
22:36:01     all   74.32    0.00   16.50    0.00    0.00    7.97    0.20    0.00    0.00    1.01
22:36:01       0   74.10    0.00   14.46    0.00    0.00   10.84    0.20    0.00    0.00    0.40
22:36:01       1   69.12    0.00   20.45    0.00    0.00    8.38    0.00    0.00    0.00    2.04
22:36:01       2   70.36    0.00   20.77    0.00    0.00    7.26    0.40    0.00    0.00    1.21
22:36:01       3   83.57    0.00   10.42    0.00    0.00    5.41    0.20    0.00    0.00    0.40

22:36:01     CPU    %usr   %nice    %sys %iowait    %irq   %soft  %steal  %guest  %gnice   %idle
22:36:06     all   74.54    0.00   15.38    0.00    0.00    7.89    0.20    0.00    0.00    1.99
22:36:06       0   77.42    0.00   10.48    0.00    0.00   11.29    0.20    0.00    0.00    0.60
22:36:06       1   66.25    0.00   21.95    0.00    0.00    8.70    0.21    0.00    0.00    2.90
22:36:06       2   73.88    0.00   16.53    0.00    0.00    6.53    0.20    0.00    0.00    2.86
22:36:06       3   80.40    0.00   12.73    0.00    0.00    5.05    0.20    0.00    0.00    1.62

22:36:06     CPU    %usr   %nice    %sys %iowait    %irq   %soft  %steal  %guest  %gnice   %idle
22:36:11     all   65.66    0.00   22.52    0.00    0.00    8.90    0.15    0.00    0.00    2.76
22:36:11       0   62.09    0.00   22.75    0.00    0.00   12.91    0.20    0.00    0.00    2.05
22:36:11       1   61.48    0.00   25.20    0.00    0.00    9.22    0.20    0.00    0.00    3.89
22:36:11       2   68.64    0.00   21.79    0.00    0.00    7.13    0.20    0.00    0.00    2.24
22:36:11       3   70.43    0.00   20.33    0.00    0.00    6.37    0.00    0.00    0.00    2.87

22:36:11     CPU    %usr   %nice    %sys %iowait    %irq   %soft  %steal  %guest  %gnice   %idle
22:36:16     all   63.66    0.00   23.95    0.00    0.00    9.16    0.26    0.00    0.00    2.97
22:36:16       0   62.45    0.00   22.65    0.00    0.00   13.27    0.20    0.00    0.00    1.43
22:36:16       1   60.66    0.00   24.84    0.00    0.00   10.14    0.21    0.00    0.00    4.14
22:36:16       2   70.61    0.00   18.78    0.00    0.00    7.76    0.41    0.00    0.00    2.45
22:36:16       3   60.90    0.00   29.53    0.00    0.00    5.50    0.20    0.00    0.00    3.87

22:36:16     CPU    %usr   %nice    %sys %iowait    %irq   %soft  %steal  %guest  %gnice   %idle
22:36:21     all   62.63    0.00   25.46    0.00    0.00    9.25    0.15    0.00    0.00    2.51
22:36:21       0   60.24    0.00   25.15    0.00    0.00   12.37    0.41    0.00    0.00    1.83
22:36:21       1   63.04    0.00   24.02    0.00    0.00   10.27    0.00    0.00    0.00    2.67
22:36:21       2   60.99    0.00   27.93    0.00    0.00    8.21    0.00    0.00    0.00    2.87
22:36:21       3   66.26    0.00   24.74    0.00    0.00    6.13    0.20    0.00    0.00    2.66

22:36:21     CPU    %usr   %nice    %sys %iowait    %irq   %soft  %steal  %guest  %gnice   %idle
22:36:26     all   65.21    0.00   22.57    0.00    0.00    8.86    0.20    0.00    0.00    3.16
22:36:26       0   60.16    0.00   24.59    0.00    0.00   12.20    0.20    0.00    0.00    2.85
22:36:26       1   70.93    0.00   16.46    0.00    0.00    9.96    0.20    0.00    0.00    2.44
22:36:26       2   65.92    0.00   23.47    0.00    0.00    7.35    0.41    0.00    0.00    2.86
22:36:26       3   63.80    0.00   25.77    0.00    0.00    5.93    0.00    0.00    0.00    4.50

22:36:26     CPU    %usr   %nice    %sys %iowait    %irq   %soft  %steal  %guest  %gnice   %idle
22:36:31     all   70.15    0.00   19.41    0.00    0.00    7.99    0.20    0.00    0.00    2.25
22:36:31       0   64.81    0.00   20.99    0.00    0.00   11.73    0.21    0.00    0.00    2.26
22:36:31       1   70.76    0.00   19.02    0.00    0.00    8.38    0.20    0.00    0.00    1.64
22:36:31       2   71.19    0.00   19.14    0.00    0.00    6.79    0.21    0.00    0.00    2.67
22:36:31       3   73.78    0.00   18.50    0.00    0.00    5.08    0.20    0.00    0.00    2.44

22:36:31     CPU    %usr   %nice    %sys %iowait    %irq   %soft  %steal  %guest  %gnice   %idle
22:36:36     all   67.48    0.00   20.76    0.00    0.00    8.08    0.20    0.00    0.00    3.48
22:36:36       0   66.33    0.00   18.78    0.00    0.00   11.43    0.20    0.00    0.00    3.27
22:36:36       1   68.50    0.00   20.33    0.00    0.00    7.52    0.20    0.00    0.00    3.46
22:36:36       2   66.39    0.00   21.52    0.00    0.00    8.40    0.20    0.00    0.00    3.48
22:36:36       3   68.72    0.00   22.43    0.00    0.00    4.94    0.21    0.00    0.00    3.70

22:36:36     CPU    %usr   %nice    %sys %iowait    %irq   %soft  %steal  %guest  %gnice   %idle
22:36:41     all   66.33    0.00   22.13    0.00    0.00    8.89    0.20    0.00    0.00    2.45
22:36:41       0   60.29    0.00   24.64    0.00    0.00   12.22    0.41    0.00    0.00    2.44
22:36:41       1   64.39    0.00   23.60    0.00    0.00    9.11    0.00    0.00    0.00    2.90
22:36:41       2   79.40    0.00   11.20    0.00    0.00    8.40    0.40    0.00    0.00    0.60
22:36:41       3   60.87    0.00   29.40    0.00    0.00    5.80    0.00    0.00    0.00    3.93

22:36:41     CPU    %usr   %nice    %sys %iowait    %irq   %soft  %steal  %guest  %gnice   %idle
22:36:46     all   64.18    0.00   23.42    0.00    0.00    9.49    0.20    0.00    0.00    2.70
22:36:46       0   60.12    0.00   23.72    0.00    0.00   13.50    0.20    0.00    0.00    2.45
22:36:46       1   66.26    0.00   20.86    0.00    0.00    9.61    0.20    0.00    0.00    3.07
22:36:46       2   69.98    0.00   19.27    0.00    0.00    8.72    0.20    0.00    0.00    1.83
22:36:46       3   60.33    0.00   29.86    0.00    0.00    6.13    0.20    0.00    0.00    3.48

22:36:46     CPU    %usr   %nice    %sys %iowait    %irq   %soft  %steal  %guest  %gnice   %idle
22:36:51     all   64.35    0.00   24.21    0.00    0.00    8.99    0.20    0.00    0.00    2.25
22:36:51       0   62.50    0.00   22.54    0.00    0.00   12.70    0.20    0.00    0.00    2.05
22:36:51       1   62.45    0.00   25.10    0.00    0.00    9.80    0.20    0.00    0.00    2.45
22:36:51       2   61.81    0.00   27.72    0.00    0.00    7.80    0.21    0.00    0.00    2.46
22:36:51       3   70.59    0.00   21.50    0.00    0.00    5.68    0.20    0.00    0.00    2.03

22:36:51     CPU    %usr   %nice    %sys %iowait    %irq   %soft  %steal  %guest  %gnice   %idle
22:36:56     all   62.92    0.00   24.91    0.00    0.00    9.21    0.15    0.00    0.00    2.81
22:36:56       0   68.90    0.00   16.67    0.00    0.00   12.60    0.20    0.00    0.00    1.63
22:36:56       1   57.50    0.00   28.96    0.00    0.00    9.58    0.00    0.00    0.00    3.96
22:36:56       2   64.71    0.00   24.34    0.00    0.00    8.92    0.20    0.00    0.00    1.83
22:36:56       3   60.41    0.00   29.80    0.00    0.00    5.71    0.20    0.00    0.00    3.88

22:36:56     CPU    %usr   %nice    %sys %iowait    %irq   %soft  %steal  %guest  %gnice   %idle
22:37:01     all   64.24    0.00   23.51    0.00    0.00    9.32    0.15    0.00    0.00    2.77
22:37:01       0   61.15    0.00   23.52    0.00    0.00   13.29    0.20    0.00    0.00    1.84
22:37:01       1   59.67    0.00   27.16    0.00    0.00    9.67    0.21    0.00    0.00    3.29
22:37:01       2   75.86    0.00   13.59    0.00    0.00    8.72    0.20    0.00    0.00    1.62
22:37:01       3   60.12    0.00   29.96    0.00    0.00    5.58    0.00    0.00    0.00    4.34

22:37:01     CPU    %usr   %nice    %sys %iowait    %irq   %soft  %steal  %guest  %gnice   %idle
22:37:06     all   64.07    0.00   23.96    0.00    0.00    9.12    0.20    0.00    0.00    2.65
22:37:06       0   60.08    0.00   25.05    0.00    0.00   12.63    0.20    0.00    0.00    2.04
22:37:06       1   59.96    0.00   26.90    0.00    0.00    9.45    0.21    0.00    0.00    3.49
22:37:06       2   62.45    0.00   26.73    0.00    0.00    7.96    0.20    0.00    0.00    2.65
22:37:06       3   73.68    0.00   17.21    0.00    0.00    6.48    0.20    0.00    0.00    2.43

22:37:06     CPU    %usr   %nice    %sys %iowait    %irq   %soft  %steal  %guest  %gnice   %idle
22:37:11     all   67.72    0.00   21.18    0.00    0.00    8.34    0.20    0.00    0.00    2.56
22:37:11       0   62.99    0.00   24.13    0.00    0.00   10.22    0.20    0.00    0.00    2.45
22:37:11       1   62.06    0.00   24.54    0.00    0.00   10.10    0.21    0.00    0.00    3.09
22:37:11       2   63.64    0.00   26.03    0.00    0.00    6.82    0.21    0.00    0.00    3.31
22:37:11       3   81.89    0.00   10.26    0.00    0.00    6.24    0.20    0.00    0.00    1.41

22:37:11     CPU    %usr   %nice    %sys %iowait    %irq   %soft  %steal  %guest  %gnice   %idle
22:37:16     all   76.71    0.00   16.23    0.00    0.00    5.59    0.25    0.00    0.00    1.21
22:37:16       0   75.20    0.00   14.60    0.00    0.00    7.80    0.40    0.00    0.00    2.00
22:37:16       1   81.36    0.00   12.02    0.00    0.00    6.21    0.00    0.00    0.00    0.40
22:37:16       2   80.37    0.00   11.57    0.00    0.00    5.17    0.41    0.00    0.00    2.48
22:37:16       3   70.06    0.00   26.55    0.00    0.00    3.19    0.20    0.00    0.00    0.00

22:37:16     CPU    %usr   %nice    %sys %iowait    %irq   %soft  %steal  %guest  %gnice   %idle
22:37:21     all   70.61    0.00   21.16    0.00    0.00    6.92    0.15    0.00    0.00    1.15
22:37:21       0   75.50    0.00   11.45    0.00    0.00   12.05    0.20    0.00    0.00    0.80
22:37:21       1   67.61    0.00   24.95    0.00    0.00    6.44    0.20    0.00    0.00    0.80
22:37:21       2   86.97    0.00    6.81    0.00    0.00    5.81    0.20    0.00    0.00    0.20
22:37:21       3   52.40    0.00   41.40    0.00    0.00    3.40    0.00    0.00    0.00    2.80

22:37:21     CPU    %usr   %nice    %sys %iowait    %irq   %soft  %steal  %guest  %gnice   %idle
22:37:26     all   62.20    0.00   25.52    0.00    0.00    9.31    0.20    0.00    0.00    2.76
22:37:26       0   60.37    0.00   24.44    0.00    0.00   12.73    0.21    0.00    0.00    2.26
22:37:26       1   68.90    0.00   18.70    0.00    0.00   10.37    0.20    0.00    0.00    1.83
22:37:26       2   61.15    0.00   27.61    0.00    0.00    7.98    0.20    0.00    0.00    3.07
22:37:26       3   58.32    0.00   31.42    0.00    0.00    6.16    0.21    0.00    0.00    3.90

22:37:26     CPU    %usr   %nice    %sys %iowait    %irq   %soft  %steal  %guest  %gnice   %idle
22:37:31     all   63.51    0.00   24.31    0.00    0.00    9.43    0.20    0.00    0.00    2.55
22:37:31       0   59.67    0.00   24.85    0.00    0.00   12.83    0.20    0.00    0.00    2.44
22:37:31       1   62.55    0.00   24.28    0.00    0.00   10.29    0.00    0.00    0.00    2.88
22:37:31       2   64.71    0.00   24.75    0.00    0.00    7.91    0.41    0.00    0.00    2.23
22:37:31       3   67.07    0.00   23.37    0.00    0.00    6.71    0.20    0.00    0.00    2.64

22:37:31     CPU    %usr   %nice    %sys %iowait    %irq   %soft  %steal  %guest  %gnice   %idle
22:37:36     all   63.54    0.00   24.46    0.00    0.00    8.82    0.15    0.00    0.00    3.03
22:37:36       0   67.01    0.00   18.74    0.00    0.00   12.02    0.20    0.00    0.00    2.04
22:37:36       1   65.64    0.00   21.81    0.00    0.00    9.05    0.21    0.00    0.00    3.29
22:37:36       2   62.04    0.00   27.14    0.00    0.00    8.16    0.20    0.00    0.00    2.45
22:37:36       3   59.42    0.00   30.23    0.00    0.00    6.00    0.00    0.00    0.00    4.35

22:37:36     CPU    %usr   %nice    %sys %iowait    %irq   %soft  %steal  %guest  %gnice   %idle
22:37:41     all   62.39    0.00   24.94    0.00    0.00    8.48    0.21    0.00    0.00    3.98
22:37:41       0   68.80    0.00   17.77    0.00    0.00   10.74    0.21    0.00    0.00    2.48
22:37:41       1   59.83    0.00   24.27    0.00    0.00   10.04    0.21    0.00    0.00    5.65
22:37:41       2   60.17    0.00   27.80    0.00    0.00    7.68    0.21    0.00    0.00    4.15
22:37:41       3   60.74    0.00   29.86    0.00    0.00    5.52    0.20    0.00    0.00    3.68

22:37:41     CPU    %usr   %nice    %sys %iowait    %irq   %soft  %steal  %guest  %gnice   %idle
22:37:46     all   61.03    0.00   25.06    0.00    0.00    9.29    0.21    0.00    0.00    4.41
22:37:46       0   69.64    0.00   16.40    0.00    0.00   12.55    0.20    0.00    0.00    1.21
22:37:46       1   55.72    0.00   25.21    0.00    0.00   12.50    0.21    0.00    0.00    6.36
22:37:46       2   60.12    0.00   27.89    0.00    0.00    7.23    0.21    0.00    0.00    4.55
22:37:46       3   58.28    0.00   31.03    0.00    0.00    4.82    0.21    0.00    0.00    5.66

22:37:46     CPU    %usr   %nice    %sys %iowait    %irq   %soft  %steal  %guest  %gnice   %idle
22:37:51     all   59.01    0.00   27.53    0.00    0.00    8.18    0.20    0.00    0.00    5.08
22:37:51       0   56.62    0.00   29.33    0.00    0.00   11.00    0.20    0.00    0.00    2.85
22:37:51       1   58.78    0.00   25.51    0.00    0.00    8.98    0.20    0.00    0.00    6.53
22:37:51       2   55.26    0.00   32.59    0.00    0.00    7.29    0.20    0.00    0.00    4.66
22:37:51       3   65.38    0.00   22.67    0.00    0.00    5.47    0.20    0.00    0.00    6.28
