Linux 6.17.0-1015-aws (ip-172-31-8-179) 	05/27/26 	_x86_64_	(4 CPU)

20:13:00     CPU    %usr   %nice    %sys %iowait    %irq   %soft  %steal  %guest  %gnice   %idle
20:13:05     all   24.43    0.00    6.20    0.00    0.00    1.81    0.20    0.00    0.00   67.36
20:13:05       0   23.74    0.00    5.63    0.00    0.00    4.23    0.20    0.00    0.00   66.20
20:13:05       1   14.29    0.00    8.65    0.00    0.00    0.00    0.20    0.00    0.00   76.86
20:13:05       2   31.33    0.00    2.41    0.00    0.00    3.01    0.20    0.00    0.00   63.05
20:13:05       3   28.40    0.00    8.11    0.00    0.00    0.00    0.20    0.00    0.00   63.29

20:13:05     CPU    %usr   %nice    %sys %iowait    %irq   %soft  %steal  %guest  %gnice   %idle
20:13:10     all   63.16    0.00   23.24    0.00    0.00    6.85    0.15    0.00    0.00    6.59
20:13:10       0   64.61    0.00   22.63    0.00    0.00    7.82    0.00    0.00    0.00    4.94
20:13:10       1   57.14    0.00   26.50    0.00    0.00    7.45    0.21    0.00    0.00    8.70
20:13:10       2   60.08    0.00   26.61    0.00    0.00    5.41    0.00    0.00    0.00    7.90
20:13:10       3   70.67    0.00   17.31    0.00    0.00    6.72    0.41    0.00    0.00    4.89

20:13:10     CPU    %usr   %nice    %sys %iowait    %irq   %soft  %steal  %guest  %gnice   %idle
20:13:15     all   62.16    0.00   23.66    0.05    0.00    7.47    0.21    0.00    0.00    6.44
20:13:15       0   61.93    0.00   23.87    0.00    0.00    8.64    0.21    0.00    0.00    5.35
20:13:15       1   56.96    0.00   27.03    0.00    0.00    6.24    0.21    0.00    0.00    9.56
20:13:15       2   63.99    0.00   23.25    0.21    0.00    5.97    0.21    0.00    0.00    6.38
20:13:15       3   65.71    0.00   20.53    0.00    0.00    9.03    0.21    0.00    0.00    4.52

20:13:15     CPU    %usr   %nice    %sys %iowait    %irq   %soft  %steal  %guest  %gnice   %idle
20:13:20     all   64.79    0.00   22.71    0.00    0.00    7.53    0.10    0.00    0.00    4.87
20:13:20       0   67.21    0.00   21.18    0.00    0.00    8.15    0.20    0.00    0.00    3.26
20:13:20       1   66.05    0.00   21.53    0.00    0.00    6.83    0.00    0.00    0.00    5.59
20:13:20       2   57.94    0.00   28.04    0.00    0.00    6.60    0.00    0.00    0.00    7.42
20:13:20       3   67.89    0.00   20.12    0.00    0.00    8.54    0.20    0.00    0.00    3.25

20:13:20     CPU    %usr   %nice    %sys %iowait    %irq   %soft  %steal  %guest  %gnice   %idle
20:13:25     all   63.43    0.00   23.32    0.00    0.00    7.50    0.21    0.00    0.00    5.55
20:13:25       0   68.84    0.00   19.55    0.00    0.00    8.15    0.20    0.00    0.00    3.26
20:13:25       1   60.12    0.00   26.24    0.00    0.00    6.20    0.21    0.00    0.00    7.23
20:13:25       2   56.79    0.00   28.40    0.00    0.00    6.17    0.21    0.00    0.00    8.44
20:13:25       3   67.90    0.00   19.14    0.00    0.00    9.47    0.21    0.00    0.00    3.29

20:13:25     CPU    %usr   %nice    %sys %iowait    %irq   %soft  %steal  %guest  %gnice   %idle
20:13:30     all   63.45    0.00   23.61    0.00    0.00    7.84    0.21    0.00    0.00    4.90
20:13:30       0   61.44    0.00   25.57    0.00    0.00    8.45    0.00    0.00    0.00    4.54
20:13:30       1   68.11    0.00   19.96    0.00    0.00    6.58    0.21    0.00    0.00    5.14
20:13:30       2   61.41    0.00   25.93    0.00    0.00    6.43    0.21    0.00    0.00    6.02
20:13:30       3   62.83    0.00   23.00    0.00    0.00    9.86    0.41    0.00    0.00    3.90

20:13:30     CPU    %usr   %nice    %sys %iowait    %irq   %soft  %steal  %guest  %gnice   %idle
20:13:35     all   58.11    0.00   21.82    0.00    0.00    7.14    0.15    0.00    0.00   12.78
20:13:35       0   65.58    0.00   21.59    0.00    0.00    7.74    0.20    0.00    0.00    4.89
20:13:35       1   49.48    0.00   25.47    0.00    0.00    6.42    0.21    0.00    0.00   18.43
20:13:35       2   59.55    0.00   19.30    0.00    0.00    6.37    0.00    0.00    0.00   14.78
20:13:35       3   57.70    0.00   20.94    0.00    0.00    8.01    0.21    0.00    0.00   13.14

20:13:35     CPU    %usr   %nice    %sys %iowait    %irq   %soft  %steal  %guest  %gnice   %idle
20:13:40     all   54.98    0.00   24.41    0.00    0.00    5.74    0.21    0.00    0.00   14.66
20:13:40       0   60.25    0.00   21.74    0.00    0.00    6.21    0.21    0.00    0.00   11.59
20:13:40       1   55.95    0.00   22.76    0.00    0.00    5.43    0.00    0.00    0.00   15.87
20:13:40       2   50.11    0.00   27.37    0.00    0.00    4.63    0.21    0.00    0.00   17.68
20:13:40       3   53.54    0.00   25.83    0.00    0.00    6.67    0.42    0.00    0.00   13.54

20:13:40     CPU    %usr   %nice    %sys %iowait    %irq   %soft  %steal  %guest  %gnice   %idle
20:13:45     all   55.58    0.00   24.42    0.00    0.00    6.03    0.16    0.00    0.00   13.82
20:13:45       0   58.26    0.00   22.93    0.00    0.00    5.99    0.21    0.00    0.00   12.60
20:13:45       1   58.21    0.00   22.66    0.00    0.00    5.41    0.21    0.00    0.00   13.51
20:13:45       2   51.57    0.00   27.04    0.00    0.00    4.82    0.00    0.00    0.00   16.56
20:13:45       3   54.24    0.00   25.05    0.00    0.00    7.87    0.21    0.00    0.00   12.63

20:13:45     CPU    %usr   %nice    %sys %iowait    %irq   %soft  %steal  %guest  %gnice   %idle
20:13:50     all   55.36    0.00   23.98    0.00    0.00    6.01    0.10    0.00    0.00   14.55
20:13:50       0   58.13    0.00   22.29    0.00    0.00    5.62    0.00    0.00    0.00   13.96
20:13:50       1   54.04    0.00   25.05    0.00    0.00    5.80    0.21    0.00    0.00   14.91
20:13:50       2   47.50    0.00   29.17    0.00    0.00    4.38    0.00    0.00    0.00   18.96
20:13:50       3   61.68    0.00   19.47    0.00    0.00    8.20    0.20    0.00    0.00   10.45

20:13:50     CPU    %usr   %nice    %sys %iowait    %irq   %soft  %steal  %guest  %gnice   %idle
20:13:55     all   54.82    0.00   24.17    0.05    0.00    6.21    0.21    0.00    0.00   14.53
20:13:55       0   53.44    0.00   26.10    0.00    0.00    6.05    0.21    0.00    0.00   14.20
20:13:55       1   55.37    0.00   22.74    0.00    0.00    6.53    0.00    0.00    0.00   15.37
20:13:55       2   52.56    0.00   25.85    0.00    0.00    4.49    0.21    0.00    0.00   16.88
20:13:55       3   57.86    0.00   22.01    0.21    0.00    7.76    0.42    0.00    0.00   11.74

20:13:55     CPU    %usr   %nice    %sys %iowait    %irq   %soft  %steal  %guest  %gnice   %idle
20:14:00     all   57.19    0.00   23.74    0.00    0.00    5.96    0.15    0.00    0.00   12.95
20:14:00       0   53.64    0.00   27.23    0.00    0.00    5.61    0.21    0.00    0.00   13.31
20:14:00       1   59.63    0.00   21.72    0.00    0.00    5.33    0.20    0.00    0.00   13.11
20:14:00       2   60.94    0.00   20.86    0.00    0.00    5.73    0.00    0.00    0.00   12.47
20:14:00       3   54.51    0.00   25.20    0.00    0.00    7.17    0.20    0.00    0.00   12.91

20:14:00     CPU    %usr   %nice    %sys %iowait    %irq   %soft  %steal  %guest  %gnice   %idle
20:14:05     all   55.69    0.00   23.96    0.00    0.00    6.11    0.21    0.00    0.00   14.04
20:14:05       0   52.81    0.00   26.82    0.00    0.00    5.82    0.21    0.00    0.00   14.35
20:14:05       1   58.16    0.00   22.18    0.00    0.00    5.86    0.21    0.00    0.00   13.60
20:14:05       2   58.00    0.00   21.21    0.00    0.00    5.41    0.21    0.00    0.00   15.18
20:14:05       3   53.78    0.00   25.63    0.00    0.00    7.35    0.21    0.00    0.00   13.03

20:14:05     CPU    %usr   %nice    %sys %iowait    %irq   %soft  %steal  %guest  %gnice   %idle
20:14:10     all   56.01    0.00   23.72    0.00    0.00    5.88    0.15    0.00    0.00   14.23
20:14:10       0   53.20    0.00   26.60    0.00    0.00    5.77    0.00    0.00    0.00   14.43
20:14:10       1   58.35    0.00   21.03    0.00    0.00    5.77    0.21    0.00    0.00   14.64
20:14:10       2   58.06    0.00   22.73    0.00    0.00    5.17    0.00    0.00    0.00   14.05
20:14:10       3   54.43    0.00   24.54    0.00    0.00    6.80    0.41    0.00    0.00   13.81

20:14:10     CPU    %usr   %nice    %sys %iowait    %irq   %soft  %steal  %guest  %gnice   %idle
20:14:15     all   55.25    0.00   23.90    0.00    0.00    5.72    0.16    0.00    0.00   14.97
20:14:15       0   57.05    0.00   22.41    0.00    0.00    4.98    0.21    0.00    0.00   15.35
20:14:15       1   51.48    0.00   26.16    0.00    0.00    5.91    0.00    0.00    0.00   16.46
20:14:15       2   50.00    0.00   27.31    0.00    0.00    5.46    0.21    0.00    0.00   17.02
20:14:15       3   62.50    0.00   19.70    0.00    0.00    6.57    0.21    0.00    0.00   11.02

20:14:15     CPU    %usr   %nice    %sys %iowait    %irq   %soft  %steal  %guest  %gnice   %idle
20:14:20     all   55.01    0.00   24.20    0.05    0.00    6.14    0.10    0.00    0.00   14.49
20:14:20       0   48.52    0.00   28.27    0.21    0.00    4.64    0.00    0.00    0.00   18.35
20:14:20       1   53.16    0.00   24.89    0.00    0.00    5.70    0.21    0.00    0.00   16.03
20:14:20       2   59.92    0.00   22.13    0.00    0.00    6.26    0.00    0.00    0.00   11.69
20:14:20       3   58.37    0.00   21.55    0.00    0.00    7.95    0.21    0.00    0.00   11.92

20:14:20     CPU    %usr   %nice    %sys %iowait    %irq   %soft  %steal  %guest  %gnice   %idle
20:14:25     all   54.73    0.00   24.05    0.00    0.00    5.25    0.21    0.00    0.00   15.76
20:14:25       0   58.58    0.00   21.13    0.00    0.00    3.77    0.21    0.00    0.00   16.32
20:14:25       1   51.57    0.00   26.42    0.00    0.00    4.61    0.21    0.00    0.00   17.19
20:14:25       2   48.29    0.00   28.63    0.00    0.00    5.13    0.21    0.00    0.00   17.74
20:14:25       3   60.29    0.00   20.17    0.00    0.00    7.48    0.21    0.00    0.00   11.85

20:14:25     CPU    %usr   %nice    %sys %iowait    %irq   %soft  %steal  %guest  %gnice   %idle
20:14:30     all   56.73    0.00   23.01    0.00    0.00    5.77    0.21    0.00    0.00   14.29
20:14:30       0   60.58    0.00   20.12    0.00    0.00    4.77    0.21    0.00    0.00   14.32
20:14:30       1   59.88    0.00   21.62    0.00    0.00    5.82    0.00    0.00    0.00   12.68
20:14:30       2   51.04    0.00   26.97    0.00    0.00    5.19    0.21    0.00    0.00   16.60
20:14:30       3   55.42    0.00   23.33    0.00    0.00    7.29    0.42    0.00    0.00   13.54

20:14:30     CPU    %usr   %nice    %sys %iowait    %irq   %soft  %steal  %guest  %gnice   %idle
20:14:35     all   56.13    0.00   23.64    0.05    0.00    5.72    0.15    0.00    0.00   14.32
20:14:35       0   67.21    0.00   16.19    0.00    0.00    4.51    0.00    0.00    0.00   12.09
20:14:35       1   53.10    0.00   25.21    0.21    0.00    5.79    0.21    0.00    0.00   15.50
20:14:35       2   48.34    0.00   27.59    0.00    0.00    6.02    0.21    0.00    0.00   17.84
20:14:35       3   55.74    0.00   25.61    0.00    0.00    6.56    0.20    0.00    0.00   11.89

20:14:35     CPU    %usr   %nice    %sys %iowait    %irq   %soft  %steal  %guest  %gnice   %idle
20:14:40     all   54.57    0.00   24.33    0.10    0.00    5.74    0.16    0.00    0.00   15.09
20:14:40       0   48.43    0.00   27.88    0.00    0.00    5.03    0.21    0.00    0.00   18.45
20:14:40       1   49.16    0.00   27.82    0.21    0.00    5.65    0.21    0.00    0.00   16.95
20:14:40       2   64.51    0.00   17.33    0.21    0.00    5.64    0.00    0.00    0.00   12.32
20:14:40       3   56.13    0.00   24.32    0.00    0.00    6.65    0.21    0.00    0.00   12.68

20:14:40     CPU    %usr   %nice    %sys %iowait    %irq   %soft  %steal  %guest  %gnice   %idle
20:14:45     all   54.49    0.00   24.09    0.00    0.00    5.38    0.21    0.00    0.00   15.83
20:14:45       0   56.07    0.00   21.76    0.00    0.00    5.23    0.21    0.00    0.00   16.74
20:14:45       1   53.94    0.00   24.48    0.00    0.00    5.19    0.21    0.00    0.00   16.18
20:14:45       2   53.36    0.00   24.79    0.00    0.00    5.25    0.21    0.00    0.00   16.39
20:14:45       3   54.60    0.00   25.31    0.00    0.00    5.86    0.21    0.00    0.00   14.02

20:14:45     CPU    %usr   %nice    %sys %iowait    %irq   %soft  %steal  %guest  %gnice   %idle
20:14:50     all   57.31    0.00   22.98    0.00    0.00    5.65    0.21    0.00    0.00   13.85
20:14:50       0   51.05    0.00   25.74    0.00    0.00    4.22    0.00    0.00    0.00   18.99
20:14:50       1   53.94    0.00   26.35    0.00    0.00    5.60    0.21    0.00    0.00   13.90
20:14:50       2   63.51    0.00   18.35    0.00    0.00    5.77    0.21    0.00    0.00   12.16
20:14:50       3   60.57    0.00   21.56    0.00    0.00    6.98    0.41    0.00    0.00   10.47

20:14:50     CPU    %usr   %nice    %sys %iowait    %irq   %soft  %steal  %guest  %gnice   %idle
20:14:55     all   56.32    0.00   23.56    0.00    0.00    5.82    0.16    0.00    0.00   14.14
20:14:55       0   54.45    0.00   23.40    0.00    0.00    4.97    0.21    0.00    0.00   16.98
20:14:55       1   57.88    0.00   23.03    0.00    0.00    5.39    0.00    0.00    0.00   13.69
20:14:55       2   58.96    0.00   21.67    0.00    0.00    5.00    0.21    0.00    0.00   14.17
20:14:55       3   53.97    0.00   26.15    0.00    0.00    7.95    0.21    0.00    0.00   11.72

20:14:55     CPU    %usr   %nice    %sys %iowait    %irq   %soft  %steal  %guest  %gnice   %idle
20:15:00     all   55.53    0.00   23.81    0.10    0.00    5.51    0.21    0.00    0.00   14.84
20:15:00       0   50.94    0.00   25.37    0.00    0.00    5.45    0.21    0.00    0.00   18.03
20:15:00       1   50.32    0.00   27.18    0.21    0.00    4.88    0.21    0.00    0.00   17.20
20:15:00       2   65.14    0.00   18.16    0.00    0.00    5.01    0.21    0.00    0.00   11.48
20:15:00       3   55.62    0.00   24.58    0.21    0.00    6.67    0.21    0.00    0.00   12.71

20:15:00     CPU    %usr   %nice    %sys %iowait    %irq   %soft  %steal  %guest  %gnice   %idle
20:15:05     all   55.24    0.00   23.81    0.00    0.00    5.47    0.16    0.00    0.00   15.32
20:15:05       0   48.73    0.00   26.79    0.00    0.00    4.64    0.00    0.00    0.00   19.83
20:15:05       1   51.88    0.00   26.15    0.00    0.00    4.81    0.21    0.00    0.00   16.95
20:15:05       2   64.52    0.00   17.84    0.00    0.00    5.60    0.00    0.00    0.00   12.03
20:15:05       3   55.67    0.00   24.54    0.00    0.00    6.80    0.41    0.00    0.00   12.58

20:15:05     CPU    %usr   %nice    %sys %iowait    %irq   %soft  %steal  %guest  %gnice   %idle
20:15:10     all   54.83    0.00   24.28    0.00    0.00    6.01    0.16    0.00    0.00   14.73
20:15:10       0   57.71    0.00   21.04    0.00    0.00    5.42    0.21    0.00    0.00   15.62
20:15:10       1   49.69    0.00   28.72    0.00    0.00    5.24    0.00    0.00    0.00   16.35
20:15:10       2   57.92    0.00   22.29    0.00    0.00    6.04    0.21    0.00    0.00   13.54
20:15:10       3   53.97    0.00   25.10    0.00    0.00    7.32    0.21    0.00    0.00   13.39

20:15:10     CPU    %usr   %nice    %sys %iowait    %irq   %soft  %steal  %guest  %gnice   %idle
20:15:15     all   55.49    0.00   23.92    0.00    0.00    5.93    0.10    0.00    0.00   14.56
20:15:15       0   48.75    0.00   27.71    0.00    0.00    4.79    0.00    0.00    0.00   18.75
20:15:15       1   61.78    0.00   19.83    0.00    0.00    5.79    0.21    0.00    0.00   12.40
20:15:15       2   51.57    0.00   26.42    0.00    0.00    5.03    0.00    0.00    0.00   16.98
20:15:15       3   59.75    0.00   21.78    0.00    0.00    8.09    0.21    0.00    0.00   10.17

20:15:15     CPU    %usr   %nice    %sys %iowait    %irq   %soft  %steal  %guest  %gnice   %idle
20:15:20     all   56.53    0.00   23.26    0.05    0.00    5.91    0.26    0.00    0.00   13.99
20:15:20       0   56.73    0.00   22.36    0.00    0.00    5.38    0.21    0.00    0.00   15.32
20:15:20       1   55.02    0.00   25.10    0.21    0.00    5.02    0.21    0.00    0.00   14.44
20:15:20       2   58.26    0.00   22.31    0.00    0.00    5.79    0.21    0.00    0.00   13.43
20:15:20       3   56.08    0.00   23.30    0.00    0.00    7.42    0.41    0.00    0.00   12.78

20:15:20     CPU    %usr   %nice    %sys %iowait    %irq   %soft  %steal  %guest  %gnice   %idle
20:15:25     all   57.19    0.00   23.39    0.00    0.00    5.73    0.05    0.00    0.00   13.65
20:15:25       0   64.45    0.00   18.30    0.00    0.00    4.57    0.00    0.00    0.00   12.68
20:15:25       1   55.81    0.00   24.69    0.00    0.00    4.77    0.00    0.00    0.00   14.73
20:15:25       2   51.79    0.00   26.74    0.00    0.00    5.47    0.00    0.00    0.00   16.00
20:15:25       3   56.64    0.00   23.86    0.00    0.00    8.09    0.21    0.00    0.00   11.20

20:15:25     CPU    %usr   %nice    %sys %iowait    %irq   %soft  %steal  %guest  %gnice   %idle
20:15:30     all   55.36    0.00   23.39    0.05    0.00    5.60    0.21    0.00    0.00   15.38
20:15:30       0   50.00    0.00   25.42    0.00    0.00    4.41    0.21    0.00    0.00   19.96
20:15:30       1   51.05    0.00   26.68    0.00    0.00    4.83    0.21    0.00    0.00   17.23
20:15:30       2   58.74    0.00   21.68    0.00    0.00    5.05    0.21    0.00    0.00   14.32
20:15:30       3   61.57    0.00   19.83    0.21    0.00    8.06    0.21    0.00    0.00   10.12

20:15:30     CPU    %usr   %nice    %sys %iowait    %irq   %soft  %steal  %guest  %gnice   %idle
20:15:35     all   46.87    0.00   19.44    0.00    0.00    4.92    0.21    0.00    0.00   28.56
20:15:35       0   38.54    0.00   22.50    0.00    0.00    3.75    0.21    0.00    0.00   35.00
20:15:35       1   42.77    0.00   21.18    0.00    0.00    5.30    0.20    0.00    0.00   30.55
20:15:35       2   52.87    0.00   19.88    0.00    0.00    4.10    0.20    0.00    0.00   22.95
20:15:35       3   53.16    0.00   14.26    0.00    0.00    6.52    0.20    0.00    0.00   25.87
