Linux 6.17.0-1017-aws (ip-172-31-15-196) 	05/29/26 	_x86_64_	(4 CPU)

14:22:06     CPU    %usr   %nice    %sys %iowait    %irq   %soft  %steal  %guest  %gnice   %idle
14:22:11     all   16.36    0.00    4.76    0.10    0.00    0.56    0.10    0.00    0.00   78.12
14:22:11       0    8.11    0.00    5.48    0.00    0.00    0.00    0.00    0.00    0.00   86.41
14:22:11       1   17.21    0.00    4.66    0.20    0.00    0.20    0.20    0.00    0.00   77.53
14:22:11       2    9.27    0.00    3.43    0.20    0.00    1.41    0.00    0.00    0.00   85.69
14:22:11       3   30.96    0.00    5.50    0.00    0.00    0.61    0.20    0.00    0.00   62.73

14:22:11     CPU    %usr   %nice    %sys %iowait    %irq   %soft  %steal  %guest  %gnice   %idle
14:22:16     all   61.02    0.00   23.02    0.00    0.00    4.83    0.16    0.00    0.00   10.97
14:22:16       0   54.35    0.00   27.39    0.00    0.00    7.01    0.00    0.00    0.00   11.25
14:22:16       1   63.12    0.00   21.46    0.00    0.00    7.50    0.21    0.00    0.00    7.71
14:22:16       2   62.14    0.00   22.63    0.00    0.00    4.32    0.21    0.00    0.00   10.70
14:22:16       3   64.27    0.00   20.74    0.00    0.00    0.62    0.21    0.00    0.00   14.17

14:22:16     CPU    %usr   %nice    %sys %iowait    %irq   %soft  %steal  %guest  %gnice   %idle
14:22:21     all   62.51    0.00   23.06    0.00    0.00    4.55    0.26    0.00    0.00    9.62
14:22:21       0   53.91    0.00   27.91    0.00    0.00    7.19    0.21    0.00    0.00   10.78
14:22:21       1   61.93    0.00   23.05    0.00    0.00    8.02    0.41    0.00    0.00    6.58
14:22:21       2   57.83    0.00   27.14    0.00    0.00    3.13    0.00    0.00    0.00   11.90
14:22:21       3   75.81    0.00   14.52    0.00    0.00    0.00    0.40    0.00    0.00    9.27

14:22:21     CPU    %usr   %nice    %sys %iowait    %irq   %soft  %steal  %guest  %gnice   %idle
14:22:26     all   60.97    0.00   23.35    0.00    0.00    4.53    0.16    0.00    0.00   11.00
14:22:26       0   54.68    0.00   25.74    0.00    0.00    7.45    0.00    0.00    0.00   12.13
14:22:26       1   61.90    0.00   22.57    0.00    0.00    1.86    0.21    0.00    0.00   13.46
14:22:26       2   60.91    0.00   25.51    0.00    0.00    3.70    0.21    0.00    0.00    9.67
14:22:26       3   66.25    0.00   19.58    0.00    0.00    5.21    0.21    0.00    0.00    8.75

14:22:26     CPU    %usr   %nice    %sys %iowait    %irq   %soft  %steal  %guest  %gnice   %idle
14:22:31     all   60.53    0.00   23.62    0.00    0.00    4.95    0.21    0.00    0.00   10.69
14:22:31       0   54.26    0.00   25.74    0.00    0.00    7.66    0.21    0.00    0.00   12.13
14:22:31       1   62.58    0.00   23.49    0.00    0.00    1.87    0.21    0.00    0.00   11.85
14:22:31       2   57.44    0.00   28.10    0.00    0.00    3.93    0.00    0.00    0.00   10.54
14:22:31       3   67.70    0.00   17.18    0.00    0.00    6.42    0.41    0.00    0.00    8.28

14:22:31     CPU    %usr   %nice    %sys %iowait    %irq   %soft  %steal  %guest  %gnice   %idle
14:22:36     all   61.34    0.00   23.30    0.00    0.00    4.75    0.16    0.00    0.00   10.45
14:22:36       0   60.95    0.00   22.31    0.00    0.00    7.23    0.00    0.00    0.00    9.50
14:22:36       1   61.60    0.00   23.63    0.00    0.00    1.90    0.42    0.00    0.00   12.45
14:22:36       2   61.04    0.00   24.79    0.00    0.00    3.96    0.00    0.00    0.00   10.21
14:22:36       3   61.76    0.00   22.48    0.00    0.00    5.88    0.21    0.00    0.00    9.66

14:22:36     CPU    %usr   %nice    %sys %iowait    %irq   %soft  %steal  %guest  %gnice   %idle
14:22:41     all   55.18    0.00   21.37    0.05    0.00    4.01    0.21    0.00    0.00   19.18
14:22:41       0   53.03    0.00   21.09    0.00    0.00    6.47    0.21    0.00    0.00   19.21
14:22:41       1   50.00    0.00   23.40    0.21    0.00    1.70    0.21    0.00    0.00   24.47
14:22:41       2   54.08    0.00   21.43    0.00    0.00    3.06    0.20    0.00    0.00   21.22
14:22:41       3   63.54    0.00   19.58    0.00    0.00    4.79    0.21    0.00    0.00   11.88

14:22:41     CPU    %usr   %nice    %sys %iowait    %irq   %soft  %steal  %guest  %gnice   %idle
14:22:46     all   51.98    0.00   20.59    0.00    0.00    3.53    0.11    0.00    0.00   23.80
14:22:46       0   53.73    0.00   20.26    0.00    0.00    5.54    0.00    0.00    0.00   20.47
14:22:46       1   42.13    0.00   25.06    0.00    0.00    1.33    0.22    0.00    0.00   31.26
14:22:46       2   60.17    0.00   16.77    0.00    0.00    2.31    0.00    0.00    0.00   20.75
14:22:46       3   51.37    0.00   20.51    0.00    0.00    4.86    0.21    0.00    0.00   23.04

14:22:46     CPU    %usr   %nice    %sys %iowait    %irq   %soft  %steal  %guest  %gnice   %idle
14:22:51     all   50.85    0.00   21.08    0.00    0.00    3.31    0.27    0.00    0.00   24.49
14:22:51       0   49.14    0.00   22.84    0.00    0.00    5.39    0.22    0.00    0.00   22.41
14:22:51       1   41.85    0.00   25.11    0.00    0.00    1.10    0.44    0.00    0.00   31.50
14:22:51       2   53.96    0.00   19.17    0.00    0.00    2.50    0.21    0.00    0.00   24.17
14:22:51       3   57.98    0.00   17.44    0.00    0.00    4.20    0.21    0.00    0.00   20.17

14:22:51     CPU    %usr   %nice    %sys %iowait    %irq   %soft  %steal  %guest  %gnice   %idle
14:22:56     all   50.67    0.00   21.52    0.00    0.00    3.68    0.11    0.00    0.00   24.03
14:22:56       0   47.46    0.00   22.03    0.00    0.00    5.93    0.00    0.00    0.00   24.58
14:22:56       1   43.33    0.00   26.67    0.00    0.00    1.33    0.22    0.00    0.00   28.44
14:22:56       2   47.36    0.00   23.68    0.00    0.00    2.54    0.00    0.00    0.00   26.43
14:22:56       3   64.02    0.00   14.02    0.00    0.00    4.81    0.21    0.00    0.00   16.95

14:22:56     CPU    %usr   %nice    %sys %iowait    %irq   %soft  %steal  %guest  %gnice   %idle
14:23:01     all   49.60    0.00   21.60    0.00    0.00    3.52    0.21    0.00    0.00   25.07
14:23:01       0   48.50    0.00   22.01    0.00    0.00    5.13    0.21    0.00    0.00   24.15
14:23:01       1   45.20    0.00   24.24    0.00    0.00    1.31    0.22    0.00    0.00   29.04
14:23:01       2   51.26    0.00   20.50    0.00    0.00    2.72    0.21    0.00    0.00   25.31
14:23:01       3   53.29    0.00   19.75    0.00    0.00    4.88    0.21    0.00    0.00   21.87

14:23:01     CPU    %usr   %nice    %sys %iowait    %irq   %soft  %steal  %guest  %gnice   %idle
14:23:06     all   50.19    0.00   21.26    0.00    0.00    3.30    0.11    0.00    0.00   25.15
14:23:06       0   46.70    0.00   23.03    0.00    0.00    5.33    0.00    0.00    0.00   24.95
14:23:06       1   46.10    0.00   24.24    0.00    0.00    1.73    0.22    0.00    0.00   27.71
14:23:06       2   53.36    0.00   18.91    0.00    0.00    1.89    0.00    0.00    0.00   25.84
14:23:06       3   54.47    0.00   18.94    0.00    0.00    4.26    0.21    0.00    0.00   22.13

14:23:06     CPU    %usr   %nice    %sys %iowait    %irq   %soft  %steal  %guest  %gnice   %idle
14:23:11     all   49.87    0.00   21.62    0.00    0.00    3.37    0.21    0.00    0.00   24.93
14:23:11       0   47.75    0.00   23.98    0.00    0.00    5.35    0.21    0.00    0.00   22.70
14:23:11       1   42.83    0.00   25.83    0.00    0.00    1.32    0.22    0.00    0.00   29.80
14:23:11       2   52.21    0.00   18.95    0.00    0.00    2.74    0.21    0.00    0.00   25.89
14:23:11       3   56.33    0.00   17.93    0.00    0.00    4.01    0.21    0.00    0.00   21.52

14:23:11     CPU    %usr   %nice    %sys %iowait    %irq   %soft  %steal  %guest  %gnice   %idle
14:23:16     all   49.54    0.00   21.51    0.00    0.00    3.67    0.16    0.00    0.00   25.12
14:23:16       0   57.47    0.00   18.74    0.00    0.00    6.11    0.00    0.00    0.00   17.68
14:23:16       1   40.27    0.00   25.06    0.00    0.00    1.12    0.45    0.00    0.00   33.11
14:23:16       2   52.45    0.00   19.83    0.00    0.00    2.35    0.00    0.00    0.00   25.37
14:23:16       3   47.41    0.00   22.63    0.00    0.00    4.96    0.22    0.00    0.00   24.78

14:23:16     CPU    %usr   %nice    %sys %iowait    %irq   %soft  %steal  %guest  %gnice   %idle
14:23:21     all   53.05    0.00   21.52    0.11    0.00    3.92    0.21    0.00    0.00   21.20
14:23:21       0   55.02    0.00   21.55    0.00    0.00    6.07    0.21    0.00    0.00   17.15
14:23:21       1   42.89    0.00   26.48    0.00    0.00    1.53    0.22    0.00    0.00   28.88
14:23:21       2   60.42    0.00   18.11    0.21    0.00    2.74    0.21    0.00    0.00   18.32
14:23:21       3   53.46    0.00   20.13    0.21    0.00    5.24    0.21    0.00    0.00   20.75

14:23:21     CPU    %usr   %nice    %sys %iowait    %irq   %soft  %steal  %guest  %gnice   %idle
14:23:26     all   50.77    0.00   21.41    0.00    0.00    3.20    0.11    0.00    0.00   24.51
14:23:26       0   47.31    0.00   23.01    0.00    0.00    4.73    0.00    0.00    0.00   24.95
14:23:26       1   44.74    0.00   24.56    0.00    0.00    1.54    0.22    0.00    0.00   28.95
14:23:26       2   47.16    0.00   23.37    0.00    0.00    2.11    0.00    0.00    0.00   27.37
14:23:26       3   63.52    0.00   14.88    0.00    0.00    4.40    0.21    0.00    0.00   16.98

14:23:26     CPU    %usr   %nice    %sys %iowait    %irq   %soft  %steal  %guest  %gnice   %idle
14:23:31     all   51.79    0.00   21.06    0.00    0.00    3.69    0.27    0.00    0.00   23.20
14:23:31       0   48.82    0.00   22.70    0.00    0.00    5.78    0.21    0.00    0.00   22.48
14:23:31       1   41.41    0.00   25.99    0.00    0.00    1.32    0.44    0.00    0.00   30.84
14:23:31       2   58.40    0.00   18.07    0.00    0.00    2.52    0.21    0.00    0.00   20.80
14:23:31       3   58.02    0.00   17.72    0.00    0.00    5.06    0.21    0.00    0.00   18.99

14:23:31     CPU    %usr   %nice    %sys %iowait    %irq   %soft  %steal  %guest  %gnice   %idle
14:23:36     all   50.67    0.00   21.66    0.00    0.00    3.49    0.11    0.00    0.00   24.08
14:23:36       0   44.81    0.00   24.68    0.00    0.00    5.19    0.00    0.00    0.00   25.32
14:23:36       1   43.24    0.00   25.50    0.00    0.00    1.55    0.22    0.00    0.00   29.49
14:23:36       2   56.07    0.00   18.20    0.00    0.00    2.93    0.00    0.00    0.00   22.80
14:23:36       3   58.02    0.00   18.57    0.00    0.00    4.22    0.21    0.00    0.00   18.99

14:23:36     CPU    %usr   %nice    %sys %iowait    %irq   %soft  %steal  %guest  %gnice   %idle
14:23:41     all   50.59    0.00   21.16    0.00    0.00    3.62    0.21    0.00    0.00   24.41
14:23:41       0   46.70    0.00   22.60    0.00    0.00    5.12    0.21    0.00    0.00   25.37
14:23:41       1   46.20    0.00   23.86    0.00    0.00    1.74    0.22    0.00    0.00   27.98
14:23:41       2   46.07    0.00   23.35    0.00    0.00    2.12    0.21    0.00    0.00   28.24
14:23:41       3   63.16    0.00   14.95    0.00    0.00    5.47    0.21    0.00    0.00   16.21

14:23:41     CPU    %usr   %nice    %sys %iowait    %irq   %soft  %steal  %guest  %gnice   %idle
14:23:46     all   50.81    0.00   21.04    0.00    0.00    3.61    0.11    0.00    0.00   24.43
14:23:46       0   53.53    0.00   20.34    0.00    0.00    5.35    0.00    0.00    0.00   20.77
14:23:46       1   39.42    0.00   25.61    0.00    0.00    1.34    0.22    0.00    0.00   33.41
14:23:46       2   52.77    0.00   20.64    0.00    0.00    2.13    0.00    0.00    0.00   24.47
14:23:46       3   56.99    0.00   17.80    0.00    0.00    5.51    0.21    0.00    0.00   19.49

14:23:46     CPU    %usr   %nice    %sys %iowait    %irq   %soft  %steal  %guest  %gnice   %idle
14:23:51     all   51.23    0.00   21.07    0.00    0.00    3.53    0.21    0.00    0.00   23.96
14:23:51       0   46.78    0.00   22.75    0.00    0.00    5.36    0.21    0.00    0.00   24.89
14:23:51       1   44.86    0.00   25.82    0.00    0.00    1.31    0.22    0.00    0.00   27.79
14:23:51       2   50.95    0.00   21.14    0.00    0.00    2.33    0.21    0.00    0.00   25.37
14:23:51       3   62.03    0.00   14.77    0.00    0.00    5.06    0.21    0.00    0.00   17.93

14:23:51     CPU    %usr   %nice    %sys %iowait    %irq   %soft  %steal  %guest  %gnice   %idle
14:23:56     all   50.24    0.00   21.97    0.00    0.00    3.47    0.16    0.00    0.00   24.16
14:23:56       0   47.11    0.00   23.13    0.00    0.00    5.57    0.00    0.00    0.00   24.20
14:23:56       1   45.87    0.00   25.00    0.00    0.00    1.09    0.43    0.00    0.00   27.61
14:23:56       2   46.38    0.00   23.62    0.00    0.00    2.13    0.00    0.00    0.00   27.87
14:23:56       3   61.30    0.00   16.32    0.00    0.00    5.02    0.21    0.00    0.00   17.15

14:23:56     CPU    %usr   %nice    %sys %iowait    %irq   %soft  %steal  %guest  %gnice   %idle
14:24:01     all   49.84    0.00   21.21    0.00    0.00    3.66    0.22    0.00    0.00   25.08
14:24:01       0   46.54    0.00   22.94    0.00    0.00    5.84    0.22    0.00    0.00   24.46
14:24:01       1   41.33    0.00   24.44    0.00    0.00    1.33    0.22    0.00    0.00   32.67
14:24:01       2   55.44    0.00   19.87    0.00    0.00    2.30    0.21    0.00    0.00   22.18
14:24:01       3   55.56    0.00   17.74    0.00    0.00    5.13    0.21    0.00    0.00   21.37

14:24:01     CPU    %usr   %nice    %sys %iowait    %irq   %soft  %steal  %guest  %gnice   %idle
14:24:06     all   51.20    0.00   20.87    0.00    0.00    3.58    0.16    0.00    0.00   24.18
14:24:06       0   52.54    0.00   20.55    0.00    0.00    5.72    0.00    0.00    0.00   21.19
14:24:06       1   46.27    0.00   23.90    0.00    0.00    1.32    0.22    0.00    0.00   28.29
14:24:06       2   45.96    0.00   22.98    0.00    0.00    2.13    0.21    0.00    0.00   28.72
14:24:06       3   59.87    0.00   16.14    0.00    0.00    5.10    0.21    0.00    0.00   18.68

14:24:06     CPU    %usr   %nice    %sys %iowait    %irq   %soft  %steal  %guest  %gnice   %idle
14:24:11     all   51.34    0.00   20.74    0.00    0.00    3.64    0.21    0.00    0.00   24.06
14:24:11       0   54.39    0.00   19.06    0.00    0.00    5.35    0.21    0.00    0.00   20.99
14:24:11       1   42.48    0.00   25.00    0.00    0.00    1.55    0.44    0.00    0.00   30.53
14:24:11       2   50.21    0.00   21.49    0.00    0.00    2.55    0.00    0.00    0.00   25.74
14:24:11       3   57.86    0.00   17.61    0.00    0.00    5.03    0.21    0.00    0.00   19.29

14:24:11     CPU    %usr   %nice    %sys %iowait    %irq   %soft  %steal  %guest  %gnice   %idle
14:24:16     all   51.12    0.00   21.05    0.05    0.00    3.74    0.21    0.00    0.00   23.82
14:24:16       0   60.67    0.00   15.69    0.21    0.00    6.07    0.21    0.00    0.00   17.15
14:24:16       1   41.96    0.00   26.56    0.00    0.00    1.34    0.22    0.00    0.00   29.91
14:24:16       2   50.31    0.00   20.75    0.00    0.00    2.94    0.21    0.00    0.00   25.79
14:24:16       3   50.96    0.00   21.54    0.00    0.00    4.48    0.21    0.00    0.00   22.81

14:24:16     CPU    %usr   %nice    %sys %iowait    %irq   %soft  %steal  %guest  %gnice   %idle
14:24:21     all   51.25    0.00   21.52    0.00    0.00    3.15    0.05    0.00    0.00   24.03
14:24:21       0   54.74    0.00   19.37    0.00    0.00    4.84    0.00    0.00    0.00   21.05
14:24:21       1   44.96    0.00   24.56    0.00    0.00    1.32    0.22    0.00    0.00   28.95
14:24:21       2   47.65    0.00   24.15    0.00    0.00    2.14    0.00    0.00    0.00   26.07
14:24:21       3   57.38    0.00   18.14    0.00    0.00    4.22    0.00    0.00    0.00   20.25

14:24:21     CPU    %usr   %nice    %sys %iowait    %irq   %soft  %steal  %guest  %gnice   %idle
14:24:26     all   50.56    0.00   21.29    0.05    0.00    3.49    0.21    0.00    0.00   24.40
14:24:26       0   54.95    0.00   20.42    0.00    0.00    5.26    0.21    0.00    0.00   19.16
14:24:26       1   41.93    0.00   24.22    0.00    0.00    1.35    0.22    0.00    0.00   32.29
14:24:26       2   54.09    0.00   20.13    0.21    0.00    2.94    0.00    0.00    0.00   22.64
14:24:26       3   50.75    0.00   20.56    0.00    0.00    4.28    0.43    0.00    0.00   23.98

14:24:26     CPU    %usr   %nice    %sys %iowait    %irq   %soft  %steal  %guest  %gnice   %idle
14:24:31     all   51.25    0.00   20.93    0.00    0.00    3.79    0.16    0.00    0.00   23.87
14:24:31       0   51.39    0.00   21.75    0.00    0.00    5.97    0.00    0.00    0.00   20.90
14:24:31       1   40.27    0.00   25.00    0.00    0.00    1.33    0.22    0.00    0.00   33.19
14:24:31       2   60.71    0.00   17.46    0.00    0.00    2.91    0.21    0.00    0.00   18.71
14:24:31       3   52.02    0.00   19.75    0.00    0.00    4.88    0.21    0.00    0.00   23.14

14:24:31     CPU    %usr   %nice    %sys %iowait    %irq   %soft  %steal  %guest  %gnice   %idle
14:24:36     all   51.40    0.00   21.42    0.00    0.00    3.65    0.16    0.00    0.00   23.37
14:24:36       0   48.00    0.00   24.00    0.00    0.00    5.47    0.21    0.00    0.00   22.32
14:24:36       1   43.70    0.00   24.78    0.00    0.00    1.30    0.22    0.00    0.00   30.00
14:24:36       2   55.00    0.00   19.79    0.00    0.00    2.71    0.00    0.00    0.00   22.50
14:24:36       3   58.61    0.00   17.23    0.00    0.00    5.04    0.21    0.00    0.00   18.91

14:24:36     CPU    %usr   %nice    %sys %iowait    %irq   %soft  %steal  %guest  %gnice   %idle
14:24:41     all   50.27    0.00   21.07    0.00    0.00    3.50    0.22    0.00    0.00   24.95
14:24:41       0   48.05    0.00   23.81    0.00    0.00    5.41    0.00    0.00    0.00   22.73
14:24:41       1   40.58    0.00   25.72    0.00    0.00    1.11    0.44    0.00    0.00   32.15
14:24:41       2   54.99    0.00   18.68    0.00    0.00    2.55    0.21    0.00    0.00   23.57
14:24:41       3   56.99    0.00   16.31    0.00    0.00    4.87    0.21    0.00    0.00   21.61
