info: Loading workload script /workload/performance.rn...
info: Connecting to ["http://172.31.1.92:8000"]... 
info: Connected to '' cluster running ScyllaDB 2026.1.0~dev-0.20251003.20aeed160740 with build-id d177add4e6a23f71d527ca6e182d27a1f9ad74b4
info: Preparing...
info: Warming up...
info: Running benchmark...
CONFIG ═════════════════════════════════════════════════════════════════════════════════════════════════════════════════════
            Date            Mon, 20 Apr 2026                                                          
            Time            13:49:57 +0000                                                            
         Cluster                                                                                      
      DB version            ScyllaDB 2026.1.0~dev-0.20251003.20aeed160740 with build-id d177add4e6a23f71d527ca6e182d27a1f9ad74b4                                            
        Workload            performance.rn                                                            
     Function(s)            get:0.5, update:0.5                                                       
            Tags                                                                                      
────────────────────────────────────────────────────────────────────────────────────────────────────────────────────────────
-P alternator.consistentReads            false                                                                     
   -P fieldcount            10                                                                        
  -P fieldlength            512                                                                       
-P requestdistribution            "uniform"                                                                 
    -P row_count            5000000                                                                   
        -P table            "latte_performance"                                                       
────────────────────────────────────────────────────────────────────────────────────────────────────────────────────────────
         Threads                    8                                                                 
     Concurrency     [req]         16                                                                 
        Max rate    [op/s]                                                                            
          Warmup       [s]         30                                                                 
              └─      [op]                                                                            
        Run time       [s]       60.0                                                                 
              └─      [op]                                                                            
        Sampling       [s]        1.0                                                                 
              └─      [op]                                                                            
 Request timeout       [s]          5                                                                 
         Retries                                                                                      
  ┌──────┴number                   10                                                                 
  ├─min interval      [ms]        100                                                                 
  └─max interval      [ms]       5000                                                                 

LOG ════════════════════════════════════════════════════════════════════════════════════════════════════════════════════════
    Time    Cycles    Errors    Thrpt.     ────────────────────────────────── Latency [ms/op] ──────────────────────────────
     [s]      [op]      [op]    [op/s]             Min        50        75        90        95        99      99.9       Max
   1.001     42701         0     42671           0.624     2.865     3.418     4.088     4.612     6.607    11.330    16.081
   2.001     38717         0     38689           0.558     2.748     3.699     5.931     6.996    10.748    14.959    18.825
   3.002     38796         0     38814           0.525     2.705     3.770     5.906     7.098    11.198    14.762    21.971
   4.002     40513         0     40467           0.503     2.738     3.490     5.190     6.476    10.502    14.672    20.972
   4.999     42590         0     42653           0.614     2.879     3.408     4.000     4.489     6.541    16.761    30.884
   6.001     38987         0     38959           0.552     2.697     3.688     5.960     6.959    10.854    14.631    18.891
   7.001     38512         0     38525           0.448     2.718     3.785     5.956     6.861    11.125    14.303    18.678
   8.001     40773         0     40773           0.523     2.812     3.523     4.854     6.144     9.282    14.672    20.726
   9.002     42795         0     42773           0.621     2.847     3.365     3.949     4.514     7.938    14.090    32.309
  10.000     38659         0     38684           0.482     2.800     3.695     5.837     6.681    10.215    13.468    18.760
  11.001     38015         0     38017           0.513     2.722     3.762     6.111     7.279    11.526    15.032    18.317
  12.001     42309         0     42313           0.572     2.843     3.414     4.211     5.034     7.127    12.108    17.859
  13.001     40799         0     40786           0.515     2.830     3.500     4.555     5.870     9.421    18.235    36.209
  14.002     38521         0     38481           0.485     2.710     3.713     6.001     7.213    11.141    15.106    22.774
  14.999     38626         0     38671           0.479     2.714     3.748     5.923     7.037    11.174    13.877    17.089
  16.002     42429         0     42427           0.533     2.798     3.387     4.248     5.317     7.594    12.476    20.152
  17.001     40885         0     40896           0.548     2.808     3.480     4.600     5.943     9.634    15.286    24.691
  18.001     39317         0     39306           0.491     2.693     3.643     5.898     6.836    10.723    13.566    18.088
  19.002     38678         0     38664           0.557     2.744     3.754     5.849     6.803    10.969    15.360    21.938
  20.001     41189         0     41206           0.458     2.863     3.467     4.391     5.636     9.069    13.181    20.005
  21.001     41342         0     41344           0.443     2.845     3.451     4.293     5.403     9.110    16.015    36.471
  22.000     38361         0     38370           0.546     2.767     3.740     5.951     6.988    11.182    14.672    22.249
  23.001     38039         0     38022           0.531     2.736     3.854     6.066     7.094    11.067    14.459    19.956
  24.001     41961         0     41961           0.453     2.824     3.424     4.231     5.067     8.462    19.464    24.396
  25.002     40155         0     40169           0.524     2.814     3.549     4.846     6.328    10.215    15.237    19.481
  26.001     38822         0     38818           0.487     2.726     3.719     5.935     6.943    10.928    13.894    22.086
  27.001     39185         0     39179           0.485     2.701     3.625     5.870     6.930    11.198    14.533    20.431
  28.002     42058         0     42065           0.526     2.834     3.406     4.159     5.198     8.204    13.279    16.507
  29.001     40528         0     40516           0.473     2.802     3.451     4.907     6.279    10.281    15.131    19.857
  30.000     38367         0     38385           0.577     2.720     3.738     6.066     7.086    10.994    14.787    18.661
  31.001     38341         0     38328           0.609     2.839     3.717     5.738     6.787    10.879    15.245    19.284
  32.002     43165         0     43172           0.563     2.884     3.375     3.940     4.366     5.530    11.583    26.132
  33.001     38721         0     38716           0.524     2.791     3.711     5.829     6.771    10.650    13.820    16.663
  34.001     38324         0     38299           0.479     2.791     3.715     5.935     7.008    10.699    15.557    24.330
  35.000     40380         0     40403           0.529     2.828     3.486     4.833     6.230    10.158    14.172    20.480
  36.000     42300         0     42317           0.542     2.836     3.373     4.108     5.132     7.688    11.887    16.990
  37.001     38220         0     38200           0.476     2.816     3.795     5.902     6.816    10.510    13.525    19.022
  38.001     38381         0     38397           0.462     2.755     3.781     5.968     6.889    10.756    14.426    20.890
  39.002     43322         0     43272           0.546     2.810     3.342     3.990     4.547     7.332    14.459    26.837
  40.009     39407         0     39441           0.533     2.767     3.580     5.587     6.627    10.568    17.580    25.264
  41.000     38096         0     38113           0.483     2.730     3.748     6.091     7.221    11.215    14.262    18.203
  42.001     40412         0     40395           0.512     2.763     3.490     5.120     6.463    10.306    14.254    18.350
  43.001     42826         0     42841           0.593     2.839     3.363     4.012     4.608     7.586    12.075    15.122
  44.001     38149         0     38146           0.488     2.697     3.725     6.128     7.250    11.559    16.777    25.592
  45.001     37948         0     37953           0.408     2.779     3.893     6.042     6.935    10.895    14.336    20.840
  46.001     42014         0     42001           0.517     2.830     3.404     4.149     5.169     8.823    16.777    24.183
  47.001     41566         0     41580           0.519     2.836     3.410     4.264     5.534     8.790    14.041    19.169
  48.001     38324         0     38308           0.519     2.736     3.717     5.980     7.102    11.354    15.262    19.005
  49.000     38574         0     38576           0.514     2.693     3.656     6.050     7.320    11.280    15.139    19.628
  50.002     40482         0     40437           0.528     2.816     3.496     4.731     6.185    10.535    14.967    20.808
  51.000     41273         0     41328           0.524     2.873     3.484     4.325     5.345     8.212    14.918    21.971
  52.001     37923         0     37911           0.473     2.730     3.846     6.058     7.205    11.583    15.679    19.251
  53.001     38860         0     38869           0.489     2.683     3.650     5.964     7.115    11.125    15.172    18.858
  54.001     41031         0     41028           0.499     2.820     3.461     4.493     5.890    10.174    15.745    22.495
  55.000     42653         0     42662           0.513     2.802     3.334     4.043     4.919     8.229    14.672    23.364
  56.001     37937         0     37924           0.543     2.720     3.916     6.140     7.225    11.403    15.221    22.725
  57.001     38191         0     38201           0.508     2.718     3.893     6.095     7.127    10.879    14.148    17.449
  58.001     42634         0     42632           0.582     2.857     3.391     4.071     4.760     7.049    11.379    17.220
  59.001     40173         0     40165           0.498     2.839     3.557     4.977     6.193     9.748    15.221    19.448
  60.001     38598         0     38614           0.520     2.750     3.717     5.919     6.955    10.732    14.189    20.824
  60.003        83         0     39357           1.331     2.851     4.645     5.317     5.472    10.338    10.338    10.338

SUMMARY STATS ══════════════════════════════════════════════════════════════════════════════════════════════════════════════
    Elapsed time       [s]     60.007                                                                 
        CPU time       [s]    431.914                                                                 
 CPU utilisation       [%]       45.0                                                                 
          Cycles      [op]    2400937                                                                 
          Errors      [op]          0                                                                 
              └─       [%]        0.0                                                                 
        Requests     [req]    2400937                                                                 
              └─  [req/op]        1.0                                                                 
         Retries     [ret]          0                                                                 
              └─ [ret/req]    0.00000                                                                 
            Rows     [row]    1201734                                                                 
              └─ [row/req]        0.5                                                                 
     Concurrency     [req]         14 ± 0                                                             
              └─       [%]         90                                                                 
      Throughput    [op/s]      40011 ± 736                                                           
              ├─   [req/s]      40011 ± 736                                                           
              └─   [row/s]      20027 ± 369                                                           
   Cycle latency      [ms]      3.198 ± 0.004                                                         
 Request latency      [ms]      3.078 ± 0.004                                                         

CYCLE LATENCY for update [ms]  ═════════════════════════════════════════════════════════════════════════════════════════════
          Min                   0.408 ± 0.063                                                         
           25                   2.195 ± 0.004                                                         
           50                   2.732 ± 0.004                                                         
           75                   3.449 ± 0.007                                                         
           90                   5.005 ± 0.023                                                         
           95                   6.267 ± 0.019                                                         
           98                   8.081 ± 0.075                                                         
           99                  10.256 ± 0.078                                                         
           99.9                14.262 ± 0.156                                                         
           99.99               18.219 ± 0.648                                                         
          Max                  33.423 ± 4.561                                                         

CYCLE LATENCY for get [ms]  ════════════════════════════════════════════════════════════════════════════════════════════════
          Min                   0.498 ± 0.027                                                         
           25                   2.306 ± 0.003                                                         
           50                   2.851 ± 0.004                                                         
           75                   3.619 ± 0.008                                                         
           90                   5.431 ± 0.024                                                         
           95                   6.603 ± 0.019                                                         
           98                   8.536 ± 0.071                                                         
           99                  10.469 ± 0.071                                                         
           99.9                14.975 ± 0.250                                                         
           99.99               20.873 ± 1.086                                                         
          Max                  36.471 ± 3.372                                                         

info: Saved report to /output/latte_1.json
TIMEFORMAT 90.616 586.954 60.924
