Linux 6.17.0-1015-aws (ip-172-31-5-230) 	05/26/26 	_x86_64_	(4 CPU)

22:47:38     CPU    %usr   %nice    %sys %iowait    %irq   %soft  %steal  %guest  %gnice   %idle
22:47:43     all   16.35    0.00    4.89    0.15    0.00    0.41    0.20    0.00    0.00   77.99
22:47:43       0   20.41    0.00    5.15    0.41    0.00    0.21    0.21    0.00    0.00   73.61
22:47:43       1   23.05    0.00    5.21    0.20    0.00    0.00    0.20    0.00    0.00   71.34
22:47:43       2    7.88    0.00    4.77    0.00    0.00    1.45    0.21    0.00    0.00   85.68
22:47:43       3   13.88    0.00    4.43    0.00    0.00    0.00    0.20    0.00    0.00   81.49

22:47:43     CPU    %usr   %nice    %sys %iowait    %irq   %soft  %steal  %guest  %gnice   %idle
22:47:48     all   32.93    0.00   14.83    0.00    0.00    1.85    0.05    0.00    0.00   50.34
22:47:48       0   31.50    0.00   15.86    0.00    0.00    3.81    0.21    0.00    0.00   48.63
22:47:48       1   25.27    0.00   15.71    0.00    0.00    1.49    0.00    0.00    0.00   57.54
22:47:48       2   49.69    0.00   11.50    0.00    0.00    1.03    0.00    0.00    0.00   37.78
22:47:48       3   24.57    0.00   16.38    0.00    0.00    1.08    0.00    0.00    0.00   57.97

22:47:48     CPU    %usr   %nice    %sys %iowait    %irq   %soft  %steal  %guest  %gnice   %idle
22:47:53     all   41.17    0.00   13.83    0.00    0.00    1.68    0.16    0.00    0.00   43.16
22:47:53       0   43.22    0.00   14.19    0.00    0.00    2.97    0.00    0.00    0.00   39.62
22:47:53       1   33.47    0.00   15.27    0.00    0.00    1.67    0.21    0.00    0.00   49.37
22:47:53       2   44.31    0.00   13.25    0.00    0.00    0.62    0.21    0.00    0.00   41.61
22:47:53       3   43.70    0.00   12.61    0.00    0.00    1.47    0.21    0.00    0.00   42.02

22:47:53     CPU    %usr   %nice    %sys %iowait    %irq   %soft  %steal  %guest  %gnice   %idle
22:47:58     all   49.40    0.00   11.72    0.16    0.00    1.77    0.21    0.00    0.00   36.74
22:47:58       0   57.05    0.00    8.92    0.21    0.00    2.49    0.21    0.00    0.00   31.12
22:47:58       1   59.51    0.00    8.59    0.00    0.00    2.04    0.20    0.00    0.00   29.65
22:47:58       2   39.13    0.00   12.22    0.21    0.00    0.62    0.21    0.00    0.00   47.62
22:47:58       3   41.51    0.00   17.42    0.22    0.00    1.94    0.22    0.00    0.00   38.71

22:47:58     CPU    %usr   %nice    %sys %iowait    %irq   %soft  %steal  %guest  %gnice   %idle
22:48:03     all   29.15    0.00   13.01    0.00    0.00    1.67    0.10    0.00    0.00   56.06
22:48:03       0   21.58    0.00   14.52    0.00    0.00    2.70    0.21    0.00    0.00   61.00
22:48:03       1   33.82    0.00   12.53    0.00    0.00    1.46    0.00    0.00    0.00   52.19
22:48:03       2   28.04    0.00   12.16    0.00    0.00    0.62    0.21    0.00    0.00   58.97
22:48:03       3   33.26    0.00   12.84    0.00    0.00    1.89    0.00    0.00    0.00   52.00

22:48:03     CPU    %usr   %nice    %sys %iowait    %irq   %soft  %steal  %guest  %gnice   %idle
22:48:08     all   29.31    0.00   12.59    0.00    0.00    1.53    0.11    0.00    0.00   56.46
22:48:08       0   25.16    0.00   14.84    0.00    0.00    2.15    0.00    0.00    0.00   57.85
22:48:08       1   38.53    0.00   10.32    0.00    0.00    1.68    0.21    0.00    0.00   49.26
22:48:08       2   32.92    0.00   11.39    0.00    0.00    0.83    0.00    0.00    0.00   54.87
22:48:08       3   20.34    0.00   13.92    0.00    0.00    1.50    0.21    0.00    0.00   64.03

22:48:08     CPU    %usr   %nice    %sys %iowait    %irq   %soft  %steal  %guest  %gnice   %idle
22:48:13     all   26.78    0.00   11.43    0.00    0.00    1.26    0.21    0.00    0.00   60.32
22:48:13       0   28.96    0.00   11.42    0.00    0.00    2.11    0.21    0.00    0.00   57.29
22:48:13       1   19.24    0.00   12.68    0.00    0.00    1.27    0.21    0.00    0.00   66.60
22:48:13       2   27.22    0.00   11.34    0.00    0.00    0.41    0.21    0.00    0.00   60.82
22:48:13       3   31.66    0.00   10.27    0.00    0.00    1.26    0.21    0.00    0.00   56.60

22:48:13     CPU    %usr   %nice    %sys %iowait    %irq   %soft  %steal  %guest  %gnice   %idle
22:48:18     all   30.77    0.00   12.72    0.00    0.00    1.76    0.10    0.00    0.00   54.65
22:48:18       0   33.54    0.00   13.21    0.00    0.00    3.14    0.21    0.00    0.00   49.90
22:48:18       1   29.65    0.00   13.09    0.00    0.00    1.43    0.00    0.00    0.00   55.83
22:48:18       2   37.30    0.00   10.86    0.00    0.00    1.02    0.20    0.00    0.00   50.61
22:48:18       3   22.50    0.00   13.75    0.00    0.00    1.46    0.00    0.00    0.00   62.29

22:48:18     CPU    %usr   %nice    %sys %iowait    %irq   %soft  %steal  %guest  %gnice   %idle
22:48:23     all   26.56    0.00   12.34    0.00    0.00    1.56    0.10    0.00    0.00   59.44
22:48:23       0   22.36    0.00   13.71    0.00    0.00    1.69    0.00    0.00    0.00   62.24
22:48:23       1   29.75    0.00   11.98    0.00    0.00    1.65    0.21    0.00    0.00   56.40
22:48:23       2   18.85    0.00   13.32    0.00    0.00    0.82    0.00    0.00    0.00   67.01
22:48:23       3   35.27    0.00   10.37    0.00    0.00    2.07    0.21    0.00    0.00   52.07

22:48:23     CPU    %usr   %nice    %sys %iowait    %irq   %soft  %steal  %guest  %gnice   %idle
22:48:28     all   37.07    0.00   13.51    0.05    0.00    1.98    0.15    0.00    0.00   47.23
22:48:28       0   35.04    0.00   15.37    0.20    0.00    3.07    0.20    0.00    0.00   46.11
22:48:28       1   33.47    0.00   12.90    0.00    0.00    2.22    0.00    0.00    0.00   51.41
22:48:28       2   50.40    0.00   10.93    0.00    0.00    1.01    0.20    0.00    0.00   37.45
22:48:28       3   29.33    0.00   14.87    0.00    0.00    1.63    0.20    0.00    0.00   53.97

22:48:28     CPU    %usr   %nice    %sys %iowait    %irq   %soft  %steal  %guest  %gnice   %idle
22:48:33     all   35.38    0.00   12.27    0.05    0.00    2.30    0.15    0.00    0.00   49.85
22:48:33       0   28.27    0.00   13.72    0.00    0.00    2.91    0.21    0.00    0.00   54.89
22:48:33       1   47.77    0.00    9.31    0.00    0.00    3.44    0.20    0.00    0.00   39.27
22:48:33       2   23.98    0.00   14.43    0.00    0.00    0.81    0.20    0.00    0.00   60.57
22:48:33       3   41.31    0.00   11.66    0.20    0.00    2.04    0.00    0.00    0.00   44.79

22:48:33     CPU    %usr   %nice    %sys %iowait    %irq   %soft  %steal  %guest  %gnice   %idle
22:48:38     all   27.72    0.00   12.38    0.00    0.00    1.77    0.10    0.00    0.00   58.03
22:48:38       0   31.43    0.00   11.81    0.00    0.00    2.32    0.21    0.00    0.00   54.22
22:48:38       1   33.68    0.00   10.33    0.00    0.00    2.89    0.00    0.00    0.00   53.10
22:48:38       2   25.15    0.00   13.29    0.00    0.00    0.82    0.00    0.00    0.00   60.74
22:48:38       3   20.59    0.00   14.08    0.00    0.00    1.05    0.21    0.00    0.00   64.08

22:48:38     CPU    %usr   %nice    %sys %iowait    %irq   %soft  %steal  %guest  %gnice   %idle
22:48:43     all   28.70    0.00   13.09    0.00    0.00    2.05    0.15    0.00    0.00   56.01
22:48:43       0   26.86    0.00   13.43    0.00    0.00    2.48    0.00    0.00    0.00   57.23
22:48:43       1   32.45    0.00   12.78    0.00    0.00    2.84    0.20    0.00    0.00   51.72
22:48:43       2   21.50    0.00   13.79    0.00    0.00    1.01    0.20    0.00    0.00   63.49
22:48:43       3   34.02    0.00   12.37    0.00    0.00    1.86    0.21    0.00    0.00   51.55

22:48:43     CPU    %usr   %nice    %sys %iowait    %irq   %soft  %steal  %guest  %gnice   %idle
22:48:48     all   30.88    0.00   12.76    0.10    0.00    1.68    0.15    0.00    0.00   54.42
22:48:48       0   51.42    0.00    9.96    0.00    0.00    3.25    0.20    0.00    0.00   35.16
22:48:48       1   21.59    0.00   13.03    0.20    0.00    1.43    0.20    0.00    0.00   63.54
22:48:48       2   24.29    0.00   14.49    0.20    0.00    0.41    0.20    0.00    0.00   60.41
22:48:48       3   26.13    0.00   13.58    0.00    0.00    1.65    0.00    0.00    0.00   58.64

22:48:48     CPU    %usr   %nice    %sys %iowait    %irq   %soft  %steal  %guest  %gnice   %idle
22:48:53     all   31.25    0.00   13.12    0.00    0.00    1.62    0.15    0.00    0.00   53.86
22:48:53       0   45.62    0.00   11.00    0.00    0.00    2.85    0.20    0.00    0.00   40.33
22:48:53       1   21.95    0.00   13.82    0.00    0.00    1.42    0.00    0.00    0.00   62.80
22:48:53       2   22.66    0.00   14.91    0.00    0.00    0.80    0.20    0.00    0.00   61.43
22:48:53       3   34.95    0.00   12.73    0.00    0.00    1.41    0.20    0.00    0.00   50.71

22:48:53     CPU    %usr   %nice    %sys %iowait    %irq   %soft  %steal  %guest  %gnice   %idle
22:48:58     all   24.75    0.00   11.70    0.00    0.00    1.23    0.16    0.00    0.00   62.16
22:48:58       0   23.18    0.00   11.70    0.00    0.00    1.99    0.22    0.00    0.00   62.91
22:48:58       1   26.44    0.00   12.58    0.00    0.00    0.85    0.21    0.00    0.00   59.91
22:48:58       2   30.08    0.00   10.37    0.00    0.00    0.83    0.21    0.00    0.00   58.51
22:48:58       3   18.95    0.00   12.20    0.00    0.00    1.31    0.00    0.00    0.00   67.54

22:48:58     CPU    %usr   %nice    %sys %iowait    %irq   %soft  %steal  %guest  %gnice   %idle
22:49:03     all   30.64    0.00   12.37    0.00    0.00    1.71    0.10    0.00    0.00   55.18
22:49:03       0   31.65    0.00   12.24    0.00    0.00    2.74    0.00    0.00    0.00   53.38
22:49:03       1   23.87    0.00   13.79    0.00    0.00    1.03    0.21    0.00    0.00   61.11
22:49:03       2   23.41    0.00   12.94    0.00    0.00    0.82    0.00    0.00    0.00   62.83
22:49:03       3   43.71    0.00   10.52    0.00    0.00    2.27    0.21    0.00    0.00   43.30

22:49:03     CPU    %usr   %nice    %sys %iowait    %irq   %soft  %steal  %guest  %gnice   %idle
22:49:08     all   51.14    0.00   11.57    0.10    0.00    1.50    0.16    0.00    0.00   35.53
22:49:08       0   59.67    0.00    9.88    0.00    0.00    2.06    0.21    0.00    0.00   28.19
22:49:08       1   32.48    0.00   17.62    0.21    0.00    1.49    0.00    0.00    0.00   48.20
22:49:08       2   54.51    0.00   10.66    0.00    0.00    0.82    0.20    0.00    0.00   33.81
22:49:08       3   57.35    0.00    8.28    0.21    0.00    1.66    0.21    0.00    0.00   32.30

22:49:08     CPU    %usr   %nice    %sys %iowait    %irq   %soft  %steal  %guest  %gnice   %idle
22:49:13     all   28.03    0.00   10.82    0.11    0.00    1.08    0.16    0.00    0.00   59.79
22:49:13       0   41.65    0.00    9.11    0.00    0.00    1.30    0.22    0.00    0.00   47.72
22:49:13       1   35.53    0.00    9.57    0.00    0.00    1.06    0.21    0.00    0.00   53.62
22:49:13       2   17.63    0.00   12.47    0.22    0.00    0.86    0.22    0.00    0.00   68.60
22:49:13       3   17.04    0.00   12.17    0.22    0.00    1.11    0.00    0.00    0.00   69.47

22:49:13     CPU    %usr   %nice    %sys %iowait    %irq   %soft  %steal  %guest  %gnice   %idle
22:49:18     all   28.14    0.00   10.42    0.00    0.00    1.04    0.16    0.00    0.00   60.23
22:49:18       0   24.83    0.00   11.41    0.00    0.00    0.89    0.22    0.00    0.00   62.64
22:49:18       1   31.81    0.00    9.59    0.00    0.00    1.09    0.22    0.00    0.00   57.30
22:49:18       2   30.98    0.00   10.26    0.00    0.00    0.64    0.00    0.00    0.00   58.12
22:49:18       3   24.72    0.00   10.47    0.00    0.00    1.56    0.22    0.00    0.00   63.03

22:49:18     CPU    %usr   %nice    %sys %iowait    %irq   %soft  %steal  %guest  %gnice   %idle
22:49:23     all   24.26    0.00   10.71    0.05    0.00    1.21    0.11    0.00    0.00   63.66
22:49:23       0   36.08    0.00    9.92    0.21    0.00    1.69    0.00    0.00    0.00   52.11
22:49:23       1   17.58    0.00   10.81    0.00    0.00    0.85    0.00    0.00    0.00   70.76
22:49:23       2   26.65    0.00   10.95    0.00    0.00    0.62    0.21    0.00    0.00   61.57
22:49:23       3   16.67    0.00   11.18    0.00    0.00    1.69    0.21    0.00    0.00   70.25

22:49:23     CPU    %usr   %nice    %sys %iowait    %irq   %soft  %steal  %guest  %gnice   %idle
22:49:28     all   30.26    0.00   11.33    0.00    0.00    1.36    0.16    0.00    0.00   56.90
22:49:28       0   23.29    0.00   13.25    0.00    0.00    1.28    0.21    0.00    0.00   61.97
22:49:28       1   31.22    0.00   10.13    0.00    0.00    1.05    0.21    0.00    0.00   57.38
22:49:28       2   33.47    0.00   11.02    0.00    0.00    1.02    0.20    0.00    0.00   54.29
22:49:28       3   32.84    0.00   10.95    0.00    0.00    2.11    0.00    0.00    0.00   54.11

22:49:28     CPU    %usr   %nice    %sys %iowait    %irq   %soft  %steal  %guest  %gnice   %idle
22:49:33     all   23.06    0.00   10.22    0.00    0.00    0.86    0.22    0.00    0.00   65.65
22:49:33       0   18.34    0.00   10.70    0.00    0.00    0.87    0.22    0.00    0.00   69.87
22:49:33       1   29.00    0.00    9.81    0.00    0.00    0.85    0.21    0.00    0.00   60.13
22:49:33       2   28.06    0.00    9.70    0.00    0.00    0.63    0.21    0.00    0.00   61.39
22:49:33       3   16.56    0.00   10.68    0.00    0.00    1.09    0.22    0.00    0.00   71.46

22:49:33     CPU    %usr   %nice    %sys %iowait    %irq   %soft  %steal  %guest  %gnice   %idle
22:49:38     all   29.63    0.00   11.31    0.00    0.00    1.12    0.05    0.00    0.00   57.89
22:49:38       0   22.64    0.00   12.97    0.00    0.00    1.32    0.22    0.00    0.00   62.86
22:49:38       1   31.43    0.00   10.55    0.00    0.00    1.27    0.00    0.00    0.00   56.75
22:49:38       2   42.83    0.00   10.25    0.00    0.00    0.61    0.00    0.00    0.00   46.31
22:49:38       3   20.82    0.00   11.59    0.00    0.00    1.29    0.00    0.00    0.00   66.31

22:49:38     CPU    %usr   %nice    %sys %iowait    %irq   %soft  %steal  %guest  %gnice   %idle
22:49:43     all   24.17    0.00   10.51    0.00    0.00    1.14    0.22    0.00    0.00   63.96
22:49:43       0   26.05    0.00    9.27    0.00    0.00    1.55    0.22    0.00    0.00   62.91
22:49:43       1   24.46    0.00   10.94    0.00    0.00    1.07    0.21    0.00    0.00   63.30
22:49:43       2   16.63    0.00   11.45    0.00    0.00    0.65    0.22    0.00    0.00   71.06
22:49:43       3   29.59    0.00   10.37    0.00    0.00    1.30    0.22    0.00    0.00   58.53

22:49:43     CPU    %usr   %nice    %sys %iowait    %irq   %soft  %steal  %guest  %gnice   %idle
22:49:48     all   53.70    0.00   10.71    0.05    0.00    1.47    0.21    0.00    0.00   33.86
22:49:48       0   60.71    0.00    8.61    0.00    0.00    2.10    0.21    0.00    0.00   28.36
22:49:48       1   51.57    0.00   11.95    0.00    0.00    1.26    0.21    0.00    0.00   35.01
22:49:48       2   50.74    0.00    9.47    0.21    0.00    0.42    0.21    0.00    0.00   38.95
22:49:48       3   51.78    0.00   12.79    0.00    0.00    2.10    0.21    0.00    0.00   33.12

22:49:48     CPU    %usr   %nice    %sys %iowait    %irq   %soft  %steal  %guest  %gnice   %idle
22:49:53     all   36.36    0.00   12.12    0.11    0.00    1.44    0.05    0.00    0.00   49.92
22:49:53       0   38.56    0.00   12.85    0.00    0.00    1.96    0.00    0.00    0.00   46.62
22:49:53       1   36.81    0.00   11.49    0.43    0.00    1.70    0.00    0.00    0.00   49.57
22:49:53       2   46.46    0.00    9.79    0.00    0.00    0.62    0.21    0.00    0.00   42.92
22:49:53       3   23.28    0.00   14.44    0.00    0.00    1.51    0.00    0.00    0.00   60.78

22:49:53     CPU    %usr   %nice    %sys %iowait    %irq   %soft  %steal  %guest  %gnice   %idle
22:49:58     all   26.07    0.00   10.47    0.11    0.00    1.18    0.16    0.00    0.00   62.02
22:49:58       0   24.95    0.00   10.85    0.22    0.00    1.52    0.22    0.00    0.00   62.26
22:49:58       1   18.63    0.00   11.35    0.00    0.00    1.28    0.21    0.00    0.00   68.52
22:49:58       2   25.70    0.00    9.85    0.00    0.00    0.43    0.00    0.00    0.00   64.03
22:49:58       3   34.80    0.00    9.85    0.21    0.00    1.47    0.21    0.00    0.00   53.46

22:49:58     CPU    %usr   %nice    %sys %iowait    %irq   %soft  %steal  %guest  %gnice   %idle
22:50:03     all   29.91    0.00   11.53    0.00    0.00    1.33    0.21    0.00    0.00   57.01
22:50:03       0   34.40    0.00   10.90    0.00    0.00    1.71    0.21    0.00    0.00   52.78
22:50:03       1   32.91    0.00   12.16    0.00    0.00    1.68    0.21    0.00    0.00   53.04
22:50:03       2   19.92    0.00   12.71    0.00    0.00    0.42    0.21    0.00    0.00   66.74
22:50:03       3   32.47    0.00   10.32    0.00    0.00    1.51    0.22    0.00    0.00   55.48

22:50:03     CPU    %usr   %nice    %sys %iowait    %irq   %soft  %steal  %guest  %gnice   %idle
22:50:08     all   26.78    0.00   11.60    0.00    0.00    1.39    0.05    0.00    0.00   60.18
22:50:08       0   33.33    0.00   10.97    0.00    0.00    2.58    0.00    0.00    0.00   53.12
22:50:08       1   18.87    0.00   11.71    0.00    0.00    1.08    0.00    0.00    0.00   68.33
22:50:08       2   35.33    0.00   11.78    0.00    0.00    0.62    0.21    0.00    0.00   52.07
22:50:08       3   19.09    0.00   11.93    0.00    0.00    1.30    0.00    0.00    0.00   67.68

22:50:08     CPU    %usr   %nice    %sys %iowait    %irq   %soft  %steal  %guest  %gnice   %idle
22:50:13     all   25.42    0.00    9.29    0.00    0.00    1.11    0.16    0.00    0.00   64.01
22:50:13       0   15.69    0.00   10.02    0.00    0.00    0.87    0.22    0.00    0.00   73.20
22:50:13       1   43.92    0.00    6.19    0.00    0.00    1.86    0.21    0.00    0.00   47.84
22:50:13       2   15.86    0.00    9.73    0.00    0.00    0.42    0.00    0.00    0.00   74.00
22:50:13       3   25.48    0.00   11.35    0.00    0.00    1.28    0.21    0.00    0.00   61.67
