Linux 6.17.0-1010-aws (ip-172-31-15-179) 	04/20/26 	_x86_64_	(8 CPU)

11:21:26      UID       PID    %usr %system  %guest   %wait    %CPU   CPU  Command
11:21:31        0         1    0.20    0.00    0.00    0.00    0.20     3  systemd
11:21:31        0        15    0.00    0.20    0.00    0.40    0.20     2  rcu_sched
11:21:31        0       168    0.00    0.20    0.00    0.00    0.20     7  systemd-journal
11:21:31      101       717    0.00    0.20    0.00    0.00    0.20     6  dbus-daemon
11:21:31        0      1991    0.40    0.20    0.00    0.00    0.60     4  containerd
11:21:31        0      2232    0.40    0.20    0.00    0.00    0.60     0  dockerd
11:21:31        0     11148    0.00    0.20    0.00    0.00    0.20     0  kworker/0:1-events
11:21:31     1000     11168    0.20    0.00    0.00    0.00    0.20     2  systemd
11:21:31     1000     18856    0.00    0.20    0.00    0.00    0.20     5  pidstat
11:21:31        0     18922    0.20    0.00    0.00    0.00    0.20     0  docker
11:21:31        0     18965    0.40    0.00    0.00    0.00    0.40     1  bash
11:21:31        0     18996  534.33   44.31    0.00    0.00  578.64     1  java

11:21:31      UID       PID    %usr %system  %guest   %wait    %CPU   CPU  Command
11:21:36        0      8455    0.00    0.20    0.00    0.00    0.20     5  kworker/5:2-events
11:21:36        0     18996  686.00   80.60    0.00    0.00  766.60     1  java

11:21:36      UID       PID    %usr %system  %guest   %wait    %CPU   CPU  Command
11:21:41        0      1991    0.00    0.20    0.00    0.00    0.20     4  containerd
11:21:41        0     14753    0.00    0.20    0.00    0.00    0.20     2  kworker/u32:5-kvfree_rcu_reclaim
11:21:41        0     18996  661.40   96.80    0.00    0.00  758.20     1  java

11:21:41      UID       PID    %usr %system  %guest   %wait    %CPU   CPU  Command
11:21:46        0       309    0.00    0.20    0.00    0.00    0.20     4  kworker/4:2-events
11:21:46      110       815    0.20    0.00    0.00    0.00    0.20     1  chronyd
11:21:46        0      6639    0.00    0.20    0.00    0.20    0.20     3  kworker/3:2-events
11:21:46        0     11248    0.00    0.20    0.00    0.00    0.20     4  kworker/u32:2-kvfree_rcu_reclaim
11:21:46        0     14753    0.00    0.20    0.00    0.00    0.20     0  kworker/u32:5-flush-259:0
11:21:46     1000     18856    0.20    0.20    0.00    0.00    0.40     0  pidstat
11:21:46        0     18996  620.20  118.00    0.00    0.00  738.20     1  java

11:21:46      UID       PID    %usr %system  %guest   %wait    %CPU   CPU  Command
11:21:51        0     11248    0.00    0.20    0.00    0.00    0.20     6  kworker/u32:2-kvfree_rcu_reclaim
11:21:51        0     11316    0.00    0.20    0.00    0.00    0.20     0  kworker/u32:3-flush-259:0
11:21:51     1000     18856    0.00    0.20    0.00    0.00    0.20     0  pidstat
11:21:51        0     18996  580.20  133.60    0.00    0.00  713.80     1  java

11:21:51      UID       PID    %usr %system  %guest   %wait    %CPU   CPU  Command
11:21:56        0        14    0.00    0.20    0.00    0.00    0.20     0  ksoftirqd/0
11:21:56        0        15    0.00    0.20    0.00    0.20    0.20     0  rcu_sched
11:21:56        0        36    0.00    0.20    0.00    0.00    0.20     3  ksoftirqd/3
11:21:56        0        42    0.00    0.20    0.00    0.00    0.20     4  ksoftirqd/4
11:21:56        0       105    0.00    0.20    0.00    0.20    0.20     2  kworker/2:1-events
11:21:56        0       231    0.20    0.00    0.00    0.00    0.20     3  multipathd
11:21:56        0      1991    0.40    0.00    0.00    0.00    0.40     4  containerd
11:21:56        0     11248    0.00    0.20    0.00    0.20    0.20     4  kworker/u32:2-kvfree_rcu_reclaim
11:21:56        0     18996  465.40  158.60    0.00    0.00  624.00     1  java

11:21:56      UID       PID    %usr %system  %guest   %wait    %CPU   CPU  Command
11:22:01        0        24    0.00    0.20    0.00    0.00    0.20     1  ksoftirqd/1
11:22:01        0        48    0.00    0.20    0.00    0.00    0.20     5  ksoftirqd/5
11:22:01        0      1991    0.00    0.20    0.00    0.00    0.20     4  containerd
11:22:01     1000     18856    0.20    0.00    0.00    0.00    0.20     4  pidstat
11:22:01        0     19199  197.00   19.20    0.00    0.00  216.20     3  java

11:22:01      UID       PID    %usr %system  %guest   %wait    %CPU   CPU  Command
11:22:06        0        30    0.00    0.20    0.00    0.00    0.20     2  ksoftirqd/2
11:22:06        0     14753    0.00    0.20    0.00    0.00    0.20     0  kworker/u32:5-kvfree_rcu_reclaim
11:22:06     1000     18856    0.00    0.20    0.00    0.00    0.20     4  pidstat
11:22:06        0     19199  701.60   70.00    0.00    0.00  771.60     3  java

11:22:06      UID       PID    %usr %system  %guest   %wait    %CPU   CPU  Command
11:22:11        0        15    0.00    0.20    0.00    0.00    0.20     1  rcu_sched
11:22:11        0        92    0.00    0.20    0.00    0.00    0.20     1  kworker/1:1-events
11:22:11        0     11316    0.00    0.20    0.00    0.00    0.20     0  kworker/u32:3-kvfree_rcu_reclaim
11:22:11        0     12386    0.20    0.00    0.00    0.00    0.20     7  fwupd
11:22:11     1000     18856    0.20    0.00    0.00    0.20    0.20     4  pidstat
11:22:11        0     19199  678.40   85.80    0.00    0.00  764.20     3  java

11:22:11      UID       PID    %usr %system  %guest   %wait    %CPU   CPU  Command
11:22:16        0       951    0.00    0.20    0.00    0.00    0.20     6  kworker/6:2-events
11:22:16        0     11148    0.00    0.20    0.00    0.00    0.20     0  kworker/0:1-events
11:22:16     1000     18856    0.00    0.20    0.00    0.00    0.20     4  pidstat
11:22:16        0     19199  650.20  101.20    0.00    0.00  751.40     3  java

11:22:16      UID       PID    %usr %system  %guest   %wait    %CPU   CPU  Command
11:22:21        0      1991    0.20    0.00    0.00    0.00    0.20     4  containerd
11:22:21        0      8455    0.00    0.20    0.00    0.00    0.20     5  kworker/5:2-events
11:22:21        0     11248    0.00    0.20    0.00    0.20    0.20     7  kworker/u32:2-events_power_efficient
11:22:21        0     14753    0.00    0.20    0.00    0.00    0.20     3  kworker/u32:5-kvfree_rcu_reclaim
11:22:21        0     19199  605.60  124.40    0.00    0.00  730.00     3  java

11:22:21      UID       PID    %usr %system  %guest   %wait    %CPU   CPU  Command
11:22:26        0        54    0.00    0.20    0.00    0.00    0.20     6  ksoftirqd/6
11:22:26        0     10650    0.00    0.20    0.00    0.00    0.20     7  kworker/7:2-events
11:22:26        0     11248    0.00    0.40    0.00    0.00    0.40     2  kworker/u32:2-kvfree_rcu_reclaim
11:22:26     1000     18856    0.20    0.00    0.00    0.00    0.20     4  pidstat
11:22:26        0     19199  562.80  140.80    0.00    0.00  703.60     3  java

11:22:26      UID       PID    %usr %system  %guest   %wait    %CPU   CPU  Command
11:22:31        0        14    0.00    0.20    0.00    0.00    0.20     0  ksoftirqd/0
11:22:31        0        36    0.00    0.20    0.00    0.00    0.20     3  ksoftirqd/3
11:22:31        0        60    0.00    0.20    0.00    0.00    0.20     7  ksoftirqd/7
11:22:31        0      1991    0.00    0.20    0.00    0.00    0.20     4  containerd
11:22:31        0      6639    0.00    0.20    0.00    0.00    0.20     3  kworker/3:2-events
11:22:31        0     11248    0.00    0.20    0.00    0.20    0.20     4  kworker/u32:2-events_power_efficient
11:22:31     1000     18856    0.00    0.20    0.00    0.00    0.20     4  pidstat
11:22:31        0     19199  402.00  156.60    0.00    0.00  558.60     3  java

11:22:31      UID       PID    %usr %system  %guest   %wait    %CPU   CPU  Command
11:22:36        0        15    0.00    0.20    0.00    0.20    0.20     7  rcu_sched
11:22:36        0        24    0.00    0.20    0.00    0.00    0.20     1  ksoftirqd/1
11:22:36        0        30    0.00    0.20    0.00    0.00    0.20     2  ksoftirqd/2
11:22:36        0        42    0.00    0.20    0.00    0.00    0.20     4  ksoftirqd/4
11:22:36        0       105    0.00    0.20    0.00    0.00    0.20     2  kworker/2:1-events
11:22:36        0      2232    0.20    0.00    0.00    0.00    0.20     0  dockerd
11:22:36        0     11248    0.00    0.20    0.00    0.20    0.20     1  kworker/u32:2-events_power_efficient
11:22:36     1000     18856    0.00    0.20    0.00    0.00    0.20     2  pidstat
11:22:36        0     19199  390.60  157.20    0.00    0.00  547.80     3  java

11:22:36      UID       PID    %usr %system  %guest   %wait    %CPU   CPU  Command
11:22:41        0        14    0.00    0.20    0.00    0.00    0.20     0  ksoftirqd/0
11:22:41        0        36    0.00    0.20    0.00    0.00    0.20     3  ksoftirqd/3
11:22:41        0        48    0.00    0.20    0.00    0.00    0.20     5  ksoftirqd/5
11:22:41        0        54    0.00    0.20    0.00    0.00    0.20     6  ksoftirqd/6
11:22:41        0       309    0.00    0.20    0.00    0.00    0.20     4  kworker/4:2-events
11:22:41        0     11248    0.00    0.20    0.00    0.00    0.20     0  kworker/u32:2-kvfree_rcu_reclaim
11:22:41        0     14753    0.00    0.20    0.00    0.00    0.20     3  kworker/u32:5-kvfree_rcu_reclaim
11:22:41        0     19199  389.80  153.60    0.00    0.00  543.40     3  java

11:22:41      UID       PID    %usr %system  %guest   %wait    %CPU   CPU  Command
11:22:46        0        30    0.00    0.20    0.00    0.00    0.20     2  ksoftirqd/2
11:22:46        0        42    0.00    0.20    0.00    0.00    0.20     4  ksoftirqd/4
11:22:46        0        60    0.00    0.20    0.00    0.00    0.20     7  ksoftirqd/7
11:22:46        0        92    0.00    0.20    0.00    0.20    0.20     1  kworker/1:1-events
11:22:46        0       723    0.00    0.20    0.00    0.00    0.20     1  irqbalance
11:22:46        0      1991    0.20    0.00    0.00    0.00    0.20     4  containerd
11:22:46        0     14753    0.00    0.20    0.00    0.00    0.20     7  kworker/u32:5-kvfree_rcu_reclaim
11:22:46     1000     18856    0.00    0.20    0.00    0.20    0.20     7  pidstat
11:22:46        0     19199  414.40  167.60    0.00    0.00  582.00     3  java

11:22:46      UID       PID    %usr %system  %guest   %wait    %CPU   CPU  Command
11:22:51        0        24    0.00    0.20    0.00    0.20    0.20     1  ksoftirqd/1
11:22:51        0        36    0.00    0.20    0.00    0.00    0.20     3  ksoftirqd/3
11:22:51        0      2232    0.20    0.00    0.00    0.00    0.20     0  dockerd
11:22:51        0     11248    0.00    0.20    0.00    0.00    0.20     5  kworker/u32:2-flush-259:0
11:22:51        0     14753    0.00    0.20    0.00    0.20    0.20     2  kworker/u32:5-events_power_efficient
11:22:51        0     17568    0.00    0.20    0.00    0.00    0.20     0  kworker/u32:1-kvfree_rcu_reclaim
11:22:51     1000     18856    0.20    0.20    0.00    0.00    0.40     3  pidstat
11:22:51        0     19199  423.20  164.40    0.00    0.00  587.60     3  java

11:22:51      UID       PID    %usr %system  %guest   %wait    %CPU   CPU  Command
11:22:56        0        14    0.00    0.20    0.00    0.00    0.20     0  ksoftirqd/0
11:22:56        0        30    0.00    0.20    0.00    0.00    0.20     2  ksoftirqd/2
11:22:56        0        48    0.00    0.20    0.00    0.00    0.20     5  ksoftirqd/5
11:22:56        0        54    0.00    0.20    0.00    0.00    0.20     6  ksoftirqd/6
11:22:56        0        60    0.00    0.20    0.00    0.00    0.20     7  ksoftirqd/7
11:22:56        0      1991    0.00    0.20    0.00    0.00    0.20     4  containerd
11:22:56        0     11148    0.00    0.20    0.00    0.00    0.20     0  kworker/0:1-events
11:22:56        0     17568    0.00    0.20    0.00    0.20    0.20     7  kworker/u32:1-kvfree_rcu_reclaim
11:22:56        0     19199  423.80  165.00    0.00    0.00  588.80     3  java

11:22:56      UID       PID    %usr %system  %guest   %wait    %CPU   CPU  Command
11:23:01        0        41    0.20    0.00    0.00    0.00    0.20     4  migration/4
11:23:01        0        42    0.00    0.20    0.00    0.00    0.20     4  ksoftirqd/4
11:23:01        0      8455    0.00    0.20    0.00    0.20    0.20     5  kworker/5:2-mm_percpu_wq
11:23:01        0     11316    0.00    0.20    0.00    0.20    0.20     5  kworker/u32:3-events_unbound
11:23:01     1000     18856    0.00    0.20    0.00    0.00    0.20     3  pidstat
11:23:01        0     19199  275.00  107.60    0.00    0.00  382.60     3  java
