Linux 6.17.0-1010-aws (ip-172-31-9-32) 	04/20/26 	_x86_64_	(16 CPU)

13:46:40      UID       PID    %usr %system  %guest   %wait    %CPU   CPU  Command
13:46:45        0         1    0.20    0.00    0.00    0.00    0.20     5  systemd
13:46:45        0        36    0.00    0.20    0.00    0.00    0.20     3  ksoftirqd/3
13:46:45        0        77    0.20    0.00    0.00    0.00    0.20    10  migration/10
13:46:45        0       128    0.00    0.20    0.00    0.20    0.20     8  kworker/8:1-events
13:46:45        0       227    0.00    0.20    0.00    0.00    0.20    10  systemd-journal
13:46:45        0       279    0.00    0.20    0.00    0.20    0.20     9  kworker/9:3-events
13:46:45      989       809    0.20    0.00    0.00    0.00    0.20     1  polkitd
13:46:45        0      1309    0.00    0.20    0.00    0.00    0.20     9  sshd
13:46:45        0      2089    0.40    0.20    0.00    0.00    0.60     3  containerd
13:46:45        0      2339    0.40    0.00    0.00    0.00    0.40     2  dockerd
13:46:45     1000      2934    0.20    0.20    0.00    0.00    0.40     8  systemd
13:46:45     1000      3800    0.00    0.20    0.00    0.00    0.20     9  pidstat
13:46:45        0      3908    0.40    0.00    0.00    0.00    0.40    14  run-benchmark.s
13:46:45        0      3922  441.92   61.48    0.00    0.00  503.39     9  latte-alternato

13:46:45      UID       PID    %usr %system  %guest   %wait    %CPU   CPU  Command
13:46:50        0       154    0.00    0.20    0.00    0.00    0.20    10  kworker/10:1-events
13:46:50        0       156    0.00    0.20    0.00    0.00    0.20     7  kworker/7:1-events
13:46:50        0       220    0.00    0.20    0.00    0.00    0.20    12  kworker/12:1-events
13:46:50        0      3922  509.60   65.60    0.00    0.00  575.20     9  latte-alternato

13:46:50      UID       PID    %usr %system  %guest   %wait    %CPU   CPU  Command
13:46:55        0       136    0.00    0.20    0.00    0.00    0.20    14  kworker/14:1-events
13:46:55        0       155    0.00    0.20    0.00    0.00    0.20     3  kworker/3:1-events
13:46:55        0       218    0.00    0.20    0.00    0.00    0.20     5  kworker/5:1-events
13:46:55     1000      3800    0.20    0.20    0.00    0.00    0.40     2  pidstat
13:46:55        0      3922  513.00   64.20    0.00    0.00  577.20     9  latte-alternato

13:46:55      UID       PID    %usr %system  %guest   %wait    %CPU   CPU  Command
13:47:00        0      2089    0.20    0.00    0.00    0.00    0.20     3  containerd
13:47:00        0      3922  535.20   65.60    0.00    0.00  600.80     9  latte-alternato

13:47:00      UID       PID    %usr %system  %guest   %wait    %CPU   CPU  Command
13:47:05        0       128    0.00    0.20    0.00    0.00    0.20     8  kworker/8:1-events
13:47:05        0      3922  549.60   68.40    0.00    0.00  618.00     9  latte-alternato

13:47:05      UID       PID    %usr %system  %guest   %wait    %CPU   CPU  Command
13:47:10        0       155    0.00    0.20    0.00    0.00    0.20     3  kworker/3:1-events
13:47:10        0       293    0.20    0.00    0.00    0.00    0.20     6  multipathd
13:47:10     1000      3800    0.20    0.20    0.00    0.00    0.40     9  pidstat
13:47:10        0      3922  570.40   68.60    0.00    0.00  639.00     9  latte-alternato

13:47:10      UID       PID    %usr %system  %guest   %wait    %CPU   CPU  Command
13:47:15        0       136    0.00    0.20    0.00    0.00    0.20    14  kworker/14:1-events
13:47:15        0       156    0.00    0.20    0.00    0.00    0.20     7  kworker/7:1-events
13:47:15        0       220    0.00    0.20    0.00    0.40    0.20    12  kworker/12:1-events
13:47:15        0       279    0.00    0.20    0.00    0.00    0.20     9  kworker/9:3-events
13:47:15        0      2089    0.20    0.00    0.00    0.00    0.20     3  containerd
13:47:15     1000      3800    0.00    0.20    0.00    0.00    0.20     9  pidstat
13:47:15        0      3865    0.20    0.00    0.00    0.00    0.20     3  docker
13:47:15        0      3922  533.00   63.00    0.00    0.00  596.00     9  latte-alternato

13:47:15      UID       PID    %usr %system  %guest   %wait    %CPU   CPU  Command
13:47:20        0       218    0.00    0.20    0.00    0.00    0.20     5  kworker/5:1-events
13:47:20        0       522    0.00    0.20    0.00    0.00    0.20     5  kworker/u64:5-events_power_efficient
13:47:20        0      2089    0.00    0.20    0.00    0.00    0.20     3  containerd
13:47:20        0      3922  577.00   68.60    0.00    0.00  645.60    10  latte-alternato

13:47:20      UID       PID    %usr %system  %guest   %wait    %CPU   CPU  Command
13:47:25     1000      3800    0.00    0.20    0.00    0.00    0.20     9  pidstat
13:47:25        0      3922  561.20   66.60    0.00    0.00  627.80     9  latte-alternato

13:47:25      UID       PID    %usr %system  %guest   %wait    %CPU   CPU  Command
13:47:30        0       128    0.00    0.20    0.00    0.20    0.20     8  kworker/8:1-events
13:47:30        0       155    0.00    0.20    0.00    0.00    0.20     3  kworker/3:1-events
13:47:30        0       293    0.00    0.20    0.00    0.00    0.20     6  multipathd
13:47:30        0       814    0.20    0.00    0.00    0.00    0.20     1  snapd
13:47:30     1000      3800    0.20    0.20    0.00    0.00    0.40    11  pidstat
13:47:30        0      3922  572.00   71.40    0.00    0.00  643.40     2  latte-alternato

13:47:30      UID       PID    %usr %system  %guest   %wait    %CPU   CPU  Command
13:47:35        0       136    0.00    0.20    0.00    0.00    0.20    14  kworker/14:1-events
13:47:35        0       154    0.00    0.20    0.00    0.00    0.20    10  kworker/10:1-events
13:47:35        0      2089    0.20    0.00    0.00    0.00    0.20     3  containerd
13:47:35        0      3922  563.80   68.40    0.00    0.00  632.20    12  latte-alternato

13:47:35      UID       PID    %usr %system  %guest   %wait    %CPU   CPU  Command
13:47:40        0       156    0.00    0.20    0.00    0.00    0.20     7  kworker/7:1-events
13:47:40        0       218    0.00    0.20    0.00    0.00    0.20     5  kworker/5:1-events
13:47:40        0       220    0.00    0.20    0.00    0.20    0.20    12  kworker/12:1-events
13:47:40        0      2089    0.20    0.00    0.00    0.00    0.20     3  containerd
13:47:40     1000      3800    0.20    0.00    0.00    0.00    0.20    12  pidstat
13:47:40        0      3922  561.00   66.00    0.00    0.00  627.00     9  latte-alternato

13:47:40      UID       PID    %usr %system  %guest   %wait    %CPU   CPU  Command
13:47:45        0       279    0.00    0.20    0.00    0.20    0.20     9  kworker/9:3-events
13:47:45        0      2089    0.00    0.20    0.00    0.00    0.20     3  containerd
13:47:45        0      2339    0.20    0.00    0.00    0.00    0.20     2  dockerd
13:47:45     1000      3800    0.00    0.20    0.00    0.00    0.20    12  pidstat
13:47:45        0      3922  570.80   72.80    0.00    0.00  643.60    12  latte-alternato

13:47:45      UID       PID    %usr %system  %guest   %wait    %CPU   CPU  Command
13:47:50        0       128    0.00    0.20    0.00    0.00    0.20     8  kworker/8:1-events
13:47:50        0       155    0.00    0.20    0.00    0.20    0.20     3  kworker/3:1-events
13:47:50     1000      3800    0.00    0.20    0.00    0.00    0.20    12  pidstat
13:47:50        0      3922  556.00   70.40    0.00    0.00  626.40    12  latte-alternato

13:47:50      UID       PID    %usr %system  %guest   %wait    %CPU   CPU  Command
13:47:55        0       136    0.00    0.20    0.00    0.20    0.20    14  kworker/14:1-events
13:47:55        0      2089    0.20    0.00    0.00    0.00    0.20     3  containerd
13:47:55     1000      3800    0.20    0.20    0.00    0.00    0.40    12  pidstat
13:47:55        0      3922  572.20   67.80    0.00    0.00  640.00    12  latte-alternato

13:47:55      UID       PID    %usr %system  %guest   %wait    %CPU   CPU  Command
13:48:00        0       156    0.00    0.20    0.00    0.00    0.20     7  kworker/7:1-events
13:48:00        0       218    0.00    0.20    0.00    0.00    0.20     5  kworker/5:1-events
13:48:00        0      3922  556.40   73.00    0.00    0.00  629.40    12  latte-alternato

13:48:00      UID       PID    %usr %system  %guest   %wait    %CPU   CPU  Command
13:48:05        0       128    0.00    0.20    0.00    0.00    0.20     8  kworker/8:1-events
13:48:05        0       220    0.00    0.20    0.00    0.00    0.20    12  kworker/12:1-events
13:48:05        0       279    0.00    0.20    0.00    0.00    0.20     9  kworker/9:3-events
13:48:05     1000      3800    0.00    0.20    0.00    0.00    0.20    12  pidstat
13:48:05        0      3922  571.60   69.20    0.00    0.00  640.80     9  latte-alternato

13:48:05      UID       PID    %usr %system  %guest   %wait    %CPU   CPU  Command
13:48:10        0       155    0.00    0.20    0.00    0.20    0.20     3  kworker/3:1-events
13:48:10        0      2089    0.20    0.00    0.00    0.00    0.20     3  containerd
13:48:10        0      2339    0.20    0.00    0.00    0.00    0.20     2  dockerd
13:48:10     1000      3800    0.20    0.20    0.00    0.00    0.40    12  pidstat
13:48:10        0      3922  553.40   68.00    0.00    0.00  621.40     9  latte-alternato
