Linux 6.17.0-1010-aws (ip-172-31-15-179) 	04/20/26 	_x86_64_	(8 CPU)

10:19:53      UID       PID    %usr %system  %guest   %wait    %CPU   CPU  Command
10:19:58        0         1    0.20    0.20    0.00    0.00    0.40     4  systemd
10:19:58        0        30    0.20    0.00    0.00    0.00    0.20     2  ksoftirqd/2
10:19:58        0       168    0.20    0.00    0.00    0.00    0.20     1  systemd-journal
10:19:58        0      1991    0.60    0.40    0.00    0.00    1.00     4  containerd
10:19:58        0      2232    0.40    0.20    0.00    0.00    0.60     0  dockerd
10:19:58     1000      4534    0.00    0.20    0.00    0.00    0.20     5  pidstat
10:19:58        0      4599    0.00    0.20    0.00    0.00    0.20     5  docker
10:19:58        0      4645    0.20    0.20    0.00    0.00    0.40     4  bash
10:19:58        0      4674  526.40   45.80    0.00    0.00  572.20     3  java

10:19:58      UID       PID    %usr %system  %guest   %wait    %CPU   CPU  Command
10:20:03        0        15    0.00    0.20    0.00    0.20    0.20     1  rcu_sched
10:20:03        0        24    0.00    0.20    0.00    0.00    0.20     1  ksoftirqd/1
10:20:03        0       309    0.00    0.20    0.00    0.00    0.20     4  kworker/4:2-events
10:20:03        0       662    0.00    0.20    0.00    0.00    0.20     2  kworker/u32:5-kvfree_rcu_reclaim
10:20:03        0      4674  608.80   88.00    0.00    0.00  696.80     3  java

10:20:03      UID       PID    %usr %system  %guest   %wait    %CPU   CPU  Command
10:20:08        0        54    0.00    0.20    0.00    0.00    0.20     6  ksoftirqd/6
10:20:08        0       106    0.00    0.20    0.00    0.00    0.20     7  kworker/7:1-events
10:20:08        0       302    0.00    0.20    0.00    0.00    0.20     6  kworker/u32:4-events_power_efficient
10:20:08        0      1991    0.20    0.00    0.00    0.00    0.20     4  containerd
10:20:08     1000      4534    0.00    0.20    0.00    0.00    0.20     5  pidstat
10:20:08        0      4674  388.80   69.80    0.00    0.00  458.60     3  java

10:20:08      UID       PID    %usr %system  %guest   %wait    %CPU   CPU  Command
10:20:13        0        14    0.00    0.20    0.00    0.00    0.20     0  ksoftirqd/0
10:20:13        0      4674  153.40   60.00    0.00    0.00  213.40     3  java

10:20:13      UID       PID    %usr %system  %guest   %wait    %CPU   CPU  Command
10:20:18        0        14    0.00    0.20    0.00    0.00    0.20     0  ksoftirqd/0
10:20:18        0        24    0.00    0.20    0.00    0.00    0.20     1  ksoftirqd/1
10:20:18        0       302    0.00    0.20    0.00    0.00    0.20     4  kworker/u32:4-kvfree_rcu_reclaim
10:20:18        0      4674  153.20   62.00    0.00    0.00  215.20     3  java

10:20:18      UID       PID    %usr %system  %guest   %wait    %CPU   CPU  Command
10:20:23        0        48    0.00    0.20    0.00    0.00    0.20     5  ksoftirqd/5
10:20:23        0       231    0.20    0.00    0.00    0.00    0.20     3  multipathd
10:20:23     1000      4534    0.00    0.20    0.00    0.00    0.20     4  pidstat
10:20:23        0      4674  150.60   62.20    0.00    0.00  212.80     3  java

10:20:23      UID       PID    %usr %system  %guest   %wait    %CPU   CPU  Command
10:20:28        0         1    0.20    0.20    0.00    0.00    0.40     3  systemd
10:20:28        0       107    0.00    0.20    0.00    0.00    0.20     3  kworker/3:1-events
10:20:28      101       717    0.20    0.00    0.00    0.00    0.20     6  dbus-daemon
10:20:28        0       736    0.20    0.00    0.00    0.00    0.20     5  udisksd
10:20:28        0      1991    0.20    0.00    0.00    0.00    0.20     4  containerd
10:20:28        0      2232    0.20    0.00    0.00    0.00    0.20     0  dockerd
10:20:28     1000      4534    0.20    0.00    0.00    0.00    0.20     4  pidstat
