info: Loading workload script /workload/hot_partition.rn...
info: Connecting to ["http://172.31.15.155:8000", "http://172.31.15.213:8000", "http://172.31.13.152:8000"]... 
info: Connected to '' cluster running ScyllaDB 2026.1.0~dev-0.20251003.20aeed160740 with build-id d177add4e6a23f71d527ca6e182d27a1f9ad74b4
info: Preparing...
info: Warming up...
info: Running benchmark...
CONFIG ═════════════════════════════════════════════════════════════════════════════════════════════════════════════════════
            Date            Mon, 25 May 2026                                                          
            Time            18:55:38 +0000                                                            
         Cluster                                                                                      
      DB version            ScyllaDB 2026.1.0~dev-0.20251003.20aeed160740 with build-id d177add4e6a23f71d527ca6e182d27a1f9ad74b4                                            
        Workload            hot_partition.rn                                                          
     Function(s)            get:0.3, update:0.7                                                       
            Tags                                                                                      
────────────────────────────────────────────────────────────────────────────────────────────────────────────────────────────
-P alternator.consistentReads            false                                                                     
-P cold_partitions            90016                                                                     
   -P fieldcount            10                                                                        
  -P fieldlength            512                                                                       
-P hot_items_per_partition            312                                                                       
-P hot_partitions            32                                                                        
-P hot_traffic_ratio            0.99                                                                      
-P requestdistribution            "uniform"                                                                 
    -P row_count            100000                                                                    
        -P table            "latte_hot_partition"                                                     
────────────────────────────────────────────────────────────────────────────────────────────────────────────────────────────
         Threads                   16                                                                 
     Concurrency     [req]          8                                                                 
        Max rate    [op/s]      40000                                                                 
          Warmup       [s]          5                                                                 
              └─      [op]                                                                            
        Run time       [s]       30.0                                                                 
              └─      [op]                                                                            
        Sampling       [s]        1.0                                                                 
              └─      [op]                                                                            
 Request timeout       [s]          5                                                                 
         Retries                                                                                      
  ┌──────┴number                   10                                                                 
  ├─min interval      [ms]        100                                                                 
  └─max interval      [ms]       5000                                                                 

LOG ════════════════════════════════════════════════════════════════════════════════════════════════════════════════════════
    Time    Cycles    Errors    Thrpt.     ────────────────────────────────── Latency [ms/op] ──────────────────────────────
     [s]      [op]      [op]    [op/s]             Min        50        75        90        95        99      99.9       Max
   1.001     36515         0     36479           0.747    19.153    40.468    65.241    77.070    94.568   106.758   119.865
   2.001     29968         0     29974          58.262   216.793   277.610   314.573   328.729   348.389   361.759   367.264
   3.001     38467         0     38466         310.641   380.371   401.342   411.042   416.023   420.741   424.673   431.489
   4.001     33207         0     33205         341.049   420.217   483.918   522.715   540.017   562.561   580.387   588.775
   5.002     33727         0     33724         516.686   654.311   693.109   714.605   724.566   754.450   757.596   761.266
   6.001     39069         0     39071         644.874   685.769   704.643   725.090   735.576   750.780   768.082   774.373
   7.001     31448         0     31445         694.157   838.337   889.192   922.747   943.194   976.224   995.099  1000.342
   8.001     39294         0     39296         893.911   960.496   985.661  1014.497  1026.032  1037.566  1046.479  1052.246
   9.001     33536         0     33535         905.445  1005.584  1059.586  1102.053  1127.219  1173.357  1198.522  1205.862
  10.001     32745         0     32738        1053.295  1239.417  1284.506  1320.157  1343.226  1363.149  1370.489  1371.537
  11.001     38398         0     38408        1217.397  1293.943  1323.303  1358.954  1363.149  1386.217  1413.480  1423.966
  12.001     31039         0     31036        1262.486  1462.764  1515.192  1552.941  1580.204  1624.244  1639.973  1649.410
  13.001     38206         0     38202        1493.172  1607.467  1643.119  1685.062  1697.645  1728.053  1730.150  1733.296
  14.001     35547         0     35558        1510.998  1621.098  1673.527  1711.276  1741.685  1784.676  1818.231  1824.522
  15.001     32445         0     32444        1642.070  1821.377  1872.757  1915.748  1946.157  1988.100  2016.412  2021.655
  16.001     40214         0     40217        1812.988  1909.457  1948.254  1984.954  2022.703  2035.286  2042.626  2045.772
  17.001     31979         0     31980        1812.988  1992.294  2053.112  2103.443  2135.949  2187.330  2216.690  2218.787
  18.001     35261         0     35256        2008.023  2191.524  2239.758  2281.701  2294.284  2342.519  2346.713  2348.810
  19.001     37686         0     37688        2126.512  2225.078  2264.924  2287.993  2329.936  2346.713  2386.559  2397.045
  20.001     31800         0     31800        2204.107  2382.365  2434.793  2483.028  2514.485  2585.788  2617.246  2625.634
  21.001     38363         0     38358        2418.016  2524.971  2560.623  2608.857  2657.092  2675.966  2680.160  2684.355
  22.000     35569         0     35577        2451.571  2552.234  2598.371  2646.606  2669.674  2726.298  2751.463  2759.852
  23.001     32499         0     32495        2562.720  2745.172  2791.309  2837.447  2860.515  2917.138  2927.624  2936.013
  24.001     40407         0     40407        2753.561  2810.184  2866.807  2881.487  2927.624  2936.013  2942.304  2946.499
  25.001     31247         0     31243        2755.658  2927.624  2986.344  3032.482  3066.036  3124.756  3152.019  3156.214
  26.002     35650         0     35649        2956.984  3114.271  3147.825  3200.254  3208.643  3263.169  3265.266  3269.460
  27.001     36599         0     36604        3051.356  3141.534  3196.060  3248.488  3261.071  3303.014  3338.666  3349.152
  28.001     31328         0     31331        3145.728  3338.666  3397.386  3447.718  3477.078  3527.410  3563.061  3567.256
  29.001     39970         0     39966        3363.832  3445.621  3498.050  3523.215  3565.158  3579.838  3584.033  3592.421
  30.000     32762         0     32774        3376.415  3519.021  3573.547  3621.782  3651.142  3699.376  3732.931  3737.125
  30.002        34         0     27880        3552.575  3634.364  3659.530  3672.113  3674.210  3674.210  3674.210  3674.210

SUMMARY STATS ══════════════════════════════════════════════════════════════════════════════════════════════════════════════
    Elapsed time       [s]     30.009                                                                 
        CPU time       [s]    212.071                                                                 
 CPU utilisation       [%]       44.2                                                                 
          Cycles      [op]    1054979                                                                 
          Errors      [op]          0                                                                 
              └─       [%]        0.0                                                                 
        Requests     [req]    1054979                                                                 
              └─  [req/op]        1.0                                                                 
         Retries     [ret]          0                                                                 
              └─ [ret/req]    0.00000                                                                 
            Rows     [row]     314364                                                                 
              └─ [row/req]        0.3                                                                 
     Concurrency     [req]          7 ± 0                                                             
              └─       [%]         85                                                                 
      Throughput    [op/s]      35155 ± 1914                                                          
              ├─   [req/s]      35155 ± 1914                                                          
              └─   [row/s]      10476 ± 570                                                           
   Cycle latency      [ms]   1842.118 ± 1951.555                                                      
 Request latency      [ms]      3.582 ± 0.008                                                         

CYCLE LATENCY for update [ms]  ═════════════════════════════════════════════════════════════════════════════════════════════
          Min                   1.353 ± 1835.348                                                      
           25                 951.058 ± 1936.851                                                      
           50                1874.854 ± 2192.578                                                      
           75                2747.269 ± 2068.543                                                      
           90                3242.197 ± 1935.165                                                      
           95                3439.329 ± 1936.666                                                      
           98                3519.021 ± 1936.666                                                      
           99                3567.256 ± 1936.666                                                      
           99.9              3665.822 ± 1936.666                                                      
           99.99             3724.542 ± 1936.666                                                      
          Max                3737.125 ± 1936.666                                                      

CYCLE LATENCY for get [ms]  ════════════════════════════════════════════════════════════════════════════════════════════════
          Min                   0.747 ± 2203.067                                                      
           25                 951.058 ± 2185.225                                                      
           50                1874.854 ± 2339.997                                                      
           75                2749.366 ± 2099.873                                                      
           90                3242.197 ± 1939.479                                                      
           95                3439.329 ± 1954.887                                                      
           98                3519.021 ± 1954.887                                                      
           99                3567.256 ± 1954.887                                                      
           99.9              3665.822 ± 1954.887                                                      
           99.99             3722.445 ± 1954.887                                                      
          Max                3737.125 ± 1954.887                                                      

info: Saved report to /output/latte_1.json
TIMEFORMAT 35.606 212.456 33.714
