Linux 6.17.0-1015-aws (ip-172-31-13-152) 	05/25/26 	_x86_64_	(4 CPU)

18:55:35     CPU    %usr   %nice    %sys %iowait    %irq   %soft  %steal  %guest  %gnice   %idle
18:55:40     all   18.23    0.00    6.46    0.00    0.00    0.78    0.05    0.00    0.00   74.48
18:55:40       0   31.35    0.00    5.74    0.00    0.00    0.00    0.00    0.00    0.00   62.91
18:55:40       1   17.65    0.00    6.30    0.00    0.00    2.10    0.00    0.00    0.00   73.95
18:55:40       2   12.42    0.00    6.63    0.00    0.00    0.00    0.21    0.00    0.00   80.75
18:55:40       3   11.21    0.00    7.19    0.00    0.00    1.06    0.00    0.00    0.00   80.55

18:55:40     CPU    %usr   %nice    %sys %iowait    %irq   %soft  %steal  %guest  %gnice   %idle
18:55:45     all   32.60    0.00   12.81    0.38    0.00    1.65    0.22    0.00    0.00   52.34
18:55:45       0   42.49    0.00   12.05    0.42    0.00    0.63    0.21    0.00    0.00   44.19
18:55:45       1   36.97    0.00   12.47    0.45    0.00    3.79    0.22    0.00    0.00   46.10
18:55:45       2   24.34    0.00   13.05    0.22    0.00    0.44    0.22    0.00    0.00   61.73
18:55:45       3   26.07    0.00   13.71    0.45    0.00    1.80    0.22    0.00    0.00   57.75

18:55:45     CPU    %usr   %nice    %sys %iowait    %irq   %soft  %steal  %guest  %gnice   %idle
18:55:50     all   32.70    0.00   14.35    0.27    0.00    1.79    0.22    0.00    0.00   50.68
18:55:50       0   25.33    0.00   15.78    0.44    0.00    1.78    0.22    0.00    0.00   56.44
18:55:50       1   41.70    0.00   13.10    0.00    0.00    3.93    0.22    0.00    0.00   41.05
18:55:50       2   26.26    0.00   14.44    0.22    0.00    1.53    0.22    0.00    0.00   57.33
18:55:50       3   37.14    0.00   14.11    0.41    0.00    0.00    0.21    0.00    0.00   48.13

18:55:50     CPU    %usr   %nice    %sys %iowait    %irq   %soft  %steal  %guest  %gnice   %idle
18:55:55     all   32.38    0.00   14.66    0.21    0.00    1.93    0.05    0.00    0.00   50.75
18:55:55       0   39.66    0.00   12.28    0.22    0.00    2.37    0.22    0.00    0.00   45.26
18:55:55       1   38.56    0.00   12.92    0.21    0.00    3.60    0.00    0.00    0.00   44.70
18:55:55       2   26.89    0.00   16.89    0.22    0.00    1.78    0.00    0.00    0.00   54.22
18:55:55       3   24.37    0.00   16.60    0.21    0.00    0.00    0.00    0.00    0.00   58.82

18:55:55     CPU    %usr   %nice    %sys %iowait    %irq   %soft  %steal  %guest  %gnice   %idle
18:56:00     all   35.80    0.00   14.82    0.33    0.00    1.69    0.22    0.00    0.00   47.14
18:56:00       0   30.56    0.00   16.18    0.22    0.00    1.57    0.00    0.00    0.00   51.46
18:56:00       1   25.37    0.00   15.57    0.21    0.00    0.00    0.21    0.00    0.00   58.64
18:56:00       2   39.95    0.00   16.48    0.45    0.00    5.42    0.45    0.00    0.00   37.25
18:56:00       3   47.07    0.00   11.30    0.42    0.00    0.00    0.21    0.00    0.00   41.00

18:56:00     CPU    %usr   %nice    %sys %iowait    %irq   %soft  %steal  %guest  %gnice   %idle
18:56:05     all   31.43    0.00   15.06    0.33    0.00    1.79    0.11    0.00    0.00   51.28
18:56:05       0   26.39    0.00   16.85    0.67    0.00    2.00    0.22    0.00    0.00   53.88
18:56:05       1   47.29    0.00   10.21    0.21    0.00    1.25    0.00    0.00    0.00   41.04
18:56:05       2   29.09    0.00   16.59    0.00    0.00    4.09    0.23    0.00    0.00   50.00
18:56:05       3   22.22    0.00   16.88    0.43    0.00    0.00    0.00    0.00    0.00   60.47

18:56:05     CPU    %usr   %nice    %sys %iowait    %irq   %soft  %steal  %guest  %gnice   %idle
18:56:10     all   33.39    0.00   14.70    0.28    0.00    1.61    0.17    0.00    0.00   49.86
18:56:10       0   25.23    0.00   16.51    0.46    0.00    2.06    0.23    0.00    0.00   55.50
18:56:10       1   32.05    0.00   15.91    0.23    0.00    2.95    0.23    0.00    0.00   48.64
18:56:10       2   43.14    0.00   12.20    0.22    0.00    1.53    0.00    0.00    0.00   42.92
18:56:10       3   32.69    0.00   14.32    0.21    0.00    0.00    0.21    0.00    0.00   52.56

18:56:10     CPU    %usr   %nice    %sys %iowait    %irq   %soft  %steal  %guest  %gnice   %idle
18:56:15     all   24.03    0.00    9.22    0.16    0.00    1.07    0.16    0.00    0.00   65.37
18:56:15       0   29.87    0.00   10.39    0.22    0.00    1.08    0.22    0.00    0.00   58.23
18:56:15       1   21.37    0.00    9.40    0.21    0.00    2.14    0.00    0.00    0.00   66.88
18:56:15       2   26.12    0.00    7.71    0.21    0.00    1.07    0.21    0.00    0.00   64.67
18:56:15       3   18.96    0.00    9.38    0.00    0.00    0.00    0.21    0.00    0.00   71.46
