Linux 6.17.0-1015-aws (ip-172-31-5-230) 	05/26/26 	_x86_64_	(4 CPU)

22:41:28     CPU    %usr   %nice    %sys %iowait    %irq   %soft  %steal  %guest  %gnice   %idle
22:41:33     all   21.68    0.00    7.75    0.10    0.00    2.52    0.10    0.00    0.00   67.86
22:41:33       0   27.51    0.00    5.22    0.20    0.00    3.61    0.00    0.00    0.00   63.45
22:41:33       1   24.34    0.00   10.14    0.00    0.00    0.00    0.00    0.00    0.00   65.52
22:41:33       2   14.66    0.00    9.24    0.20    0.00    1.20    0.20    0.00    0.00   74.50
22:41:33       3   20.24    0.00    6.41    0.00    0.00    5.21    0.20    0.00    0.00   67.94

22:41:33     CPU    %usr   %nice    %sys %iowait    %irq   %soft  %steal  %guest  %gnice   %idle
22:41:38     all   61.90    0.00   24.41    0.05    0.00    9.04    0.26    0.00    0.00    4.34
22:41:38       0   62.06    0.00   25.36    0.00    0.00    9.90    0.21    0.00    0.00    2.47
22:41:38       1   67.14    0.00   22.92    0.20    0.00    0.00    0.41    0.00    0.00    9.33
22:41:38       2   61.74    0.00   22.06    0.00    0.00   14.57    0.20    0.00    0.00    1.42
22:41:38       3   56.58    0.00   27.37    0.00    0.00   11.73    0.21    0.00    0.00    4.12

22:41:38     CPU    %usr   %nice    %sys %iowait    %irq   %soft  %steal  %guest  %gnice   %idle
22:41:43     all   60.65    0.00   25.65    0.00    0.00    9.81    0.15    0.00    0.00    3.73
22:41:43       0   57.41    0.00   27.16    0.00    0.00   11.93    0.21    0.00    0.00    3.29
22:41:43       1   60.21    0.00   31.75    0.00    0.00    0.00    0.21    0.00    0.00    7.84
22:41:43       2   66.00    0.00   16.70    0.00    0.00   16.50    0.00    0.00    0.00    0.80
22:41:43       3   58.90    0.00   27.20    0.00    0.00   10.63    0.20    0.00    0.00    3.07

22:41:43     CPU    %usr   %nice    %sys %iowait    %irq   %soft  %steal  %guest  %gnice   %idle
22:41:48     all   62.96    0.00   24.39    0.00    0.00    9.12    0.26    0.00    0.00    3.28
22:41:48       0   58.44    0.00   27.16    0.00    0.00   11.32    0.41    0.00    0.00    2.67
22:41:48       1   61.86    0.00   25.77    0.00    0.00    7.63    0.00    0.00    0.00    4.74
22:41:48       2   61.73    0.00   27.37    0.00    0.00    6.58    0.41    0.00    0.00    3.91
22:41:48       3   69.70    0.00   17.37    0.00    0.00   10.91    0.20    0.00    0.00    1.82

22:41:48     CPU    %usr   %nice    %sys %iowait    %irq   %soft  %steal  %guest  %gnice   %idle
22:41:53     all   62.42    0.00   23.55    0.00    0.00    9.87    0.15    0.00    0.00    4.01
22:41:53       0   63.01    0.00   18.09    0.00    0.00   16.06    0.00    0.00    0.00    2.85
22:41:53       1   57.64    0.00   27.89    0.00    0.00    9.50    0.21    0.00    0.00    4.75
22:41:53       2   70.29    0.00   20.08    0.00    0.00    5.74    0.20    0.00    0.00    3.69
22:41:53       3   58.63    0.00   28.27    0.00    0.00    8.11    0.21    0.00    0.00    4.78

22:41:53     CPU    %usr   %nice    %sys %iowait    %irq   %soft  %steal  %guest  %gnice   %idle
22:41:58     all   68.43    0.00   20.15    0.00    0.00    8.88    0.20    0.00    0.00    2.34
22:41:58       0   63.93    0.00   21.93    0.00    0.00   11.27    0.20    0.00    0.00    2.66
22:41:58       1   68.70    0.00   19.31    0.00    0.00    9.55    0.20    0.00    0.00    2.24
22:41:58       2   71.83    0.00   20.12    0.00    0.00    5.63    0.20    0.00    0.00    2.21
22:41:58       3   69.17    0.00   19.27    0.00    0.00    9.13    0.20    0.00    0.00    2.23

22:41:58     CPU    %usr   %nice    %sys %iowait    %irq   %soft  %steal  %guest  %gnice   %idle
22:42:03     all   64.50    0.00   20.09    0.05    0.00    8.86    0.30    0.00    0.00    6.19
22:42:03       0   63.64    0.00   22.42    0.00    0.00   10.71    0.40    0.00    0.00    2.83
22:42:03       1   67.14    0.00   17.54    0.00    0.00    9.88    0.20    0.00    0.00    5.24
22:42:03       2   63.13    0.00   22.24    0.20    0.00    5.01    0.40    0.00    0.00    9.02
22:42:03       3   64.11    0.00   18.15    0.00    0.00    9.88    0.20    0.00    0.00    7.66

22:42:03     CPU    %usr   %nice    %sys %iowait    %irq   %soft  %steal  %guest  %gnice   %idle
22:42:08     all   66.14    0.00   21.79    0.00    0.00    8.66    0.20    0.00    0.00    3.21
22:42:08       0   73.54    0.00   13.74    0.00    0.00   11.31    0.20    0.00    0.00    1.21
22:42:08       1   64.63    0.00   21.75    0.00    0.00    9.35    0.20    0.00    0.00    4.07
22:42:08       2   68.16    0.00   23.47    0.00    0.00    4.69    0.20    0.00    0.00    3.47
22:42:08       3   58.11    0.00   28.34    0.00    0.00    9.24    0.21    0.00    0.00    4.11

22:42:08     CPU    %usr   %nice    %sys %iowait    %irq   %soft  %steal  %guest  %gnice   %idle
22:42:13     all   65.09    0.00   22.71    0.00    0.00    9.31    0.20    0.00    0.00    2.69
22:42:13       0   68.59    0.00   17.69    0.00    0.00   12.52    0.20    0.00    0.00    0.99
22:42:13       1   56.77    0.00   29.08    0.00    0.00   10.76    0.20    0.00    0.00    3.19
22:42:13       2   69.06    0.00   21.96    0.00    0.00    5.79    0.20    0.00    0.00    2.99
22:42:13       3   65.94    0.00   22.11    0.00    0.00    8.17    0.20    0.00    0.00    3.59

22:42:13     CPU    %usr   %nice    %sys %iowait    %irq   %soft  %steal  %guest  %gnice   %idle
22:42:18     all   62.31    0.00   24.82    0.00    0.00    9.75    0.26    0.00    0.00    2.86
22:42:18       0   60.12    0.00   24.74    0.00    0.00   12.27    0.20    0.00    0.00    2.66
22:42:18       1   61.63    0.00   24.08    0.00    0.00   11.43    0.20    0.00    0.00    2.65
22:42:18       2   58.69    0.00   32.11    0.00    0.00    4.70    0.41    0.00    0.00    4.09
22:42:18       3   68.78    0.00   18.37    0.00    0.00   10.61    0.20    0.00    0.00    2.04

22:42:18     CPU    %usr   %nice    %sys %iowait    %irq   %soft  %steal  %guest  %gnice   %idle
22:42:23     all   63.65    0.00   24.18    0.00    0.00    9.30    0.10    0.00    0.00    2.76
22:42:23       0   61.55    0.00   24.95    0.00    0.00   11.25    0.20    0.00    0.00    2.04
22:42:23       1   70.53    0.00   17.89    0.00    0.00   10.37    0.00    0.00    0.00    1.22
22:42:23       2   60.91    0.00   28.81    0.00    0.00    5.56    0.21    0.00    0.00    4.53
22:42:23       3   61.55    0.00   25.15    0.00    0.00   10.02    0.00    0.00    0.00    3.27

22:42:23     CPU    %usr   %nice    %sys %iowait    %irq   %soft  %steal  %guest  %gnice   %idle
22:42:28     all   65.08    0.00   22.66    0.00    0.00    9.39    0.26    0.00    0.00    2.60
22:42:28       0   68.28    0.00   18.18    0.00    0.00   12.32    0.20    0.00    0.00    1.01
22:42:28       1   63.67    0.00   24.08    0.00    0.00    9.59    0.20    0.00    0.00    2.45
22:42:28       2   66.19    0.00   23.36    0.00    0.00    6.15    0.20    0.00    0.00    4.10
22:42:28       3   62.14    0.00   25.10    0.00    0.00    9.47    0.41    0.00    0.00    2.88

22:42:28     CPU    %usr   %nice    %sys %iowait    %irq   %soft  %steal  %guest  %gnice   %idle
22:42:33     all   65.67    0.00   22.53    0.00    0.00    9.46    0.25    0.00    0.00    2.09
22:42:33       0   59.10    0.00   25.97    0.00    0.00   12.27    0.20    0.00    0.00    2.45
22:42:33       1   65.52    0.00   21.70    0.00    0.00   10.55    0.20    0.00    0.00    2.03
22:42:33       2   64.63    0.00   27.44    0.00    0.00    5.28    0.41    0.00    0.00    2.24
22:42:33       3   73.37    0.00   15.04    0.00    0.00    9.76    0.20    0.00    0.00    1.63

22:42:33     CPU    %usr   %nice    %sys %iowait    %irq   %soft  %steal  %guest  %gnice   %idle
22:42:38     all   63.43    0.00   24.06    0.00    0.00    9.75    0.15    0.00    0.00    2.60
22:42:38       0   61.30    0.00   24.03    0.00    0.00   13.03    0.00    0.00    0.00    1.63
22:42:38       1   59.63    0.00   26.84    0.00    0.00   10.66    0.20    0.00    0.00    2.66
22:42:38       2   71.37    0.00   19.43    0.00    0.00    5.93    0.20    0.00    0.00    3.07
22:42:38       3   61.43    0.00   25.92    0.00    0.00    9.39    0.20    0.00    0.00    3.06

22:42:38     CPU    %usr   %nice    %sys %iowait    %irq   %soft  %steal  %guest  %gnice   %idle
22:42:43     all   63.32    0.00   24.44    0.00    0.00    8.98    0.26    0.00    0.00    3.01
22:42:43       0   60.08    0.00   25.46    0.00    0.00   12.22    0.20    0.00    0.00    2.04
22:42:43       1   57.85    0.00   27.27    0.00    0.00   10.54    0.21    0.00    0.00    4.13
22:42:43       2   66.73    0.00   24.75    0.00    0.00    4.87    0.41    0.00    0.00    3.25
22:42:43       3   68.50    0.00   20.33    0.00    0.00    8.33    0.20    0.00    0.00    2.64

22:42:43     CPU    %usr   %nice    %sys %iowait    %irq   %soft  %steal  %guest  %gnice   %idle
22:42:48     all   62.35    0.00   24.33    0.00    0.00    9.41    0.21    0.00    0.00    3.70
22:42:48       0   61.10    0.00   24.03    0.00    0.00   12.22    0.20    0.00    0.00    2.44
22:42:48       1   57.38    0.00   28.07    0.00    0.00    9.77    0.21    0.00    0.00    4.57
22:42:48       2   70.87    0.00   19.01    0.00    0.00    5.99    0.21    0.00    0.00    3.93
22:42:48       3   60.04    0.00   26.23    0.00    0.00    9.63    0.20    0.00    0.00    3.89

22:42:48     CPU    %usr   %nice    %sys %iowait    %irq   %soft  %steal  %guest  %gnice   %idle
22:42:53     all   63.42    0.00   24.58    0.00    0.00    8.88    0.21    0.00    0.00    2.92
22:42:53       0   59.22    0.00   26.43    0.00    0.00   11.68    0.41    0.00    0.00    2.25
22:42:53       1   63.60    0.00   24.34    0.00    0.00    9.82    0.00    0.00    0.00    2.25
22:42:53       2   68.92    0.00   22.09    0.00    0.00    5.52    0.20    0.00    0.00    3.27
22:42:53       3   61.90    0.00   25.47    0.00    0.00    8.49    0.21    0.00    0.00    3.93

22:42:53     CPU    %usr   %nice    %sys %iowait    %irq   %soft  %steal  %guest  %gnice   %idle
22:42:58     all   69.12    0.00   20.81    0.00    0.00    8.56    0.20    0.00    0.00    1.31
22:42:58       0   57.49    0.00   29.96    0.00    0.00   10.93    0.20    0.00    0.00    1.42
22:42:58       1   76.20    0.00   13.60    0.00    0.00    9.40    0.20    0.00    0.00    0.60
22:42:58       2   80.32    0.00   12.98    0.00    0.00    5.07    0.20    0.00    0.00    1.42
22:42:58       3   62.45    0.00   26.71    0.00    0.00    8.84    0.20    0.00    0.00    1.81

22:42:58     CPU    %usr   %nice    %sys %iowait    %irq   %soft  %steal  %guest  %gnice   %idle
22:43:03     all   67.41    0.00   21.54    0.00    0.00    8.51    0.25    0.00    0.00    2.28
22:43:03       0   70.67    0.00   15.68    0.00    0.00   11.81    0.20    0.00    0.00    1.63
22:43:03       1   71.14    0.00   19.84    0.00    0.00    7.21    0.20    0.00    0.00    1.60
22:43:03       2   65.05    0.00   27.68    0.00    0.00    5.05    0.40    0.00    0.00    1.82
22:43:03       3   62.70    0.00   22.95    0.00    0.00   10.04    0.20    0.00    0.00    4.10

22:43:03     CPU    %usr   %nice    %sys %iowait    %irq   %soft  %steal  %guest  %gnice   %idle
22:43:08     all   63.04    0.00   23.59    0.00    0.00    9.19    0.21    0.00    0.00    3.98
22:43:08       0   58.78    0.00   26.53    0.00    0.00   12.04    0.20    0.00    0.00    2.45
22:43:08       1   59.92    0.00   25.89    0.00    0.00    8.98    0.21    0.00    0.00    5.01
22:43:08       2   58.75    0.00   29.17    0.00    0.00    6.04    0.21    0.00    0.00    5.83
22:43:08       3   74.59    0.00   12.91    0.00    0.00    9.63    0.20    0.00    0.00    2.66

22:43:08     CPU    %usr   %nice    %sys %iowait    %irq   %soft  %steal  %guest  %gnice   %idle
22:43:13     all   62.23    0.00   25.08    0.00    0.00    8.79    0.21    0.00    0.00    3.70
22:43:13       0   62.45    0.00   24.29    0.00    0.00   11.22    0.20    0.00    0.00    1.84
22:43:13       1   64.61    0.00   23.05    0.00    0.00    8.02    0.21    0.00    0.00    4.12
22:43:13       2   63.92    0.00   25.36    0.00    0.00    6.39    0.21    0.00    0.00    4.12
22:43:13       3   57.94    0.00   27.63    0.00    0.00    9.48    0.21    0.00    0.00    4.74

22:43:13     CPU    %usr   %nice    %sys %iowait    %irq   %soft  %steal  %guest  %gnice   %idle
22:43:18     all   63.59    0.00   23.79    0.00    0.00    9.64    0.26    0.00    0.00    2.72
22:43:18       0   60.20    0.00   24.90    0.00    0.00   12.65    0.20    0.00    0.00    2.04
22:43:18       1   67.76    0.00   20.41    0.00    0.00    9.59    0.20    0.00    0.00    2.04
22:43:18       2   66.32    0.00   23.14    0.00    0.00    6.40    0.41    0.00    0.00    3.72
22:43:18       3   60.08    0.00   26.75    0.00    0.00    9.88    0.21    0.00    0.00    3.09

22:43:18     CPU    %usr   %nice    %sys %iowait    %irq   %soft  %steal  %guest  %gnice   %idle
22:43:23     all   68.97    0.00   19.79    0.00    0.00    7.89    0.15    0.00    0.00    3.20
22:43:23       0   64.18    0.00   22.77    0.00    0.00    9.52    0.41    0.00    0.00    3.11
22:43:23       1   72.90    0.00   15.20    0.00    0.00    8.62    0.00    0.00    0.00    3.29
22:43:23       2   72.51    0.00   19.55    0.00    0.00    5.09    0.20    0.00    0.00    2.65
22:43:23       3   66.18    0.00   21.71    0.00    0.00    8.35    0.00    0.00    0.00    3.76

22:43:23     CPU    %usr   %nice    %sys %iowait    %irq   %soft  %steal  %guest  %gnice   %idle
22:43:28     all   71.70    0.00   17.03    0.00    0.00    7.32    0.26    0.00    0.00    3.69
22:43:28       0   74.85    0.00   14.31    0.00    0.00    9.00    0.20    0.00    0.00    1.64
22:43:28       1   69.29    0.00   18.67    0.00    0.00    8.30    0.21    0.00    0.00    3.53
22:43:28       2   77.18    0.00   13.49    0.00    0.00    4.98    0.41    0.00    0.00    3.94
22:43:28       3   65.33    0.00   21.78    0.00    0.00    6.98    0.21    0.00    0.00    5.71

22:43:28     CPU    %usr   %nice    %sys %iowait    %irq   %soft  %steal  %guest  %gnice   %idle
22:43:33     all   69.18    0.00   19.59    0.00    0.00    8.70    0.20    0.00    0.00    2.33
22:43:33       0   66.94    0.00   20.36    0.00    0.00   11.09    0.20    0.00    0.00    1.41
22:43:33       1   60.53    0.00   26.99    0.00    0.00    9.00    0.20    0.00    0.00    3.27
22:43:33       2   84.40    0.00    8.80    0.00    0.00    6.00    0.20    0.00    0.00    0.60
22:43:33       3   64.56    0.00   22.40    0.00    0.00    8.76    0.20    0.00    0.00    4.07

22:43:33     CPU    %usr   %nice    %sys %iowait    %irq   %soft  %steal  %guest  %gnice   %idle
22:43:38     all   67.65    0.00   21.17    0.00    0.00    8.78    0.20    0.00    0.00    2.19
22:43:38       0   65.71    0.00   21.22    0.00    0.00   11.43    0.20    0.00    0.00    1.43
22:43:38       1   61.55    0.00   25.97    0.00    0.00    9.20    0.00    0.00    0.00    3.27
22:43:38       2   80.12    0.00   12.58    0.00    0.00    5.68    0.41    0.00    0.00    1.22
22:43:38       3   63.11    0.00   25.00    0.00    0.00    8.81    0.20    0.00    0.00    2.87

22:43:38     CPU    %usr   %nice    %sys %iowait    %irq   %soft  %steal  %guest  %gnice   %idle
22:43:43     all   65.56    0.00   22.42    0.00    0.00    9.01    0.15    0.00    0.00    2.87
22:43:43       0   67.21    0.00   18.53    0.00    0.00   12.02    0.20    0.00    0.00    2.04
22:43:43       1   63.60    0.00   23.93    0.00    0.00    9.41    0.20    0.00    0.00    2.86
22:43:43       2   61.33    0.00   28.48    0.00    0.00    4.99    0.21    0.00    0.00    4.99
22:43:43       3   69.98    0.00   18.86    0.00    0.00    9.53    0.00    0.00    0.00    1.62

22:43:43     CPU    %usr   %nice    %sys %iowait    %irq   %soft  %steal  %guest  %gnice   %idle
22:43:48     all   68.20    0.00   20.49    0.00    0.00    8.21    0.20    0.00    0.00    2.91
22:43:48       0   74.04    0.00   13.48    0.00    0.00   11.27    0.20    0.00    0.00    1.01
22:43:48       1   66.87    0.00   22.29    0.00    0.00    7.16    0.20    0.00    0.00    3.48
22:43:48       2   75.25    0.00   17.04    0.00    0.00    4.87    0.20    0.00    0.00    2.64
22:43:48       3   56.31    0.00   29.40    0.00    0.00    9.52    0.21    0.00    0.00    4.55

22:43:48     CPU    %usr   %nice    %sys %iowait    %irq   %soft  %steal  %guest  %gnice   %idle
22:43:53     all   64.71    0.00   22.84    0.00    0.00    8.23    0.26    0.00    0.00    3.96
22:43:53       0   59.34    0.00   26.14    0.00    0.00   10.37    0.21    0.00    0.00    3.94
22:43:53       1   67.21    0.00   21.31    0.00    0.00    7.58    0.20    0.00    0.00    3.69
22:43:53       2   65.30    0.00   23.41    0.00    0.00    6.16    0.41    0.00    0.00    4.72
22:43:53       3   66.94    0.00   20.53    0.00    0.00    8.83    0.21    0.00    0.00    3.49

22:43:53     CPU    %usr   %nice    %sys %iowait    %irq   %soft  %steal  %guest  %gnice   %idle
22:43:58     all   64.17    0.00   22.78    0.00    0.00    8.42    0.21    0.00    0.00    4.42
22:43:58       0   60.96    0.00   24.22    0.00    0.00   11.69    0.00    0.00    0.00    3.13
22:43:58       1   66.39    0.00   20.75    0.00    0.00    8.30    0.21    0.00    0.00    4.36
22:43:58       2   63.54    0.00   24.79    0.00    0.00    5.42    0.42    0.00    0.00    5.83
22:43:58       3   65.77    0.00   21.37    0.00    0.00    8.30    0.21    0.00    0.00    4.36

22:43:58     CPU    %usr   %nice    %sys %iowait    %irq   %soft  %steal  %guest  %gnice   %idle
22:44:03     all   63.01    0.00   17.39    0.00    0.00    6.93    0.21    0.00    0.00   12.47
22:44:03       0   68.57    0.00   19.39    0.00    0.00    8.57    0.20    0.00    0.00    3.27
22:44:03       1   63.03    0.00   11.92    0.00    0.00    7.68    0.20    0.00    0.00   17.17
22:44:03       2   44.49    0.00   27.75    0.00    0.00    3.81    0.21    0.00    0.00   23.73
22:44:03       3   75.20    0.00   10.98    0.00    0.00    7.52    0.20    0.00    0.00    6.10
