Linux 6.17.0-1015-aws (ip-172-31-2-48) 	05/26/26 	_x86_64_	(4 CPU)

22:41:27     CPU    %usr   %nice    %sys %iowait    %irq   %soft  %steal  %guest  %gnice   %idle
22:41:32     all   17.04    0.00    3.93    0.10    0.00    1.01    0.15    0.00    0.00   77.76
22:41:32       0    7.26    0.00    2.22    0.00    0.00    3.43    0.20    0.00    0.00   86.90
22:41:32       1   22.98    0.00    4.44    0.20    0.00    0.20    0.20    0.00    0.00   71.98
22:41:32       2    7.88    0.00    4.44    0.00    0.00    0.40    0.20    0.00    0.00   87.07
22:41:32       3   30.04    0.00    4.64    0.20    0.00    0.00    0.00    0.00    0.00   65.12

22:41:32     CPU    %usr   %nice    %sys %iowait    %irq   %soft  %steal  %guest  %gnice   %idle
22:41:37     all   57.28    0.00   26.10    0.00    0.00   10.67    0.10    0.00    0.00    5.85
22:41:37       0   48.70    0.00   16.03    0.00    0.00   35.27    0.00    0.00    0.00    0.00
22:41:37       1   58.51    0.00   31.12    0.00    0.00    0.00    0.00    0.00    0.00   10.37
22:41:37       2   66.46    0.00   23.11    0.00    0.00    6.54    0.20    0.00    0.00    3.68
22:41:37       3   55.62    0.00   34.58    0.00    0.00    0.00    0.21    0.00    0.00    9.58

22:41:37     CPU    %usr   %nice    %sys %iowait    %irq   %soft  %steal  %guest  %gnice   %idle
22:41:42     all   59.51    0.00   25.51    0.00    0.00   10.07    0.20    0.00    0.00    4.70
22:41:42       0   54.75    0.00   17.78    0.00    0.00   26.87    0.20    0.00    0.00    0.40
22:41:42       1   54.12    0.00   31.48    0.00    0.00    6.79    0.21    0.00    0.00    7.41
22:41:42       2   67.01    0.00   23.83    0.00    0.00    6.31    0.20    0.00    0.00    2.65
22:41:42       3   62.19    0.00   29.13    0.00    0.00    0.00    0.21    0.00    0.00    8.47

22:41:42     CPU    %usr   %nice    %sys %iowait    %irq   %soft  %steal  %guest  %gnice   %idle
22:41:47     all   61.71    0.00   26.37    0.00    0.00    8.60    0.20    0.00    0.00    3.11
22:41:47       0   60.40    0.00   22.63    0.00    0.00   15.56    0.20    0.00    0.00    1.21
22:41:47       1   63.41    0.00   22.76    0.00    0.00   11.99    0.20    0.00    0.00    1.63
22:41:47       2   60.12    0.00   30.06    0.00    0.00    6.75    0.20    0.00    0.00    2.86
22:41:47       3   62.91    0.00   30.12    0.00    0.00    0.00    0.20    0.00    0.00    6.76

22:41:47     CPU    %usr   %nice    %sys %iowait    %irq   %soft  %steal  %guest  %gnice   %idle
22:41:52     all   61.07    0.00   25.50    0.00    0.00    9.50    0.15    0.00    0.00    3.77
22:41:52       0   63.58    0.00   21.19    0.00    0.00   12.35    0.21    0.00    0.00    2.67
22:41:52       1   54.58    0.00   26.25    0.00    0.00   15.62    0.00    0.00    0.00    3.54
22:41:52       2   62.03    0.00   26.97    0.00    0.00    6.22    0.41    0.00    0.00    4.36
22:41:52       3   64.01    0.00   27.61    0.00    0.00    3.89    0.00    0.00    0.00    4.50

22:41:52     CPU    %usr   %nice    %sys %iowait    %irq   %soft  %steal  %guest  %gnice   %idle
22:41:57     all   61.93    0.00   25.30    0.00    0.00    8.67    0.26    0.00    0.00    3.85
22:41:57       0   62.83    0.00   24.85    0.00    0.00    7.39    0.41    0.00    0.00    4.52
22:41:57       1   57.29    0.00   26.08    0.00    0.00   13.35    0.21    0.00    0.00    3.08
22:41:57       2   58.39    0.00   29.40    0.00    0.00    6.42    0.21    0.00    0.00    5.59
22:41:57       3   69.11    0.00   20.93    0.00    0.00    7.52    0.20    0.00    0.00    2.24

22:41:57     CPU    %usr   %nice    %sys %iowait    %irq   %soft  %steal  %guest  %gnice   %idle
22:42:02     all   60.09    0.00   23.86    0.00    0.00    8.79    0.10    0.00    0.00    7.15
22:42:02       0   66.60    0.00   22.47    0.00    0.00    7.69    0.20    0.00    0.00    3.04
22:42:02       1   54.81    0.00   23.93    0.00    0.00   12.68    0.00    0.00    0.00    8.59
22:42:02       2   56.38    0.00   27.78    0.00    0.00    6.58    0.21    0.00    0.00    9.05
22:42:02       3   62.50    0.00   21.31    0.00    0.00    8.20    0.00    0.00    0.00    7.99

22:42:02     CPU    %usr   %nice    %sys %iowait    %irq   %soft  %steal  %guest  %gnice   %idle
22:42:07     all   66.46    0.00   21.83    0.00    0.00    8.70    0.31    0.00    0.00    2.70
22:42:07       0   65.51    0.00   22.45    0.00    0.00    7.76    0.41    0.00    0.00    3.88
22:42:07       1   67.01    0.00   18.94    0.00    0.00   12.22    0.20    0.00    0.00    1.63
22:42:07       2   63.54    0.00   25.46    0.00    0.00    7.13    0.41    0.00    0.00    3.46
22:42:07       3   69.78    0.00   20.49    0.00    0.00    7.71    0.20    0.00    0.00    1.83

22:42:07     CPU    %usr   %nice    %sys %iowait    %irq   %soft  %steal  %guest  %gnice   %idle
22:42:12     all   70.91    0.00   18.24    0.00    0.00    9.05    0.20    0.00    0.00    1.60
22:42:12       0   76.26    0.00   15.49    0.00    0.00    7.85    0.20    0.00    0.00    0.20
22:42:12       1   60.48    0.00   23.15    0.00    0.00   13.57    0.20    0.00    0.00    2.59
22:42:12       2   68.99    0.00   21.87    0.00    0.00    6.56    0.20    0.00    0.00    2.39
22:42:12       3   78.00    0.00   12.40    0.00    0.00    8.20    0.20    0.00    0.00    1.20

22:42:12     CPU    %usr   %nice    %sys %iowait    %irq   %soft  %steal  %guest  %gnice   %idle
22:42:17     all   67.72    0.00   21.80    0.00    0.00    9.01    0.15    0.00    0.00    1.31
22:42:17       0   71.29    0.00   18.47    0.00    0.00    8.63    0.40    0.00    0.00    1.20
22:42:17       1   67.07    0.00   19.80    0.00    0.00   11.92    0.00    0.00    0.00    1.21
22:42:17       2   69.70    0.00   22.02    0.00    0.00    6.87    0.20    0.00    0.00    1.21
22:42:17       3   62.85    0.00   26.91    0.00    0.00    8.63    0.00    0.00    0.00    1.61

22:42:17     CPU    %usr   %nice    %sys %iowait    %irq   %soft  %steal  %guest  %gnice   %idle
22:42:22     all   62.41    0.00   24.92    0.00    0.00    9.18    0.26    0.00    0.00    3.23
22:42:22       0   63.43    0.00   25.00    0.00    0.00    7.64    0.21    0.00    0.00    3.72
22:42:22       1   67.61    0.00   16.60    0.00    0.00   14.17    0.20    0.00    0.00    1.42
22:42:22       2   57.92    0.00   30.63    0.00    0.00    5.83    0.42    0.00    0.00    5.21
22:42:22       3   60.57    0.00   27.64    0.00    0.00    8.94    0.20    0.00    0.00    2.64

22:42:22     CPU    %usr   %nice    %sys %iowait    %irq   %soft  %steal  %guest  %gnice   %idle
22:42:27     all   62.01    0.00   25.67    0.00    0.00    8.92    0.15    0.00    0.00    3.25
22:42:27       0   58.68    0.00   28.51    0.00    0.00    8.47    0.41    0.00    0.00    3.93
22:42:27       1   62.91    0.00   22.13    0.00    0.00   13.11    0.00    0.00    0.00    1.84
22:42:27       2   61.33    0.00   27.44    0.00    0.00    6.03    0.21    0.00    0.00    4.99
22:42:27       3   65.09    0.00   24.64    0.00    0.00    8.01    0.00    0.00    0.00    2.26

22:42:27     CPU    %usr   %nice    %sys %iowait    %irq   %soft  %steal  %guest  %gnice   %idle
22:42:32     all   62.53    0.00   24.74    0.00    0.00    9.12    0.21    0.00    0.00    3.40
22:42:32       0   59.08    0.00   28.39    0.00    0.00    7.93    0.21    0.00    0.00    4.38
22:42:32       1   65.17    0.00   19.55    0.00    0.00   13.24    0.20    0.00    0.00    1.83
22:42:32       2   61.75    0.00   27.03    0.00    0.00    6.44    0.21    0.00    0.00    4.57
22:42:32       3   64.01    0.00   24.13    0.00    0.00    8.79    0.20    0.00    0.00    2.86

22:42:32     CPU    %usr   %nice    %sys %iowait    %irq   %soft  %steal  %guest  %gnice   %idle
22:42:37     all   62.95    0.00   24.26    0.00    0.00    9.57    0.31    0.00    0.00    2.92
22:42:37       0   59.39    0.00   27.14    0.00    0.00    9.39    0.41    0.00    0.00    3.67
22:42:37       1   60.12    0.00   23.52    0.00    0.00   13.91    0.20    0.00    0.00    2.25
22:42:37       2   69.73    0.00   20.65    0.00    0.00    6.54    0.41    0.00    0.00    2.66
22:42:37       3   62.55    0.00   25.72    0.00    0.00    8.44    0.21    0.00    0.00    3.09

22:42:37     CPU    %usr   %nice    %sys %iowait    %irq   %soft  %steal  %guest  %gnice   %idle
22:42:42     all   67.77    0.00   20.82    0.00    0.00    8.95    0.10    0.00    0.00    2.35
22:42:42       0   80.65    0.00    9.68    0.00    0.00    8.67    0.20    0.00    0.00    0.81
22:42:42       1   58.59    0.00   25.47    0.00    0.00   12.84    0.00    0.00    0.00    3.11
22:42:42       2   66.53    0.00   23.47    0.00    0.00    7.14    0.20    0.00    0.00    2.65
22:42:42       3   65.02    0.00   24.90    0.00    0.00    7.20    0.00    0.00    0.00    2.88

22:42:42     CPU    %usr   %nice    %sys %iowait    %irq   %soft  %steal  %guest  %gnice   %idle
22:42:47     all   67.85    0.00   20.40    0.00    0.00    8.55    0.31    0.00    0.00    2.90
22:42:47       0   61.11    0.00   24.90    0.00    0.00    8.44    0.41    0.00    0.00    5.14
22:42:47       1   68.28    0.00   17.58    0.00    0.00   12.53    0.20    0.00    0.00    1.41
22:42:47       2   68.10    0.00   22.29    0.00    0.00    5.93    0.41    0.00    0.00    3.27
22:42:47       3   73.79    0.00   16.94    0.00    0.00    7.26    0.20    0.00    0.00    1.81

22:42:47     CPU    %usr   %nice    %sys %iowait    %irq   %soft  %steal  %guest  %gnice   %idle
22:42:52     all   63.93    0.00   24.13    0.00    0.00    8.86    0.15    0.00    0.00    2.92
22:42:52       0   63.92    0.00   23.09    0.00    0.00    8.66    0.21    0.00    0.00    4.12
22:42:52       1   66.33    0.00   19.80    0.00    0.00   12.04    0.00    0.00    0.00    1.84
22:42:52       2   66.40    0.00   24.44    0.00    0.00    6.52    0.20    0.00    0.00    2.44
22:42:52       3   59.05    0.00   29.22    0.00    0.00    8.23    0.21    0.00    0.00    3.29

22:42:52     CPU    %usr   %nice    %sys %iowait    %irq   %soft  %steal  %guest  %gnice   %idle
22:42:57     all   62.00    0.00   24.20    0.00    0.00    9.58    0.21    0.00    0.00    4.02
22:42:57       0   57.91    0.00   25.87    0.00    0.00   11.09    0.41    0.00    0.00    4.72
22:42:57       1   61.32    0.00   23.05    0.00    0.00   12.35    0.21    0.00    0.00    3.09
22:42:57       2   70.31    0.00   18.97    0.00    0.00    7.01    0.21    0.00    0.00    3.51
22:42:57       3   58.47    0.00   28.93    0.00    0.00    7.85    0.00    0.00    0.00    4.75

22:42:57     CPU    %usr   %nice    %sys %iowait    %irq   %soft  %steal  %guest  %gnice   %idle
22:43:02     all   67.84    0.00   19.66    0.00    0.00    9.32    0.31    0.00    0.00    2.87
22:43:02       0   68.98    0.00   15.31    0.00    0.00   12.45    0.41    0.00    0.00    2.86
22:43:02       1   64.97    0.00   20.16    0.00    0.00   12.42    0.20    0.00    0.00    2.24
22:43:02       2   71.63    0.00   20.20    0.00    0.00    5.10    0.41    0.00    0.00    2.65
22:43:02       3   65.77    0.00   23.03    0.00    0.00    7.26    0.21    0.00    0.00    3.73

22:43:02     CPU    %usr   %nice    %sys %iowait    %irq   %soft  %steal  %guest  %gnice   %idle
22:43:07     all   68.19    0.00   20.54    0.00    0.00    8.44    0.10    0.00    0.00    2.73
22:43:07       0   60.71    0.00   27.03    0.00    0.00    7.48    0.21    0.00    0.00    4.57
22:43:07       1   68.44    0.00   17.01    0.00    0.00   12.91    0.00    0.00    0.00    1.64
22:43:07       2   59.75    0.00   29.98    0.00    0.00    5.45    0.21    0.00    0.00    4.61
22:43:07       3   83.30    0.00    8.65    0.00    0.00    7.85    0.00    0.00    0.00    0.20

22:43:07     CPU    %usr   %nice    %sys %iowait    %irq   %soft  %steal  %guest  %gnice   %idle
22:43:12     all   64.11    0.00   24.49    0.00    0.00    8.28    0.26    0.00    0.00    2.86
22:43:12       0   63.19    0.00   25.77    0.00    0.00    7.36    0.41    0.00    0.00    3.27
22:43:12       1   64.68    0.00   20.74    0.00    0.00   11.91    0.21    0.00    0.00    2.46
22:43:12       2   67.96    0.00   22.45    0.00    0.00    6.33    0.20    0.00    0.00    3.06
22:43:12       3   60.61    0.00   28.98    0.00    0.00    7.55    0.20    0.00    0.00    2.65

22:43:12     CPU    %usr   %nice    %sys %iowait    %irq   %soft  %steal  %guest  %gnice   %idle
22:43:17     all   63.46    0.00   24.25    0.00    0.00    9.15    0.15    0.00    0.00    2.98
22:43:17       0   58.30    0.00   28.42    0.00    0.00    8.92    0.21    0.00    0.00    4.15
22:43:17       1   64.89    0.00   20.12    0.00    0.00   12.73    0.00    0.00    0.00    2.26
22:43:17       2   69.11    0.00   21.34    0.00    0.00    6.91    0.41    0.00    0.00    2.24
22:43:17       3   61.44    0.00   27.22    0.00    0.00    8.04    0.00    0.00    0.00    3.30

22:43:17     CPU    %usr   %nice    %sys %iowait    %irq   %soft  %steal  %guest  %gnice   %idle
22:43:22     all   70.39    0.00   20.14    0.00    0.00    7.59    0.25    0.00    0.00    1.62
22:43:22       0   74.65    0.00   16.10    0.00    0.00    7.85    0.40    0.00    0.00    1.01
22:43:22       1   62.17    0.00   25.36    0.00    0.00    9.20    0.20    0.00    0.00    3.07
22:43:22       2   73.39    0.00   19.56    0.00    0.00    5.65    0.20    0.00    0.00    1.21
22:43:22       3   71.26    0.00   19.64    0.00    0.00    7.69    0.20    0.00    0.00    1.21

22:43:22     CPU    %usr   %nice    %sys %iowait    %irq   %soft  %steal  %guest  %gnice   %idle
22:43:27     all   63.83    0.00   27.20    0.00    0.00    7.21    0.20    0.00    0.00    1.55
22:43:27       0   52.00    0.00   38.80    0.00    0.00    7.60    0.40    0.00    0.00    1.20
22:43:27       1   45.38    0.00   42.37    0.00    0.00    9.64    0.20    0.00    0.00    2.41
22:43:27       2   70.08    0.00   22.09    0.00    0.00    5.62    0.20    0.00    0.00    2.01
22:43:27       3   87.80    0.00    5.60    0.00    0.00    6.00    0.00    0.00    0.00    0.60

22:43:27     CPU    %usr   %nice    %sys %iowait    %irq   %soft  %steal  %guest  %gnice   %idle
22:43:32     all   62.34    0.00   26.11    0.00    0.00    8.43    0.20    0.00    0.00    2.91
22:43:32       0   58.32    0.00   29.57    0.00    0.00    8.21    0.21    0.00    0.00    3.70
22:43:32       1   64.21    0.00   21.68    0.00    0.00   11.66    0.00    0.00    0.00    2.45
22:43:32       2   64.23    0.00   26.83    0.00    0.00    5.89    0.41    0.00    0.00    2.64
22:43:32       3   62.58    0.00   26.38    0.00    0.00    7.98    0.20    0.00    0.00    2.86

22:43:32     CPU    %usr   %nice    %sys %iowait    %irq   %soft  %steal  %guest  %gnice   %idle
22:43:37     all   62.30    0.00   25.56    0.00    0.00    8.76    0.26    0.00    0.00    3.12
22:43:37       0   67.62    0.00   19.88    0.00    0.00    9.02    0.41    0.00    0.00    3.07
22:43:37       1   58.08    0.00   27.61    0.00    0.00   11.45    0.20    0.00    0.00    2.66
22:43:37       2   62.32    0.00   27.12    0.00    0.00    5.80    0.21    0.00    0.00    4.55
22:43:37       3   61.18    0.00   27.64    0.00    0.00    8.74    0.20    0.00    0.00    2.24

22:43:37     CPU    %usr   %nice    %sys %iowait    %irq   %soft  %steal  %guest  %gnice   %idle
22:43:42     all   63.20    0.00   24.81    0.00    0.00    8.96    0.10    0.00    0.00    2.93
22:43:42       0   61.24    0.00   27.01    0.00    0.00    8.25    0.21    0.00    0.00    3.30
22:43:42       1   60.33    0.00   24.95    0.00    0.00   12.88    0.00    0.00    0.00    1.84
22:43:42       2   60.88    0.00   28.03    0.00    0.00    6.28    0.21    0.00    0.00    4.60
22:43:42       3   70.26    0.00   19.35    0.00    0.00    8.35    0.00    0.00    0.00    2.04

22:43:42     CPU    %usr   %nice    %sys %iowait    %irq   %soft  %steal  %guest  %gnice   %idle
22:43:47     all   68.03    0.00   20.79    0.00    0.00    8.12    0.31    0.00    0.00    2.76
22:43:47       0   69.80    0.00   17.96    0.00    0.00    8.78    0.41    0.00    0.00    3.06
22:43:47       1   64.23    0.00   22.56    0.00    0.00   10.98    0.20    0.00    0.00    2.03
22:43:47       2   64.18    0.00   25.47    0.00    0.00    5.38    0.41    0.00    0.00    4.55
22:43:47       3   73.83    0.00   17.24    0.00    0.00    7.30    0.20    0.00    0.00    1.42

22:43:47     CPU    %usr   %nice    %sys %iowait    %irq   %soft  %steal  %guest  %gnice   %idle
22:43:52     all   65.72    0.00   22.65    0.00    0.00    8.08    0.15    0.00    0.00    3.40
22:43:52       0   59.21    0.00   29.19    0.00    0.00    7.25    0.21    0.00    0.00    4.14
22:43:52       1   68.43    0.00   18.13    0.00    0.00   11.61    0.20    0.00    0.00    1.63
22:43:52       2   55.60    0.00   31.92    0.00    0.00    5.71    0.21    0.00    0.00    6.55
22:43:52       3   79.03    0.00   11.90    0.00    0.00    7.66    0.00    0.00    0.00    1.41

22:43:52     CPU    %usr   %nice    %sys %iowait    %irq   %soft  %steal  %guest  %gnice   %idle
22:43:57     all   65.08    0.00   23.46    0.00    0.00    7.63    0.21    0.00    0.00    3.63
22:43:57       0   60.34    0.00   26.79    0.00    0.00    6.75    0.42    0.00    0.00    5.70
22:43:57       1   56.09    0.00   28.78    0.00    0.00   10.71    0.00    0.00    0.00    4.41
22:43:57       2   79.51    0.00   13.18    0.00    0.00    5.48    0.20    0.00    0.00    1.62
22:43:57       3   63.84    0.00   25.41    0.00    0.00    7.64    0.21    0.00    0.00    2.89

22:43:57     CPU    %usr   %nice    %sys %iowait    %irq   %soft  %steal  %guest  %gnice   %idle
22:44:02     all   66.73    0.00   19.42    0.00    0.00    7.46    0.20    0.00    0.00    6.18
22:44:02       0   66.67    0.00   18.81    0.00    0.00    6.54    0.20    0.00    0.00    7.77
22:44:02       1   72.19    0.00   14.93    0.00    0.00   10.43    0.20    0.00    0.00    2.25
22:44:02       2   65.09    0.00   21.15    0.00    0.00    5.54    0.21    0.00    0.00    8.01
22:44:02       3   63.01    0.00   22.76    0.00    0.00    7.32    0.20    0.00    0.00    6.71
