Linux 6.17.0-1015-aws (ip-172-31-11-190) 	05/26/26 	_x86_64_	(4 CPU)

22:38:23     CPU    %usr   %nice    %sys %iowait    %irq   %soft  %steal  %guest  %gnice   %idle
22:38:28     all   30.38    0.00    9.96    0.10    0.00    3.03    0.10    0.00    0.00   56.42
22:38:28       0   29.44    0.00    6.25    0.00    0.00    1.81    0.00    0.00    0.00   62.50
22:38:28       1   22.36    0.00   11.38    0.00    0.00    3.66    0.20    0.00    0.00   62.40
22:38:28       2   37.98    0.00    8.08    0.00    0.00    6.67    0.00    0.00    0.00   47.27
22:38:28       3   31.72    0.00   14.14    0.40    0.00    0.00    0.20    0.00    0.00   53.54

22:38:28     CPU    %usr   %nice    %sys %iowait    %irq   %soft  %steal  %guest  %gnice   %idle
22:38:33     all   59.95    0.00   26.67    0.00    0.00    8.42    0.16    0.00    0.00    4.81
22:38:33       0   52.59    0.00   33.95    0.00    0.00    5.38    0.21    0.00    0.00    7.87
22:38:33       1   58.30    0.00   27.18    0.00    0.00   11.62    0.00    0.00    0.00    2.90
22:38:33       2   58.56    0.00   28.25    0.00    0.00    8.87    0.21    0.00    0.00    4.12
22:38:33       3   70.31    0.00   17.32    0.00    0.00    7.84    0.21    0.00    0.00    4.33

22:38:33     CPU    %usr   %nice    %sys %iowait    %irq   %soft  %steal  %guest  %gnice   %idle
22:38:38     all   58.63    0.00   27.22    0.00    0.00    8.24    0.21    0.00    0.00    5.70
22:38:38       0   54.58    0.00   32.50    0.00    0.00    5.00    0.00    0.00    0.00    7.92
22:38:38       1   56.29    0.00   27.63    0.00    0.00   12.16    0.41    0.00    0.00    3.51
22:38:38       2   54.62    0.00   30.46    0.00    0.00    7.35    0.21    0.00    0.00    7.35
22:38:38       3   68.85    0.00   18.44    0.00    0.00    8.40    0.20    0.00    0.00    4.10

22:38:38     CPU    %usr   %nice    %sys %iowait    %irq   %soft  %steal  %guest  %gnice   %idle
22:38:43     all   64.50    0.00   24.86    0.00    0.00    8.02    0.15    0.00    0.00    2.47
22:38:43       0   64.46    0.00   27.11    0.00    0.00    5.62    0.20    0.00    0.00    2.61
22:38:43       1   63.31    0.00   23.39    0.00    0.00   11.09    0.00    0.00    0.00    2.22
22:38:43       2   62.96    0.00   26.11    0.00    0.00    7.49    0.20    0.00    0.00    3.24
22:38:43       3   67.27    0.00   22.83    0.00    0.00    7.88    0.20    0.00    0.00    1.82

22:38:43     CPU    %usr   %nice    %sys %iowait    %irq   %soft  %steal  %guest  %gnice   %idle
22:38:48     all   62.86    0.00   25.58    0.00    0.00    8.18    0.15    0.00    0.00    3.22
22:38:48       0   65.85    0.00   23.58    0.00    0.00    5.89    0.20    0.00    0.00    4.47
22:38:48       1   63.51    0.00   23.09    0.00    0.00   10.52    0.21    0.00    0.00    2.68
22:38:48       2   60.61    0.00   28.16    0.00    0.00    7.96    0.00    0.00    0.00    3.27
22:38:48       3   61.48    0.00   27.46    0.00    0.00    8.40    0.20    0.00    0.00    2.46

22:38:48     CPU    %usr   %nice    %sys %iowait    %irq   %soft  %steal  %guest  %gnice   %idle
22:38:53     all   61.01    0.00   26.30    0.00    0.00    8.25    0.21    0.00    0.00    4.23
22:38:53       0   54.56    0.00   31.95    0.00    0.00    6.22    0.00    0.00    0.00    7.26
22:38:53       1   67.76    0.00   19.39    0.00    0.00   10.41    0.20    0.00    0.00    2.24
22:38:53       2   60.37    0.00   28.42    0.00    0.00    7.47    0.21    0.00    0.00    3.53
22:38:53       3   61.24    0.00   25.57    0.00    0.00    8.87    0.41    0.00    0.00    3.92

22:38:53     CPU    %usr   %nice    %sys %iowait    %irq   %soft  %steal  %guest  %gnice   %idle
22:38:58     all   58.46    0.00   24.83    0.00    0.00    8.64    0.21    0.00    0.00    7.87
22:38:58       0   50.41    0.00   32.16    0.00    0.00    5.60    0.00    0.00    0.00   11.83
22:38:58       1   54.73    0.00   23.87    0.00    0.00   12.76    0.41    0.00    0.00    8.23
22:38:58       2   61.71    0.00   21.59    0.00    0.00    7.94    0.20    0.00    0.00    8.55
22:38:58       3   66.87    0.00   21.81    0.00    0.00    8.23    0.21    0.00    0.00    2.88

22:38:58     CPU    %usr   %nice    %sys %iowait    %irq   %soft  %steal  %guest  %gnice   %idle
22:39:03     all   61.92    0.00   25.23    0.00    0.00    8.62    0.15    0.00    0.00    4.08
22:39:03       0   69.20    0.00   19.71    0.00    0.00    5.54    0.21    0.00    0.00    5.34
22:39:03       1   59.96    0.00   25.31    0.00    0.00   11.83    0.00    0.00    0.00    2.90
22:39:03       2   60.70    0.00   25.93    0.00    0.00    9.26    0.21    0.00    0.00    3.91
22:39:03       3   57.76    0.00   30.02    0.00    0.00    7.87    0.21    0.00    0.00    4.14

22:39:03     CPU    %usr   %nice    %sys %iowait    %irq   %soft  %steal  %guest  %gnice   %idle
22:39:08     all   61.19    0.00   27.14    0.00    0.00    8.11    0.20    0.00    0.00    3.36
22:39:08       0   66.33    0.00   26.89    0.00    0.00    4.98    0.20    0.00    0.00    1.59
22:39:08       1   59.72    0.00   26.72    0.00    0.00    9.31    0.20    0.00    0.00    4.05
22:39:08       2   57.06    0.00   30.82    0.00    0.00    8.35    0.20    0.00    0.00    3.58
22:39:08       3   61.65    0.00   24.10    0.00    0.00    9.84    0.20    0.00    0.00    4.22

22:39:08     CPU    %usr   %nice    %sys %iowait    %irq   %soft  %steal  %guest  %gnice   %idle
22:39:13     all   66.53    0.00   22.13    0.00    0.00    7.87    0.10    0.00    0.00    3.37
22:39:13       0   54.92    0.00   33.81    0.00    0.00    4.92    0.00    0.00    0.00    6.35
22:39:13       1   65.23    0.00   21.40    0.00    0.00   10.08    0.21    0.00    0.00    3.09
22:39:13       2   81.53    0.00   10.04    0.00    0.00    7.43    0.00    0.00    0.00    1.00
22:39:13       3   64.12    0.00   23.51    0.00    0.00    9.07    0.21    0.00    0.00    3.09

22:39:13     CPU    %usr   %nice    %sys %iowait    %irq   %soft  %steal  %guest  %gnice   %idle
22:39:18     all   70.21    0.00   19.81    0.00    0.00    7.96    0.15    0.00    0.00    1.86
22:39:18       0   71.66    0.00   19.84    0.00    0.00    5.67    0.00    0.00    0.00    2.83
22:39:18       1   73.35    0.00   16.23    0.00    0.00    9.62    0.20    0.00    0.00    0.60
22:39:18       2   64.99    0.00   24.35    0.00    0.00    8.05    0.20    0.00    0.00    2.41
22:39:18       3   70.85    0.00   18.83    0.00    0.00    8.50    0.20    0.00    0.00    1.62

22:39:18     CPU    %usr   %nice    %sys %iowait    %irq   %soft  %steal  %guest  %gnice   %idle
22:39:23     all   63.36    0.00   24.19    0.00    0.00    8.23    0.26    0.00    0.00    3.96
22:39:23       0   61.16    0.00   27.07    0.00    0.00    5.79    0.21    0.00    0.00    5.79
22:39:23       1   59.59    0.00   25.57    0.00    0.00   10.93    0.41    0.00    0.00    3.51
22:39:23       2   67.35    0.00   22.79    0.00    0.00    6.57    0.21    0.00    0.00    3.08
22:39:23       3   65.30    0.00   21.36    0.00    0.00    9.65    0.21    0.00    0.00    3.49

22:39:23     CPU    %usr   %nice    %sys %iowait    %irq   %soft  %steal  %guest  %gnice   %idle
22:39:28     all   63.54    0.00   24.90    0.00    0.00    8.45    0.15    0.00    0.00    2.95
22:39:28       0   62.73    0.00   27.29    0.00    0.00    5.70    0.00    0.00    0.00    4.28
22:39:28       1   60.00    0.00   25.92    0.00    0.00   11.22    0.20    0.00    0.00    2.65
22:39:28       2   64.21    0.00   24.34    0.00    0.00    7.98    0.20    0.00    0.00    3.27
22:39:28       3   67.21    0.00   22.06    0.00    0.00    8.91    0.20    0.00    0.00    1.62

22:39:28     CPU    %usr   %nice    %sys %iowait    %irq   %soft  %steal  %guest  %gnice   %idle
22:39:33     all   61.29    0.00   26.20    0.00    0.00    8.53    0.16    0.00    0.00    3.82
22:39:33       0   53.53    0.00   33.40    0.00    0.00    5.60    0.21    0.00    0.00    7.26
22:39:33       1   63.45    0.00   22.38    0.00    0.00   11.70    0.21    0.00    0.00    2.26
22:39:33       2   59.88    0.00   28.90    0.00    0.00    7.90    0.00    0.00    0.00    3.33
22:39:33       3   68.25    0.00   20.21    0.00    0.00    8.87    0.21    0.00    0.00    2.47

22:39:33     CPU    %usr   %nice    %sys %iowait    %irq   %soft  %steal  %guest  %gnice   %idle
22:39:38     all   61.66    0.00   25.64    0.00    0.00    8.22    0.26    0.00    0.00    4.21
22:39:38       0   57.82    0.00   29.63    0.00    0.00    4.94    0.21    0.00    0.00    7.41
22:39:38       1   62.76    0.00   23.87    0.00    0.00   10.29    0.21    0.00    0.00    2.88
22:39:38       2   64.01    0.00   24.13    0.00    0.00    8.59    0.20    0.00    0.00    3.07
22:39:38       3   62.06    0.00   24.95    0.00    0.00    9.07    0.41    0.00    0.00    3.51

22:39:38     CPU    %usr   %nice    %sys %iowait    %irq   %soft  %steal  %guest  %gnice   %idle
22:39:43     all   61.25    0.00   25.70    0.00    0.00    8.46    0.15    0.00    0.00    4.44
22:39:43       0   55.62    0.00   31.04    0.00    0.00    5.00    0.00    0.00    0.00    8.33
22:39:43       1   61.81    0.00   24.02    0.00    0.00   11.50    0.21    0.00    0.00    2.46
22:39:43       2   65.16    0.00   22.95    0.00    0.00    7.99    0.20    0.00    0.00    3.69
22:39:43       3   62.32    0.00   24.84    0.00    0.00    9.32    0.21    0.00    0.00    3.31

22:39:43     CPU    %usr   %nice    %sys %iowait    %irq   %soft  %steal  %guest  %gnice   %idle
22:39:48     all   60.95    0.00   26.21    0.00    0.00    8.63    0.21    0.00    0.00    4.01
22:39:48       0   55.17    0.00   32.23    0.00    0.00    5.17    0.21    0.00    0.00    7.23
22:39:48       1   60.08    0.00   25.72    0.00    0.00   11.52    0.21    0.00    0.00    2.47
22:39:48       2   58.68    0.00   28.93    0.00    0.00    7.85    0.21    0.00    0.00    4.34
22:39:48       3   69.72    0.00   18.09    0.00    0.00    9.96    0.20    0.00    0.00    2.03

22:39:48     CPU    %usr   %nice    %sys %iowait    %irq   %soft  %steal  %guest  %gnice   %idle
22:39:53     all   61.11    0.00   25.96    0.00    0.00    8.67    0.10    0.00    0.00    4.16
22:39:53       0   60.16    0.00   27.10    0.00    0.00    5.54    0.00    0.00    0.00    7.19
22:39:53       1   58.23    0.00   26.95    0.00    0.00   11.52    0.21    0.00    0.00    3.09
22:39:53       2   64.97    0.00   24.03    0.00    0.00    8.55    0.00    0.00    0.00    2.44
22:39:53       3   61.03    0.00   25.77    0.00    0.00    9.07    0.21    0.00    0.00    3.92

22:39:53     CPU    %usr   %nice    %sys %iowait    %irq   %soft  %steal  %guest  %gnice   %idle
22:39:58     all   62.34    0.00   25.24    0.00    0.00    8.09    0.21    0.00    0.00    4.12
22:39:58       0   60.95    0.00   26.65    0.00    0.00    5.58    0.21    0.00    0.00    6.61
22:39:58       1   60.33    0.00   26.03    0.00    0.00   10.12    0.21    0.00    0.00    3.31
22:39:58       2   62.06    0.00   26.19    0.00    0.00    7.84    0.21    0.00    0.00    3.71
22:39:58       3   65.98    0.00   22.13    0.00    0.00    8.81    0.20    0.00    0.00    2.87

22:39:58     CPU    %usr   %nice    %sys %iowait    %irq   %soft  %steal  %guest  %gnice   %idle
22:40:03     all   61.70    0.00   25.77    0.00    0.00    8.26    0.26    0.00    0.00    4.00
22:40:03       0   53.94    0.00   32.78    0.00    0.00    5.39    0.21    0.00    0.00    7.68
22:40:03       1   60.08    0.00   26.34    0.00    0.00   10.49    0.21    0.00    0.00    2.88
22:40:03       2   66.46    0.00   22.97    0.00    0.00    8.13    0.20    0.00    0.00    2.24
22:40:03       3   66.19    0.00   21.11    0.00    0.00    9.02    0.41    0.00    0.00    3.28

22:40:03     CPU    %usr   %nice    %sys %iowait    %irq   %soft  %steal  %guest  %gnice   %idle
22:40:08     all   62.78    0.00   25.09    0.00    0.00    7.54    0.21    0.00    0.00    4.39
22:40:08       0   64.75    0.00   23.77    0.00    0.00    4.71    0.20    0.00    0.00    6.56
22:40:08       1   64.18    0.00   23.81    0.00    0.00    8.49    0.21    0.00    0.00    3.31
22:40:08       2   63.24    0.00   26.08    0.00    0.00    7.39    0.21    0.00    0.00    3.08
22:40:08       3   58.87    0.00   26.72    0.00    0.00    9.60    0.21    0.00    0.00    4.59

22:40:08     CPU    %usr   %nice    %sys %iowait    %irq   %soft  %steal  %guest  %gnice   %idle
22:40:13     all   75.68    0.00   14.93    0.00    0.00    7.77    0.20    0.00    0.00    1.41
22:40:13       0   75.41    0.00   17.07    0.00    0.00    4.67    0.00    0.00    0.00    2.85
22:40:13       1   76.91    0.00   11.24    0.00    0.00   11.04    0.40    0.00    0.00    0.40
22:40:13       2   77.62    0.00   13.71    0.00    0.00    7.26    0.20    0.00    0.00    1.21
22:40:13       3   72.78    0.00   17.74    0.00    0.00    8.06    0.20    0.00    0.00    1.21

22:40:13     CPU    %usr   %nice    %sys %iowait    %irq   %soft  %steal  %guest  %gnice   %idle
22:40:18     all   67.41    0.00   24.00    0.00    0.00    7.12    0.20    0.00    0.00    1.26
22:40:18       0   55.74    0.00   35.04    0.00    0.00    4.92    0.20    0.00    0.00    4.10
22:40:18       1   81.76    0.00    8.42    0.00    0.00    9.62    0.20    0.00    0.00    0.00
22:40:18       2   78.59    0.00   14.75    0.00    0.00    5.86    0.20    0.00    0.00    0.61
22:40:18       3   53.32    0.00   38.03    0.00    0.00    8.05    0.20    0.00    0.00    0.40

22:40:18     CPU    %usr   %nice    %sys %iowait    %irq   %soft  %steal  %guest  %gnice   %idle
22:40:23     all   54.70    0.00   35.30    0.00    0.00    6.25    0.20    0.00    0.00    3.55
22:40:23       0   55.18    0.00   34.26    0.00    0.00    4.78    0.00    0.00    0.00    5.78
22:40:23       1   50.10    0.00   36.82    0.00    0.00    8.25    0.20    0.00    0.00    4.63
22:40:23       2   57.49    0.00   35.33    0.00    0.00    6.39    0.20    0.00    0.00    0.60
22:40:23       3   56.00    0.00   34.80    0.00    0.00    5.60    0.40    0.00    0.00    3.20

22:40:23     CPU    %usr   %nice    %sys %iowait    %irq   %soft  %steal  %guest  %gnice   %idle
22:40:28     all   58.92    0.00   28.88    0.00    0.00    7.88    0.20    0.00    0.00    4.12
22:40:28       0   63.64    0.00   24.24    0.00    0.00    5.66    0.20    0.00    0.00    6.26
22:40:28       1   53.67    0.00   33.47    0.00    0.00   10.61    0.20    0.00    0.00    2.04
22:40:28       2   59.11    0.00   29.55    0.00    0.00    7.69    0.20    0.00    0.00    3.44
22:40:28       3   59.22    0.00   28.28    0.00    0.00    7.58    0.20    0.00    0.00    4.71

22:40:28     CPU    %usr   %nice    %sys %iowait    %irq   %soft  %steal  %guest  %gnice   %idle
22:40:33     all   61.07    0.00   26.55    0.00    0.00    8.53    0.26    0.00    0.00    3.60
22:40:33       0   50.52    0.00   35.70    0.00    0.00    5.43    0.21    0.00    0.00    8.14
22:40:33       1   61.35    0.00   24.74    0.00    0.00   11.45    0.41    0.00    0.00    2.04
22:40:33       2   60.00    0.00   29.28    0.00    0.00    7.63    0.21    0.00    0.00    2.89
22:40:33       3   72.06    0.00   16.80    0.00    0.00    9.51    0.20    0.00    0.00    1.42

22:40:33     CPU    %usr   %nice    %sys %iowait    %irq   %soft  %steal  %guest  %gnice   %idle
22:40:38     all   61.31    0.00   26.41    0.00    0.00    8.17    0.21    0.00    0.00    3.91
22:40:38       0   52.72    0.00   33.89    0.00    0.00    4.81    0.21    0.00    0.00    8.37
22:40:38       1   58.52    0.00   27.31    0.00    0.00   10.68    0.21    0.00    0.00    3.29
22:40:38       2   62.73    0.00   27.29    0.00    0.00    7.74    0.00    0.00    0.00    2.24
22:40:38       3   71.02    0.00   17.35    0.00    0.00    9.39    0.41    0.00    0.00    1.84

22:40:38     CPU    %usr   %nice    %sys %iowait    %irq   %soft  %steal  %guest  %gnice   %idle
22:40:43     all   61.91    0.00   25.82    0.00    0.00    8.57    0.21    0.00    0.00    3.49
22:40:43       0   52.51    0.00   33.68    0.00    0.00    6.07    0.21    0.00    0.00    7.53
22:40:43       1   59.22    0.00   26.64    0.00    0.00   11.68    0.20    0.00    0.00    2.25
22:40:43       2   69.09    0.00   21.21    0.00    0.00    8.08    0.20    0.00    0.00    1.41
22:40:43       3   66.53    0.00   21.97    0.00    0.00    8.42    0.21    0.00    0.00    2.87

22:40:43     CPU    %usr   %nice    %sys %iowait    %irq   %soft  %steal  %guest  %gnice   %idle
22:40:48     all   62.31    0.00   25.44    0.00    0.00    8.51    0.15    0.00    0.00    3.59
22:40:48       0   58.84    0.00   28.48    0.00    0.00    5.61    0.00    0.00    0.00    7.07
22:40:48       1   61.51    0.00   24.44    0.00    0.00   11.41    0.20    0.00    0.00    2.44
22:40:48       2   61.51    0.00   28.31    0.00    0.00    7.74    0.20    0.00    0.00    2.24
22:40:48       3   67.35    0.00   20.53    0.00    0.00    9.24    0.21    0.00    0.00    2.67

22:40:48     CPU    %usr   %nice    %sys %iowait    %irq   %soft  %steal  %guest  %gnice   %idle
22:40:53     all   60.37    0.00   26.90    0.00    0.00    7.66    0.21    0.00    0.00    4.86
22:40:53       0   63.35    0.00   24.84    0.00    0.00    5.18    0.21    0.00    0.00    6.42
22:40:53       1   58.87    0.00   27.77    0.00    0.00    9.19    0.21    0.00    0.00    3.97
22:40:53       2   62.42    0.00   25.46    0.00    0.00    7.80    0.21    0.00    0.00    4.11
22:40:53       3   56.82    0.00   29.55    0.00    0.00    8.47    0.21    0.00    0.00    4.96

22:40:53     CPU    %usr   %nice    %sys %iowait    %irq   %soft  %steal  %guest  %gnice   %idle
22:40:58     all   52.49    0.00   18.35    0.00    0.00    4.82    0.21    0.00    0.00   24.14
22:40:58       0   38.59    0.00   22.41    0.00    0.00    3.32    0.21    0.00    0.00   35.48
22:40:58       1   74.65    0.00    9.74    0.00    0.00    5.27    0.20    0.00    0.00   10.14
22:40:58       2   45.29    0.00   21.31    0.00    0.00    5.53    0.20    0.00    0.00   27.66
22:40:58       3   51.02    0.00   20.08    0.00    0.00    5.12    0.20    0.00    0.00   23.57
