Linux 6.17.0-1010-aws (ip-172-31-9-32) 	04/20/26 	_x86_64_	(16 CPU)

14:11:51      UID       PID    %usr %system  %guest   %wait    %CPU   CPU  Command
14:11:56        0         1    0.00    0.20    0.00    0.00    0.20     6  systemd
14:11:56        0       102    0.00    0.20    0.00    0.00    0.20    14  ksoftirqd/14
14:11:56        0       227    0.20    0.20    0.00    0.00    0.40    15  systemd-journal
14:11:56      101       800    0.20    0.00    0.00    0.00    0.20    10  dbus-daemon
14:11:56        0       817    0.20    0.00    0.00    0.00    0.20     0  systemd-logind
14:11:56        0       819    0.20    0.00    0.00    0.00    0.20     8  udisksd
14:11:56        0      2089    0.40    0.20    0.00    0.00    0.60     3  containerd
14:11:56        0      2339    0.40    0.20    0.00    0.00    0.60     2  dockerd
14:11:56        0     12669    0.20    0.00    0.00    0.00    0.20    10  docker
14:11:56        0     12712    0.20    0.00    0.00    0.00    0.20     1  bash
14:11:56        0     12742  864.67   86.43    0.00    0.00  951.10     5  java

14:11:56      UID       PID    %usr %system  %guest   %wait    %CPU   CPU  Command
14:12:01        0      9715    0.00    0.20    0.00    0.00    0.20     3  kworker/u64:8-kvfree_rcu_reclaim
14:12:01     1000     12604    0.20    0.20    0.00    0.00    0.40     7  pidstat
14:12:01        0     12742  227.60   58.20    0.00    0.00  285.80     5  java

14:12:01      UID       PID    %usr %system  %guest   %wait    %CPU   CPU  Command
14:12:06        0        15    0.20    0.00    0.00    0.00    0.20     3  rcu_sched
14:12:06        0        60    0.00    0.20    0.00    0.00    0.20     7  ksoftirqd/7
14:12:06      102       933    0.20    0.00    0.00    0.00    0.20     2  rsyslogd
14:12:06        0      1214    0.20    0.00    0.00    0.00    0.20     5  amazon-ssm-agen
14:12:06        0      2089    0.20    0.00    0.00    0.00    0.20     3  containerd
14:12:06     1000     12604    0.00    0.20    0.00    0.00    0.20     7  pidstat
14:12:06        0     12742  145.60   62.20    0.00    0.00  207.80     5  java

14:12:06      UID       PID    %usr %system  %guest   %wait    %CPU   CPU  Command
14:12:11        0         1    0.20    0.00    0.00    0.00    0.20     6  systemd
14:12:11        0        78    0.00    0.20    0.00    0.00    0.20    10  ksoftirqd/10
14:12:11        0       218    0.00    0.20    0.00    0.00    0.20     5  kworker/5:1-mm_percpu_wq
14:12:11        0     12742  145.40   61.60    0.00    0.00  207.00     5  java

14:12:11      UID       PID    %usr %system  %guest   %wait    %CPU   CPU  Command
14:12:16        0        66    0.00    0.20    0.00    0.00    0.20     8  ksoftirqd/8
14:12:16        0        72    0.00    0.20    0.00    0.00    0.20     9  ksoftirqd/9
14:12:16        0      9715    0.00    0.20    0.00    0.00    0.20    11  kworker/u64:8-kvfree_rcu_reclaim
14:12:16        0     12742  145.00   62.00    0.00    0.00  207.00     5  java

14:12:16      UID       PID    %usr %system  %guest   %wait    %CPU   CPU  Command
14:12:21        0       102    0.00    0.20    0.00    0.00    0.20    14  ksoftirqd/14
14:12:21        0      2089    0.20    0.00    0.00    0.00    0.20     3  containerd
14:12:21        0     10971    0.00    0.20    0.00    0.00    0.20    14  kworker/u64:9-kvfree_rcu_reclaim
14:12:21     1000     12604    0.20    0.20    0.00    0.00    0.40     7  pidstat
14:12:21        0     12742  134.80   62.80    0.00    0.00  197.60     5  java

14:12:21      UID       PID    %usr %system  %guest   %wait    %CPU   CPU  Command
14:12:26        0       814    0.20    0.00    0.00    0.00    0.20     1  snapd
14:12:26        0      2089    0.00    0.20    0.00    0.00    0.20     3  containerd
14:12:26        0     12902  341.60   33.20    0.00    0.00  374.80    11  java

14:12:26      UID       PID    %usr %system  %guest   %wait    %CPU   CPU  Command
14:12:31        0        15    0.20    0.00    0.00    0.00    0.20     7  rcu_sched
14:12:31     1000     12604    0.00    0.20    0.00    0.00    0.20     7  pidstat
14:12:31        0     12902  746.20   87.60    0.00    0.00  833.80    11  java

14:12:31      UID       PID    %usr %system  %guest   %wait    %CPU   CPU  Command
14:12:36        0        36    0.00    0.20    0.00    0.00    0.20     3  ksoftirqd/3
14:12:36        0        90    0.00    0.20    0.00    0.00    0.20    12  ksoftirqd/12
14:12:36      989       809    0.00    0.20    0.00    0.00    0.20     8  polkitd
14:12:36        0      3697    0.00    0.20    0.00    0.00    0.20     2  kworker/u64:2-events_power_efficient
14:12:36     1000     12604    0.20    0.00    0.00    0.00    0.20     7  pidstat
14:12:36        0     12902  149.20   58.80    0.00    0.00  208.00    11  java

14:12:36      UID       PID    %usr %system  %guest   %wait    %CPU   CPU  Command
14:12:41        0      1487    0.00    0.20    0.00    0.00    0.20    12  kworker/u64:7-kvfree_rcu_reclaim
14:12:41     1000     12604    0.00    0.20    0.00    0.00    0.20     7  pidstat
14:12:41        0     12902  139.20   55.00    0.00    0.00  194.20    11  java

14:12:41      UID       PID    %usr %system  %guest   %wait    %CPU   CPU  Command
14:12:46        0       128    0.00    0.20    0.00    0.20    0.20     8  kworker/8:1-events
14:12:46        0       293    0.00    0.20    0.00    0.00    0.20     6  multipathd
14:12:46        0     12902  132.00   58.60    0.00    0.00  190.60    11  java

14:12:46      UID       PID    %usr %system  %guest   %wait    %CPU   CPU  Command
14:12:51        0        60    0.00    0.20    0.00    0.00    0.20     7  ksoftirqd/7
14:12:51        0        66    0.00    0.20    0.00    0.00    0.20     8  ksoftirqd/8
14:12:51        0      2089    0.00    0.20    0.00    0.00    0.20     3  containerd
14:12:51     1000     12604    0.00    0.20    0.00    0.00    0.20     8  pidstat
14:12:51        0     12902  149.80   59.20    0.00    0.00  209.00    11  java

14:12:51      UID       PID    %usr %system  %guest   %wait    %CPU   CPU  Command
14:12:56        0        36    0.00    0.20    0.00    0.00    0.20     3  ksoftirqd/3
14:12:56        0        48    0.00    0.20    0.00    0.00    0.20     5  ksoftirqd/5
14:12:56        0        78    0.00    0.20    0.00    0.00    0.20    10  ksoftirqd/10
14:12:56        0       220    0.00    0.20    0.00    0.00    0.20    12  kworker/12:1-events
14:12:56        0      2089    0.20    0.00    0.00    0.00    0.20     3  containerd
14:12:56        0     12902  128.40   60.20    0.00    0.00  188.60    11  java

14:12:56      UID       PID    %usr %system  %guest   %wait    %CPU   CPU  Command
14:13:01        0      1487    0.00    0.20    0.00    0.00    0.20     3  kworker/u64:7-kvfree_rcu_reclaim
14:13:01     1000     12604    0.20    0.20    0.00    0.00    0.40     8  pidstat
14:13:01        0     12902  128.00   58.60    0.00    0.00  186.60    11  java

14:13:01      UID       PID    %usr %system  %guest   %wait    %CPU   CPU  Command
14:13:06        0        90    0.00    0.20    0.00    0.00    0.20    12  ksoftirqd/12
14:13:06        0     10971    0.00    0.20    0.00    0.00    0.20     7  kworker/u64:9-kvfree_rcu_reclaim
14:13:06        0     12902  129.80   59.00    0.00    0.00  188.80    11  java

14:13:06      UID       PID    %usr %system  %guest   %wait    %CPU   CPU  Command
14:13:11        0       156    0.00    0.20    0.00    0.00    0.20     7  kworker/7:1-events
14:13:11        0      5018    0.00    0.20    0.00    0.00    0.20    10  kworker/10:0-events
14:13:11        0      9503    0.00    0.20    0.00    0.00    0.20    14  kworker/14:0-events
14:13:11        0     12510    0.00    0.20    0.00    0.00    0.20     9  kworker/9:1-events
14:13:11     1000     12604    0.00    0.20    0.00    0.00    0.20     8  pidstat
14:13:11        0     12902  132.00   58.20    0.00    0.00  190.20    11  java

14:13:11      UID       PID    %usr %system  %guest   %wait    %CPU   CPU  Command
14:13:16        0        15    0.20    0.00    0.00    0.00    0.20    13  rcu_sched
14:13:16        0        36    0.00    0.20    0.00    0.00    0.20     3  ksoftirqd/3
14:13:16        0        60    0.00    0.20    0.00    0.00    0.20     7  ksoftirqd/7
14:13:16        0     12902  130.60   59.40    0.00    0.00  190.00    11  java

14:13:16      UID       PID    %usr %system  %guest   %wait    %CPU   CPU  Command
14:13:21        0       102    0.00    0.20    0.00    0.00    0.20    14  ksoftirqd/14
14:13:21        0       155    0.00    0.20    0.00    0.00    0.20     3  kworker/3:1-events
14:13:21        0      2089    0.20    0.00    0.00    0.00    0.20     3  containerd
14:13:21     1000     12604    0.20    0.20    0.00    0.00    0.40     7  pidstat
14:13:21        0     12902  131.20   59.60    0.00    0.00  190.80    11  java

14:13:21      UID       PID    %usr %system  %guest   %wait    %CPU   CPU  Command
14:13:26        0      2089    0.00    0.20    0.00    0.00    0.20     3  containerd
14:13:26        0     12902   83.40   38.00    0.00    0.00  121.40    11  java
