info: Loading workload script /workload/performance.rn...
info: Connecting to ["http://172.31.1.92:8000"]... 
info: Connected to '' cluster running ScyllaDB 2026.1.0~dev-0.20251003.20aeed160740 with build-id d177add4e6a23f71d527ca6e182d27a1f9ad74b4
info: Preparing...
info: Warming up...
info: Running benchmark...
CONFIG ═════════════════════════════════════════════════════════════════════════════════════════════════════════════════════
            Date            Mon, 20 Apr 2026                                                          
            Time            13:56:31 +0000                                                            
         Cluster                                                                                      
      DB version            ScyllaDB 2026.1.0~dev-0.20251003.20aeed160740 with build-id d177add4e6a23f71d527ca6e182d27a1f9ad74b4                                            
        Workload            performance.rn                                                            
     Function(s)            get:0.5, update:0.5                                                       
            Tags                                                                                      
────────────────────────────────────────────────────────────────────────────────────────────────────────────────────────────
-P alternator.consistentReads            false                                                                     
   -P fieldcount            10                                                                        
  -P fieldlength            512                                                                       
-P requestdistribution            "uniform"                                                                 
    -P row_count            5000000                                                                   
        -P table            "latte_performance"                                                       
────────────────────────────────────────────────────────────────────────────────────────────────────────────────────────────
         Threads                    8                                                                 
     Concurrency     [req]         64                                                                 
        Max rate    [op/s]                                                                            
          Warmup       [s]         30                                                                 
              └─      [op]                                                                            
        Run time       [s]       60.0                                                                 
              └─      [op]                                                                            
        Sampling       [s]        1.0                                                                 
              └─      [op]                                                                            
 Request timeout       [s]          5                                                                 
         Retries                                                                                      
  ┌──────┴number                   10                                                                 
  ├─min interval      [ms]        100                                                                 
  └─max interval      [ms]       5000                                                                 

LOG ════════════════════════════════════════════════════════════════════════════════════════════════════════════════════════
    Time    Cycles    Errors    Thrpt.     ────────────────────────────────── Latency [ms/op] ──────────────────────────────
     [s]      [op]      [op]    [op/s]             Min        50        75        90        95        99      99.9       Max
   1.003     39155         0     39034           0.539     8.692    13.001    24.723    37.061    76.612    95.224   111.477
   2.004     40582         0     40476           0.928     9.880    14.221    22.757    29.573    49.021    70.189    82.444
   3.006     41287         0     41418           1.251    11.665    14.516    17.859    20.283    26.345    35.881    44.696
   4.002     40600         0     40586           0.733     9.601    13.525    20.906    27.804    75.301    93.520   112.722
   5.000     39633         0     39721           0.665     8.192    12.911    25.117    38.306    86.770   102.105   111.804
   6.001     41210         0     41178           1.166     9.921    13.255    21.725    28.525    54.362    69.927    79.036
   7.000     42199         0     42202           1.028    11.641    14.172    17.056    19.005    23.462    30.196    43.188
   8.002     39890         0     39865           0.616     8.700    12.984    23.151    33.473   107.741   138.543   151.519
   9.000     39669         0     39705           0.565     7.643    11.698    23.560    41.845   103.481   130.351   139.854
  10.002     40668         0     40604           0.655     8.643    12.108    23.085    44.106    79.823   109.183   120.062
  11.004     41752         0     41762           1.265    11.674    14.213    17.121    19.218    25.428    37.880    50.495
  12.001     39147         0     39201           0.586     8.847    12.976    23.593    38.371    87.753   118.882   137.495
  13.003     40074         0     39956           0.691     8.331    12.313    25.166    42.303    72.679   107.414   124.322
  14.000     40717         0     40834           0.619    10.002    13.206    21.365    28.590    59.539    79.167    91.947
  15.004     41694         0     41590           0.709    11.813    14.442    17.433    19.431    24.232    33.915    57.999
  16.007     40097         0     40199           0.653     8.790    12.689    23.200    37.061    80.871   100.598   122.552
  17.002     39773         0     39706           0.879     8.585    13.189    25.297    39.485    73.335    91.226   102.236
  18.003     40531         0     40584           0.685     9.314    12.812    22.708    34.111    72.942    90.374    96.862
  19.002     42594         0     42510           0.793    10.953    13.574    17.056    20.316    41.255    79.495    92.406
  19.999     40741         0     40800           0.722     9.519    13.296    21.463    30.081    64.618    84.673    95.289
  21.004     39280         0     39288           0.501     8.888    13.271    24.723    35.291    78.119   119.079   138.150
  22.000     40432         0     40465           0.710     8.602    12.190    23.085    40.632    82.838   100.925   115.540
  23.005     43043         0     42861           1.231    11.035    13.337    16.572    19.431    34.996    68.420    80.544
  24.000     40046         0     40177           0.700     9.454    13.230    19.972    28.951    85.393   116.654   133.104
  25.000     39263         0     39271           0.745     8.511    12.460    23.904    39.584    96.076   115.933   133.759
  26.000     40156         0     40176           0.685     8.872    12.100    24.347    38.011    70.779    93.520   103.350
  27.007     43532         0     43266           1.095    11.141    13.640    16.720    19.137    28.328    55.837    67.633
  28.007     40208         0     40449           0.829    10.510    13.828    20.218    25.428    46.760    62.685    68.485
  29.000     39790         0     39793           0.855     8.749    12.894    24.986    39.911    64.520    89.653    98.632
  30.002     40940         0     40887           0.987     9.445    12.902    23.151    33.620    54.428    65.012    75.760
  31.004     44704         0     44540           1.234    10.600    12.591    15.237    18.629    40.665    54.559    59.998
  31.999     40930         0     41146           0.984     9.806    13.066    21.938    28.361    50.561    71.238    88.867
  33.002     39979         0     39911           0.523     7.524    11.452    24.560    47.710    90.571   114.295   125.305
  34.004     41397         0     41364           0.904     9.732    13.574    22.462    29.426    48.300    60.686    72.155
  35.009     42400         0     42273           1.869    11.420    13.541    16.384    19.169    28.180    41.910    53.084
  35.999     38538         0     38763           0.691     9.093    13.009    23.167    41.189    83.558   101.908   116.457
  37.003     39465         0     39381           0.501     9.183    13.328    25.461    35.586    76.546    95.879   107.151
  38.002     40046         0     40073           0.635     8.397    11.911    23.478    37.257    88.539   112.394   123.535
  39.007     42143         0     42009           0.722    10.027    12.771    17.596    25.690    59.736    82.969    93.716
  40.009     41748         0     41913           0.490    10.551    13.304    18.055    25.215    52.986    72.352    90.243
  41.007     39257         0     39099           0.547     7.393    11.313    24.068    47.186   108.790   119.734   134.480
  42.011     39811         0     39762           0.586     8.823    12.911    23.822    37.585    81.920    99.222   111.477
  43.017     41178         0     41085           1.042    10.715    13.754    18.121    22.364    63.439    77.791    89.129
  44.002     41244         0     41554           0.861    11.174    14.115    18.448    22.479    32.227    45.122    57.999
  45.004     39407         0     39391           1.008     8.839    13.574    25.526    38.142    60.522    76.284    90.571
  46.003     38880         0     38896           0.611     8.184    12.394    24.920    43.385    85.983   110.952   120.127
  47.008     42806         0     42541           0.668    11.223    13.746    16.826    19.481    32.604    67.699    84.083
  48.006     40661         0     40922           0.558     9.740    13.165    20.087    30.720    60.850    84.935    99.090
  49.000     39893         0     39919           0.616     8.356    12.083    24.756    37.945    85.393   107.282   116.982
  50.004     40092         0     39976           0.835     8.643    12.231    24.379    40.862    77.201    93.651   113.050
  51.002     43143         0     43088           0.894     9.978    12.812    16.810    22.561    65.438    82.248    93.323
  52.007     41934         0     42102           1.037    10.936    13.599    17.482    20.873    38.765    66.912    79.233
  53.002     40262         0     40225           0.680     8.462    12.386    23.446    35.586    88.539   110.756   124.322
  54.002     39827         0     39806           0.702     8.208    12.820    27.312    44.368    68.747    82.706    97.780
  55.002     42950         0     42896           1.410    10.600    12.902    17.285    22.495    40.010    70.189    80.609
  56.000     43335         0     43454           0.724    10.895    12.984    15.974    18.842    29.868    69.403    89.784
  57.001     39513         0     39516           0.553     7.737    12.296    26.575    51.347    79.036    92.471   102.367
  58.002     39494         0     39429           0.578     7.123    11.452    25.772    55.902    88.867   102.760   118.030
  58.999     41576         0     41640           0.709     9.544    12.304    19.562    33.063    79.102   116.654   127.468
  60.000     42138         0     42150           0.806    10.543    13.050    16.810    21.676    66.355    87.753    97.780
  60.011       445         0     43152           3.181    10.764    16.957    25.494    29.901    35.324    38.863    38.863

SUMMARY STATS ══════════════════════════════════════════════════════════════════════════════════════════════════════════════
    Elapsed time       [s]     60.014                                                                 
        CPU time       [s]    458.725                                                                 
 CPU utilisation       [%]       47.8                                                                 
          Cycles      [op]    2447899                                                                 
          Errors      [op]          0                                                                 
              └─       [%]        0.0                                                                 
        Requests     [req]    2447899                                                                 
              └─  [req/op]        1.0                                                                 
         Retries     [ret]          0                                                                 
              └─ [ret/req]    0.00000                                                                 
            Rows     [row]    1225052                                                                 
              └─ [row/req]        0.5                                                                 
     Concurrency     [req]         61 ± 1                                                             
              └─       [%]         95                                                                 
      Throughput    [op/s]      40789 ± 683                                                           
              ├─   [req/s]      40789 ± 683                                                           
              └─   [row/s]      20413 ± 342                                                           
   Cycle latency      [ms]     12.550 ± 0.034                                                         
 Request latency      [ms]     12.170 ± 0.026                                                         

CYCLE LATENCY for update [ms]  ═════════════════════════════════════════════════════════════════════════════════════════════
          Min                   0.490 ± 0.061                                                         
           25                   6.910 ± 0.021                                                         
           50                   9.134 ± 0.021                                                         
           75                  11.715 ± 0.029                                                         
           90                  15.647 ± 0.084                                                         
           95                  19.513 ± 0.087                                                         
           98                  23.642 ± 0.097                                                         
           99                  25.543 ± 0.120                                                         
           99.9                31.736 ± 0.290                                                         
           99.99               38.207 ± 1.126                                                         
          Max                  50.758 ± 4.473                                                         

CYCLE LATENCY for get [ms]  ════════════════════════════════════════════════════════════════════════════════════════════════
          Min                   0.546 ± 0.063                                                         
           25                   7.606 ± 0.017                                                         
           50                  10.519 ± 0.022                                                         
           75                  15.770 ± 0.056                                                         
           90                  28.918 ± 0.230                                                         
           95                  47.251 ± 0.454                                                         
           98                  69.992 ± 0.590                                                         
           99                  84.017 ± 0.537                                                         
           99.9               113.770 ± 0.896                                                         
           99.99              133.628 ± 2.436                                                         
          Max                 151.519 ± 6.585                                                         

info: Saved report to /output/latte_1.json
TIMEFORMAT 90.796 635.212 54.315
