Linux 6.17.0-1010-aws (ip-172-31-15-179) 	04/20/26 	_x86_64_	(8 CPU)

11:08:10      UID       PID    %usr %system  %guest   %wait    %CPU   CPU  Command
11:08:15        0         1    0.20    0.20    0.00    0.00    0.40     2  systemd
11:08:15      989       726    0.20    0.00    0.00    0.00    0.20     2  polkitd
11:08:15        0       736    0.00    0.20    0.00    0.00    0.20     5  udisksd
11:08:15        0      1991    0.40    0.20    0.00    0.00    0.60     4  containerd
11:08:15        0      2232    0.20    0.40    0.00    0.00    0.60     0  dockerd
11:08:15     1000     11168    0.20    0.20    0.00    0.00    0.40     0  systemd
11:08:15     1000     13391    0.00    0.20    0.00    0.00    0.20     6  pidstat
11:08:15        0     13392    0.20    0.00    0.00    0.00    0.20     1  sshd
11:08:15        0     13457    0.20    0.00    0.00    0.00    0.20     0  docker
11:08:15        0     13500    0.20    0.00    0.00    0.00    0.20     3  bash
11:08:15        0     13531  523.55   45.11    0.00    0.00  568.66     5  java

11:08:15      UID       PID    %usr %system  %guest   %wait    %CPU   CPU  Command
11:08:20        0        30    0.00    0.20    0.00    0.00    0.20     2  ksoftirqd/2
11:08:20        0      1991    0.20    0.00    0.00    0.00    0.20     4  containerd
11:08:20        0      8455    0.00    0.20    0.00    0.00    0.20     5  kworker/5:2-events
11:08:20        0     11145    0.00    0.20    0.00    0.00    0.20     4  kworker/u32:1-events_power_efficient
11:08:20        0     13531  626.80   93.60    0.00    0.00  720.40     5  java

11:08:20      UID       PID    %usr %system  %guest   %wait    %CPU   CPU  Command
11:08:25        0        14    0.00    0.20    0.00    0.00    0.20     0  ksoftirqd/0
11:08:25        0        15    0.00    0.20    0.00    0.00    0.20     3  rcu_sched
11:08:25        0        24    0.00    0.20    0.00    0.00    0.20     1  ksoftirqd/1
11:08:25        0        60    0.00    0.20    0.00    0.00    0.20     7  ksoftirqd/7
11:08:25        0     11316    0.00    0.20    0.00    0.00    0.20     5  kworker/u32:3-kvfree_rcu_reclaim
11:08:25        0     13531  577.20  114.00    0.00    0.00  691.20     5  java

11:08:25      UID       PID    %usr %system  %guest   %wait    %CPU   CPU  Command
11:08:30        0        36    0.00    0.20    0.00    0.20    0.20     3  ksoftirqd/3
11:08:30        0        42    0.00    0.20    0.00    0.00    0.20     4  ksoftirqd/4
11:08:30        0        48    0.00    0.20    0.00    0.00    0.20     5  ksoftirqd/5
11:08:30        0        92    0.00    0.20    0.00    0.00    0.20     1  kworker/1:1-events
11:08:30        0       105    0.00    0.20    0.00    0.00    0.20     2  kworker/2:1-events
11:08:30        0       723    0.00    0.20    0.00    0.00    0.20     0  irqbalance
11:08:30        0      6639    0.00    0.20    0.00    0.00    0.20     3  kworker/3:2-events
11:08:30        0     11145    0.00    0.40    0.00    0.00    0.40     0  kworker/u32:1-kvfree_rcu_reclaim
11:08:30     1000     13391    0.20    0.20    0.00    0.00    0.40     3  pidstat
11:08:30        0     13531  447.80  167.60    0.00    0.00  615.40     5  java

11:08:30      UID       PID    %usr %system  %guest   %wait    %CPU   CPU  Command
11:08:35        0        14    0.00    0.20    0.00    0.00    0.20     0  ksoftirqd/0
11:08:35        0        24    0.00    0.20    0.00    0.00    0.20     1  ksoftirqd/1
11:08:35        0        30    0.00    0.20    0.00    0.00    0.20     2  ksoftirqd/2
11:08:35        0        36    0.00    0.20    0.00    0.00    0.20     3  ksoftirqd/3
11:08:35        0        48    0.00    0.20    0.00    0.00    0.20     5  ksoftirqd/5
11:08:35        0        54    0.00    0.20    0.00    0.20    0.20     6  ksoftirqd/6
11:08:35        0        60    0.00    0.20    0.00    0.20    0.20     7  ksoftirqd/7
11:08:35        0      1991    0.00    0.20    0.00    0.00    0.20     4  containerd
11:08:35        0      2232    0.20    0.00    0.00    0.00    0.20     0  dockerd
11:08:35        0      4791    0.00    0.20    0.00    0.00    0.20     0  kworker/u32:6-kvfree_rcu_reclaim
11:08:35        0     11148    0.00    0.20    0.00    0.00    0.20     0  kworker/0:1-events
11:08:35     1000     13391    0.00    0.20    0.00    0.00    0.20     2  pidstat
11:08:35        0     13531  292.60  132.20    0.00    0.00  424.80     5  java

11:08:35      UID       PID    %usr %system  %guest   %wait    %CPU   CPU  Command
11:08:40        0        36    0.00    0.20    0.00    0.00    0.20     3  ksoftirqd/3
11:08:40        0        42    0.00    0.20    0.00    0.00    0.20     4  ksoftirqd/4
11:08:40        0        60    0.00    0.20    0.00    0.00    0.20     7  ksoftirqd/7
11:08:40        0     13531  272.00  140.20    0.00    0.00  412.20     5  java

11:08:40      UID       PID    %usr %system  %guest   %wait    %CPU   CPU  Command
11:08:45        0        15    0.00    0.20    0.00    0.20    0.20     7  rcu_sched
11:08:45        0        48    0.00    0.20    0.00    0.00    0.20     5  ksoftirqd/5
11:08:45        0      4791    0.00    0.20    0.00    0.00    0.20     4  kworker/u32:6-flush-259:0
11:08:45     1000     13391    0.00    0.20    0.00    0.00    0.20     2  pidstat
11:08:45        0     13638  211.00   14.20    0.00    0.00  225.20     1  java

11:08:45      UID       PID    %usr %system  %guest   %wait    %CPU   CPU  Command
11:08:50        0        54    0.00    0.20    0.00    0.00    0.20     6  ksoftirqd/6
11:08:50        0      1991    0.20    0.00    0.00    0.00    0.20     4  containerd
11:08:50     1000     13391    0.20    0.00    0.00    0.00    0.20     2  pidstat
11:08:50        0     13638  659.80   76.00    0.00    0.00  735.80     1  java

11:08:50      UID       PID    %usr %system  %guest   %wait    %CPU   CPU  Command
11:08:55        0     11145    0.00    0.20    0.00    0.20    0.20     7  kworker/u32:1-events_power_efficient
11:08:55        0     13638  604.20   99.60    0.00    0.00  703.80     1  java

11:08:55      UID       PID    %usr %system  %guest   %wait    %CPU   CPU  Command
11:09:00        0        14    0.00    0.20    0.00    0.00    0.20     0  ksoftirqd/0
11:09:00        0        24    0.00    0.20    0.00    0.00    0.20     1  ksoftirqd/1
11:09:00        0        30    0.00    0.20    0.00    0.00    0.20     2  ksoftirqd/2
11:09:00        0        36    0.00    0.20    0.00    0.00    0.20     3  ksoftirqd/3
11:09:00        0       231    0.00    0.20    0.00    0.00    0.20     3  multipathd
11:09:00        0      1991    0.00    0.20    0.00    0.00    0.20     4  containerd
11:09:00        0      4791    0.00    0.20    0.00    0.00    0.20     3  kworker/u32:6-events_power_efficient
11:09:00     1000     13391    0.00    0.20    0.00    0.20    0.20     2  pidstat
11:09:00        0     13638  520.60  138.00    0.00    0.00  658.60     1  java

11:09:00      UID       PID    %usr %system  %guest   %wait    %CPU   CPU  Command
11:09:05        0        15    0.00    0.20    0.00    0.00    0.20     1  rcu_sched
11:09:05        0        24    0.00    0.20    0.00    0.20    0.20     1  ksoftirqd/1
11:09:05        0        30    0.00    0.20    0.00    0.00    0.20     2  ksoftirqd/2
11:09:05        0        48    0.00    0.20    0.00    0.20    0.20     5  ksoftirqd/5
11:09:05        0        54    0.00    0.20    0.00    0.00    0.20     6  ksoftirqd/6
11:09:05        0     11145    0.00    0.20    0.00    0.00    0.20     2  kworker/u32:1-flush-259:0
11:09:05        0     11316    0.00    0.20    0.00    0.20    0.20     2  kworker/u32:3-events_power_efficient
11:09:05     1000     13391    0.20    0.20    0.00    0.00    0.40     2  pidstat
11:09:05        0     13638  409.00  184.00    0.00    0.00  593.00     1  java

11:09:05      UID       PID    %usr %system  %guest   %wait    %CPU   CPU  Command
11:09:10        0        14    0.00    0.20    0.00    0.00    0.20     0  ksoftirqd/0
11:09:10        0        24    0.00    0.20    0.00    0.00    0.20     1  ksoftirqd/1
11:09:10        0        30    0.00    0.40    0.00    0.00    0.40     2  ksoftirqd/2
11:09:10        0        36    0.00    0.20    0.00    0.00    0.20     3  ksoftirqd/3
11:09:10        0        48    0.00    0.20    0.00    0.00    0.20     5  ksoftirqd/5
11:09:10        0        54    0.00    0.20    0.00    0.00    0.20     6  ksoftirqd/6
11:09:10        0       105    0.00    0.20    0.00    0.20    0.20     2  kworker/2:1-mm_percpu_wq
11:09:10        0       309    0.00    0.20    0.00    0.00    0.20     4  kworker/4:2-events
11:09:10        0      1991    0.20    0.00    0.00    0.00    0.20     4  containerd
11:09:10        0      4791    0.00    0.20    0.00    0.00    0.20     7  kworker/u32:6-flush-259:0
11:09:10        0     10650    0.00    0.20    0.00    0.20    0.20     7  kworker/7:2-events
11:09:10        0     13638  414.20  182.60    0.00    0.00  596.80     1  java

11:09:10      UID       PID    %usr %system  %guest   %wait    %CPU   CPU  Command
11:09:15        0        14    0.00    0.20    0.00    0.20    0.20     0  ksoftirqd/0
11:09:15        0        24    0.00    0.20    0.00    0.00    0.20     1  ksoftirqd/1
11:09:15        0        30    0.00    0.20    0.00    0.20    0.20     2  ksoftirqd/2
11:09:15        0        42    0.00    0.20    0.00    0.00    0.20     4  ksoftirqd/4
11:09:15        0        48    0.00    0.20    0.00    0.00    0.20     5  ksoftirqd/5
11:09:15        0        54    0.00    0.20    0.00    0.00    0.20     6  ksoftirqd/6
11:09:15        0        92    0.00    0.20    0.00    0.00    0.20     1  kworker/1:1-events
11:09:15        0       732    0.20    0.00    0.00    0.00    0.20     7  snapd
11:09:15        0       951    0.00    0.20    0.00    0.20    0.20     6  kworker/6:2-events
11:09:15        0     11145    0.00    0.20    0.00    0.20    0.20     5  kworker/u32:1-kvfree_rcu_reclaim
11:09:15        0     11316    0.00    0.20    0.00    0.00    0.20     0  kworker/u32:3-kvfree_rcu_reclaim
11:09:15     1000     13391    0.00    0.20    0.00    0.00    0.20     2  pidstat
11:09:15        0     13476    0.20    0.00    0.00    0.00    0.20     7  containerd-shim
11:09:15        0     13638  401.00  183.60    0.00    0.00  584.60     1  java

11:09:15      UID       PID    %usr %system  %guest   %wait    %CPU   CPU  Command
11:09:20        0        24    0.00    0.20    0.00    0.00    0.20     1  ksoftirqd/1
11:09:20        0        30    0.00    0.20    0.00    0.00    0.20     2  ksoftirqd/2
11:09:20        0        36    0.00    0.20    0.00    0.00    0.20     3  ksoftirqd/3
11:09:20        0        48    0.00    0.20    0.00    0.00    0.20     5  ksoftirqd/5
11:09:20        0      6639    0.00    0.20    0.00    0.00    0.20     3  kworker/3:2-events
11:09:20        0      8455    0.00    0.20    0.00    0.00    0.20     5  kworker/5:2-events
11:09:20        0     11145    0.00    0.20    0.00    0.00    0.20     4  kworker/u32:1-kvfree_rcu_reclaim
11:09:20        0     11316    0.00    0.20    0.00    0.00    0.20     2  kworker/u32:3-kvfree_rcu_reclaim
11:09:20     1000     13391    0.00    0.20    0.00    0.00    0.20     6  pidstat
11:09:20        0     13638  404.60  183.60    0.00    0.00  588.20     1  java

11:09:20      UID       PID    %usr %system  %guest   %wait    %CPU   CPU  Command
11:09:25        0        14    0.00    0.20    0.00    0.00    0.20     0  ksoftirqd/0
11:09:25        0        24    0.00    0.20    0.00    0.00    0.20     1  ksoftirqd/1
11:09:25        0        30    0.00    0.20    0.00    0.00    0.20     2  ksoftirqd/2
11:09:25        0        54    0.00    0.20    0.00    0.20    0.20     6  ksoftirqd/6
11:09:25        0     11316    0.00    0.40    0.00    0.20    0.40     1  kworker/u32:3-events_power_efficient
11:09:25        0     13638  402.00  181.20    0.00    0.00  583.20     1  java

11:09:25      UID       PID    %usr %system  %guest   %wait    %CPU   CPU  Command
11:09:30        0        14    0.00    0.20    0.00    0.00    0.20     0  ksoftirqd/0
11:09:30        0        15    0.00    0.20    0.00    0.20    0.20     3  rcu_sched
11:09:30        0        24    0.00    0.20    0.00    0.20    0.20     1  ksoftirqd/1
11:09:30        0        30    0.00    0.40    0.00    0.00    0.40     2  ksoftirqd/2
11:09:30        0        36    0.00    0.20    0.00    0.20    0.20     3  ksoftirqd/3
11:09:30        0        48    0.00    0.20    0.00    0.00    0.20     5  ksoftirqd/5
11:09:30        0        54    0.00    0.20    0.00    0.00    0.20     6  ksoftirqd/6
11:09:30        0      1991    0.20    0.00    0.00    0.00    0.20     4  containerd
11:09:30     1000     13391    0.00    0.20    0.00    0.00    0.20     0  pidstat
11:09:30        0     13638  402.60  183.40    0.00    0.00  586.00     1  java

11:09:30      UID       PID    %usr %system  %guest   %wait    %CPU   CPU  Command
11:09:35        0        24    0.00    0.20    0.00    0.00    0.20     1  ksoftirqd/1
11:09:35        0        30    0.00    0.20    0.00    0.20    0.20     2  ksoftirqd/2
11:09:35        0        42    0.00    0.20    0.00    0.00    0.20     4  ksoftirqd/4
11:09:35        0        48    0.00    0.20    0.00    0.00    0.20     5  ksoftirqd/5
11:09:35        0        54    0.00    0.20    0.00    0.00    0.20     6  ksoftirqd/6
11:09:35        0      1991    0.00    0.20    0.00    0.00    0.20     4  containerd
11:09:35        0     11145    0.00    0.20    0.00    0.00    0.20     2  kworker/u32:1-kvfree_rcu_reclaim
11:09:35        0     11148    0.00    0.20    0.00    0.00    0.20     0  kworker/0:1-events
11:09:35        0     11316    0.00    0.20    0.00    0.00    0.20     2  kworker/u32:3-kvfree_rcu_reclaim
11:09:35     1000     13391    0.20    0.00    0.00    0.00    0.20     3  pidstat
11:09:35        0     13638  407.80  183.20    0.00    0.00  591.00     1  java

11:09:35      UID       PID    %usr %system  %guest   %wait    %CPU   CPU  Command
11:09:40        0        14    0.00    0.20    0.00    0.00    0.20     0  ksoftirqd/0
11:09:40        0        24    0.00    0.20    0.00    0.00    0.20     1  ksoftirqd/1
11:09:40        0        30    0.00    0.20    0.00    0.00    0.20     2  ksoftirqd/2
11:09:40        0        36    0.00    0.20    0.00    0.00    0.20     3  ksoftirqd/3
11:09:40        0        48    0.00    0.20    0.00    0.20    0.20     5  ksoftirqd/5
11:09:40        0        54    0.00    0.20    0.00    0.00    0.20     6  ksoftirqd/6
11:09:40        0       105    0.00    0.20    0.00    0.00    0.20     2  kworker/2:1-events
11:09:40        0     11145    0.00    0.20    0.00    0.20    0.20     3  kworker/u32:1-kvfree_rcu_reclaim
11:09:40        0     11316    0.00    0.20    0.00    0.00    0.20     3  kworker/u32:3-events_power_efficient
11:09:40     1000     13391    0.00    0.20    0.00    0.00    0.20     2  pidstat
11:09:40        0     13638  399.20  182.60    0.00    0.00  581.80     1  java

11:09:40      UID       PID    %usr %system  %guest   %wait    %CPU   CPU  Command
11:09:45        0        24    0.00    0.20    0.00    0.00    0.20     1  ksoftirqd/1
11:09:45        0        30    0.00    0.20    0.00    0.00    0.20     2  ksoftirqd/2
11:09:45        0     10650    0.00    0.20    0.00    0.00    0.20     7  kworker/7:2-mm_percpu_wq
11:09:45        0     11316    0.00    0.20    0.00    0.20    0.20     4  kworker/u32:3-events_unbound
11:09:45        0     13638  257.00  116.20    0.00    0.00  373.20     1  java
