Linux 6.17.0-1017-aws (ip-172-31-2-195) 	05/29/26 	_x86_64_	(4 CPU)

14:15:54     CPU    %usr   %nice    %sys %iowait    %irq   %soft  %steal  %guest  %gnice   %idle
14:15:59     all   31.81    0.00    9.04    0.00    0.00    1.88    0.15    0.00    0.00   57.11
14:15:59       0   30.91    0.00    8.28    0.00    0.00    0.00    0.20    0.00    0.00   60.61
14:15:59       1   23.72    0.00   10.02    0.00    0.00    0.00    0.20    0.00    0.00   66.05
14:15:59       2   38.10    0.00    7.06    0.00    0.00    6.05    0.20    0.00    0.00   48.59
14:15:59       3   34.43    0.00   10.86    0.00    0.00    1.43    0.00    0.00    0.00   53.28

14:15:59     CPU    %usr   %nice    %sys %iowait    %irq   %soft  %steal  %guest  %gnice   %idle
14:16:04     all   62.99    0.00   21.17    0.00    0.00    4.66    0.21    0.00    0.00   10.97
14:16:04       0   57.62    0.00   27.56    0.00    0.00    0.00    0.21    0.00    0.00   14.61
14:16:04       1   68.44    0.00   17.62    0.00    0.00    0.00    0.20    0.00    0.00   13.73
14:16:04       2   61.98    0.00   17.77    0.00    0.00   15.50    0.21    0.00    0.00    4.55
14:16:04       3   63.83    0.00   21.83    0.00    0.00    3.12    0.21    0.00    0.00   11.02

14:16:04     CPU    %usr   %nice    %sys %iowait    %irq   %soft  %steal  %guest  %gnice   %idle
14:16:09     all   62.82    0.00   21.04    0.00    0.00    4.24    0.16    0.00    0.00   11.74
14:16:09       0   55.53    0.00   28.18    0.00    0.00    0.00    0.00    0.00    0.00   16.28
14:16:09       1   67.08    0.00   18.40    0.00    0.00    3.07    0.20    0.00    0.00   11.25
14:16:09       2   63.49    0.00   18.46    0.00    0.00   11.20    0.00    0.00    0.00    6.85
14:16:09       3   65.08    0.00   19.21    0.00    0.00    2.69    0.41    0.00    0.00   12.60

14:16:09     CPU    %usr   %nice    %sys %iowait    %irq   %soft  %steal  %guest  %gnice   %idle
14:16:14     all   63.97    0.00   20.77    0.00    0.00    4.31    0.21    0.00    0.00   10.75
14:16:14       0   58.49    0.00   26.21    0.00    0.00    0.00    0.21    0.00    0.00   15.09
14:16:14       1   68.65    0.00   17.21    0.00    0.00    5.53    0.41    0.00    0.00    8.20
14:16:14       2   61.90    0.00   20.08    0.00    0.00    9.52    0.21    0.00    0.00    8.28
14:16:14       3   66.74    0.00   19.67    0.00    0.00    2.09    0.00    0.00    0.00   11.51

14:16:14     CPU    %usr   %nice    %sys %iowait    %irq   %soft  %steal  %guest  %gnice   %idle
14:16:19     all   64.71    0.00   21.00    0.00    0.00    4.63    0.10    0.00    0.00    9.56
14:16:19       0   62.29    0.00   25.42    0.00    0.00    1.67    0.00    0.00    0.00   10.62
14:16:19       1   63.77    0.00   21.53    0.00    0.00    5.59    0.21    0.00    0.00    8.90
14:16:19       2   70.93    0.00   15.05    0.00    0.00    6.39    0.00    0.00    0.00    7.63
14:16:19       3   61.76    0.00   22.06    0.00    0.00    4.83    0.21    0.00    0.00   11.13

14:16:19     CPU    %usr   %nice    %sys %iowait    %irq   %soft  %steal  %guest  %gnice   %idle
14:16:24     all   64.91    0.00   21.31    0.00    0.00    4.75    0.31    0.00    0.00    8.72
14:16:24       0   56.58    0.00   29.02    0.00    0.00    2.92    0.21    0.00    0.00   11.27
14:16:24       1   69.26    0.00   18.44    0.00    0.00    5.33    0.41    0.00    0.00    6.56
14:16:24       2   65.01    0.00   20.08    0.00    0.00    3.93    0.21    0.00    0.00   10.77
14:16:24       3   68.65    0.00   17.83    0.00    0.00    6.76    0.41    0.00    0.00    6.35

14:16:24     CPU    %usr   %nice    %sys %iowait    %irq   %soft  %steal  %guest  %gnice   %idle
14:16:29     all   57.76    0.00   18.79    0.00    0.00    3.94    0.16    0.00    0.00   19.36
14:16:29       0   54.81    0.00   21.97    0.00    0.00    2.09    0.21    0.00    0.00   20.92
14:16:29       1   58.14    0.00   18.35    0.00    0.00    4.12    0.21    0.00    0.00   19.18
14:16:29       2   64.61    0.00   15.23    0.00    0.00    3.09    0.00    0.00    0.00   17.08
14:16:29       3   53.35    0.00   19.67    0.00    0.00    6.49    0.21    0.00    0.00   20.29

14:16:29     CPU    %usr   %nice    %sys %iowait    %irq   %soft  %steal  %guest  %gnice   %idle
14:16:34     all   55.16    0.00   20.33    0.05    0.00    3.12    0.11    0.00    0.00   21.23
14:16:34       0   46.41    0.00   24.40    0.00    0.00    1.74    0.22    0.00    0.00   27.23
14:16:34       1   54.76    0.00   21.35    0.00    0.00    4.02    0.21    0.00    0.00   19.66
14:16:34       2   68.72    0.00   12.96    0.00    0.00    2.47    0.00    0.00    0.00   15.84
14:16:34       3   50.11    0.00   22.93    0.21    0.00    4.25    0.00    0.00    0.00   22.51

14:16:34     CPU    %usr   %nice    %sys %iowait    %irq   %soft  %steal  %guest  %gnice   %idle
14:16:39     all   53.81    0.00   20.48    0.00    0.00    2.96    0.21    0.00    0.00   22.54
14:16:39       0   44.35    0.00   25.65    0.00    0.00    1.30    0.00    0.00    0.00   28.70
14:16:39       1   53.36    0.00   21.43    0.00    0.00    3.78    0.42    0.00    0.00   21.01
14:16:39       2   65.01    0.00   13.87    0.00    0.00    2.48    0.21    0.00    0.00   18.43
14:16:39       3   52.02    0.00   21.23    0.00    0.00    4.25    0.21    0.00    0.00   22.29

14:16:39     CPU    %usr   %nice    %sys %iowait    %irq   %soft  %steal  %guest  %gnice   %idle
14:16:44     all   53.42    0.00   20.83    0.00    0.00    3.44    0.16    0.00    0.00   22.15
14:16:44       0   42.39    0.00   26.09    0.00    0.00    1.96    0.22    0.00    0.00   29.35
14:16:44       1   66.18    0.00   14.73    0.00    0.00    4.77    0.21    0.00    0.00   14.11
14:16:44       2   47.01    0.00   22.44    0.00    0.00    2.35    0.00    0.00    0.00   28.21
14:16:44       3   57.44    0.00   20.34    0.00    0.00    4.61    0.21    0.00    0.00   17.40

14:16:44     CPU    %usr   %nice    %sys %iowait    %irq   %soft  %steal  %guest  %gnice   %idle
14:16:49     all   52.53    0.00   20.99    0.00    0.00    3.30    0.16    0.00    0.00   23.02
14:16:49       0   45.36    0.00   24.84    0.00    0.00    1.73    0.22    0.00    0.00   27.86
14:16:49       1   55.20    0.00   20.17    0.00    0.00    4.03    0.21    0.00    0.00   20.38
14:16:49       2   57.41    0.00   17.75    0.00    0.00    2.92    0.00    0.00    0.00   21.92
14:16:49       3   51.94    0.00   21.34    0.00    0.00    4.53    0.22    0.00    0.00   21.98

14:16:49     CPU    %usr   %nice    %sys %iowait    %irq   %soft  %steal  %guest  %gnice   %idle
14:16:54     all   54.06    0.00   20.37    0.00    0.00    3.29    0.16    0.00    0.00   22.12
14:16:54       0   44.69    0.00   26.03    0.00    0.00    2.17    0.00    0.00    0.00   27.11
14:16:54       1   52.56    0.00   20.73    0.00    0.00    3.63    0.21    0.00    0.00   22.86
14:16:54       2   67.96    0.00   14.08    0.00    0.00    2.65    0.20    0.00    0.00   15.10
14:16:54       3   50.21    0.00   21.03    0.00    0.00    4.72    0.21    0.00    0.00   23.82

14:16:54     CPU    %usr   %nice    %sys %iowait    %irq   %soft  %steal  %guest  %gnice   %idle
14:16:59     all   53.53    0.00   20.83    0.00    0.00    3.21    0.16    0.00    0.00   22.28
14:16:59       0   43.79    0.00   26.58    0.00    0.00    1.96    0.22    0.00    0.00   27.45
14:16:59       1   51.69    0.00   22.46    0.00    0.00    3.81    0.42    0.00    0.00   21.61
14:16:59       2   67.36    0.00   13.18    0.00    0.00    2.30    0.00    0.00    0.00   17.15
14:16:59       3   50.76    0.00   21.38    0.00    0.00    4.75    0.00    0.00    0.00   23.11

14:16:59     CPU    %usr   %nice    %sys %iowait    %irq   %soft  %steal  %guest  %gnice   %idle
14:17:04     all   53.88    0.00   20.74    0.05    0.00    3.30    0.16    0.00    0.00   21.86
14:17:04       0   43.91    0.00   26.09    0.00    0.00    1.52    0.22    0.00    0.00   28.26
14:17:04       1   57.77    0.00   19.75    0.21    0.00    4.20    0.21    0.00    0.00   17.86
14:17:04       2   61.26    0.00   15.79    0.00    0.00    2.95    0.00    0.00    0.00   20.00
14:17:04       3   52.24    0.00   21.54    0.00    0.00    4.48    0.21    0.00    0.00   21.54

14:17:04     CPU    %usr   %nice    %sys %iowait    %irq   %soft  %steal  %guest  %gnice   %idle
14:17:09     all   53.82    0.00   20.73    0.00    0.00    3.18    0.21    0.00    0.00   22.06
14:17:09       0   42.76    0.00   26.35    0.00    0.00    1.94    0.22    0.00    0.00   28.73
14:17:09       1   55.39    0.00   20.08    0.00    0.00    3.81    0.21    0.00    0.00   20.51
14:17:09       2   62.47    0.00   15.72    0.00    0.00    2.52    0.21    0.00    0.00   19.08
14:17:09       3   54.33    0.00   20.93    0.00    0.00    4.44    0.21    0.00    0.00   20.08

14:17:09     CPU    %usr   %nice    %sys %iowait    %irq   %soft  %steal  %guest  %gnice   %idle
14:17:14     all   52.67    0.00   20.86    0.00    0.00    3.04    0.11    0.00    0.00   23.32
14:17:14       0   47.72    0.00   23.43    0.00    0.00    2.39    0.00    0.00    0.00   26.46
14:17:14       1   52.67    0.00   21.54    0.00    0.00    3.41    0.21    0.00    0.00   22.17
14:17:14       2   58.59    0.00   17.18    0.00    0.00    2.48    0.00    0.00    0.00   21.74
14:17:14       3   51.41    0.00   21.48    0.00    0.00    3.90    0.22    0.00    0.00   22.99

14:17:14     CPU    %usr   %nice    %sys %iowait    %irq   %soft  %steal  %guest  %gnice   %idle
14:17:19     all   53.26    0.00   20.78    0.00    0.00    3.21    0.21    0.00    0.00   22.54
14:17:19       0   47.17    0.00   24.13    0.00    0.00    1.52    0.22    0.00    0.00   26.96
14:17:19       1   59.45    0.00   17.86    0.00    0.00    4.20    0.21    0.00    0.00   18.28
14:17:19       2   53.29    0.00   19.32    0.00    0.00    2.34    0.21    0.00    0.00   24.84
14:17:19       3   52.90    0.00   21.94    0.00    0.00    4.73    0.22    0.00    0.00   20.22

14:17:19     CPU    %usr   %nice    %sys %iowait    %irq   %soft  %steal  %guest  %gnice   %idle
14:17:24     all   53.60    0.00   20.40    0.00    0.00    3.31    0.11    0.00    0.00   22.58
14:17:24       0   46.10    0.00   25.32    0.00    0.00    2.16    0.22    0.00    0.00   26.19
14:17:24       1   55.67    0.00   19.49    0.00    0.00    4.28    0.21    0.00    0.00   20.34
14:17:24       2   59.38    0.00   16.25    0.00    0.00    2.29    0.00    0.00    0.00   22.08
14:17:24       3   53.02    0.00   20.69    0.00    0.00    4.53    0.00    0.00    0.00   21.77

14:17:24     CPU    %usr   %nice    %sys %iowait    %irq   %soft  %steal  %guest  %gnice   %idle
14:17:29     all   53.90    0.00   20.35    0.00    0.00    3.50    0.21    0.00    0.00   22.05
14:17:29       0   47.73    0.00   24.19    0.00    0.00    1.94    0.22    0.00    0.00   25.92
14:17:29       1   51.90    0.00   20.46    0.00    0.00    4.22    0.42    0.00    0.00   23.00
14:17:29       2   63.69    0.00   15.98    0.00    0.00    2.70    0.00    0.00    0.00   17.63
14:17:29       3   51.92    0.00   20.94    0.00    0.00    5.13    0.21    0.00    0.00   21.79

14:17:29     CPU    %usr   %nice    %sys %iowait    %irq   %soft  %steal  %guest  %gnice   %idle
14:17:34     all   54.28    0.00   20.81    0.00    0.00    3.19    0.21    0.00    0.00   21.50
14:17:34       0   49.24    0.00   24.62    0.00    0.00    1.96    0.22    0.00    0.00   23.97
14:17:34       1   59.11    0.00   18.01    0.00    0.00    4.03    0.21    0.00    0.00   18.64
14:17:34       2   52.84    0.00   21.26    0.00    0.00    2.11    0.21    0.00    0.00   23.58
14:17:34       3   55.81    0.00   19.45    0.00    0.00    4.65    0.21    0.00    0.00   19.87

14:17:34     CPU    %usr   %nice    %sys %iowait    %irq   %soft  %steal  %guest  %gnice   %idle
14:17:39     all   54.01    0.00   20.80    0.00    0.00    3.53    0.11    0.00    0.00   21.55
14:17:39       0   44.10    0.00   25.84    0.00    0.00    1.56    0.00    0.00    0.00   28.51
14:17:39       1   57.59    0.00   18.99    0.00    0.00    4.64    0.21    0.00    0.00   18.57
14:17:39       2   56.03    0.00   19.45    0.00    0.00    2.75    0.00    0.00    0.00   21.78
14:17:39       3   57.81    0.00   19.20    0.00    0.00    5.06    0.21    0.00    0.00   17.72

14:17:39     CPU    %usr   %nice    %sys %iowait    %irq   %soft  %steal  %guest  %gnice   %idle
14:17:44     all   53.69    0.00   20.99    0.00    0.00    3.26    0.16    0.00    0.00   21.90
14:17:44       0   48.71    0.00   25.00    0.00    0.00    1.72    0.22    0.00    0.00   24.35
14:17:44       1   53.32    0.00   20.99    0.00    0.00    3.64    0.21    0.00    0.00   21.84
14:17:44       2   54.99    0.00   20.81    0.00    0.00    2.34    0.00    0.00    0.00   21.87
14:17:44       3   57.66    0.00   17.23    0.00    0.00    5.32    0.21    0.00    0.00   19.57

14:17:44     CPU    %usr   %nice    %sys %iowait    %irq   %soft  %steal  %guest  %gnice   %idle
14:17:49     all   53.85    0.00   20.50    0.00    0.00    3.13    0.21    0.00    0.00   22.30
14:17:49       0   46.20    0.00   24.08    0.00    0.00    1.52    0.22    0.00    0.00   27.98
14:17:49       1   58.56    0.00   17.97    0.00    0.00    4.23    0.21    0.00    0.00   19.03
14:17:49       2   55.97    0.00   18.87    0.00    0.00    2.31    0.21    0.00    0.00   22.64
14:17:49       3   54.45    0.00   21.19    0.00    0.00    4.45    0.21    0.00    0.00   19.70

14:17:49     CPU    %usr   %nice    %sys %iowait    %irq   %soft  %steal  %guest  %gnice   %idle
14:17:54     all   52.85    0.00   21.18    0.05    0.00    2.98    0.21    0.00    0.00   22.72
14:17:54       0   42.32    0.00   26.97    0.00    0.00    1.54    0.22    0.00    0.00   28.95
14:17:54       1   62.29    0.00   17.08    0.00    0.00    3.54    0.42    0.00    0.00   16.67
14:17:54       2   53.44    0.00   20.04    0.21    0.00    2.51    0.00    0.00    0.00   23.80
14:17:54       3   52.80    0.00   20.91    0.00    0.00    4.31    0.22    0.00    0.00   21.77

14:17:54     CPU    %usr   %nice    %sys %iowait    %irq   %soft  %steal  %guest  %gnice   %idle
14:17:59     all   53.06    0.00   20.76    0.00    0.00    3.51    0.11    0.00    0.00   22.57
14:17:59       0   41.30    0.00   27.61    0.00    0.00    1.74    0.22    0.00    0.00   29.13
14:17:59       1   53.40    0.00   20.85    0.00    0.00    4.47    0.21    0.00    0.00   21.06
14:17:59       2   56.33    0.00   18.14    0.00    0.00    2.74    0.00    0.00    0.00   22.78
14:17:59       3   60.84    0.00   16.63    0.00    0.00    5.05    0.00    0.00    0.00   17.47

14:17:59     CPU    %usr   %nice    %sys %iowait    %irq   %soft  %steal  %guest  %gnice   %idle
14:18:04     all   53.74    0.00   21.17    0.00    0.00    3.24    0.16    0.00    0.00   21.70
14:18:04       0   44.57    0.00   26.96    0.00    0.00    1.74    0.00    0.00    0.00   26.74
14:18:04       1   59.62    0.00   17.76    0.00    0.00    4.65    0.21    0.00    0.00   17.76
14:18:04       2   54.58    0.00   20.42    0.00    0.00    2.08    0.21    0.00    0.00   22.71
14:18:04       3   55.93    0.00   19.70    0.00    0.00    4.45    0.21    0.00    0.00   19.70

14:18:04     CPU    %usr   %nice    %sys %iowait    %irq   %soft  %steal  %guest  %gnice   %idle
14:18:09     all   52.83    0.00   21.02    0.00    0.00    3.39    0.16    0.00    0.00   22.60
14:18:09       0   46.04    0.00   25.05    0.00    0.00    2.14    0.21    0.00    0.00   26.55
14:18:09       1   50.85    0.00   21.37    0.00    0.00    4.06    0.21    0.00    0.00   23.50
14:18:09       2   64.26    0.00   15.50    0.00    0.00    2.89    0.00    0.00    0.00   17.36
14:18:09       3   49.79    0.00   22.34    0.00    0.00    4.47    0.21    0.00    0.00   23.19

14:18:09     CPU    %usr   %nice    %sys %iowait    %irq   %soft  %steal  %guest  %gnice   %idle
14:18:14     all   53.41    0.00   21.29    0.00    0.00    2.91    0.26    0.00    0.00   22.13
14:18:14       0   45.69    0.00   25.86    0.00    0.00    1.51    0.22    0.00    0.00   26.72
14:18:14       1   53.16    0.00   21.94    0.00    0.00    3.59    0.42    0.00    0.00   20.89
14:18:14       2   65.23    0.00   14.40    0.00    0.00    2.47    0.21    0.00    0.00   17.70
14:18:14       3   49.04    0.00   23.24    0.00    0.00    4.05    0.21    0.00    0.00   23.45

14:18:14     CPU    %usr   %nice    %sys %iowait    %irq   %soft  %steal  %guest  %gnice   %idle
14:18:19     all   53.44    0.00   20.72    0.00    0.00    3.04    0.11    0.00    0.00   22.69
14:18:19       0   45.26    0.00   25.86    0.00    0.00    1.72    0.22    0.00    0.00   26.94
14:18:19       1   58.35    0.00   18.39    0.00    0.00    3.81    0.21    0.00    0.00   19.24
14:18:19       2   56.96    0.00   17.09    0.00    0.00    2.32    0.00    0.00    0.00   23.63
14:18:19       3   53.03    0.00   21.65    0.00    0.00    4.33    0.00    0.00    0.00   21.00

14:18:19     CPU    %usr   %nice    %sys %iowait    %irq   %soft  %steal  %guest  %gnice   %idle
14:18:24     all   53.88    0.00   20.88    0.00    0.00    3.29    0.11    0.00    0.00   21.84
14:18:24       0   46.30    0.00   25.65    0.00    0.00    1.74    0.00    0.00    0.00   26.30
14:18:24       1   51.50    0.00   22.01    0.00    0.00    4.06    0.21    0.00    0.00   22.22
14:18:24       2   66.12    0.00   13.96    0.00    0.00    2.46    0.00    0.00    0.00   17.45
14:18:24       3   50.96    0.00   22.27    0.00    0.00    4.93    0.21    0.00    0.00   21.63

14:18:24     CPU    %usr   %nice    %sys %iowait    %irq   %soft  %steal  %guest  %gnice   %idle
14:18:29     all   42.86    0.00   15.33    0.00    0.00    2.41    0.26    0.00    0.00   39.14
14:18:29       0   34.88    0.00   18.60    0.00    0.00    1.27    0.21    0.00    0.00   45.03
14:18:29       1   44.91    0.00   17.46    0.00    0.00    2.91    0.42    0.00    0.00   34.30
14:18:29       2   52.78    0.00    8.66    0.00    0.00    1.86    0.21    0.00    0.00   36.49
14:18:29       3   38.56    0.00   16.74    0.00    0.00    3.60    0.21    0.00    0.00   40.89
