Linux 6.17.0-1017-aws (ip-172-31-15-196) 	05/29/26 	_x86_64_	(4 CPU)

14:15:53     CPU    %usr   %nice    %sys %iowait    %irq   %soft  %steal  %guest  %gnice   %idle
14:15:58     all   14.89    0.00    3.60    0.05    0.00    0.56    0.10    0.00    0.00   80.80
14:15:58       0    6.90    0.00    3.04    0.00    0.00    1.62    0.00    0.00    0.00   88.44
14:15:58       1   21.77    0.00    3.83    0.00    0.00    0.00    0.20    0.00    0.00   74.19
14:15:58       2    6.49    0.00    3.25    0.20    0.00    0.61    0.00    0.00    0.00   89.45
14:15:58       3   24.39    0.00    4.27    0.00    0.00    0.00    0.20    0.00    0.00   71.14

14:15:58     CPU    %usr   %nice    %sys %iowait    %irq   %soft  %steal  %guest  %gnice   %idle
14:16:03     all   59.08    0.00   22.70    0.00    0.00    4.27    0.21    0.00    0.00   13.74
14:16:03       0   61.70    0.00   20.50    0.00    0.00   10.35    0.21    0.00    0.00    7.25
14:16:03       1   67.62    0.00   16.29    0.00    0.00    1.22    0.20    0.00    0.00   14.66
14:16:03       2   57.95    0.00   25.10    0.00    0.00    5.44    0.21    0.00    0.00   11.30
14:16:03       3   48.61    0.00   29.21    0.00    0.00    0.00    0.21    0.00    0.00   21.96

14:16:03     CPU    %usr   %nice    %sys %iowait    %irq   %soft  %steal  %guest  %gnice   %idle
14:16:08     all   59.33    0.00   23.51    0.00    0.00    4.43    0.16    0.00    0.00   12.57
14:16:08       0   58.25    0.00   24.84    0.00    0.00    5.43    0.00    0.00    0.00   11.48
14:16:08       1   65.91    0.00   16.94    0.00    0.00    6.20    0.41    0.00    0.00   10.54
14:16:08       2   56.78    0.00   24.84    0.00    0.00    6.05    0.00    0.00    0.00   12.32
14:16:08       3   56.30    0.00   27.52    0.00    0.00    0.00    0.21    0.00    0.00   15.97

14:16:08     CPU    %usr   %nice    %sys %iowait    %irq   %soft  %steal  %guest  %gnice   %idle
14:16:13     all   60.47    0.00   23.32    0.05    0.00    4.36    0.21    0.00    0.00   11.58
14:16:13       0   54.98    0.00   27.80    0.21    0.00    3.73    0.21    0.00    0.00   13.07
14:16:13       1   67.01    0.00   16.91    0.00    0.00    6.60    0.21    0.00    0.00    9.28
14:16:13       2   58.84    0.00   22.87    0.00    0.00    6.44    0.21    0.00    0.00   11.64
14:16:13       3   61.01    0.00   25.79    0.00    0.00    0.63    0.21    0.00    0.00   12.37

14:16:13     CPU    %usr   %nice    %sys %iowait    %irq   %soft  %steal  %guest  %gnice   %idle
14:16:18     all   59.57    0.00   23.65    0.00    0.00    4.61    0.16    0.00    0.00   12.01
14:16:18       0   57.32    0.00   25.31    0.00    0.00    2.09    0.00    0.00    0.00   15.27
14:16:18       1   64.30    0.00   18.37    0.00    0.00    6.47    0.42    0.00    0.00   10.44
14:16:18       2   59.41    0.00   24.06    0.00    0.00    6.49    0.00    0.00    0.00   10.04
14:16:18       3   57.20    0.00   26.91    0.00    0.00    3.39    0.21    0.00    0.00   12.29

14:16:18     CPU    %usr   %nice    %sys %iowait    %irq   %soft  %steal  %guest  %gnice   %idle
14:16:23     all   59.85    0.00   23.81    0.00    0.00    4.77    0.26    0.00    0.00   11.31
14:16:23       0   62.27    0.00   23.30    0.00    0.00    1.86    0.21    0.00    0.00   12.37
14:16:23       1   62.94    0.00   19.88    0.00    0.00    6.83    0.21    0.00    0.00   10.14
14:16:23       2   59.67    0.00   24.49    0.00    0.00    6.58    0.21    0.00    0.00    9.05
14:16:23       3   54.43    0.00   27.64    0.00    0.00    3.80    0.42    0.00    0.00   13.71

14:16:23     CPU    %usr   %nice    %sys %iowait    %irq   %soft  %steal  %guest  %gnice   %idle
14:16:28     all   56.90    0.00   21.84    0.00    0.00    4.20    0.16    0.00    0.00   16.91
14:16:28       0   52.99    0.00   25.77    0.00    0.00    1.65    0.00    0.00    0.00   19.59
14:16:28       1   57.64    0.00   19.63    0.00    0.00    6.20    0.41    0.00    0.00   16.12
14:16:28       2   63.51    0.00   18.14    0.00    0.00    5.36    0.00    0.00    0.00   12.99
14:16:28       3   53.38    0.00   23.84    0.00    0.00    3.59    0.21    0.00    0.00   18.99

14:16:28     CPU    %usr   %nice    %sys %iowait    %irq   %soft  %steal  %guest  %gnice   %idle
14:16:33     all   50.11    0.00   20.53    0.00    0.00    3.19    0.21    0.00    0.00   25.96
14:16:33       0   45.91    0.00   22.84    0.00    0.00    0.65    0.22    0.00    0.00   30.39
14:16:33       1   56.21    0.00   15.79    0.00    0.00    5.26    0.21    0.00    0.00   22.53
14:16:33       2   47.54    0.00   22.91    0.00    0.00    4.71    0.21    0.00    0.00   24.63
14:16:33       3   50.63    0.00   20.68    0.00    0.00    2.11    0.21    0.00    0.00   26.37

14:16:33     CPU    %usr   %nice    %sys %iowait    %irq   %soft  %steal  %guest  %gnice   %idle
14:16:38     all   51.59    0.00   20.81    0.00    0.00    3.24    0.11    0.00    0.00   24.26
14:16:38       0   43.60    0.00   26.03    0.00    0.00    0.87    0.00    0.00    0.00   29.50
14:16:38       1   54.11    0.00   18.74    0.00    0.00    4.84    0.21    0.00    0.00   22.11
14:16:38       2   54.47    0.00   18.94    0.00    0.00    5.32    0.00    0.00    0.00   21.28
14:16:38       3   53.97    0.00   19.67    0.00    0.00    1.88    0.21    0.00    0.00   24.27

14:16:38     CPU    %usr   %nice    %sys %iowait    %irq   %soft  %steal  %guest  %gnice   %idle
14:16:43     all   50.90    0.00   21.15    0.00    0.00    3.40    0.16    0.00    0.00   24.39
14:16:43       0   44.03    0.00   26.03    0.00    0.00    1.08    0.22    0.00    0.00   28.63
14:16:43       1   49.89    0.00   21.23    0.00    0.00    4.67    0.00    0.00    0.00   24.20
14:16:43       2   55.27    0.00   19.41    0.00    0.00    5.70    0.21    0.00    0.00   19.41
14:16:43       3   54.20    0.00   18.07    0.00    0.00    2.10    0.21    0.00    0.00   25.42

14:16:43     CPU    %usr   %nice    %sys %iowait    %irq   %soft  %steal  %guest  %gnice   %idle
14:16:48     all   50.74    0.00   20.93    0.00    0.00    3.33    0.21    0.00    0.00   24.79
14:16:48       0   42.24    0.00   27.16    0.00    0.00    1.72    0.22    0.00    0.00   28.66
14:16:48       1   48.73    0.00   20.89    0.00    0.00    4.22    0.21    0.00    0.00   25.95
14:16:48       2   62.39    0.00   15.76    0.00    0.00    5.25    0.21    0.00    0.00   16.39
14:16:48       3   49.37    0.00   20.08    0.00    0.00    2.09    0.21    0.00    0.00   28.24

14:16:48     CPU    %usr   %nice    %sys %iowait    %irq   %soft  %steal  %guest  %gnice   %idle
14:16:53     all   51.57    0.00   21.31    0.00    0.00    3.25    0.16    0.00    0.00   23.71
14:16:53       0   40.31    0.00   25.71    0.00    0.00    1.09    0.22    0.00    0.00   32.68
14:16:53       1   51.49    0.00   21.70    0.00    0.00    4.47    0.21    0.00    0.00   22.13
14:16:53       2   56.45    0.00   19.87    0.00    0.00    5.07    0.00    0.00    0.00   18.60
14:16:53       3   57.68    0.00   18.11    0.00    0.00    2.32    0.21    0.00    0.00   21.68

14:16:53     CPU    %usr   %nice    %sys %iowait    %irq   %soft  %steal  %guest  %gnice   %idle
14:16:58     all   50.62    0.00   21.51    0.00    0.00    3.53    0.21    0.00    0.00   24.13
14:16:58       0   45.85    0.00   25.11    0.00    0.00    0.87    0.00    0.00    0.00   28.17
14:16:58       1   51.28    0.00   20.30    0.00    0.00    5.13    0.43    0.00    0.00   22.86
14:16:58       2   56.96    0.00   17.93    0.00    0.00    6.12    0.21    0.00    0.00   18.78
14:16:58       3   48.19    0.00   22.81    0.00    0.00    1.92    0.21    0.00    0.00   26.87

14:16:58     CPU    %usr   %nice    %sys %iowait    %irq   %soft  %steal  %guest  %gnice   %idle
14:17:03     all   50.48    0.00   20.90    0.00    0.00    3.14    0.16    0.00    0.00   25.32
14:17:03       0   46.35    0.00   23.39    0.00    0.00    1.50    0.21    0.00    0.00   28.54
14:17:03       1   57.93    0.00   16.91    0.00    0.00    3.81    0.21    0.00    0.00   21.14
14:17:03       2   50.75    0.00   21.11    0.00    0.00    5.12    0.00    0.00    0.00   23.03
14:17:03       3   46.82    0.00   22.25    0.00    0.00    2.12    0.21    0.00    0.00   28.60

14:17:03     CPU    %usr   %nice    %sys %iowait    %irq   %soft  %steal  %guest  %gnice   %idle
14:17:08     all   50.40    0.00   21.08    0.00    0.00    3.37    0.16    0.00    0.00   24.99
14:17:08       0   40.48    0.00   26.70    0.00    0.00    0.88    0.00    0.00    0.00   31.95
14:17:08       1   57.75    0.00   17.20    0.00    0.00    5.10    0.21    0.00    0.00   19.75
14:17:08       2   47.53    0.00   23.01    0.00    0.00    4.73    0.22    0.00    0.00   24.52
14:17:08       3   55.46    0.00   17.65    0.00    0.00    2.73    0.21    0.00    0.00   23.95

14:17:08     CPU    %usr   %nice    %sys %iowait    %irq   %soft  %steal  %guest  %gnice   %idle
14:17:13     all   50.16    0.00   21.66    0.00    0.00    3.34    0.21    0.00    0.00   24.63
14:17:13       0   43.86    0.00   25.66    0.00    0.00    1.10    0.22    0.00    0.00   29.17
14:17:13       1   53.77    0.00   19.04    0.00    0.00    4.81    0.42    0.00    0.00   21.97
14:17:13       2   49.15    0.00   23.40    0.00    0.00    5.11    0.00    0.00    0.00   22.34
14:17:13       3   53.54    0.00   18.75    0.00    0.00    2.29    0.21    0.00    0.00   25.21

14:17:13     CPU    %usr   %nice    %sys %iowait    %irq   %soft  %steal  %guest  %gnice   %idle
14:17:18     all   50.11    0.00   21.91    0.00    0.00    3.09    0.21    0.00    0.00   24.68
14:17:18       0   41.05    0.00   26.86    0.00    0.00    0.87    0.22    0.00    0.00   31.00
14:17:18       1   58.40    0.00   18.28    0.00    0.00    4.62    0.21    0.00    0.00   18.49
14:17:18       2   45.84    0.00   24.31    0.00    0.00    4.69    0.21    0.00    0.00   24.95
14:17:18       3   54.76    0.00   18.39    0.00    0.00    2.11    0.21    0.00    0.00   24.52

14:17:18     CPU    %usr   %nice    %sys %iowait    %irq   %soft  %steal  %guest  %gnice   %idle
14:17:23     all   49.97    0.00   21.90    0.00    0.00    3.40    0.16    0.00    0.00   24.56
14:17:23       0   39.91    0.00   27.85    0.00    0.00    1.10    0.00    0.00    0.00   31.14
14:17:23       1   57.29    0.00   17.12    0.00    0.00    4.86    0.21    0.00    0.00   20.51
14:17:23       2   46.61    0.00   24.36    0.00    0.00    5.08    0.00    0.00    0.00   23.94
14:17:23       3   55.62    0.00   18.54    0.00    0.00    2.50    0.42    0.00    0.00   22.92

14:17:23     CPU    %usr   %nice    %sys %iowait    %irq   %soft  %steal  %guest  %gnice   %idle
14:17:28     all   50.77    0.00   21.28    0.00    0.00    3.39    0.21    0.00    0.00   24.35
14:17:28       0   44.30    0.00   26.24    0.00    0.00    1.08    0.22    0.00    0.00   28.17
14:17:28       1   52.00    0.00   19.58    0.00    0.00    4.63    0.21    0.00    0.00   23.58
14:17:28       2   54.14    0.00   19.32    0.00    0.00    5.73    0.21    0.00    0.00   20.59
14:17:28       3   52.51    0.00   20.08    0.00    0.00    2.09    0.21    0.00    0.00   25.10

14:17:28     CPU    %usr   %nice    %sys %iowait    %irq   %soft  %steal  %guest  %gnice   %idle
14:17:33     all   52.64    0.00   21.26    0.16    0.00    3.41    0.16    0.00    0.00   22.38
14:17:33       0   45.77    0.00   26.90    0.00    0.00    1.08    0.00    0.00    0.00   26.25
14:17:33       1   52.79    0.00   19.96    0.21    0.00    4.94    0.21    0.00    0.00   21.89
14:17:33       2   58.44    0.00   18.14    0.21    0.00    5.49    0.21    0.00    0.00   17.51
14:17:33       3   53.36    0.00   20.17    0.21    0.00    2.10    0.21    0.00    0.00   23.95

14:17:33     CPU    %usr   %nice    %sys %iowait    %irq   %soft  %steal  %guest  %gnice   %idle
14:17:38     all   50.90    0.00   21.63    0.00    0.00    3.08    0.16    0.00    0.00   24.23
14:17:38       0   40.60    0.00   27.43    0.00    0.00    1.08    0.22    0.00    0.00   30.67
14:17:38       1   51.59    0.00   21.23    0.00    0.00    3.82    0.21    0.00    0.00   23.14
14:17:38       2   63.94    0.00   15.30    0.00    0.00    5.03    0.00    0.00    0.00   15.72
14:17:38       3   47.13    0.00   22.72    0.00    0.00    2.34    0.21    0.00    0.00   27.60

14:17:38     CPU    %usr   %nice    %sys %iowait    %irq   %soft  %steal  %guest  %gnice   %idle
14:17:43     all   50.90    0.00   21.12    0.00    0.00    3.30    0.21    0.00    0.00   24.47
14:17:43       0   40.61    0.00   27.95    0.00    0.00    1.09    0.22    0.00    0.00   30.13
14:17:43       1   51.48    0.00   20.13    0.00    0.00    4.66    0.42    0.00    0.00   23.31
14:17:43       2   57.38    0.00   18.14    0.00    0.00    5.49    0.21    0.00    0.00   18.78
14:17:43       3   53.78    0.00   18.49    0.00    0.00    1.89    0.00    0.00    0.00   25.84

14:17:43     CPU    %usr   %nice    %sys %iowait    %irq   %soft  %steal  %guest  %gnice   %idle
14:17:48     all   49.97    0.00   21.45    0.00    0.00    3.41    0.21    0.00    0.00   24.96
14:17:48       0   41.70    0.00   26.20    0.00    0.00    1.31    0.00    0.00    0.00   30.79
14:17:48       1   56.84    0.00   16.63    0.00    0.00    5.05    0.21    0.00    0.00   21.26
14:17:48       2   54.35    0.00   19.96    0.00    0.00    5.31    0.21    0.00    0.00   20.17
14:17:48       3   46.74    0.00   23.16    0.00    0.00    1.89    0.42    0.00    0.00   27.79

14:17:48     CPU    %usr   %nice    %sys %iowait    %irq   %soft  %steal  %guest  %gnice   %idle
14:17:53     all   50.35    0.00   21.06    0.00    0.00    3.21    0.16    0.00    0.00   25.23
14:17:53       0   42.45    0.00   25.38    0.00    0.00    0.88    0.22    0.00    0.00   31.07
14:17:53       1   49.89    0.00   21.68    0.00    0.00    4.21    0.21    0.00    0.00   24.00
14:17:53       2   57.11    0.00   18.05    0.00    0.00    5.52    0.00    0.00    0.00   19.32
14:17:53       3   51.71    0.00   19.23    0.00    0.00    2.14    0.21    0.00    0.00   26.71

14:17:53     CPU    %usr   %nice    %sys %iowait    %irq   %soft  %steal  %guest  %gnice   %idle
14:17:58     all   50.35    0.00   21.28    0.00    0.00    3.36    0.16    0.00    0.00   24.85
14:17:58       0   43.51    0.00   26.19    0.00    0.00    1.30    0.22    0.00    0.00   28.79
14:17:58       1   47.64    0.00   21.67    0.00    0.00    4.08    0.21    0.00    0.00   26.39
14:17:58       2   63.33    0.00   15.83    0.00    0.00    5.62    0.21    0.00    0.00   15.00
14:17:58       3   46.47    0.00   21.63    0.00    0.00    2.36    0.00    0.00    0.00   29.55

14:17:58     CPU    %usr   %nice    %sys %iowait    %irq   %soft  %steal  %guest  %gnice   %idle
14:18:03     all   50.32    0.00   20.82    0.05    0.00    3.50    0.16    0.00    0.00   25.16
14:18:03       0   42.48    0.00   25.93    0.00    0.00    1.31    0.00    0.00    0.00   30.28
14:18:03       1   57.44    0.00   16.56    0.00    0.00    4.61    0.21    0.00    0.00   21.17
14:18:03       2   46.19    0.00   23.31    0.00    0.00    5.72    0.21    0.00    0.00   24.58
14:18:03       3   54.79    0.00   17.71    0.21    0.00    2.29    0.21    0.00    0.00   24.79

14:18:03     CPU    %usr   %nice    %sys %iowait    %irq   %soft  %steal  %guest  %gnice   %idle
14:18:08     all   49.76    0.00   21.64    0.00    0.00    3.29    0.16    0.00    0.00   25.15
14:18:08       0   41.67    0.00   26.32    0.00    0.00    0.88    0.00    0.00    0.00   31.14
14:18:08       1   59.53    0.00   15.85    0.00    0.00    5.14    0.43    0.00    0.00   19.06
14:18:08       2   46.65    0.00   23.54    0.00    0.00    4.75    0.00    0.00    0.00   25.05
14:18:08       3   50.96    0.00   20.99    0.00    0.00    2.36    0.21    0.00    0.00   25.48

14:18:08     CPU    %usr   %nice    %sys %iowait    %irq   %soft  %steal  %guest  %gnice   %idle
14:18:13     all   50.24    0.00   20.90    0.05    0.00    3.21    0.21    0.00    0.00   25.39
14:18:13       0   39.61    0.00   26.48    0.22    0.00    0.88    0.22    0.00    0.00   32.60
14:18:13       1   59.57    0.00   15.32    0.00    0.00    4.89    0.21    0.00    0.00   20.00
14:18:13       2   47.22    0.00   24.15    0.00    0.00    4.91    0.00    0.00    0.00   23.72
14:18:13       3   54.20    0.00   17.86    0.00    0.00    2.10    0.42    0.00    0.00   25.42

14:18:13     CPU    %usr   %nice    %sys %iowait    %irq   %soft  %steal  %guest  %gnice   %idle
14:18:18     all   50.58    0.00   21.50    0.00    0.00    3.24    0.27    0.00    0.00   24.42
14:18:18       0   42.31    0.00   26.28    0.00    0.00    1.28    0.21    0.00    0.00   29.91
14:18:18       1   58.53    0.00   17.05    0.00    0.00    4.63    0.42    0.00    0.00   19.37
14:18:18       2   46.68    0.00   24.20    0.00    0.00    4.93    0.21    0.00    0.00   23.98
14:18:18       3   54.64    0.00   18.57    0.00    0.00    2.11    0.21    0.00    0.00   24.47

14:18:18     CPU    %usr   %nice    %sys %iowait    %irq   %soft  %steal  %guest  %gnice   %idle
14:18:23     all   51.25    0.00   21.72    0.00    0.00    3.40    0.11    0.00    0.00   23.53
14:18:23       0   43.76    0.00   25.38    0.00    0.00    0.88    0.00    0.00    0.00   29.98
14:18:23       1   62.42    0.00   15.66    0.00    0.00    5.22    0.21    0.00    0.00   16.49
14:18:23       2   46.71    0.00   24.84    0.00    0.00    4.88    0.00    0.00    0.00   23.57
14:18:23       3   51.68    0.00   21.22    0.00    0.00    2.52    0.21    0.00    0.00   24.37

14:18:23     CPU    %usr   %nice    %sys %iowait    %irq   %soft  %steal  %guest  %gnice   %idle
14:18:28     all   49.68    0.00   21.65    0.00    0.00    3.43    0.27    0.00    0.00   24.97
14:18:28       0   49.46    0.00   23.11    0.00    0.00    1.08    0.22    0.00    0.00   26.13
14:18:28       1   46.87    0.00   21.81    0.00    0.00    4.54    0.43    0.00    0.00   26.35
14:18:28       2   56.69    0.00   18.83    0.00    0.00    5.86    0.21    0.00    0.00   18.41
14:18:28       3   45.45    0.00   22.94    0.00    0.00    2.16    0.22    0.00    0.00   29.22
