Linux 6.17.0-1015-aws (ip-172-31-15-213) 	05/25/26 	_x86_64_	(4 CPU)

19:02:25     CPU    %usr   %nice    %sys %iowait    %irq   %soft  %steal  %guest  %gnice   %idle
19:02:30     all   15.23    0.00    4.63    0.00    0.00    0.46    0.05    0.00    0.00   79.63
19:02:30       0    8.04    0.00    4.54    0.00    0.00    0.62    0.21    0.00    0.00   86.60
19:02:30       1   19.02    0.00    4.70    0.00    0.00    0.00    0.00    0.00    0.00   76.28
19:02:30       2    8.16    0.00    4.81    0.00    0.00    1.26    0.00    0.00    0.00   85.77
19:02:30       3   25.41    0.00    4.47    0.00    0.00    0.00    0.00    0.00    0.00   70.12

19:02:30     CPU    %usr   %nice    %sys %iowait    %irq   %soft  %steal  %guest  %gnice   %idle
19:02:35     all   36.36    0.00   14.79    0.05    0.00    2.47    0.22    0.00    0.00   46.10
19:02:35       0   38.60    0.00   16.23    0.00    0.00    3.07    0.22    0.00    0.00   41.89
19:02:35       1   26.01    0.00   16.63    0.00    0.00    0.43    0.21    0.00    0.00   56.72
19:02:35       2   51.37    0.00   10.57    0.00    0.00    4.23    0.21    0.00    0.00   33.62
19:02:35       3   29.28    0.00   15.84    0.22    0.00    2.17    0.22    0.00    0.00   52.28

19:02:35     CPU    %usr   %nice    %sys %iowait    %irq   %soft  %steal  %guest  %gnice   %idle
19:02:40     all   38.84    0.00   17.27    0.00    0.00    2.34    0.11    0.00    0.00   41.44
19:02:40       0   42.30    0.00   16.49    0.00    0.00    3.69    0.22    0.00    0.00   37.31
19:02:40       1   39.27    0.00   14.81    0.00    0.00    0.86    0.00    0.00    0.00   45.06
19:02:40       2   41.81    0.00   17.24    0.00    0.00    1.29    0.22    0.00    0.00   39.44
19:02:40       3   31.78    0.00   20.67    0.00    0.00    3.56    0.00    0.00    0.00   44.00

19:02:40     CPU    %usr   %nice    %sys %iowait    %irq   %soft  %steal  %guest  %gnice   %idle
19:02:45     all   35.42    0.00   16.35    0.00    0.00    2.13    0.16    0.00    0.00   45.94
19:02:45       0   32.45    0.00   18.32    0.00    0.00    2.87    0.00    0.00    0.00   46.36
19:02:45       1   30.67    0.00   17.49    0.00    0.00    0.86    0.22    0.00    0.00   50.76
19:02:45       2   39.83    0.00   13.64    0.00    0.00    1.52    0.22    0.00    0.00   44.81
19:02:45       3   38.73    0.00   15.97    0.00    0.00    3.28    0.22    0.00    0.00   41.79

19:02:45     CPU    %usr   %nice    %sys %iowait    %irq   %soft  %steal  %guest  %gnice   %idle
19:02:50     all   37.89    0.00   17.10    0.05    0.00    2.44    0.16    0.00    0.00   42.35
19:02:50       0   32.46    0.00   19.08    0.00    0.00    2.85    0.22    0.00    0.00   45.39
19:02:50       1   40.69    0.00   16.49    0.00    0.00    1.07    0.00    0.00    0.00   41.76
19:02:50       2   35.21    0.00   16.41    0.22    0.00    1.51    0.22    0.00    0.00   46.44
19:02:50       3   43.20    0.00   16.45    0.00    0.00    4.39    0.22    0.00    0.00   35.75

19:02:50     CPU    %usr   %nice    %sys %iowait    %irq   %soft  %steal  %guest  %gnice   %idle
19:02:55     all   37.20    0.00   16.47    0.00    0.00    2.32    0.16    0.00    0.00   43.84
19:02:55       0   48.83    0.00   12.79    0.00    0.00    3.84    0.21    0.00    0.00   34.33
19:02:55       1   33.76    0.00   15.70    0.00    0.00    1.08    0.22    0.00    0.00   49.25
19:02:55       2   36.13    0.00   17.42    0.00    0.00    1.08    0.22    0.00    0.00   45.16
19:02:55       3   29.80    0.00   20.09    0.00    0.00    3.31    0.00    0.00    0.00   46.80

19:02:55     CPU    %usr   %nice    %sys %iowait    %irq   %soft  %steal  %guest  %gnice   %idle
19:03:00     all   34.57    0.00   16.52    0.05    0.00    2.02    0.16    0.00    0.00   46.67
19:03:00       0   37.89    0.00   16.08    0.00    0.00    2.86    0.22    0.00    0.00   42.95
19:03:00       1   30.17    0.00   17.46    0.22    0.00    0.86    0.00    0.00    0.00   51.29
19:03:00       2   28.48    0.00   16.96    0.00    0.00    1.09    0.22    0.00    0.00   53.26
19:03:00       3   41.89    0.00   15.57    0.00    0.00    3.29    0.22    0.00    0.00   39.04

19:03:00     CPU    %usr   %nice    %sys %iowait    %irq   %soft  %steal  %guest  %gnice   %idle
19:03:05     all   33.10    0.00   13.21    0.00    0.00    1.98    0.11    0.00    0.00   51.60
19:03:05       0   36.46    0.00   11.73    0.00    0.00    2.35    0.00    0.00    0.00   49.47
19:03:05       1   27.54    0.00   13.77    0.00    0.00    1.06    0.21    0.00    0.00   57.42
19:03:05       2   36.54    0.00   14.96    0.00    0.00    1.28    0.21    0.00    0.00   47.01
19:03:05       3   31.89    0.00   12.36    0.00    0.00    3.25    0.00    0.00    0.00   52.49
