info: Loading workload script /workload/performance.rn...
info: Connecting to ["http://172.31.1.92:8000"]... 
info: Connected to '' cluster running ScyllaDB 2026.1.0~dev-0.20251003.20aeed160740 with build-id d177add4e6a23f71d527ca6e182d27a1f9ad74b4
info: Preparing...
info: Warming up...
info: Running benchmark...
CONFIG ═════════════════════════════════════════════════════════════════════════════════════════════════════════════════════
            Date            Mon, 20 Apr 2026                                                          
            Time            14:13:33 +0000                                                            
         Cluster                                                                                      
      DB version            ScyllaDB 2026.1.0~dev-0.20251003.20aeed160740 with build-id d177add4e6a23f71d527ca6e182d27a1f9ad74b4                                            
        Workload            performance.rn                                                            
     Function(s)            get:0.5, update:0.5                                                       
            Tags                                                                                      
────────────────────────────────────────────────────────────────────────────────────────────────────────────────────────────
-P alternator.consistentReads            false                                                                     
   -P fieldcount            10                                                                        
  -P fieldlength            512                                                                       
-P requestdistribution            "uniform"                                                                 
    -P row_count            5000000                                                                   
        -P table            "latte_performance"                                                       
────────────────────────────────────────────────────────────────────────────────────────────────────────────────────────────
         Threads                    8                                                                 
     Concurrency     [req]          4                                                                 
        Max rate    [op/s]       5000                                                                 
          Warmup       [s]         30                                                                 
              └─      [op]                                                                            
        Run time       [s]       60.0                                                                 
              └─      [op]                                                                            
        Sampling       [s]        1.0                                                                 
              └─      [op]                                                                            
 Request timeout       [s]          5                                                                 
         Retries                                                                                      
  ┌──────┴number                   10                                                                 
  ├─min interval      [ms]        100                                                                 
  └─max interval      [ms]       5000                                                                 

LOG ════════════════════════════════════════════════════════════════════════════════════════════════════════════════════════
    Time    Cycles    Errors    Thrpt.     ────────────────────────────────── Latency [ms/op] ──────────────────────────────
     [s]      [op]      [op]    [op/s]             Min        50        75        90        95        99      99.9       Max
   1.001      4992         0      4987           0.428     1.328     1.776     2.370     2.638     2.945     3.211     4.743
   2.001      5000         0      5001           0.429     1.339     1.814     2.361     2.650     2.961     4.432     5.067
   3.001      5000         0      5000           0.450     1.309     1.737     2.357     2.621     2.898     3.144     3.572
   4.001      5001         0      5001           0.436     1.334     1.785     2.331     2.638     2.941     3.170     4.887
   5.001      4999         0      4999           0.441     1.330     1.774     2.365     2.648     2.937     3.156     3.666
   6.001      5000         0      5000           0.460     1.334     1.781     2.349     2.646     2.978     3.211     4.714
   7.001      5000         0      5000           0.440     1.312     1.737     2.286     2.599     2.935     3.310     4.714
   8.001      5000         0      4999           0.438     1.315     1.768     2.382     2.656     2.910     3.201     3.625
   9.001      5000         0      5001           0.454     1.345     1.823     2.429     2.707     2.984     3.736     4.428
  10.001      5000         0      5001           0.421     1.327     1.763     2.329     2.613     2.894     3.308     5.489
  11.001      5000         0      5000           0.419     1.332     1.774     2.404     2.656     2.949     3.226     3.641
  12.001      5000         0      4999           0.436     1.316     1.689     2.247     2.570     2.843     3.064     3.170
  13.002      5001         0      4997           0.453     1.306     1.795     2.365     2.609     2.916     3.187     3.322
  14.001      4998         0      5003           0.408     1.321     1.734     2.322     2.615     2.863     3.222     4.168
  15.001      5001         0      5000           0.439     1.323     1.755     2.337     2.630     2.908     3.224     4.657
  16.001      5000         0      5000           0.423     1.328     1.743     2.249     2.544     2.859     3.219     5.255
  17.001      4999         0      5001           0.407     1.331     1.779     2.359     2.658     2.963     3.146     3.598
  18.001      5000         0      5000           0.438     1.324     1.768     2.374     2.666     2.918     3.643     5.882
  19.002      5001         0      4998           0.438     1.335     1.787     2.302     2.626     2.906     3.066     4.723
  20.001      4999         0      5002           0.413     1.331     1.776     2.345     2.640     2.929     3.256     3.439
  21.001      5004         0      5004           0.430     1.318     1.746     2.333     2.628     2.902     3.072     3.133
  22.002      4997         0      4994           0.435     1.348     1.808     2.351     2.642     2.941     3.219     3.404
  23.002      5000         0      5000           0.430     1.336     1.803     2.372     2.664     2.941     3.131     3.342
  24.001      4999         0      5001           0.416     1.361     1.844     2.337     2.701     3.009     3.705     6.656
  25.001      5002         0      5002           0.437     1.347     1.818     2.367     2.658     2.953     3.258     4.977
  26.001      4999         0      4998           0.411     1.332     1.806     2.382     2.652     2.906     3.166     5.493
  27.001      5000         0      4999           0.454     1.353     1.843     2.400     2.662     2.988     3.535     5.161
  28.001      5002         0      5003           0.452     1.334     1.809     2.396     2.689     2.988     3.256     4.796
  29.001      4997         0      4996           0.477     1.370     1.816     2.353     2.685     3.017     3.316     3.402
  30.001      5001         0      5000           0.482     1.335     1.815     2.386     2.638     2.914     3.473     4.571
  31.002      5000         0      4999           0.417     1.333     1.812     2.388     2.648     2.914     3.207     3.484
  32.001      5000         0      5001           0.435     1.327     1.782     2.365     2.640     2.918     3.219     3.772
  33.002      5000         0      4998           0.443     1.325     1.809     2.415     2.687     2.929     3.176     3.891
  34.001      5002         0      5006           0.440     1.362     1.830     2.300     2.613     2.910     3.168     3.854
  35.001      5001         0      5001           0.412     1.318     1.773     2.316     2.601     2.871     3.138     3.236
  36.001      4997         0      4997           0.433     1.368     1.842     2.408     2.705     3.017     3.287     3.856
  37.001      5000         0      4999           0.452     1.350     1.800     2.327     2.636     3.017     3.478     4.833
  38.001      5000         0      5001           0.413     1.366     1.830     2.249     2.587     2.949     3.170     3.559
  39.001      4999         0      4999           0.442     1.364     1.831     2.423     2.710     3.047     4.172     4.510
  40.002      5003         0      4998           0.419     1.369     1.826     2.380     2.681     2.978     3.189     3.305
  41.001      4998         0      5003           0.437     1.358     1.850     2.388     2.699     3.037     3.215     3.330
  42.001      5000         0      4999           0.423     1.332     1.751     2.327     2.611     2.888     3.232     3.734
  43.001      5000         0      5000           0.447     1.368     1.825     2.363     2.683     3.000     3.938     5.882
  44.002      5000         0      4999           0.443     1.364     1.829     2.347     2.638     2.939     3.189     4.264
  45.001      4999         0      5001           0.424     1.347     1.818     2.322     2.613     2.937     3.172     3.664
  46.002      5001         0      4999           0.443     1.357     1.826     2.423     2.728     3.000     3.449     4.020
  47.001      5000         0      5002           0.430     1.334     1.770     2.353     2.607     2.877     3.256     5.100
  48.001      5000         0      4999           0.432     1.331     1.806     2.365     2.664     2.935     3.297     3.502
  49.002      5002         0      5001           0.446     1.340     1.788     2.335     2.658     2.972     3.162     3.443
  50.001      4998         0      4999           0.451     1.348     1.811     2.456     2.724     2.996     3.260     4.448
  51.001      5000         0      5001           0.408     1.330     1.762     2.292     2.591     2.882     3.105     4.215
  52.001      5003         0      5004           0.416     1.309     1.724     2.339     2.597     2.853     3.060     4.465
  53.002      4998         0      4993           0.458     1.379     1.850     2.435     2.697     2.996     3.314     3.940
  54.002      5000         0      5000           0.428     1.338     1.808     2.386     2.664     2.972     3.242     6.803
  55.001      4999         0      5002           0.467     1.339     1.801     2.353     2.628     2.904     3.166     3.451
  56.002      5000         0      4998           0.420     1.314     1.779     2.390     2.634     2.914     3.164     3.838
  57.001      5002         0      5005           0.469     1.349     1.809     2.410     2.677     2.961     3.252     5.644
  58.001      4998         0      4996           0.440     1.331     1.738     2.355     2.675     2.972     3.361     3.844
  59.002      5001         0      4998           0.439     1.327     1.783     2.402     2.671     2.943     3.279     5.837
  60.001      4999         0      5004           0.409     1.316     1.781     2.359     2.650     2.949     3.668     4.981

SUMMARY STATS ══════════════════════════════════════════════════════════════════════════════════════════════════════════════
    Elapsed time       [s]     60.003                                                                 
        CPU time       [s]     74.189                                                                 
 CPU utilisation       [%]        7.7                                                                 
          Cycles      [op]     299992                                                                 
          Errors      [op]          0                                                                 
              └─       [%]        0.0                                                                 
        Requests     [req]     299992                                                                 
              └─  [req/op]        1.0                                                                 
         Retries     [ret]          0                                                                 
              └─ [ret/req]    0.00000                                                                 
            Rows     [row]     149701                                                                 
              └─ [row/req]        0.5                                                                 
     Concurrency     [req]          0 ± 0                                                             
              └─       [%]          5                                                                 
      Throughput    [op/s]       5000 ± 2                                                             
              ├─   [req/s]       5000 ± 2                                                             
              └─   [row/s]       2495 ± 1                                                             
   Cycle latency      [ms]      1.439 ± 0.004                                                         
 Request latency      [ms]      0.725 ± 0.001                                                         

CYCLE LATENCY for get [ms]  ════════════════════════════════════════════════════════════════════════════════════════════════
          Min                   0.452 ± 0.009                                                         
           25                   1.003 ± 0.005                                                         
           50                   1.388 ± 0.008                                                         
           75                   1.846 ± 0.008                                                         
           90                   2.408 ± 0.017                                                         
           95                   2.699 ± 0.012                                                         
           98                   2.882 ± 0.010                                                         
           99                   2.988 ± 0.010                                                         
           99.9                 3.269 ± 0.041                                                         
           99.99                4.768 ± 0.333                                                         
          Max                   6.803 ± 0.856                                                         

CYCLE LATENCY for update [ms]  ═════════════════════════════════════════════════════════════════════════════════════════════
          Min                   0.407 ± 0.002                                                         
           25                   0.907 ± 0.004                                                         
           50                   1.290 ± 0.007                                                         
           75                   1.731 ± 0.008                                                         
           90                   2.310 ± 0.014                                                         
           95                   2.599 ± 0.009                                                         
           98                   2.785 ± 0.008                                                         
           99                   2.888 ± 0.013                                                         
           99.9                 3.183 ± 0.044                                                         
           99.99                4.657 ± 0.581                                                         
          Max                   5.882 ± 0.476                                                         

info: Saved report to /output/latte_1.json
TIMEFORMAT 90.463 190.544 31.683
