Linux 6.17.0-1010-aws (ip-172-31-9-32) 	04/20/26 	_x86_64_	(16 CPU)

14:13:32      UID       PID    %usr %system  %guest   %wait    %CPU   CPU  Command
14:13:37        0         1    0.20    0.00    0.00    0.00    0.20     1  systemd
14:13:37        0       227    0.20    0.00    0.00    0.00    0.20    15  systemd-journal
14:13:37      101       800    0.20    0.20    0.00    0.00    0.40    15  dbus-daemon
14:13:37        0      2089    0.40    0.20    0.00    0.00    0.60     3  containerd
14:13:37        0      2339    0.40    0.20    0.00    0.00    0.60     2  dockerd
14:13:37     1000      2934    0.20    0.20    0.00    0.00    0.40     9  systemd
14:13:37     1000     13394    0.00    0.20    0.00    0.00    0.20    12  pidstat
14:13:37        0     13502    0.20    0.00    0.00    0.00    0.20     6  run-benchmark.s
14:13:37        0     13516  361.68   54.49    0.00    0.00  416.17    10  latte-alternato

14:13:37      UID       PID    %usr %system  %guest   %wait    %CPU   CPU  Command
14:13:42        0      1487    0.00    0.20    0.00    0.00    0.20     5  kworker/u64:7-events_power_efficient
14:13:42        0     13516  423.20   61.00    0.00    0.00  484.20    10  latte-alternato

14:13:42      UID       PID    %usr %system  %guest   %wait    %CPU   CPU  Command
14:13:47        0      2089    0.00    0.20    0.00    0.00    0.20     3  containerd
14:13:47        0      2339    0.20    0.00    0.00    0.00    0.20     2  dockerd
14:13:47     1000     13394    0.20    0.20    0.00    0.00    0.40     5  pidstat
14:13:47        0     13516  441.40   65.20    0.00    0.00  506.60    10  latte-alternato

14:13:47      UID       PID    %usr %system  %guest   %wait    %CPU   CPU  Command
14:13:52        0       128    0.00    0.20    0.00    0.00    0.20     8  kworker/8:1-events
14:13:52        0       156    0.00    0.20    0.00    0.20    0.20     7  kworker/7:1-events
14:13:52        0       218    0.00    0.20    0.00    0.00    0.20     5  kworker/5:1-events
14:13:52        0       220    0.00    0.20    0.00    0.00    0.20    12  kworker/12:1-events
14:13:52        0     13516  420.00   60.00    0.00    0.00  480.00    10  latte-alternato

14:13:52      UID       PID    %usr %system  %guest   %wait    %CPU   CPU  Command
14:13:57     1000     13394    0.00    0.20    0.00    0.00    0.20     5  pidstat
14:13:57        0     13516  445.20   66.40    0.00    0.00  511.60    10  latte-alternato

14:13:57      UID       PID    %usr %system  %guest   %wait    %CPU   CPU  Command
14:14:02        0      9715    0.00    0.20    0.00    0.00    0.20     7  kworker/u64:8-events_power_efficient
14:14:02        0     12510    0.00    0.20    0.00    0.00    0.20     9  kworker/9:1-events
14:14:02     1000     13394    0.20    0.20    0.00    0.00    0.40     5  pidstat
14:14:02        0     13516  422.40   59.60    0.00    0.00  482.00    10  latte-alternato

14:14:02      UID       PID    %usr %system  %guest   %wait    %CPU   CPU  Command
14:14:07        0      2089    0.20    0.20    0.00    0.00    0.40     3  containerd
14:14:07        0     13459    0.00    0.20    0.00    0.00    0.20     4  docker
14:14:07        0     13516  146.40   25.40    0.00    0.00  171.80    10  latte-alternato

14:14:07      UID       PID    %usr %system  %guest   %wait    %CPU   CPU  Command
14:14:12     1000     13394    0.00    0.20    0.00    0.00    0.20     5  pidstat
14:14:12        0     13516  101.20   22.20    0.00    0.00  123.40    12  latte-alternato

14:14:12      UID       PID    %usr %system  %guest   %wait    %CPU   CPU  Command
14:14:17     1000     13394    0.20    0.00    0.00    0.00    0.20    12  pidstat
14:14:17        0     13516  102.80   21.20    0.00    0.00  124.00    12  latte-alternato

14:14:17      UID       PID    %usr %system  %guest   %wait    %CPU   CPU  Command
14:14:22        0         1    0.20    0.00    0.00    0.00    0.20     4  systemd
14:14:22     1000     13394    0.00    0.20    0.00    0.00    0.20    12  pidstat
14:14:22        0     13516  102.00   21.00    0.00    0.00  123.00    12  latte-alternato

14:14:22      UID       PID    %usr %system  %guest   %wait    %CPU   CPU  Command
14:14:27        0      2089    0.20    0.00    0.00    0.00    0.20     3  containerd
14:14:27        0     13516  102.20   21.20    0.00    0.00  123.40    12  latte-alternato

14:14:27      UID       PID    %usr %system  %guest   %wait    %CPU   CPU  Command
14:14:32        0       220    0.00    0.20    0.00    0.00    0.20    12  kworker/12:1-events
14:14:32        0      1309    0.00    0.20    0.00    0.00    0.20    10  sshd
14:14:32     1000     13394    0.00    0.20    0.00    0.00    0.20    12  pidstat
14:14:32        0     13516  103.60   21.20    0.00    0.00  124.80    10  latte-alternato

14:14:32      UID       PID    %usr %system  %guest   %wait    %CPU   CPU  Command
14:14:37        0      2089    0.00    0.20    0.00    0.00    0.20     3  containerd
14:14:37     1000     13394    0.20    0.00    0.00    0.00    0.20    12  pidstat
14:14:37        0     13516  102.20   21.00    0.00    0.00  123.20    12  latte-alternato

14:14:37      UID       PID    %usr %system  %guest   %wait    %CPU   CPU  Command
14:14:42        0       218    0.00    0.20    0.00    0.00    0.20     5  kworker/5:1-events
14:14:42      110       908    0.20    0.00    0.00    0.00    0.20    12  chronyd
14:14:42        0     13516  103.60   21.20    0.00    0.00  124.80    12  latte-alternato

14:14:42      UID       PID    %usr %system  %guest   %wait    %CPU   CPU  Command
14:14:47        0       156    0.00    0.20    0.00    0.00    0.20     7  kworker/7:1-events
14:14:47     1000     13394    0.00    0.20    0.00    0.00    0.20    12  pidstat
14:14:47        0     13516  102.20   22.40    0.00    0.00  124.60    12  latte-alternato

14:14:47      UID       PID    %usr %system  %guest   %wait    %CPU   CPU  Command
14:14:52        0     13516  100.80   22.00    0.00    0.00  122.80    12  latte-alternato

14:14:52      UID       PID    %usr %system  %guest   %wait    %CPU   CPU  Command
14:14:57        0      2089    0.20    0.00    0.00    0.00    0.20     3  containerd
14:14:57     1000     13394    0.20    0.20    0.00    0.00    0.40    12  pidstat
14:14:57        0     13516  102.00   22.20    0.00    0.00  124.20    12  latte-alternato

14:14:57      UID       PID    %usr %system  %guest   %wait    %CPU   CPU  Command
14:15:02        0        15    0.20    0.00    0.00    0.00    0.20     1  rcu_sched
14:15:02        0       227    0.00    0.20    0.00    0.00    0.20     7  systemd-journal
14:15:02        0     13516  103.60   21.60    0.00    0.00  125.20    10  latte-alternato

14:15:02      UID       PID    %usr %system  %guest   %wait    %CPU   CPU  Command
14:15:07        0         1    0.20    0.20    0.00    0.00    0.40     5  systemd
14:15:07        0       817    0.20    0.00    0.00    0.00    0.20    11  systemd-logind
14:15:07        0      2089    0.00    0.20    0.00    0.00    0.20     3  containerd
14:15:07     1000     13394    0.00    0.20    0.00    0.00    0.20    12  pidstat
