Linux 6.17.0-1015-aws (ip-172-31-3-246) 	05/27/26 	_x86_64_	(4 CPU)

19:07:08     CPU    %usr   %nice    %sys %iowait    %irq   %soft  %steal  %guest  %gnice   %idle
19:07:13     all   12.29    0.00    2.12    0.00    0.00    0.15    0.15    0.00    0.00   85.29
19:07:13       0    2.42    0.00    2.02    0.00    0.00    0.20    0.20    0.00    0.00   95.16
19:07:13       1   24.50    0.00    2.21    0.00    0.00    0.20    0.20    0.00    0.00   72.89
19:07:13       2    2.83    0.00    2.02    0.00    0.00    0.00    0.00    0.00    0.00   95.15
19:07:13       3   19.35    0.00    2.22    0.00    0.00    0.20    0.20    0.00    0.00   78.02

19:07:13     CPU    %usr   %nice    %sys %iowait    %irq   %soft  %steal  %guest  %gnice   %idle
19:07:18     all   66.83    0.00   21.21    0.00    0.00   11.61    0.20    0.00    0.00    0.15
19:07:18       0   65.40    0.00   20.60    0.00    0.00   13.60    0.20    0.00    0.00    0.20
19:07:18       1   68.60    0.00   19.40    0.00    0.00   11.80    0.20    0.00    0.00    0.00
19:07:18       2   68.94    0.00   22.04    0.00    0.00    8.62    0.20    0.00    0.00    0.20
19:07:18       3   64.40    0.00   22.80    0.00    0.00   12.40    0.20    0.00    0.00    0.20

19:07:18     CPU    %usr   %nice    %sys %iowait    %irq   %soft  %steal  %guest  %gnice   %idle
19:07:23     all   66.77    0.00   21.09    0.00    0.00   11.84    0.20    0.00    0.00    0.10
19:07:23       0   67.13    0.00   21.44    0.00    0.00   11.22    0.20    0.00    0.00    0.00
19:07:23       1   67.33    0.00   20.12    0.00    0.00   12.15    0.20    0.00    0.00    0.20
19:07:23       2   64.40    0.00   23.60    0.00    0.00   11.60    0.20    0.00    0.00    0.20
19:07:23       3   68.20    0.00   19.20    0.00    0.00   12.40    0.20    0.00    0.00    0.00

19:07:23     CPU    %usr   %nice    %sys %iowait    %irq   %soft  %steal  %guest  %gnice   %idle
19:07:28     all   67.78    0.00   20.56    0.00    0.00   11.31    0.20    0.00    0.00    0.15
19:07:28       0   66.27    0.00   22.95    0.00    0.00   10.38    0.20    0.00    0.00    0.20
19:07:28       1   67.27    0.00   20.08    0.00    0.00   12.45    0.20    0.00    0.00    0.00
19:07:28       2   68.80    0.00   20.20    0.00    0.00   10.60    0.20    0.00    0.00    0.20
19:07:28       3   68.80    0.00   19.00    0.00    0.00   11.80    0.20    0.00    0.00    0.20

19:07:28     CPU    %usr   %nice    %sys %iowait    %irq   %soft  %steal  %guest  %gnice   %idle
19:07:33     all   68.10    0.00   20.61    0.00    0.00   11.03    0.25    0.00    0.00    0.00
19:07:33       0   65.66    0.00   24.10    0.00    0.00   10.04    0.20    0.00    0.00    0.00
19:07:33       1   69.20    0.00   18.00    0.00    0.00   12.60    0.20    0.00    0.00    0.00
19:07:33       2   67.00    0.00   22.13    0.00    0.00   10.66    0.20    0.00    0.00    0.00
19:07:33       3   70.54    0.00   18.24    0.00    0.00   10.82    0.40    0.00    0.00    0.00

19:07:33     CPU    %usr   %nice    %sys %iowait    %irq   %soft  %steal  %guest  %gnice   %idle
19:07:38     all   68.45    0.00   20.25    0.00    0.00   10.90    0.20    0.00    0.00    0.20
19:07:38       0   76.85    0.00   11.98    0.00    0.00   10.78    0.20    0.00    0.00    0.20
19:07:38       1   67.00    0.00   21.60    0.00    0.00   11.00    0.20    0.00    0.00    0.20
19:07:38       2   65.67    0.00   24.15    0.00    0.00    9.78    0.20    0.00    0.00    0.20
19:07:38       3   64.26    0.00   23.29    0.00    0.00   12.05    0.20    0.00    0.00    0.20

19:07:38     CPU    %usr   %nice    %sys %iowait    %irq   %soft  %steal  %guest  %gnice   %idle
19:07:43     all   67.72    0.00   19.93    0.00    0.00   10.69    0.15    0.00    0.00    1.51
19:07:43       0   69.74    0.00   18.24    0.00    0.00   10.42    0.20    0.00    0.00    1.40
19:07:43       1   66.40    0.00   21.13    0.00    0.00   11.07    0.00    0.00    0.00    1.41
19:07:43       2   65.86    0.00   22.09    0.00    0.00   10.24    0.20    0.00    0.00    1.61
19:07:43       3   68.88    0.00   18.27    0.00    0.00   11.04    0.20    0.00    0.00    1.61

19:07:43     CPU    %usr   %nice    %sys %iowait    %irq   %soft  %steal  %guest  %gnice   %idle
19:07:48     all   63.46    0.00   22.43    0.00    0.00    9.68    0.25    0.00    0.00    4.18
19:07:48       0   64.85    0.00   24.85    0.00    0.00    8.08    0.20    0.00    0.00    2.02
19:07:48       1   58.35    0.00   26.16    0.00    0.00   10.26    0.20    0.00    0.00    5.03
19:07:48       2   64.72    0.00   20.16    0.00    0.00    9.48    0.40    0.00    0.00    5.24
19:07:48       3   65.93    0.00   18.55    0.00    0.00   10.89    0.20    0.00    0.00    4.44

19:07:48     CPU    %usr   %nice    %sys %iowait    %irq   %soft  %steal  %guest  %gnice   %idle
19:07:53     all   63.56    0.00   25.39    0.00    0.00    9.83    0.20    0.00    0.00    1.01
19:07:53       0   66.53    0.00   23.33    0.00    0.00    8.72    0.20    0.00    0.00    1.22
19:07:53       1   63.89    0.00   24.75    0.00    0.00   10.55    0.20    0.00    0.00    0.61
19:07:53       2   61.05    0.00   28.40    0.00    0.00    9.33    0.00    0.00    0.00    1.22
19:07:53       3   62.75    0.00   25.10    0.00    0.00   10.73    0.40    0.00    0.00    1.01

19:07:53     CPU    %usr   %nice    %sys %iowait    %irq   %soft  %steal  %guest  %gnice   %idle
19:07:58     all   64.63    0.00   24.19    0.00    0.00    9.91    0.25    0.00    0.00    1.02
19:07:58       0   62.86    0.00   27.14    0.00    0.00    8.57    0.20    0.00    0.00    1.22
19:07:58       1   66.46    0.00   21.75    0.00    0.00   10.57    0.20    0.00    0.00    1.02
19:07:58       2   67.75    0.00   20.89    0.00    0.00    9.94    0.41    0.00    0.00    1.01
19:07:58       3   61.46    0.00   26.98    0.00    0.00   10.55    0.20    0.00    0.00    0.81

19:07:58     CPU    %usr   %nice    %sys %iowait    %irq   %soft  %steal  %guest  %gnice   %idle
19:08:03     all   65.15    0.00   24.28    0.00    0.00    9.66    0.20    0.00    0.00    0.71
19:08:03       0   61.66    0.00   28.80    0.00    0.00    8.52    0.20    0.00    0.00    0.81
19:08:03       1   66.53    0.00   22.38    0.00    0.00   10.28    0.20    0.00    0.00    0.60
19:08:03       2   62.88    0.00   26.17    0.00    0.00    9.94    0.20    0.00    0.00    0.81
19:08:03       3   69.49    0.00   19.80    0.00    0.00    9.90    0.20    0.00    0.00    0.61

19:08:03     CPU    %usr   %nice    %sys %iowait    %irq   %soft  %steal  %guest  %gnice   %idle
19:08:08     all   63.65    0.00   24.81    0.00    0.00   10.23    0.20    0.00    0.00    1.11
19:08:08       0   62.04    0.00   27.35    0.00    0.00    8.98    0.20    0.00    0.00    1.43
19:08:08       1   64.30    0.00   23.73    0.00    0.00   10.34    0.20    0.00    0.00    1.42
19:08:08       2   64.19    0.00   24.55    0.00    0.00   10.26    0.20    0.00    0.00    0.80
19:08:08       3   64.04    0.00   23.64    0.00    0.00   11.31    0.20    0.00    0.00    0.81

19:08:08     CPU    %usr   %nice    %sys %iowait    %irq   %soft  %steal  %guest  %gnice   %idle
19:08:13     all   65.86    0.00   23.47    0.00    0.00    9.66    0.20    0.00    0.00    0.81
19:08:13       0   63.77    0.00   26.92    0.00    0.00    8.30    0.20    0.00    0.00    0.81
19:08:13       1   71.57    0.00   17.34    0.00    0.00   10.48    0.20    0.00    0.00    0.40
19:08:13       2   65.39    0.00   23.74    0.00    0.00    9.86    0.20    0.00    0.00    0.80
19:08:13       3   62.65    0.00   25.92    0.00    0.00   10.00    0.20    0.00    0.00    1.22

19:08:13     CPU    %usr   %nice    %sys %iowait    %irq   %soft  %steal  %guest  %gnice   %idle
19:08:18     all   63.32    0.00   25.52    0.00    0.00   10.10    0.20    0.00    0.00    0.86
19:08:18       0   67.75    0.00   21.50    0.00    0.00    9.74    0.20    0.00    0.00    0.81
19:08:18       1   61.99    0.00   26.63    0.00    0.00   10.16    0.20    0.00    0.00    1.02
19:08:18       2   62.55    0.00   26.11    0.00    0.00   10.32    0.20    0.00    0.00    0.81
19:08:18       3   60.98    0.00   27.85    0.00    0.00   10.16    0.20    0.00    0.00    0.81

19:08:18     CPU    %usr   %nice    %sys %iowait    %irq   %soft  %steal  %guest  %gnice   %idle
19:08:23     all   65.77    0.00   23.41    0.00    0.00    9.65    0.25    0.00    0.00    0.91
19:08:23       0   76.92    0.00   13.77    0.00    0.00    8.30    0.20    0.00    0.00    0.81
19:08:23       1   60.24    0.00   27.59    0.00    0.00   11.16    0.20    0.00    0.00    0.81
19:08:23       2   63.11    0.00   26.23    0.00    0.00    9.22    0.20    0.00    0.00    1.23
19:08:23       3   62.75    0.00   26.11    0.00    0.00    9.92    0.40    0.00    0.00    0.81

19:08:23     CPU    %usr   %nice    %sys %iowait    %irq   %soft  %steal  %guest  %gnice   %idle
19:08:28     all   64.78    0.00   24.25    0.05    0.00    9.85    0.20    0.00    0.00    0.86
19:08:28       0   69.76    0.00   20.36    0.20    0.00    8.47    0.40    0.00    0.00    0.81
19:08:28       1   64.11    0.00   24.60    0.00    0.00   10.69    0.00    0.00    0.00    0.60
19:08:28       2   64.78    0.00   24.70    0.00    0.00    9.51    0.20    0.00    0.00    0.81
19:08:28       3   60.45    0.00   27.38    0.00    0.00   10.75    0.20    0.00    0.00    1.22

19:08:28     CPU    %usr   %nice    %sys %iowait    %irq   %soft  %steal  %guest  %gnice   %idle
19:08:33     all   65.16    0.00   24.24    0.00    0.00    9.48    0.20    0.00    0.00    0.91
19:08:33       0   66.33    0.00   24.34    0.00    0.00    8.11    0.20    0.00    0.00    1.01
19:08:33       1   61.87    0.00   26.57    0.00    0.00   10.14    0.20    0.00    0.00    1.22
19:08:33       2   63.29    0.00   26.37    0.00    0.00    9.33    0.20    0.00    0.00    0.81
19:08:33       3   69.17    0.00   19.68    0.00    0.00   10.34    0.20    0.00    0.00    0.61

19:08:33     CPU    %usr   %nice    %sys %iowait    %irq   %soft  %steal  %guest  %gnice   %idle
19:08:38     all   64.85    0.00   24.05    0.00    0.00   10.14    0.20    0.00    0.00    0.76
19:08:38       0   70.77    0.00   19.56    0.00    0.00    8.87    0.20    0.00    0.00    0.60
19:08:38       1   59.43    0.00   28.19    0.00    0.00   10.95    0.20    0.00    0.00    1.22
19:08:38       2   63.38    0.00   25.75    0.00    0.00   10.06    0.20    0.00    0.00    0.60
19:08:38       3   65.79    0.00   22.74    0.00    0.00   10.66    0.20    0.00    0.00    0.60

19:08:38     CPU    %usr   %nice    %sys %iowait    %irq   %soft  %steal  %guest  %gnice   %idle
19:08:43     all   64.60    0.00   24.17    0.00    0.00    9.85    0.25    0.00    0.00    1.12
19:08:43       0   65.72    0.00   24.95    0.00    0.00    8.11    0.41    0.00    0.00    0.81
19:08:43       1   62.75    0.00   25.71    0.00    0.00   10.93    0.20    0.00    0.00    0.40
19:08:43       2   63.56    0.00   25.10    0.00    0.00   10.12    0.20    0.00    0.00    1.01
19:08:43       3   66.39    0.00   20.90    0.00    0.00   10.25    0.20    0.00    0.00    2.25

19:08:43     CPU    %usr   %nice    %sys %iowait    %irq   %soft  %steal  %guest  %gnice   %idle
19:08:48     all   65.67    0.00   23.47    0.00    0.00    9.99    0.20    0.00    0.00    0.66
19:08:48       0   62.42    0.00   28.28    0.00    0.00    8.48    0.20    0.00    0.00    0.61
19:08:48       1   62.27    0.00   25.96    0.00    0.00   10.75    0.20    0.00    0.00    0.81
19:08:48       2   67.68    0.00   21.41    0.00    0.00    9.90    0.20    0.00    0.00    0.81
19:08:48       3   70.28    0.00   18.27    0.00    0.00   10.84    0.20    0.00    0.00    0.40

19:08:48     CPU    %usr   %nice    %sys %iowait    %irq   %soft  %steal  %guest  %gnice   %idle
19:08:53     all   64.84    0.00   24.19    0.00    0.00    9.96    0.20    0.00    0.00    0.81
19:08:53       0   63.75    0.00   26.27    0.00    0.00    8.76    0.20    0.00    0.00    1.02
19:08:53       1   66.73    0.00   21.91    0.00    0.00   10.34    0.20    0.00    0.00    0.81
19:08:53       2   64.30    0.00   24.95    0.00    0.00    9.74    0.20    0.00    0.00    0.81
19:08:53       3   64.56    0.00   23.63    0.00    0.00   11.00    0.20    0.00    0.00    0.61

19:08:53     CPU    %usr   %nice    %sys %iowait    %irq   %soft  %steal  %guest  %gnice   %idle
19:08:58     all   64.80    0.00   24.13    0.00    0.00    9.81    0.25    0.00    0.00    1.01
19:08:58       0   63.34    0.00   26.68    0.00    0.00    8.35    0.20    0.00    0.00    1.43
19:08:58       1   65.32    0.00   22.78    0.00    0.00   10.89    0.20    0.00    0.00    0.81
19:08:58       2   68.28    0.00   21.41    0.00    0.00    9.29    0.20    0.00    0.00    0.81
19:08:58       3   62.22    0.00   25.66    0.00    0.00   10.71    0.40    0.00    0.00    1.01

19:08:58     CPU    %usr   %nice    %sys %iowait    %irq   %soft  %steal  %guest  %gnice   %idle
19:09:03     all   49.75    0.00   39.98    0.00    0.00    9.82    0.20    0.00    0.00    0.25
19:09:03       0   48.90    0.00   40.88    0.00    0.00    9.82    0.20    0.00    0.00    0.20
19:09:03       1   49.60    0.00   39.16    0.00    0.00   10.84    0.20    0.00    0.00    0.20
19:09:03       2   48.10    0.00   42.08    0.00    0.00    9.22    0.20    0.00    0.00    0.40
19:09:03       3   52.40    0.00   37.80    0.00    0.00    9.40    0.20    0.00    0.00    0.20

19:09:03     CPU    %usr   %nice    %sys %iowait    %irq   %soft  %steal  %guest  %gnice   %idle
19:09:08     all   62.44    0.00   27.12    0.00    0.00   10.19    0.20    0.00    0.00    0.05
19:09:08       0   60.28    0.00   29.74    0.00    0.00    9.78    0.20    0.00    0.00    0.00
19:09:08       1   56.09    0.00   33.13    0.00    0.00   10.38    0.20    0.00    0.00    0.20
19:09:08       2   65.20    0.00   24.40    0.00    0.00   10.20    0.20    0.00    0.00    0.00
19:09:08       3   68.20    0.00   21.20    0.00    0.00   10.40    0.20    0.00    0.00    0.00

19:09:08     CPU    %usr   %nice    %sys %iowait    %irq   %soft  %steal  %guest  %gnice   %idle
19:09:13     all   66.43    0.00   22.28    0.00    0.00   10.28    0.20    0.00    0.00    0.81
19:09:13       0   66.40    0.00   23.89    0.00    0.00    8.70    0.20    0.00    0.00    0.81
19:09:13       1   63.69    0.00   24.14    0.00    0.00   11.16    0.20    0.00    0.00    0.81
19:09:13       2   72.69    0.00   15.86    0.00    0.00   10.84    0.20    0.00    0.00    0.40
19:09:13       3   62.86    0.00   25.31    0.00    0.00   10.41    0.20    0.00    0.00    1.22

19:09:13     CPU    %usr   %nice    %sys %iowait    %irq   %soft  %steal  %guest  %gnice   %idle
19:09:18     all   66.77    0.00   22.15    0.00    0.00    9.91    0.25    0.00    0.00    0.91
19:09:18       0   63.84    0.00   26.67    0.00    0.00    8.28    0.40    0.00    0.00    0.81
19:09:18       1   71.49    0.00   16.87    0.00    0.00   11.04    0.20    0.00    0.00    0.40
19:09:18       2   62.58    0.00   26.58    0.00    0.00    9.00    0.20    0.00    0.00    1.64
19:09:18       3   69.09    0.00   18.59    0.00    0.00   11.31    0.20    0.00    0.00    0.81

19:09:18     CPU    %usr   %nice    %sys %iowait    %irq   %soft  %steal  %guest  %gnice   %idle
19:09:23     all   67.36    0.00   22.25    0.00    0.00    9.49    0.25    0.00    0.00    0.66
19:09:23       0   66.26    0.00   24.65    0.00    0.00    8.28    0.20    0.00    0.00    0.61
19:09:23       1   69.15    0.00   19.56    0.00    0.00   10.48    0.20    0.00    0.00    0.60
19:09:23       2   68.15    0.00   21.57    0.00    0.00    9.27    0.20    0.00    0.00    0.81
19:09:23       3   65.86    0.00   23.23    0.00    0.00    9.90    0.40    0.00    0.00    0.61

19:09:23     CPU    %usr   %nice    %sys %iowait    %irq   %soft  %steal  %guest  %gnice   %idle
19:09:28     all   66.50    0.00   22.69    0.00    0.00    9.75    0.15    0.00    0.00    0.91
19:09:28       0   68.02    0.00   22.06    0.00    0.00    8.91    0.20    0.00    0.00    0.81
19:09:28       1   64.71    0.00   24.34    0.00    0.00   10.14    0.00    0.00    0.00    0.81
19:09:28       2   66.53    0.00   22.58    0.00    0.00    9.48    0.20    0.00    0.00    1.21
19:09:28       3   66.73    0.00   21.77    0.00    0.00   10.48    0.20    0.00    0.00    0.81

19:09:28     CPU    %usr   %nice    %sys %iowait    %irq   %soft  %steal  %guest  %gnice   %idle
19:09:33     all   68.54    0.00   20.71    0.00    0.00    9.90    0.20    0.00    0.00    0.66
19:09:33       0   76.55    0.00   13.43    0.00    0.00    9.22    0.20    0.00    0.00    0.60
19:09:33       1   65.32    0.00   23.19    0.00    0.00   10.48    0.20    0.00    0.00    0.81
19:09:33       2   65.52    0.00   23.53    0.00    0.00    9.94    0.20    0.00    0.00    0.81
19:09:33       3   66.67    0.00   22.76    0.00    0.00    9.96    0.20    0.00    0.00    0.41

19:09:33     CPU    %usr   %nice    %sys %iowait    %irq   %soft  %steal  %guest  %gnice   %idle
19:09:38     all   67.56    0.00   21.66    0.00    0.00    9.87    0.20    0.00    0.00    0.71
19:09:38       0   67.68    0.00   22.22    0.00    0.00    9.09    0.20    0.00    0.00    0.81
19:09:38       1   65.05    0.00   23.84    0.00    0.00   10.51    0.20    0.00    0.00    0.40
19:09:38       2   68.50    0.00   20.93    0.00    0.00    9.35    0.20    0.00    0.00    1.02
19:09:38       3   69.03    0.00   19.64    0.00    0.00   10.53    0.20    0.00    0.00    0.61

19:09:38     CPU    %usr   %nice    %sys %iowait    %irq   %soft  %steal  %guest  %gnice   %idle
19:09:43     all   67.19    0.00   21.86    0.00    0.00    9.84    0.25    0.00    0.00    0.86
19:09:43       0   66.26    0.00   24.44    0.00    0.00    8.69    0.20    0.00    0.00    0.40
19:09:43       1   65.66    0.00   23.29    0.00    0.00   10.04    0.20    0.00    0.00    0.80
19:09:43       2   63.49    0.00   24.75    0.00    0.00   10.14    0.20    0.00    0.00    1.42
19:09:43       3   73.33    0.00   14.95    0.00    0.00   10.51    0.40    0.00    0.00    0.81
