Linux 6.17.0-1015-aws (ip-172-31-10-5) 	05/27/26 	_x86_64_	(4 CPU)

19:22:37     CPU    %usr   %nice    %sys %iowait    %irq   %soft  %steal  %guest  %gnice   %idle
19:22:42     all   19.73    0.00    7.01    0.05    0.00    0.73    0.21    0.00    0.00   72.27
19:22:42       0   11.13    0.00    6.72    0.00    0.00    1.26    0.21    0.00    0.00   80.67
19:22:42       1   24.02    0.00    5.80    0.00    0.00    1.04    0.21    0.00    0.00   68.94
19:22:42       2   11.83    0.00    7.47    0.21    0.00    0.62    0.21    0.00    0.00   79.67
19:22:42       3   31.75    0.00    8.04    0.00    0.00    0.00    0.21    0.00    0.00   60.00

19:22:42     CPU    %usr   %nice    %sys %iowait    %irq   %soft  %steal  %guest  %gnice   %idle
19:22:47     all   32.93    0.00   15.59    0.00    0.00    2.02    0.16    0.00    0.00   49.29
19:22:47       0   26.41    0.00   16.70    0.00    0.00    2.71    0.00    0.00    0.00   54.18
19:22:47       1   38.11    0.00   13.68    0.00    0.00    0.21    0.42    0.00    0.00   47.58
19:22:47       2   28.38    0.00   17.25    0.00    0.00    2.18    0.00    0.00    0.00   52.18
19:22:47       3   38.50    0.00   14.82    0.00    0.00    3.10    0.22    0.00    0.00   43.36

19:22:47     CPU    %usr   %nice    %sys %iowait    %irq   %soft  %steal  %guest  %gnice   %idle
19:22:52     all   30.56    0.00   13.94    0.00    0.00    1.75    0.05    0.00    0.00   53.69
19:22:52       0   49.89    0.00   10.71    0.00    0.00    3.43    0.00    0.00    0.00   35.97
19:22:52       1   24.20    0.00   13.06    0.00    0.00    0.00    0.00    0.00    0.00   62.74
19:22:52       2   23.44    0.00   16.29    0.00    0.00    2.01    0.22    0.00    0.00   58.04
19:22:52       3   24.16    0.00   15.88    0.00    0.00    1.57    0.00    0.00    0.00   58.39

19:22:52     CPU    %usr   %nice    %sys %iowait    %irq   %soft  %steal  %guest  %gnice   %idle
19:22:57     all   35.44    0.00   15.14    0.00    0.00    2.25    0.16    0.00    0.00   47.01
19:22:57       0   34.87    0.00   15.79    0.00    0.00    3.73    0.22    0.00    0.00   45.39
19:22:57       1   34.00    0.00   16.78    0.00    0.00    3.80    0.22    0.00    0.00   45.19
19:22:57       2   25.83    0.00   17.66    0.00    0.00    1.55    0.00    0.00    0.00   54.97
19:22:57       3   46.68    0.00   10.49    0.00    0.00    0.00    0.21    0.00    0.00   42.61

19:22:57     CPU    %usr   %nice    %sys %iowait    %irq   %soft  %steal  %guest  %gnice   %idle
19:23:02     all   30.18    0.00   14.76    0.00    0.00    2.00    0.16    0.00    0.00   52.89
19:23:02       0   36.92    0.00   13.85    0.00    0.00    3.08    0.00    0.00    0.00   46.15
19:23:02       1   25.84    0.00   16.26    0.00    0.00    3.79    0.22    0.00    0.00   53.90
19:23:02       2   25.27    0.00   16.27    0.00    0.00    1.28    0.21    0.00    0.00   56.96
19:23:02       3   32.64    0.00   12.76    0.00    0.00    0.00    0.21    0.00    0.00   54.39

19:23:02     CPU    %usr   %nice    %sys %iowait    %irq   %soft  %steal  %guest  %gnice   %idle
19:23:07     all   33.67    0.00   14.43    0.06    0.00    1.66    0.11    0.00    0.00   50.08
19:23:07       0   25.40    0.00   17.62    0.00    0.00    2.75    0.23    0.00    0.00   54.00
19:23:07       1   25.38    0.00   14.66    0.22    0.00    0.44    0.22    0.00    0.00   59.08
19:23:07       2   49.57    0.00   11.70    0.00    0.00    1.70    0.00    0.00    0.00   37.02
19:23:07       3   33.48    0.00   13.93    0.00    0.00    1.80    0.00    0.00    0.00   50.79

19:23:07     CPU    %usr   %nice    %sys %iowait    %irq   %soft  %steal  %guest  %gnice   %idle
19:23:12     all   31.51    0.00   14.58    0.05    0.00    1.86    0.16    0.00    0.00   51.83
19:23:12       0   22.99    0.00   17.41    0.22    0.00    2.68    0.00    0.00    0.00   56.70
19:23:12       1   35.76    0.00   13.49    0.00    0.00    0.64    0.21    0.00    0.00   49.89
19:23:12       2   22.64    0.00   16.48    0.00    0.00    1.32    0.22    0.00    0.00   59.34
19:23:12       3   44.25    0.00   11.06    0.00    0.00    2.82    0.22    0.00    0.00   41.65

19:23:12     CPU    %usr   %nice    %sys %iowait    %irq   %soft  %steal  %guest  %gnice   %idle
19:23:17     all   29.53    0.00   14.90    0.00    0.00    1.69    0.11    0.00    0.00   53.78
19:23:17       0   23.84    0.00   17.88    0.00    0.00    2.21    0.00    0.00    0.00   56.07
19:23:17       1   34.11    0.00   12.50    0.00    0.00    0.64    0.21    0.00    0.00   52.54
19:23:17       2   35.33    0.00   13.28    0.00    0.00    1.28    0.00    0.00    0.00   50.11
19:23:17       3   24.38    0.00   16.11    0.00    0.00    2.68    0.22    0.00    0.00   56.60

19:23:17     CPU    %usr   %nice    %sys %iowait    %irq   %soft  %steal  %guest  %gnice   %idle
19:23:22     all   35.74    0.00   15.59    0.00    0.00    2.17    0.11    0.00    0.00   46.39
19:23:22       0   29.40    0.00   18.04    0.00    0.00    3.12    0.22    0.00    0.00   49.22
19:23:22       1   36.46    0.00   14.50    0.00    0.00    0.64    0.00    0.00    0.00   48.40
19:23:22       2   38.58    0.00   14.87    0.00    0.00    1.72    0.00    0.00    0.00   44.83
19:23:22       3   38.34    0.00   15.03    0.00    0.00    3.27    0.22    0.00    0.00   43.14

19:23:22     CPU    %usr   %nice    %sys %iowait    %irq   %soft  %steal  %guest  %gnice   %idle
19:23:27     all   31.52    0.00   14.31    0.00    0.00    2.30    0.11    0.00    0.00   51.75
19:23:27       0   25.73    0.00   15.58    0.00    0.00    3.16    0.00    0.00    0.00   55.53
19:23:27       1   24.40    0.00   15.69    0.00    0.00    0.44    0.22    0.00    0.00   59.26
19:23:27       2   22.98    0.00   15.97    0.00    0.00    1.53    0.22    0.00    0.00   59.30
19:23:27       3   52.47    0.00   10.11    0.00    0.00    4.09    0.00    0.00    0.00   33.33

19:23:27     CPU    %usr   %nice    %sys %iowait    %irq   %soft  %steal  %guest  %gnice   %idle
19:23:32     all   29.96    0.00   15.39    0.00    0.00    2.28    0.11    0.00    0.00   52.26
19:23:32       0   34.07    0.00   15.04    0.00    0.00    2.88    0.00    0.00    0.00   48.01
19:23:32       1   21.77    0.00   15.52    0.00    0.00    0.86    0.22    0.00    0.00   61.64
19:23:32       2   36.36    0.00   15.86    0.00    0.00    1.90    0.00    0.00    0.00   45.88
19:23:32       3   27.56    0.00   15.11    0.00    0.00    3.56    0.22    0.00    0.00   53.56

19:23:32     CPU    %usr   %nice    %sys %iowait    %irq   %soft  %steal  %guest  %gnice   %idle
19:23:37     all   34.81    0.00   14.05    0.00    0.00    1.89    0.22    0.00    0.00   49.03
19:23:37       0   27.17    0.00   15.75    0.00    0.00    3.20    0.23    0.00    0.00   53.65
19:23:37       1   35.95    0.00   13.94    0.00    0.00    0.44    0.22    0.00    0.00   49.46
19:23:37       2   36.44    0.00   13.67    0.00    0.00    1.52    0.22    0.00    0.00   48.16
19:23:37       3   39.50    0.00   12.87    0.00    0.00    2.48    0.23    0.00    0.00   44.92

19:23:37     CPU    %usr   %nice    %sys %iowait    %irq   %soft  %steal  %guest  %gnice   %idle
19:23:42     all   30.77    0.00   14.75    0.00    0.00    2.04    0.06    0.00    0.00   52.38
19:23:42       0   24.32    0.00   17.27    0.00    0.00    2.73    0.00    0.00    0.00   55.68
19:23:42       1   22.27    0.00   15.72    0.00    0.00    0.87    0.22    0.00    0.00   60.92
19:23:42       2   39.83    0.00   12.85    0.00    0.00    1.93    0.00    0.00    0.00   45.40
19:23:42       3   36.40    0.00   13.26    0.00    0.00    2.70    0.00    0.00    0.00   47.64

19:23:42     CPU    %usr   %nice    %sys %iowait    %irq   %soft  %steal  %guest  %gnice   %idle
19:23:47     all   30.59    0.00   15.24    0.00    0.00    2.04    0.11    0.00    0.00   52.02
19:23:47       0   47.61    0.00   11.96    0.00    0.00    4.13    0.00    0.00    0.00   36.30
19:23:47       1   23.46    0.00   15.57    0.00    0.00    0.44    0.22    0.00    0.00   60.31
19:23:47       2   25.55    0.00   16.52    0.00    0.00    1.32    0.00    0.00    0.00   56.61
19:23:47       3   25.40    0.00   17.01    0.00    0.00    2.27    0.23    0.00    0.00   55.10

19:23:47     CPU    %usr   %nice    %sys %iowait    %irq   %soft  %steal  %guest  %gnice   %idle
19:23:52     all   32.53    0.00   13.92    0.00    0.00    2.18    0.17    0.00    0.00   51.20
19:23:52       0   23.76    0.00   16.00    0.00    0.00    2.59    0.24    0.00    0.00   57.41
19:23:52       1   22.08    0.00   15.89    0.00    0.00    0.88    0.22    0.00    0.00   60.93
19:23:52       2   32.15    0.00   14.19    0.00    0.00    1.55    0.22    0.00    0.00   51.88
19:23:52       3   51.30    0.00    9.78    0.00    0.00    3.70    0.00    0.00    0.00   35.22

19:23:52     CPU    %usr   %nice    %sys %iowait    %irq   %soft  %steal  %guest  %gnice   %idle
19:23:57     all   31.07    0.00   15.03    0.00    0.00    2.08    0.17    0.00    0.00   51.65
19:23:57       0   25.87    0.00   17.32    0.00    0.00    3.46    0.23    0.00    0.00   53.12
19:23:57       1   21.95    0.00   15.52    0.00    0.00    0.67    0.00    0.00    0.00   61.86
19:23:57       2   39.39    0.00   14.00    0.00    0.00    1.53    0.22    0.00    0.00   44.86
19:23:57       3   36.88    0.00   13.35    0.00    0.00    2.71    0.23    0.00    0.00   46.83

19:23:57     CPU    %usr   %nice    %sys %iowait    %irq   %soft  %steal  %guest  %gnice   %idle
19:24:02     all   29.73    0.00   14.76    0.00    0.00    1.76    0.11    0.00    0.00   53.65
19:24:02       0   24.89    0.00   15.84    0.00    0.00    2.49    0.00    0.00    0.00   56.79
19:24:02       1   24.63    0.00   16.06    0.00    0.00    0.21    0.21    0.00    0.00   58.89
19:24:02       2   22.05    0.00   15.37    0.00    0.00    1.11    0.00    0.00    0.00   61.47
19:24:02       3   46.88    0.00   11.83    0.00    0.00    3.23    0.22    0.00    0.00   37.85

19:24:02     CPU    %usr   %nice    %sys %iowait    %irq   %soft  %steal  %guest  %gnice   %idle
19:24:07     all   33.63    0.00   14.99    0.00    0.00    2.21    0.22    0.00    0.00   48.95
19:24:07       0   34.14    0.00   14.98    0.00    0.00    3.74    0.22    0.00    0.00   46.92
19:24:07       1   43.16    0.00   13.25    0.00    0.00    0.64    0.21    0.00    0.00   42.74
19:24:07       2   23.50    0.00   16.19    0.00    0.00    1.55    0.22    0.00    0.00   58.54
19:24:07       3   33.33    0.00   15.65    0.00    0.00    2.95    0.23    0.00    0.00   47.85

19:24:07     CPU    %usr   %nice    %sys %iowait    %irq   %soft  %steal  %guest  %gnice   %idle
19:24:12     all   32.78    0.00   14.66    0.28    0.00    1.98    0.06    0.00    0.00   50.25
19:24:12       0   42.16    0.00   13.91    0.22    0.00    3.75    0.00    0.00    0.00   39.96
19:24:12       1   26.19    0.00   15.58    0.22    0.00    0.43    0.22    0.00    0.00   57.36
19:24:12       2   37.77    0.00   13.10    0.22    0.00    1.97    0.00    0.00    0.00   46.94
19:24:12       3   24.89    0.00   16.06    0.45    0.00    1.81    0.00    0.00    0.00   56.79

19:24:12     CPU    %usr   %nice    %sys %iowait    %irq   %soft  %steal  %guest  %gnice   %idle
19:24:17     all   69.92    0.00   11.43    0.11    0.00    2.00    0.16    0.00    0.00   16.39
19:24:17       0   72.88    0.00   10.77    0.00    0.00    3.93    0.21    0.00    0.00   12.22
19:24:17       1   63.18    0.00   13.29    0.00    0.00    0.44    0.00    0.00    0.00   23.09
19:24:17       2   71.64    0.00   12.01    0.41    0.00    1.24    0.21    0.00    0.00   14.49
19:24:17       3   71.67    0.00    9.73    0.00    0.00    2.33    0.21    0.00    0.00   16.07

19:24:17     CPU    %usr   %nice    %sys %iowait    %irq   %soft  %steal  %guest  %gnice   %idle
19:24:22     all   39.56    0.00   13.41    0.05    0.00    1.44    0.10    0.00    0.00   45.44
19:24:22       0   62.47    0.00    9.53    0.00    0.00    2.03    0.00    0.00    0.00   25.96
19:24:22       1   25.41    0.00   14.67    0.21    0.00    0.62    0.41    0.00    0.00   58.68
19:24:22       2   23.12    0.00   18.12    0.00    0.00    1.67    0.00    0.00    0.00   57.08
19:24:22       3   46.68    0.00   11.41    0.00    0.00    1.45    0.00    0.00    0.00   40.46

19:24:22     CPU    %usr   %nice    %sys %iowait    %irq   %soft  %steal  %guest  %gnice   %idle
19:24:27     all   30.39    0.00   14.50    0.00    0.00    1.69    0.15    0.00    0.00   53.27
19:24:27       0   42.86    0.00   12.04    0.00    0.00    2.65    0.20    0.00    0.00   42.24
19:24:27       1   26.83    0.00   14.63    0.00    0.00    0.61    0.00    0.00    0.00   57.93
19:24:27       2   21.30    0.00   16.02    0.00    0.00    1.83    0.20    0.00    0.00   60.65
19:24:27       3   30.64    0.00   15.32    0.00    0.00    1.66    0.21    0.00    0.00   52.17

19:24:27     CPU    %usr   %nice    %sys %iowait    %irq   %soft  %steal  %guest  %gnice   %idle
19:24:32     all   27.87    0.00   13.96    0.00    0.00    1.34    0.10    0.00    0.00   56.72
19:24:32       0   23.03    0.00   15.15    0.00    0.00    1.66    0.00    0.00    0.00   60.17
19:24:32       1   32.24    0.00   12.53    0.00    0.00    0.62    0.21    0.00    0.00   54.41
19:24:32       2   21.34    0.00   14.43    0.00    0.00    1.22    0.00    0.00    0.00   63.01
19:24:32       3   35.00    0.00   13.75    0.00    0.00    1.88    0.21    0.00    0.00   49.17

19:24:32     CPU    %usr   %nice    %sys %iowait    %irq   %soft  %steal  %guest  %gnice   %idle
19:24:37     all   33.15    0.00   14.51    0.00    0.00    1.63    0.11    0.00    0.00   50.60
19:24:37       0   26.79    0.00   15.62    0.00    0.00    1.79    0.22    0.00    0.00   55.58
19:24:37       1   28.39    0.00   15.25    0.00    0.00    0.85    0.21    0.00    0.00   55.30
19:24:37       2   50.21    0.00   11.81    0.00    0.00    1.90    0.00    0.00    0.00   36.08
19:24:37       3   26.46    0.00   15.47    0.00    0.00    2.02    0.00    0.00    0.00   56.05

19:24:37     CPU    %usr   %nice    %sys %iowait    %irq   %soft  %steal  %guest  %gnice   %idle
19:24:42     all   32.19    0.00   15.77    0.00    0.00    2.23    0.16    0.00    0.00   49.65
19:24:42       0   40.40    0.00   14.13    0.00    0.00    3.75    0.00    0.00    0.00   41.72
19:24:42       1   23.23    0.00   16.99    0.00    0.00    0.86    0.22    0.00    0.00   58.71
19:24:42       2   37.15    0.00   15.92    0.00    0.00    1.49    0.21    0.00    0.00   45.22
19:24:42       3   28.00    0.00   16.00    0.00    0.00    2.89    0.22    0.00    0.00   52.89

19:24:42     CPU    %usr   %nice    %sys %iowait    %irq   %soft  %steal  %guest  %gnice   %idle
19:24:47     all   30.63    0.00   14.90    0.00    0.00    2.25    0.16    0.00    0.00   52.05
19:24:47       0   35.68    0.00   14.76    0.00    0.00    3.08    0.22    0.00    0.00   46.26
19:24:47       1   25.70    0.00   14.69    0.00    0.00    1.08    0.22    0.00    0.00   58.32
19:24:47       2   23.89    0.00   17.04    0.00    0.00    1.33    0.00    0.00    0.00   57.74
19:24:47       3   37.28    0.00   13.16    0.00    0.00    3.51    0.22    0.00    0.00   45.83

19:24:47     CPU    %usr   %nice    %sys %iowait    %irq   %soft  %steal  %guest  %gnice   %idle
19:24:52     all   33.90    0.00   15.14    0.00    0.00    1.97    0.05    0.00    0.00   48.93
19:24:52       0   38.38    0.00   14.69    0.00    0.00    3.29    0.00    0.00    0.00   43.64
19:24:52       1   37.58    0.00   13.38    0.00    0.00    0.64    0.21    0.00    0.00   48.20
19:24:52       2   33.41    0.00   16.27    0.00    0.00    1.52    0.00    0.00    0.00   48.81
19:24:52       3   25.85    0.00   16.33    0.00    0.00    2.49    0.00    0.00    0.00   55.33

19:24:52     CPU    %usr   %nice    %sys %iowait    %irq   %soft  %steal  %guest  %gnice   %idle
19:24:57     all   33.24    0.00   15.55    0.00    0.00    2.46    0.16    0.00    0.00   48.58
19:24:57       0   28.60    0.00   17.34    0.00    0.00    4.05    0.00    0.00    0.00   50.00
19:24:57       1   35.18    0.00   14.29    0.00    0.00    0.64    0.21    0.00    0.00   49.68
19:24:57       2   43.92    0.00   13.01    0.00    0.00    2.35    0.21    0.00    0.00   40.51
19:24:57       3   24.55    0.00   17.79    0.00    0.00    2.93    0.23    0.00    0.00   54.50

19:24:57     CPU    %usr   %nice    %sys %iowait    %irq   %soft  %steal  %guest  %gnice   %idle
19:25:02     all   29.62    0.00   14.57    0.00    0.00    2.23    0.11    0.00    0.00   53.48
19:25:02       0   23.62    0.00   15.89    0.00    0.00    2.87    0.22    0.00    0.00   57.40
19:25:02       1   22.22    0.00   15.90    0.00    0.00    0.87    0.00    0.00    0.00   61.00
19:25:02       2   22.56    0.00   16.05    0.00    0.00    1.52    0.00    0.00    0.00   59.87
19:25:02       3   49.68    0.00   10.49    0.00    0.00    3.64    0.21    0.00    0.00   35.97

19:25:02     CPU    %usr   %nice    %sys %iowait    %irq   %soft  %steal  %guest  %gnice   %idle
19:25:07     all   32.27    0.00   15.58    0.00    0.00    2.15    0.17    0.00    0.00   49.83
19:25:07       0   24.66    0.00   17.58    0.00    0.00    2.74    0.00    0.00    0.00   55.02
19:25:07       1   31.44    0.00   14.63    0.00    0.00    0.87    0.44    0.00    0.00   52.62
19:25:07       2   22.47    0.00   18.28    0.00    0.00    1.32    0.22    0.00    0.00   57.71
19:25:07       3   50.00    0.00   11.96    0.00    0.00    3.70    0.00    0.00    0.00   34.35

19:25:07     CPU    %usr   %nice    %sys %iowait    %irq   %soft  %steal  %guest  %gnice   %idle
19:25:12     all   24.96    0.00    9.24    0.00    0.00    1.13    0.11    0.00    0.00   64.56
19:25:12       0   16.11    0.00   10.60    0.00    0.00    1.32    0.22    0.00    0.00   71.74
19:25:12       1   17.42    0.00    9.46    0.00    0.00    0.43    0.00    0.00    0.00   72.69
19:25:12       2   29.85    0.00   10.46    0.00    0.00    0.87    0.00    0.00    0.00   58.82
19:25:12       3   36.08    0.00    6.54    0.00    0.00    1.90    0.21    0.00    0.00   55.27
