Linux 6.17.0-1015-aws (ip-172-31-3-246) 	05/27/26 	_x86_64_	(4 CPU)

19:22:36     CPU    %usr   %nice    %sys %iowait    %irq   %soft  %steal  %guest  %gnice   %idle
19:22:41     all   18.51    0.00    3.72    0.05    0.00    1.36    0.05    0.00    0.00   76.31
19:22:41       0   11.04    0.00    2.61    0.20    0.00    1.20    0.20    0.00    0.00   84.74
19:22:41       1   27.77    0.00    4.02    0.00    0.00    1.41    0.00    0.00    0.00   66.80
19:22:41       2   24.95    0.00    3.62    0.00    0.00    2.82    0.00    0.00    0.00   68.61
19:22:41       3   10.28    0.00    4.64    0.00    0.00    0.00    0.00    0.00    0.00   85.08

19:22:41     CPU    %usr   %nice    %sys %iowait    %irq   %soft  %steal  %guest  %gnice   %idle
19:22:46     all   69.97    0.00   18.40    0.00    0.00   11.23    0.25    0.00    0.00    0.15
19:22:46       0   72.14    0.00   18.24    0.00    0.00    9.42    0.20    0.00    0.00    0.00
19:22:46       1   70.74    0.00   17.23    0.00    0.00   11.82    0.20    0.00    0.00    0.00
19:22:46       2   67.94    0.00   14.03    0.00    0.00   17.84    0.20    0.00    0.00    0.00
19:22:46       3   69.08    0.00   24.10    0.00    0.00    5.82    0.40    0.00    0.00    0.60

19:22:46     CPU    %usr   %nice    %sys %iowait    %irq   %soft  %steal  %guest  %gnice   %idle
19:22:51     all   69.67    0.00   18.29    0.00    0.00   11.64    0.20    0.00    0.00    0.20
19:22:51       0   73.00    0.00   16.20    0.00    0.00   10.40    0.20    0.00    0.00    0.20
19:22:51       1   70.40    0.00   16.80    0.00    0.00   12.40    0.20    0.00    0.00    0.20
19:22:51       2   67.27    0.00   20.36    0.00    0.00   11.98    0.20    0.00    0.00    0.20
19:22:51       3   68.00    0.00   19.80    0.00    0.00   11.80    0.20    0.00    0.00    0.20

19:22:51     CPU    %usr   %nice    %sys %iowait    %irq   %soft  %steal  %guest  %gnice   %idle
19:22:56     all   70.74    0.00   17.61    0.00    0.00   11.36    0.25    0.00    0.00    0.05
19:22:56       0   69.80    0.00   20.00    0.00    0.00    9.60    0.40    0.00    0.00    0.20
19:22:56       1   71.80    0.00   17.40    0.00    0.00   10.60    0.20    0.00    0.00    0.00
19:22:56       2   69.34    0.00   18.24    0.00    0.00   12.22    0.20    0.00    0.00    0.00
19:22:56       3   72.00    0.00   14.80    0.00    0.00   13.00    0.20    0.00    0.00    0.00

19:22:56     CPU    %usr   %nice    %sys %iowait    %irq   %soft  %steal  %guest  %gnice   %idle
19:23:01     all   71.26    0.00   17.60    0.00    0.00   10.88    0.15    0.00    0.00    0.10
19:23:01       0   71.83    0.00   18.11    0.00    0.00   10.06    0.00    0.00    0.00    0.00
19:23:01       1   70.88    0.00   17.67    0.00    0.00   11.24    0.20    0.00    0.00    0.00
19:23:01       2   68.00    0.00   21.20    0.00    0.00   10.40    0.20    0.00    0.00    0.20
19:23:01       3   74.35    0.00   13.43    0.00    0.00   11.82    0.20    0.00    0.00    0.20

19:23:01     CPU    %usr   %nice    %sys %iowait    %irq   %soft  %steal  %guest  %gnice   %idle
19:23:06     all   70.20    0.00   18.20    0.00    0.00   11.25    0.25    0.00    0.00    0.10
19:23:06       0   71.12    0.00   18.13    0.00    0.00   10.16    0.40    0.00    0.00    0.20
19:23:06       1   68.60    0.00   19.60    0.00    0.00   11.40    0.20    0.00    0.00    0.20
19:23:06       2   69.14    0.00   20.24    0.00    0.00   10.42    0.20    0.00    0.00    0.00
19:23:06       3   71.94    0.00   14.83    0.00    0.00   13.03    0.20    0.00    0.00    0.00

19:23:06     CPU    %usr   %nice    %sys %iowait    %irq   %soft  %steal  %guest  %gnice   %idle
19:23:11     all   65.80    0.00   17.48    0.00    0.00   10.37    0.20    0.00    0.00    6.16
19:23:11       0   67.07    0.00   16.47    0.00    0.00    9.84    0.20    0.00    0.00    6.43
19:23:11       1   66.20    0.00   17.20    0.00    0.00   10.80    0.20    0.00    0.00    5.60
19:23:11       2   64.93    0.00   18.84    0.00    0.00    9.62    0.20    0.00    0.00    6.41
19:23:11       3   65.00    0.00   17.40    0.00    0.00   11.20    0.20    0.00    0.00    6.20

19:23:11     CPU    %usr   %nice    %sys %iowait    %irq   %soft  %steal  %guest  %gnice   %idle
19:23:16     all   67.56    0.00   20.87    0.00    0.00   10.66    0.25    0.00    0.00    0.66
19:23:16       0   65.52    0.00   23.53    0.00    0.00    9.74    0.20    0.00    0.00    1.01
19:23:16       1   71.77    0.00   16.33    0.00    0.00   11.49    0.20    0.00    0.00    0.20
19:23:16       2   67.07    0.00   22.42    0.00    0.00    9.70    0.20    0.00    0.00    0.61
19:23:16       3   65.86    0.00   21.21    0.00    0.00   11.72    0.40    0.00    0.00    0.81

19:23:16     CPU    %usr   %nice    %sys %iowait    %irq   %soft  %steal  %guest  %gnice   %idle
19:23:21     all   67.39    0.00   21.39    0.00    0.00   10.36    0.25    0.00    0.00    0.61
19:23:21       0   67.27    0.00   22.22    0.00    0.00    9.90    0.20    0.00    0.00    0.40
19:23:21       1   64.92    0.00   23.59    0.00    0.00   10.48    0.40    0.00    0.00    0.60
19:23:21       2   74.80    0.00   14.72    0.00    0.00    9.88    0.20    0.00    0.00    0.40
19:23:21       3   62.53    0.00   25.05    0.00    0.00   11.20    0.20    0.00    0.00    1.02

19:23:21     CPU    %usr   %nice    %sys %iowait    %irq   %soft  %steal  %guest  %gnice   %idle
19:23:26     all   66.89    0.00   21.32    0.00    0.00   10.84    0.20    0.00    0.00    0.76
19:23:26       0   68.83    0.00   20.04    0.00    0.00   10.12    0.20    0.00    0.00    0.81
19:23:26       1   69.03    0.00   19.64    0.00    0.00   10.53    0.20    0.00    0.00    0.61
19:23:26       2   64.44    0.00   24.44    0.00    0.00   10.30    0.20    0.00    0.00    0.61
19:23:26       3   65.24    0.00   21.14    0.00    0.00   12.40    0.20    0.00    0.00    1.02

19:23:26     CPU    %usr   %nice    %sys %iowait    %irq   %soft  %steal  %guest  %gnice   %idle
19:23:31     all   66.09    0.00   22.06    0.00    0.00   10.83    0.20    0.00    0.00    0.81
19:23:31       0   68.02    0.00   21.86    0.00    0.00    9.31    0.20    0.00    0.00    0.61
19:23:31       1   65.38    0.00   21.26    0.00    0.00   12.15    0.20    0.00    0.00    1.01
19:23:31       2   63.49    0.00   25.56    0.00    0.00    9.94    0.20    0.00    0.00    0.81
19:23:31       3   67.47    0.00   19.60    0.00    0.00   11.92    0.20    0.00    0.00    0.81

19:23:31     CPU    %usr   %nice    %sys %iowait    %irq   %soft  %steal  %guest  %gnice   %idle
19:23:36     all   67.61    0.00   21.17    0.00    0.00   10.41    0.20    0.00    0.00    0.61
19:23:36       0   65.99    0.00   24.09    0.00    0.00    9.11    0.20    0.00    0.00    0.61
19:23:36       1   72.23    0.00   16.50    0.00    0.00   10.87    0.20    0.00    0.00    0.20
19:23:36       2   64.65    0.00   23.64    0.00    0.00   10.51    0.20    0.00    0.00    1.01
19:23:36       3   67.55    0.00   20.49    0.00    0.00   11.16    0.20    0.00    0.00    0.61

19:23:36     CPU    %usr   %nice    %sys %iowait    %irq   %soft  %steal  %guest  %gnice   %idle
19:23:41     all   66.63    0.00   21.13    0.00    0.00   11.17    0.20    0.00    0.00    0.86
19:23:41       0   63.21    0.00   26.02    0.00    0.00    9.35    0.20    0.00    0.00    1.22
19:23:41       1   69.70    0.00   17.58    0.00    0.00   11.72    0.20    0.00    0.00    0.81
19:23:41       2   64.99    0.00   22.54    0.00    0.00   11.67    0.20    0.00    0.00    0.60
19:23:41       3   68.62    0.00   18.42    0.00    0.00   11.94    0.20    0.00    0.00    0.81

19:23:41     CPU    %usr   %nice    %sys %iowait    %irq   %soft  %steal  %guest  %gnice   %idle
19:23:46     all   66.65    0.00   21.76    0.00    0.00   10.73    0.20    0.00    0.00    0.66
19:23:46       0   66.19    0.00   23.28    0.00    0.00    9.72    0.20    0.00    0.00    0.61
19:23:46       1   64.30    0.00   23.33    0.00    0.00   11.16    0.20    0.00    0.00    1.01
19:23:46       2   69.09    0.00   20.40    0.00    0.00   10.10    0.20    0.00    0.00    0.20
19:23:46       3   67.00    0.00   20.04    0.00    0.00   11.94    0.20    0.00    0.00    0.81

19:23:46     CPU    %usr   %nice    %sys %iowait    %irq   %soft  %steal  %guest  %gnice   %idle
19:23:51     all   66.03    0.00   21.40    0.00    0.00   11.46    0.25    0.00    0.00    0.86
19:23:51       0   64.92    0.00   24.40    0.00    0.00    9.27    0.40    0.00    0.00    1.01
19:23:51       1   68.88    0.00   18.07    0.00    0.00   12.45    0.20    0.00    0.00    0.40
19:23:51       2   65.25    0.00   22.02    0.00    0.00   11.52    0.20    0.00    0.00    1.01
19:23:51       3   65.04    0.00   21.14    0.00    0.00   12.60    0.20    0.00    0.00    1.02

19:23:51     CPU    %usr   %nice    %sys %iowait    %irq   %soft  %steal  %guest  %gnice   %idle
19:23:56     all   68.50    0.00   20.01    0.00    0.00   10.79    0.20    0.00    0.00    0.50
19:23:56       0   72.38    0.00   16.94    0.00    0.00   10.08    0.20    0.00    0.00    0.40
19:23:56       1   66.67    0.00   21.21    0.00    0.00   11.31    0.20    0.00    0.00    0.61
19:23:56       2   66.20    0.00   22.13    0.00    0.00   11.07    0.20    0.00    0.00    0.40
19:23:56       3   68.75    0.00   19.76    0.00    0.00   10.69    0.20    0.00    0.00    0.60

19:23:56     CPU    %usr   %nice    %sys %iowait    %irq   %soft  %steal  %guest  %gnice   %idle
19:24:01     all   66.09    0.00   21.27    0.00    0.00   11.67    0.20    0.00    0.00    0.76
19:24:01       0   69.35    0.00   20.16    0.00    0.00    9.48    0.20    0.00    0.00    0.81
19:24:01       1   65.25    0.00   22.02    0.00    0.00   11.92    0.20    0.00    0.00    0.61
19:24:01       2   65.73    0.00   21.57    0.00    0.00   11.90    0.20    0.00    0.00    0.60
19:24:01       3   64.02    0.00   21.34    0.00    0.00   13.41    0.20    0.00    0.00    1.02

19:24:01     CPU    %usr   %nice    %sys %iowait    %irq   %soft  %steal  %guest  %gnice   %idle
19:24:06     all   68.68    0.00   20.12    0.00    0.00   10.49    0.20    0.00    0.00    0.50
19:24:06       0   72.43    0.00   17.71    0.00    0.00    9.05    0.20    0.00    0.00    0.60
19:24:06       1   66.53    0.00   21.30    0.00    0.00   11.16    0.20    0.00    0.00    0.81
19:24:06       2   69.22    0.00   19.72    0.00    0.00   10.66    0.20    0.00    0.00    0.20
19:24:06       3   66.53    0.00   21.77    0.00    0.00   11.09    0.20    0.00    0.00    0.40

19:24:06     CPU    %usr   %nice    %sys %iowait    %irq   %soft  %steal  %guest  %gnice   %idle
19:24:11     all   66.68    0.00   21.40    0.00    0.00   10.85    0.25    0.00    0.00    0.81
19:24:11       0   68.78    0.00   20.61    0.00    0.00    9.39    0.20    0.00    0.00    1.02
19:24:11       1   68.28    0.00   19.19    0.00    0.00   11.72    0.20    0.00    0.00    0.61
19:24:11       2   64.78    0.00   23.48    0.00    0.00   10.93    0.20    0.00    0.00    0.61
19:24:11       3   64.91    0.00   22.31    0.00    0.00   11.36    0.41    0.00    0.00    1.01

19:24:11     CPU    %usr   %nice    %sys %iowait    %irq   %soft  %steal  %guest  %gnice   %idle
19:24:16     all   75.90    0.00   14.16    0.00    0.00    9.54    0.20    0.00    0.00    0.20
19:24:16       0   75.90    0.00   15.66    0.00    0.00    8.03    0.20    0.00    0.00    0.20
19:24:16       1   73.59    0.00   15.93    0.00    0.00   10.28    0.00    0.00    0.00    0.20
19:24:16       2   76.00    0.00   15.20    0.00    0.00    8.20    0.40    0.00    0.00    0.20
19:24:16       3   78.11    0.00    9.84    0.00    0.00   11.65    0.20    0.00    0.00    0.20

19:24:16     CPU    %usr   %nice    %sys %iowait    %irq   %soft  %steal  %guest  %gnice   %idle
19:24:21     all   80.27    0.00    9.79    0.00    0.00    9.69    0.25    0.00    0.00    0.00
19:24:21       0   80.60    0.00   10.20    0.00    0.00    9.00    0.20    0.00    0.00    0.00
19:24:21       1   78.09    0.00   11.55    0.00    0.00    9.96    0.40    0.00    0.00    0.00
19:24:21       2   78.60    0.00   11.80    0.00    0.00    9.40    0.20    0.00    0.00    0.00
19:24:21       3   83.80    0.00    5.60    0.00    0.00   10.40    0.20    0.00    0.00    0.00

19:24:21     CPU    %usr   %nice    %sys %iowait    %irq   %soft  %steal  %guest  %gnice   %idle
19:24:26     all   82.62    0.00    8.39    0.00    0.00    8.74    0.25    0.00    0.00    0.00
19:24:26       0   81.47    0.00    9.96    0.00    0.00    8.17    0.40    0.00    0.00    0.00
19:24:26       1   84.57    0.00    7.01    0.00    0.00    8.22    0.20    0.00    0.00    0.00
19:24:26       2   83.80    0.00    7.80    0.00    0.00    8.20    0.20    0.00    0.00    0.00
19:24:26       3   80.64    0.00    8.78    0.00    0.00   10.38    0.20    0.00    0.00    0.00

19:24:26     CPU    %usr   %nice    %sys %iowait    %irq   %soft  %steal  %guest  %gnice   %idle
19:24:31     all   81.34    0.00    9.20    0.00    0.00    9.25    0.20    0.00    0.00    0.00
19:24:31       0   84.77    0.00    7.21    0.00    0.00    7.82    0.20    0.00    0.00    0.00
19:24:31       1   83.20    0.00    6.60    0.00    0.00   10.00    0.20    0.00    0.00    0.00
19:24:31       2   75.80    0.00   16.00    0.00    0.00    8.00    0.20    0.00    0.00    0.00
19:24:31       3   81.60    0.00    7.00    0.00    0.00   11.20    0.20    0.00    0.00    0.00

19:24:31     CPU    %usr   %nice    %sys %iowait    %irq   %soft  %steal  %guest  %gnice   %idle
19:24:36     all   75.35    0.00   14.40    0.00    0.00    9.90    0.20    0.00    0.00    0.15
19:24:36       0   77.00    0.00   14.00    0.00    0.00    8.60    0.20    0.00    0.00    0.20
19:24:36       1   77.35    0.00   12.42    0.00    0.00   10.02    0.20    0.00    0.00    0.00
19:24:36       2   73.05    0.00   16.97    0.00    0.00    9.58    0.20    0.00    0.00    0.20
19:24:36       3   74.00    0.00   14.20    0.00    0.00   11.40    0.20    0.00    0.00    0.20

19:24:36     CPU    %usr   %nice    %sys %iowait    %irq   %soft  %steal  %guest  %gnice   %idle
19:24:41     all   68.22    0.00   19.94    0.00    0.00   10.98    0.20    0.00    0.00    0.66
19:24:41       0   68.42    0.00   20.85    0.00    0.00    9.92    0.20    0.00    0.00    0.61
19:24:41       1   70.97    0.00   16.73    0.00    0.00   11.09    0.20    0.00    0.00    1.01
19:24:41       2   65.31    0.00   22.86    0.00    0.00   10.82    0.20    0.00    0.00    0.82
19:24:41       3   68.15    0.00   19.35    0.00    0.00   12.10    0.20    0.00    0.00    0.20

19:24:41     CPU    %usr   %nice    %sys %iowait    %irq   %soft  %steal  %guest  %gnice   %idle
19:24:46     all   66.48    0.00   21.59    0.00    0.00   11.02    0.20    0.00    0.00    0.71
19:24:46       0   65.38    0.00   23.68    0.00    0.00    9.72    0.40    0.00    0.00    0.81
19:24:46       1   61.91    0.00   25.66    0.00    0.00   11.61    0.00    0.00    0.00    0.81
19:24:46       2   75.55    0.00   12.42    0.00    0.00   11.42    0.20    0.00    0.00    0.40
19:24:46       3   62.96    0.00   24.70    0.00    0.00   11.34    0.20    0.00    0.00    0.81

19:24:46     CPU    %usr   %nice    %sys %iowait    %irq   %soft  %steal  %guest  %gnice   %idle
19:24:51     all   66.09    0.00   21.86    0.00    0.00   10.88    0.30    0.00    0.00    0.86
19:24:51       0   65.65    0.00   23.37    0.00    0.00    9.76    0.20    0.00    0.00    1.02
19:24:51       1   69.29    0.00   17.58    0.00    0.00   12.12    0.40    0.00    0.00    0.61
19:24:51       2   66.33    0.00   22.78    0.00    0.00   10.08    0.20    0.00    0.00    0.60
19:24:51       3   63.08    0.00   23.73    0.00    0.00   11.56    0.41    0.00    0.00    1.22

19:24:51     CPU    %usr   %nice    %sys %iowait    %irq   %soft  %steal  %guest  %gnice   %idle
19:24:56     all   67.46    0.00   20.77    0.00    0.00   10.86    0.20    0.00    0.00    0.71
19:24:56       0   68.36    0.00   20.89    0.00    0.00    9.33    0.20    0.00    0.00    1.22
19:24:56       1   67.20    0.00   21.13    0.00    0.00   11.07    0.20    0.00    0.00    0.40
19:24:56       2   63.01    0.00   24.19    0.00    0.00   11.59    0.20    0.00    0.00    1.02
19:24:56       3   71.23    0.00   16.90    0.00    0.00   11.47    0.20    0.00    0.00    0.20

19:24:56     CPU    %usr   %nice    %sys %iowait    %irq   %soft  %steal  %guest  %gnice   %idle
19:25:01     all   65.10    0.00   22.56    0.00    0.00   11.38    0.20    0.00    0.00    0.76
19:25:01       0   68.22    0.00   21.05    0.00    0.00    9.92    0.20    0.00    0.00    0.61
19:25:01       1   64.50    0.00   22.92    0.00    0.00   11.56    0.20    0.00    0.00    0.81
19:25:01       2   64.31    0.00   22.98    0.00    0.00   11.69    0.20    0.00    0.00    0.81
19:25:01       3   63.36    0.00   23.28    0.00    0.00   12.35    0.20    0.00    0.00    0.81

19:25:01     CPU    %usr   %nice    %sys %iowait    %irq   %soft  %steal  %guest  %gnice   %idle
19:25:06     all   68.46    0.00   20.15    0.00    0.00   10.68    0.25    0.00    0.00    0.45
19:25:06       0   71.43    0.00   17.91    0.00    0.00    9.86    0.40    0.00    0.00    0.40
19:25:06       1   69.49    0.00   19.39    0.00    0.00   10.30    0.20    0.00    0.00    0.61
19:25:06       2   68.21    0.00   21.33    0.00    0.00    9.86    0.20    0.00    0.00    0.40
19:25:06       3   64.72    0.00   21.98    0.00    0.00   12.70    0.20    0.00    0.00    0.40

19:25:06     CPU    %usr   %nice    %sys %iowait    %irq   %soft  %steal  %guest  %gnice   %idle
19:25:11     all   62.61    0.00   21.07    0.00    0.00   10.64    0.15    0.00    0.00    5.52
19:25:11       0   64.24    0.00   18.99    0.00    0.00    9.49    0.20    0.00    0.00    7.07
19:25:11       1   57.84    0.00   23.22    0.00    0.00   11.20    0.00    0.00    0.00    7.74
19:25:11       2   63.64    0.00   18.18    0.00    0.00   11.31    0.20    0.00    0.00    6.67
19:25:11       3   64.71    0.00   23.94    0.00    0.00   10.55    0.20    0.00    0.00    0.61
