Linux 6.17.0-1015-aws (ip-172-31-2-48) 	05/26/26 	_x86_64_	(4 CPU)

23:18:39     CPU    %usr   %nice    %sys %iowait    %irq   %soft  %steal  %guest  %gnice   %idle
23:18:44     all   13.95    0.00    3.98    0.00    0.00    1.01    0.15    0.00    0.00   80.92
23:18:44       0    5.65    0.00    2.82    0.00    0.00    3.63    0.20    0.00    0.00   87.70
23:18:44       1    7.04    0.00    4.43    0.00    0.00    0.40    0.20    0.00    0.00   87.93
23:18:44       2    7.06    0.00    3.63    0.00    0.00    0.00    0.20    0.00    0.00   89.11
23:18:44       3   36.02    0.00    5.03    0.00    0.00    0.00    0.00    0.00    0.00   58.95

23:18:44     CPU    %usr   %nice    %sys %iowait    %irq   %soft  %steal  %guest  %gnice   %idle
23:18:49     all   60.46    0.00   22.86    0.00    0.00   10.13    0.20    0.00    0.00    6.34
23:18:49       0   55.00    0.00    9.80    0.00    0.00   34.80    0.20    0.00    0.00    0.20
23:18:49       1   58.63    0.00   29.94    0.00    0.00    4.99    0.21    0.00    0.00    6.24
23:18:49       2   70.41    0.00   19.80    0.00    0.00    0.00    0.20    0.00    0.00    9.59
23:18:49       3   57.85    0.00   32.44    0.00    0.00    0.00    0.21    0.00    0.00    9.50

23:18:49     CPU    %usr   %nice    %sys %iowait    %irq   %soft  %steal  %guest  %gnice   %idle
23:18:54     all   64.97    0.00   22.32    0.00    0.00    9.00    0.15    0.00    0.00    3.56
23:18:54       0   60.37    0.00   20.53    0.00    0.00   17.89    0.00    0.00    0.00    1.22
23:18:54       1   73.54    0.00   19.19    0.00    0.00    5.45    0.20    0.00    0.00    1.62
23:18:54       2   64.48    0.00   26.49    0.00    0.00    0.00    0.21    0.00    0.00    8.83
23:18:54       3   61.46    0.00   23.12    0.00    0.00   12.58    0.20    0.00    0.00    2.64

23:18:54     CPU    %usr   %nice    %sys %iowait    %irq   %soft  %steal  %guest  %gnice   %idle
23:18:59     all   64.45    0.00   23.25    0.00    0.00    9.10    0.20    0.00    0.00    3.00
23:18:59       0   60.24    0.00   19.88    0.00    0.00   18.46    0.20    0.00    0.00    1.22
23:18:59       1   64.50    0.00   26.57    0.00    0.00    6.09    0.00    0.00    0.00    2.84
23:18:59       2   71.89    0.00   21.59    0.00    0.00    0.00    0.41    0.00    0.00    6.11
23:18:59       3   61.15    0.00   24.95    0.00    0.00   11.86    0.20    0.00    0.00    1.84

23:18:59     CPU    %usr   %nice    %sys %iowait    %irq   %soft  %steal  %guest  %gnice   %idle
23:19:04     all   64.53    0.00   23.45    0.00    0.00    8.61    0.20    0.00    0.00    3.21
23:19:04       0   63.60    0.00   22.70    0.00    0.00   10.02    0.41    0.00    0.00    3.27
23:19:04       1   61.15    0.00   29.24    0.00    0.00    4.70    0.20    0.00    0.00    4.70
23:19:04       2   75.50    0.00   15.46    0.00    0.00    7.83    0.20    0.00    0.00    1.00
23:19:04       3   57.61    0.00   26.54    0.00    0.00   11.93    0.00    0.00    0.00    3.91

23:19:04     CPU    %usr   %nice    %sys %iowait    %irq   %soft  %steal  %guest  %gnice   %idle
23:19:09     all   63.45    0.00   24.23    0.00    0.00    9.15    0.20    0.00    0.00    2.97
23:19:09       0   63.51    0.00   23.92    0.00    0.00    8.87    0.21    0.00    0.00    3.51
23:19:09       1   62.80    0.00   28.05    0.00    0.00    5.89    0.20    0.00    0.00    3.05
23:19:09       2   61.43    0.00   26.33    0.00    0.00    8.57    0.20    0.00    0.00    3.47
23:19:09       3   66.05    0.00   18.61    0.00    0.00   13.29    0.20    0.00    0.00    1.84

23:19:09     CPU    %usr   %nice    %sys %iowait    %irq   %soft  %steal  %guest  %gnice   %idle
23:19:14     all   62.10    0.00   20.79    0.00    0.00    8.38    0.15    0.00    0.00    8.58
23:19:14       0   61.68    0.00   20.08    0.00    0.00    9.02    0.41    0.00    0.00    8.81
23:19:14       1   66.26    0.00   19.84    0.00    0.00    5.11    0.00    0.00    0.00    8.79
23:19:14       2   63.49    0.00   20.28    0.00    0.00    8.11    0.20    0.00    0.00    7.91
23:19:14       3   56.97    0.00   22.95    0.00    0.00   11.27    0.00    0.00    0.00    8.81

23:19:14     CPU    %usr   %nice    %sys %iowait    %irq   %soft  %steal  %guest  %gnice   %idle
23:19:19     all   66.55    0.00   22.15    0.00    0.00    8.96    0.20    0.00    0.00    2.14
23:19:19       0   61.11    0.00   25.31    0.00    0.00    9.88    0.21    0.00    0.00    3.50
23:19:19       1   71.72    0.00   20.40    0.00    0.00    5.86    0.20    0.00    0.00    1.82
23:19:19       2   69.51    0.00   20.93    0.00    0.00    7.32    0.20    0.00    0.00    2.03
23:19:19       3   63.75    0.00   22.00    0.00    0.00   12.83    0.20    0.00    0.00    1.22

23:19:19     CPU    %usr   %nice    %sys %iowait    %irq   %soft  %steal  %guest  %gnice   %idle
23:19:24     all   64.37    0.00   23.75    0.00    0.00    9.12    0.15    0.00    0.00    2.60
23:19:24       0   66.06    0.00   22.36    0.00    0.00    9.55    0.20    0.00    0.00    1.83
23:19:24       1   62.81    0.00   26.86    0.00    0.00    5.37    0.21    0.00    0.00    4.75
23:19:24       2   62.80    0.00   26.02    0.00    0.00    8.74    0.20    0.00    0.00    2.24
23:19:24       3   65.79    0.00   19.84    0.00    0.00   12.75    0.00    0.00    0.00    1.62

23:19:24     CPU    %usr   %nice    %sys %iowait    %irq   %soft  %steal  %guest  %gnice   %idle
23:19:29     all   65.37    0.00   22.40    0.00    0.00    8.95    0.26    0.00    0.00    3.02
23:19:29       0   67.76    0.00   19.10    0.00    0.00    8.42    0.41    0.00    0.00    4.31
23:19:29       1   65.99    0.00   25.46    0.00    0.00    5.70    0.20    0.00    0.00    2.65
23:19:29       2   61.73    0.00   25.72    0.00    0.00    8.64    0.21    0.00    0.00    3.70
23:19:29       3   65.99    0.00   19.35    0.00    0.00   13.03    0.20    0.00    0.00    1.43

23:19:29     CPU    %usr   %nice    %sys %iowait    %irq   %soft  %steal  %guest  %gnice   %idle
23:19:34     all   66.38    0.00   22.01    0.00    0.00    9.07    0.20    0.00    0.00    2.34
23:19:34       0   65.57    0.00   22.13    0.00    0.00    9.22    0.20    0.00    0.00    2.87
23:19:34       1   69.11    0.00   23.17    0.00    0.00    5.28    0.20    0.00    0.00    2.24
23:19:34       2   62.58    0.00   25.97    0.00    0.00    8.38    0.20    0.00    0.00    2.86
23:19:34       3   68.22    0.00   16.80    0.00    0.00   13.36    0.20    0.00    0.00    1.42

23:19:34     CPU    %usr   %nice    %sys %iowait    %irq   %soft  %steal  %guest  %gnice   %idle
23:19:39     all   65.15    0.00   23.07    0.00    0.00    8.87    0.15    0.00    0.00    2.77
23:19:39       0   61.65    0.00   25.15    0.00    0.00    9.90    0.21    0.00    0.00    3.09
23:19:39       1   70.16    0.00   20.16    0.00    0.00    5.76    0.21    0.00    0.00    3.70
23:19:39       2   65.04    0.00   25.20    0.00    0.00    7.52    0.20    0.00    0.00    2.03
23:19:39       3   63.73    0.00   21.72    0.00    0.00   12.30    0.00    0.00    0.00    2.25

23:19:39     CPU    %usr   %nice    %sys %iowait    %irq   %soft  %steal  %guest  %gnice   %idle
23:19:44     all   64.80    0.00   22.86    0.00    0.00    9.23    0.20    0.00    0.00    2.91
23:19:44       0   59.50    0.00   25.62    0.00    0.00    9.09    0.41    0.00    0.00    5.37
23:19:44       1   65.31    0.00   26.33    0.00    0.00    5.51    0.00    0.00    0.00    2.86
23:19:44       2   70.59    0.00   18.86    0.00    0.00    8.92    0.20    0.00    0.00    1.42
23:19:44       3   63.69    0.00   20.69    0.00    0.00   13.39    0.20    0.00    0.00    2.03

23:19:44     CPU    %usr   %nice    %sys %iowait    %irq   %soft  %steal  %guest  %gnice   %idle
23:19:49     all   66.46    0.00   22.15    0.00    0.00    8.89    0.25    0.00    0.00    2.24
23:19:49       0   69.80    0.00   16.94    0.00    0.00    9.59    0.41    0.00    0.00    3.27
23:19:49       1   65.92    0.00   25.76    0.00    0.00    5.48    0.20    0.00    0.00    2.64
23:19:49       2   67.00    0.00   23.48    0.00    0.00    7.69    0.40    0.00    0.00    1.42
23:19:49       3   63.14    0.00   22.40    0.00    0.00   12.83    0.00    0.00    0.00    1.63

23:19:49     CPU    %usr   %nice    %sys %iowait    %irq   %soft  %steal  %guest  %gnice   %idle
23:19:54     all   64.18    0.00   23.35    0.00    0.00    9.10    0.26    0.00    0.00    3.12
23:19:54       0   58.59    0.00   25.67    0.00    0.00    9.94    0.41    0.00    0.00    5.38
23:19:54       1   62.99    0.00   27.81    0.00    0.00    5.52    0.20    0.00    0.00    3.48
23:19:54       2   71.86    0.00   17.81    0.00    0.00    7.89    0.20    0.00    0.00    2.23
23:19:54       3   63.14    0.00   22.20    0.00    0.00   13.03    0.20    0.00    0.00    1.43

23:19:54     CPU    %usr   %nice    %sys %iowait    %irq   %soft  %steal  %guest  %gnice   %idle
23:19:59     all   65.18    0.00   22.85    0.00    0.00    9.00    0.20    0.00    0.00    2.76
23:19:59       0   62.99    0.00   24.34    0.00    0.00    9.41    0.20    0.00    0.00    3.07
23:19:59       1   68.37    0.00   23.27    0.00    0.00    5.31    0.20    0.00    0.00    2.86
23:19:59       2   70.99    0.00   18.05    0.00    0.00    8.92    0.20    0.00    0.00    1.83
23:19:59       3   58.26    0.00   25.83    0.00    0.00   12.40    0.21    0.00    0.00    3.31

23:19:59     CPU    %usr   %nice    %sys %iowait    %irq   %soft  %steal  %guest  %gnice   %idle
23:20:04     all   69.33    0.00   19.77    0.00    0.00    8.66    0.15    0.00    0.00    2.09
23:20:04       0   63.35    0.00   24.02    0.00    0.00    8.28    0.41    0.00    0.00    3.93
23:20:04       1   77.48    0.00   15.62    0.00    0.00    5.07    0.00    0.00    0.00    1.83
23:20:04       2   66.94    0.00   23.33    0.00    0.00    7.91    0.20    0.00    0.00    1.62
23:20:04       3   69.43    0.00   16.19    0.00    0.00   13.36    0.00    0.00    0.00    1.01

23:20:04     CPU    %usr   %nice    %sys %iowait    %irq   %soft  %steal  %guest  %gnice   %idle
23:20:09     all   64.62    0.00   23.74    0.00    0.00    8.98    0.20    0.00    0.00    2.45
23:20:09       0   65.98    0.00   22.13    0.00    0.00    9.02    0.20    0.00    0.00    2.66
23:20:09       1   63.75    0.00   27.49    0.00    0.00    5.70    0.20    0.00    0.00    2.85
23:20:09       2   69.59    0.00   20.20    0.00    0.00    8.16    0.20    0.00    0.00    1.84
23:20:09       3   59.18    0.00   25.10    0.00    0.00   13.06    0.20    0.00    0.00    2.45

23:20:09     CPU    %usr   %nice    %sys %iowait    %irq   %soft  %steal  %guest  %gnice   %idle
23:20:14     all   63.51    0.00   24.56    0.00    0.00    8.80    0.20    0.00    0.00    2.92
23:20:14       0   61.07    0.00   26.02    0.00    0.00    8.81    0.41    0.00    0.00    3.69
23:20:14       1   59.71    0.00   30.79    0.00    0.00    5.17    0.21    0.00    0.00    4.13
23:20:14       2   66.19    0.00   22.40    0.00    0.00    8.96    0.20    0.00    0.00    2.24
23:20:14       3   67.01    0.00   19.14    0.00    0.00   12.22    0.00    0.00    0.00    1.63

23:20:14     CPU    %usr   %nice    %sys %iowait    %irq   %soft  %steal  %guest  %gnice   %idle
23:20:19     all   64.48    0.00   23.96    0.00    0.00    8.66    0.20    0.00    0.00    2.70
23:20:19       0   67.08    0.00   20.65    0.00    0.00    9.00    0.20    0.00    0.00    3.07
23:20:19       1   66.67    0.00   25.41    0.00    0.00    5.08    0.20    0.00    0.00    2.64
23:20:19       2   63.29    0.00   25.76    0.00    0.00    8.11    0.20    0.00    0.00    2.64
23:20:19       3   60.86    0.00   23.98    0.00    0.00   12.50    0.20    0.00    0.00    2.46

23:20:19     CPU    %usr   %nice    %sys %iowait    %irq   %soft  %steal  %guest  %gnice   %idle
23:20:24     all   64.67    0.00   24.01    0.00    0.00    8.65    0.15    0.00    0.00    2.51
23:20:24       0   60.00    0.00   27.01    0.00    0.00    8.66    0.41    0.00    0.00    3.92
23:20:24       1   72.87    0.00   20.24    0.00    0.00    5.26    0.00    0.00    0.00    1.62
23:20:24       2   60.54    0.00   28.31    0.00    0.00    7.85    0.21    0.00    0.00    3.10
23:20:24       3   65.10    0.00   20.61    0.00    0.00   12.86    0.00    0.00    0.00    1.43

23:20:24     CPU    %usr   %nice    %sys %iowait    %irq   %soft  %steal  %guest  %gnice   %idle
23:20:29     all   65.10    0.00   23.15    0.00    0.00    9.10    0.20    0.00    0.00    2.45
23:20:29       0   64.49    0.00   23.27    0.00    0.00    9.39    0.20    0.00    0.00    2.65
23:20:29       1   61.81    0.00   29.77    0.00    0.00    5.13    0.21    0.00    0.00    3.08
23:20:29       2   74.24    0.00   15.21    0.00    0.00    8.92    0.20    0.00    0.00    1.42
23:20:29       3   59.75    0.00   24.44    0.00    0.00   12.94    0.21    0.00    0.00    2.67

23:20:29     CPU    %usr   %nice    %sys %iowait    %irq   %soft  %steal  %guest  %gnice   %idle
23:20:34     all   66.85    0.00   21.72    0.00    0.00    8.92    0.20    0.00    0.00    2.29
23:20:34       0   62.91    0.00   24.59    0.00    0.00    8.40    0.41    0.00    0.00    3.69
23:20:34       1   71.26    0.00   21.05    0.00    0.00    6.07    0.20    0.00    0.00    1.42
23:20:34       2   63.24    0.00   25.87    0.00    0.00    7.80    0.21    0.00    0.00    2.87
23:20:34       3   69.92    0.00   15.45    0.00    0.00   13.41    0.00    0.00    0.00    1.22

23:20:34     CPU    %usr   %nice    %sys %iowait    %irq   %soft  %steal  %guest  %gnice   %idle
23:20:39     all   64.64    0.00   22.96    0.00    0.00    8.88    0.20    0.00    0.00    3.32
23:20:39       0   61.71    0.00   25.87    0.00    0.00    8.55    0.20    0.00    0.00    3.67
23:20:39       1   67.96    0.00   23.47    0.00    0.00    5.51    0.20    0.00    0.00    2.86
23:20:39       2   58.26    0.00   27.89    0.00    0.00    8.06    0.21    0.00    0.00    5.58
23:20:39       3   70.51    0.00   14.75    0.00    0.00   13.33    0.20    0.00    0.00    1.21

23:20:39     CPU    %usr   %nice    %sys %iowait    %irq   %soft  %steal  %guest  %gnice   %idle
23:20:44     all   62.60    0.00   24.99    0.00    0.00    8.88    0.15    0.00    0.00    3.39
23:20:44       0   58.71    0.00   27.18    0.00    0.00    8.92    0.41    0.00    0.00    4.77
23:20:44       1   62.12    0.00   28.72    0.00    0.00    6.11    0.00    0.00    0.00    3.05
23:20:44       2   62.24    0.00   26.73    0.00    0.00    8.16    0.20    0.00    0.00    2.65
23:20:44       3   67.28    0.00   17.28    0.00    0.00   12.35    0.00    0.00    0.00    3.09

23:20:44     CPU    %usr   %nice    %sys %iowait    %irq   %soft  %steal  %guest  %gnice   %idle
23:20:49     all   63.92    0.00   24.30    0.00    0.00    8.61    0.21    0.00    0.00    2.97
23:20:49       0   58.00    0.00   28.27    0.00    0.00    8.73    0.21    0.00    0.00    4.78
23:20:49       1   65.78    0.00   25.87    0.00    0.00    5.91    0.20    0.00    0.00    2.24
23:20:49       2   64.62    0.00   25.36    0.00    0.00    7.16    0.20    0.00    0.00    2.66
23:20:49       3   67.14    0.00   17.76    0.00    0.00   12.65    0.20    0.00    0.00    2.24

23:20:49     CPU    %usr   %nice    %sys %iowait    %irq   %soft  %steal  %guest  %gnice   %idle
23:20:54     all   64.34    0.00   23.93    0.00    0.00    8.67    0.26    0.00    0.00    2.81
23:20:54       0   59.47    0.00   27.16    0.00    0.00    9.05    0.41    0.00    0.00    3.91
23:20:54       1   60.25    0.00   29.30    0.00    0.00    6.15    0.20    0.00    0.00    4.10
23:20:54       2   67.48    0.00   22.36    0.00    0.00    7.32    0.41    0.00    0.00    2.44
23:20:54       3   70.04    0.00   17.00    0.00    0.00   12.15    0.00    0.00    0.00    0.81

23:20:54     CPU    %usr   %nice    %sys %iowait    %irq   %soft  %steal  %guest  %gnice   %idle
23:20:59     all   65.41    0.00   22.53    0.00    0.00    8.99    0.20    0.00    0.00    2.86
23:20:59       0   66.46    0.00   20.37    0.00    0.00    9.47    0.21    0.00    0.00    3.50
23:20:59       1   62.30    0.00   28.48    0.00    0.00    5.74    0.20    0.00    0.00    3.28
23:20:59       2   70.85    0.00   18.42    0.00    0.00    8.70    0.20    0.00    0.00    1.82
23:20:59       3   61.96    0.00   22.90    0.00    0.00   12.07    0.20    0.00    0.00    2.86

23:20:59     CPU    %usr   %nice    %sys %iowait    %irq   %soft  %steal  %guest  %gnice   %idle
23:21:04     all   64.63    0.00   23.48    0.00    0.00    9.02    0.15    0.00    0.00    2.72
23:21:04       0   67.70    0.00   19.46    0.00    0.00    8.90    0.41    0.00    0.00    3.52
23:21:04       1   65.16    0.00   26.02    0.00    0.00    6.15    0.00    0.00    0.00    2.66
23:21:04       2   62.68    0.00   26.98    0.00    0.00    7.91    0.20    0.00    0.00    2.23
23:21:04       3   63.04    0.00   21.36    0.00    0.00   13.14    0.00    0.00    0.00    2.46

23:21:04     CPU    %usr   %nice    %sys %iowait    %irq   %soft  %steal  %guest  %gnice   %idle
23:21:09     all   64.06    0.00   23.71    0.00    0.00    8.65    0.20    0.00    0.00    3.38
23:21:09       0   59.38    0.00   27.63    0.00    0.00    8.04    0.21    0.00    0.00    4.74
23:21:09       1   67.28    0.00   22.90    0.00    0.00    5.73    0.20    0.00    0.00    3.89
23:21:09       2   64.69    0.00   24.08    0.00    0.00    8.37    0.20    0.00    0.00    2.65
23:21:09       3   64.83    0.00   20.25    0.00    0.00   12.47    0.20    0.00    0.00    2.25

23:21:09     CPU    %usr   %nice    %sys %iowait    %irq   %soft  %steal  %guest  %gnice   %idle
23:21:14     all   62.82    0.00   23.08    0.00    0.00    8.32    0.20    0.00    0.00    5.57
23:21:14       0   65.16    0.00   22.54    0.00    0.00    9.02    0.41    0.00    0.00    2.87
23:21:14       1   57.70    0.00   28.95    0.00    0.00    5.13    0.21    0.00    0.00    8.01
23:21:14       2   66.94    0.00   20.08    0.00    0.00    6.90    0.20    0.00    0.00    5.88
23:21:14       3   61.43    0.00   20.82    0.00    0.00   12.24    0.00    0.00    0.00    5.51
