Linux 6.17.0-1015-aws (ip-172-31-15-77) 	05/29/26 	_x86_64_	(4 CPU)

03:58:52     CPU    %usr   %nice    %sys %iowait    %irq   %soft  %steal  %guest  %gnice   %idle
03:58:57     all   29.23    0.00   10.10    0.15    0.00    1.53    0.15    0.00    0.00   58.83
03:58:57       0   39.80    0.00    8.28    0.40    0.00    0.00    0.00    0.00    0.00   51.52
03:58:57       1   21.36    0.00    9.03    0.00    0.00    6.16    0.21    0.00    0.00   63.24
03:58:57       2   21.47    0.00   10.63    0.20    0.00    0.00    0.20    0.00    0.00   67.48
03:58:57       3   34.15    0.00   12.47    0.00    0.00    0.00    0.20    0.00    0.00   53.17

03:58:57     CPU    %usr   %nice    %sys %iowait    %irq   %soft  %steal  %guest  %gnice   %idle
03:59:02     all   59.38    0.00   23.23    0.00    0.00    4.11    0.16    0.00    0.00   13.12
03:59:02       0   61.25    0.00   23.54    0.00    0.00    0.00    0.21    0.00    0.00   15.00
03:59:02       1   58.42    0.00   20.79    0.00    0.00   16.42    0.00    0.00    0.00    4.37
03:59:02       2   63.24    0.00   22.38    0.00    0.00    0.00    0.21    0.00    0.00   14.17
03:59:02       3   54.45    0.00   26.27    0.00    0.00    0.00    0.21    0.00    0.00   19.07

03:59:02     CPU    %usr   %nice    %sys %iowait    %irq   %soft  %steal  %guest  %gnice   %idle
03:59:07     all   59.42    0.00   23.60    0.00    0.00    4.19    0.26    0.00    0.00   12.53
03:59:07       0   56.70    0.00   27.01    0.00    0.00    0.62    0.41    0.00    0.00   15.26
03:59:07       1   56.31    0.00   23.19    0.00    0.00   13.25    0.21    0.00    0.00    7.04
03:59:07       2   71.13    0.00   15.67    0.00    0.00    2.89    0.21    0.00    0.00   10.10
03:59:07       3   53.44    0.00   28.60    0.00    0.00    0.00    0.21    0.00    0.00   17.75

03:59:07     CPU    %usr   %nice    %sys %iowait    %irq   %soft  %steal  %guest  %gnice   %idle
03:59:12     all   58.36    0.00   23.76    0.00    0.00    3.84    0.26    0.00    0.00   13.77
03:59:12       0   58.19    0.00   26.26    0.00    0.00    1.26    0.21    0.00    0.00   14.08
03:59:12       1   56.24    0.00   23.68    0.00    0.00    7.40    0.21    0.00    0.00   12.47
03:59:12       2   60.67    0.00   22.38    0.00    0.00    6.69    0.42    0.00    0.00    9.83
03:59:12       3   58.32    0.00   22.74    0.00    0.00    0.00    0.21    0.00    0.00   18.74

03:59:12     CPU    %usr   %nice    %sys %iowait    %irq   %soft  %steal  %guest  %gnice   %idle
03:59:17     all   58.23    0.00   23.32    0.00    0.00    4.04    0.21    0.00    0.00   14.20
03:59:17       0   59.71    0.00   24.17    0.00    0.00    1.45    0.21    0.00    0.00   14.46
03:59:17       1   57.20    0.00   22.25    0.00    0.00    6.14    0.21    0.00    0.00   14.19
03:59:17       2   60.79    0.00   21.37    0.00    0.00    7.26    0.21    0.00    0.00   10.37
03:59:17       3   55.11    0.00   25.53    0.00    0.00    1.28    0.21    0.00    0.00   17.87

03:59:17     CPU    %usr   %nice    %sys %iowait    %irq   %soft  %steal  %guest  %gnice   %idle
03:59:22     all   59.07    0.00   22.94    0.00    0.00    3.90    0.21    0.00    0.00   13.87
03:59:22       0   51.70    0.00   29.15    0.00    0.00    1.49    0.21    0.00    0.00   17.45
03:59:22       1   67.29    0.00   17.39    0.00    0.00    3.73    0.21    0.00    0.00   11.39
03:59:22       2   61.52    0.00   20.51    0.00    0.00    7.19    0.21    0.00    0.00   10.57
03:59:22       3   55.53    0.00   24.89    0.00    0.00    3.19    0.21    0.00    0.00   16.17

03:59:22     CPU    %usr   %nice    %sys %iowait    %irq   %soft  %steal  %guest  %gnice   %idle
03:59:27     all   55.14    0.00   21.78    0.00    0.00    3.39    0.21    0.00    0.00   19.48
03:59:27       0   51.05    0.00   26.05    0.00    0.00    1.05    0.21    0.00    0.00   21.64
03:59:27       1   59.67    0.00   17.49    0.00    0.00    3.50    0.00    0.00    0.00   19.34
03:59:27       2   57.80    0.00   20.58    0.00    0.00    6.03    0.42    0.00    0.00   15.18
03:59:27       3   51.91    0.00   23.09    0.00    0.00    2.97    0.21    0.00    0.00   21.82

03:59:27     CPU    %usr   %nice    %sys %iowait    %irq   %soft  %steal  %guest  %gnice   %idle
03:59:32     all   58.87    0.00   23.64    0.00    0.00    4.32    0.21    0.00    0.00   12.95
03:59:32       0   61.28    0.00   25.05    0.00    0.00    1.66    0.21    0.00    0.00   11.80
03:59:32       1   60.08    0.00   22.06    0.00    0.00    3.57    0.21    0.00    0.00   14.08
03:59:32       2   61.30    0.00   22.18    0.00    0.00    7.95    0.21    0.00    0.00    8.37
03:59:32       3   52.60    0.00   25.32    0.00    0.00    4.11    0.22    0.00    0.00   17.75

03:59:32     CPU    %usr   %nice    %sys %iowait    %irq   %soft  %steal  %guest  %gnice   %idle
03:59:37     all   59.15    0.00   23.75    0.00    0.00    3.99    0.21    0.00    0.00   12.90
03:59:37       0   58.75    0.00   25.42    0.00    0.00    1.67    0.21    0.00    0.00   13.96
03:59:37       1   56.30    0.00   23.95    0.00    0.00    4.20    0.21    0.00    0.00   15.34
03:59:37       2   61.55    0.00   22.48    0.00    0.00    6.93    0.21    0.00    0.00    8.82
03:59:37       3   60.00    0.00   23.16    0.00    0.00    3.16    0.21    0.00    0.00   13.47

03:59:37     CPU    %usr   %nice    %sys %iowait    %irq   %soft  %steal  %guest  %gnice   %idle
03:59:42     all   58.60    0.00   23.74    0.00    0.00    3.62    0.26    0.00    0.00   13.78
03:59:42       0   58.16    0.00   27.41    0.00    0.00    1.26    0.21    0.00    0.00   12.97
03:59:42       1   57.11    0.00   23.01    0.00    0.00    3.35    0.21    0.00    0.00   16.32
03:59:42       2   65.62    0.00   18.75    0.00    0.00    6.67    0.42    0.00    0.00    8.54
03:59:42       3   53.39    0.00   25.85    0.00    0.00    3.18    0.21    0.00    0.00   17.37

03:59:42     CPU    %usr   %nice    %sys %iowait    %irq   %soft  %steal  %guest  %gnice   %idle
03:59:47     all   58.52    0.00   22.95    0.00    0.00    3.94    0.21    0.00    0.00   14.38
03:59:47       0   54.58    0.00   27.72    0.00    0.00    1.28    0.43    0.00    0.00   15.99
03:59:47       1   57.57    0.00   20.68    0.00    0.00    4.05    0.00    0.00    0.00   17.70
03:59:47       2   66.53    0.00   18.20    0.00    0.00    6.90    0.21    0.00    0.00    8.16
03:59:47       3   55.19    0.00   25.32    0.00    0.00    3.46    0.22    0.00    0.00   15.80

03:59:47     CPU    %usr   %nice    %sys %iowait    %irq   %soft  %steal  %guest  %gnice   %idle
03:59:52     all   59.08    0.00   23.82    0.00    0.00    4.04    0.26    0.00    0.00   12.80
03:59:52       0   59.62    0.00   25.94    0.00    0.00    1.46    0.21    0.00    0.00   12.76
03:59:52       1   58.53    0.00   23.58    0.00    0.00    3.58    0.21    0.00    0.00   14.11
03:59:52       2   62.58    0.00   20.79    0.00    0.00    7.90    0.42    0.00    0.00    8.32
03:59:52       3   55.51    0.00   25.00    0.00    0.00    3.18    0.21    0.00    0.00   16.10

03:59:52     CPU    %usr   %nice    %sys %iowait    %irq   %soft  %steal  %guest  %gnice   %idle
03:59:57     all   58.32    0.00   24.48    0.05    0.00    4.13    0.16    0.00    0.00   12.87
03:59:57       0   53.36    0.00   29.83    0.00    0.00    1.26    0.21    0.00    0.00   15.34
03:59:57       1   62.27    0.00   22.06    0.00    0.00    4.12    0.00    0.00    0.00   11.55
03:59:57       2   59.24    0.00   23.53    0.00    0.00    7.35    0.21    0.00    0.00    9.66
03:59:57       3   58.32    0.00   22.53    0.21    0.00    3.79    0.21    0.00    0.00   14.95

03:59:57     CPU    %usr   %nice    %sys %iowait    %irq   %soft  %steal  %guest  %gnice   %idle
04:00:02     all   62.05    0.00   22.27    0.00    0.00    4.03    0.31    0.00    0.00   11.34
04:00:02       0   64.36    0.00   22.85    0.00    0.00    1.68    0.21    0.00    0.00   10.90
04:00:02       1   57.98    0.00   23.95    0.00    0.00    3.78    0.42    0.00    0.00   13.87
04:00:02       2   69.90    0.00   16.49    0.00    0.00    7.63    0.21    0.00    0.00    5.77
04:00:02       3   55.79    0.00   25.89    0.00    0.00    2.95    0.42    0.00    0.00   14.95

04:00:02     CPU    %usr   %nice    %sys %iowait    %irq   %soft  %steal  %guest  %gnice   %idle
04:00:07     all   61.29    0.00   22.88    0.00    0.00    4.18    0.26    0.00    0.00   11.39
04:00:07       0   58.37    0.00   26.99    0.00    0.00    1.46    0.21    0.00    0.00   12.97
04:00:07       1   56.28    0.00   25.52    0.00    0.00    3.97    0.21    0.00    0.00   14.02
04:00:07       2   62.47    0.00   20.96    0.00    0.00    7.34    0.42    0.00    0.00    8.81
04:00:07       3   67.98    0.00   18.09    0.00    0.00    3.95    0.21    0.00    0.00    9.77

04:00:07     CPU    %usr   %nice    %sys %iowait    %irq   %soft  %steal  %guest  %gnice   %idle
04:00:12     all   58.95    0.00   23.89    0.00    0.00    3.89    0.16    0.00    0.00   13.11
04:00:12       0   59.12    0.00   26.00    0.00    0.00    1.68    0.21    0.00    0.00   13.00
04:00:12       1   55.16    0.00   23.58    0.00    0.00    3.79    0.00    0.00    0.00   17.47
04:00:12       2   65.76    0.00   18.91    0.00    0.00    6.93    0.21    0.00    0.00    8.19
04:00:12       3   55.72    0.00   27.12    0.00    0.00    3.18    0.21    0.00    0.00   13.77

04:00:12     CPU    %usr   %nice    %sys %iowait    %irq   %soft  %steal  %guest  %gnice   %idle
04:00:17     all   57.95    0.00   23.98    0.00    0.00    3.91    0.21    0.00    0.00   13.95
04:00:17       0   60.63    0.00   25.05    0.00    0.00    1.26    0.21    0.00    0.00   12.84
04:00:17       1   54.89    0.00   23.62    0.00    0.00    3.62    0.21    0.00    0.00   17.66
04:00:17       2   63.33    0.00   21.04    0.00    0.00    7.29    0.42    0.00    0.00    7.92
04:00:17       3   52.78    0.00   26.28    0.00    0.00    3.42    0.00    0.00    0.00   17.52

04:00:17     CPU    %usr   %nice    %sys %iowait    %irq   %soft  %steal  %guest  %gnice   %idle
04:00:22     all   58.31    0.00   23.77    0.00    0.00    4.23    0.26    0.00    0.00   13.43
04:00:22       0   59.08    0.00   26.30    0.00    0.00    1.25    0.42    0.00    0.00   12.94
04:00:22       1   58.84    0.00   22.25    0.00    0.00    4.16    0.21    0.00    0.00   14.55
04:00:22       2   60.80    0.00   22.43    0.00    0.00    8.18    0.21    0.00    0.00    8.39
04:00:22       3   54.51    0.00   24.11    0.00    0.00    3.35    0.21    0.00    0.00   17.82

04:00:22     CPU    %usr   %nice    %sys %iowait    %irq   %soft  %steal  %guest  %gnice   %idle
04:00:27     all   58.85    0.00   23.86    0.00    0.00    4.05    0.26    0.00    0.00   12.98
04:00:27       0   57.05    0.00   28.63    0.00    0.00    1.26    0.21    0.00    0.00   12.84
04:00:27       1   56.81    0.00   23.48    0.00    0.00    3.77    0.21    0.00    0.00   15.72
04:00:27       2   64.36    0.00   19.08    0.00    0.00    7.34    0.21    0.00    0.00    9.01
04:00:27       3   57.17    0.00   24.26    0.00    0.00    3.80    0.42    0.00    0.00   14.35

04:00:27     CPU    %usr   %nice    %sys %iowait    %irq   %soft  %steal  %guest  %gnice   %idle
04:00:32     all   59.30    0.00   23.66    0.00    0.00    4.12    0.16    0.00    0.00   12.77
04:00:32       0   60.37    0.00   25.73    0.00    0.00    1.45    0.21    0.00    0.00   12.24
04:00:32       1   58.33    0.00   22.08    0.00    0.00    4.79    0.00    0.00    0.00   14.79
04:00:32       2   60.25    0.00   23.01    0.00    0.00    6.90    0.42    0.00    0.00    9.41
04:00:32       3   58.25    0.00   23.80    0.00    0.00    3.34    0.00    0.00    0.00   14.61

04:00:32     CPU    %usr   %nice    %sys %iowait    %irq   %soft  %steal  %guest  %gnice   %idle
04:00:37     all   58.50    0.00   24.24    0.00    0.00    3.99    0.26    0.00    0.00   13.01
04:00:37       0   61.46    0.00   24.79    0.00    0.00    1.46    0.21    0.00    0.00   12.08
04:00:37       1   53.05    0.00   26.95    0.00    0.00    3.58    0.21    0.00    0.00   16.21
04:00:37       2   64.86    0.00   18.71    0.00    0.00    7.90    0.21    0.00    0.00    8.32
04:00:37       3   54.47    0.00   26.60    0.00    0.00    2.98    0.43    0.00    0.00   15.53

04:00:37     CPU    %usr   %nice    %sys %iowait    %irq   %soft  %steal  %guest  %gnice   %idle
04:00:42     all   58.89    0.00   23.65    0.00    0.00    3.99    0.26    0.00    0.00   13.21
04:00:42       0   60.75    0.00   24.01    0.00    0.00    1.46    0.21    0.00    0.00   13.57
04:00:42       1   62.37    0.00   21.62    0.00    0.00    3.53    0.21    0.00    0.00   12.27
04:00:42       2   61.67    0.00   20.83    0.00    0.00    7.50    0.42    0.00    0.00    9.58
04:00:42       3   50.54    0.00   28.27    0.00    0.00    3.43    0.21    0.00    0.00   17.56

04:00:42     CPU    %usr   %nice    %sys %iowait    %irq   %soft  %steal  %guest  %gnice   %idle
04:00:47     all   59.49    0.00   23.54    0.00    0.00    3.94    0.21    0.00    0.00   12.82
04:00:47       0   65.84    0.00   21.53    0.00    0.00    1.66    0.21    0.00    0.00   10.77
04:00:47       1   57.65    0.00   24.53    0.00    0.00    3.14    0.00    0.00    0.00   14.68
04:00:47       2   59.21    0.00   23.43    0.00    0.00    7.32    0.42    0.00    0.00    9.62
04:00:47       3   55.05    0.00   24.73    0.00    0.00    3.66    0.22    0.00    0.00   16.34

04:00:47     CPU    %usr   %nice    %sys %iowait    %irq   %soft  %steal  %guest  %gnice   %idle
04:00:52     all   58.86    0.00   23.26    0.00    0.00    4.01    0.26    0.00    0.00   13.61
04:00:52       0   54.64    0.00   27.00    0.00    0.00    1.48    0.42    0.00    0.00   16.46
04:00:52       1   68.17    0.00   17.04    0.00    0.00    3.90    0.21    0.00    0.00   10.68
04:00:52       2   57.30    0.00   23.82    0.00    0.00    7.08    0.21    0.00    0.00   11.59
04:00:52       3   55.01    0.00   25.37    0.00    0.00    3.62    0.21    0.00    0.00   15.78

04:00:52     CPU    %usr   %nice    %sys %iowait    %irq   %soft  %steal  %guest  %gnice   %idle
04:00:57     all   58.66    0.00   24.11    0.00    0.00    3.91    0.21    0.00    0.00   13.10
04:00:57       0   61.28    0.00   24.84    0.00    0.00    1.66    0.21    0.00    0.00   12.01
04:00:57       1   54.51    0.00   26.83    0.00    0.00    3.56    0.21    0.00    0.00   14.88
04:00:57       2   64.93    0.00   18.37    0.00    0.00    7.31    0.21    0.00    0.00    9.19
04:00:57       3   53.88    0.00   26.42    0.00    0.00    3.14    0.21    0.00    0.00   16.35

04:00:57     CPU    %usr   %nice    %sys %iowait    %irq   %soft  %steal  %guest  %gnice   %idle
04:01:02     all   59.58    0.00   23.31    0.00    0.00    3.73    0.26    0.00    0.00   13.12
04:01:02       0   56.72    0.00   27.10    0.00    0.00    1.26    0.21    0.00    0.00   14.71
04:01:02       1   58.74    0.00   22.32    0.00    0.00    3.58    0.21    0.00    0.00   15.16
04:01:02       2   63.52    0.00   19.50    0.00    0.00    6.92    0.42    0.00    0.00    9.64
04:01:02       3   59.33    0.00   24.32    0.00    0.00    3.14    0.21    0.00    0.00   13.00

04:01:02     CPU    %usr   %nice    %sys %iowait    %irq   %soft  %steal  %guest  %gnice   %idle
04:01:07     all   61.87    0.00   22.48    0.00    0.00    3.96    0.26    0.00    0.00   11.42
04:01:07       0   62.16    0.00   22.87    0.00    0.00    1.46    0.42    0.00    0.00   13.10
04:01:07       1   62.00    0.00   21.09    0.00    0.00    3.97    0.21    0.00    0.00   12.73
04:01:07       2   64.73    0.00   20.33    0.00    0.00    7.05    0.21    0.00    0.00    7.68
04:01:07       3   58.53    0.00   25.68    0.00    0.00    3.37    0.21    0.00    0.00   12.21

04:01:07     CPU    %usr   %nice    %sys %iowait    %irq   %soft  %steal  %guest  %gnice   %idle
04:01:12     all   58.68    0.00   23.54    0.00    0.00    3.96    0.16    0.00    0.00   13.67
04:01:12       0   59.79    0.00   25.26    0.00    0.00    1.47    0.21    0.00    0.00   13.26
04:01:12       1   56.93    0.00   23.53    0.00    0.00    3.78    0.00    0.00    0.00   15.76
04:01:12       2   65.27    0.00   18.41    0.00    0.00    6.90    0.21    0.00    0.00    9.21
04:01:12       3   52.58    0.00   27.04    0.00    0.00    3.65    0.21    0.00    0.00   16.52

04:01:12     CPU    %usr   %nice    %sys %iowait    %irq   %soft  %steal  %guest  %gnice   %idle
04:01:17     all   58.67    0.00   24.04    0.00    0.00    3.88    0.21    0.00    0.00   13.20
04:01:17       0   58.87    0.00   26.30    0.00    0.00    1.88    0.21    0.00    0.00   12.73
04:01:17       1   59.04    0.00   24.12    0.00    0.00    3.53    0.21    0.00    0.00   13.10
04:01:17       2   60.67    0.00   21.76    0.00    0.00    6.90    0.21    0.00    0.00   10.46
04:01:17       3   56.05    0.00   23.99    0.00    0.00    3.18    0.21    0.00    0.00   16.56

04:01:17     CPU    %usr   %nice    %sys %iowait    %irq   %soft  %steal  %guest  %gnice   %idle
04:01:22     all   58.78    0.00   23.93    0.00    0.00    3.97    0.31    0.00    0.00   13.01
04:01:22       0   60.42    0.00   25.83    0.00    0.00    1.46    0.42    0.00    0.00   11.88
04:01:22       1   51.57    0.00   28.60    0.00    0.00    3.97    0.21    0.00    0.00   15.66
04:01:22       2   69.50    0.00   15.15    0.00    0.00    6.85    0.41    0.00    0.00    8.09
04:01:22       3   53.49    0.00   26.22    0.00    0.00    3.59    0.21    0.00    0.00   16.49

04:01:22     CPU    %usr   %nice    %sys %iowait    %irq   %soft  %steal  %guest  %gnice   %idle
04:01:27     all   42.81    0.00   17.15    0.00    0.00    2.55    0.16    0.00    0.00   37.33
04:01:27       0   42.03    0.00   17.60    0.00    0.00    0.83    0.00    0.00    0.00   39.54
04:01:27       1   38.57    0.00   17.40    0.00    0.00    2.10    0.21    0.00    0.00   41.72
04:01:27       2   40.17    0.00   16.74    0.00    0.00    4.81    0.21    0.00    0.00   38.08
04:01:27       3   50.42    0.00   16.88    0.00    0.00    2.50    0.21    0.00    0.00   30.00
