Linux 6.17.0-1015-aws (ip-172-31-10-5) 	05/27/26 	_x86_64_	(4 CPU)

19:16:26     CPU    %usr   %nice    %sys %iowait    %irq   %soft  %steal  %guest  %gnice   %idle
19:16:31     all   29.36    0.00   10.41    0.00    0.00    3.59    0.15    0.00    0.00   56.49
19:16:31       0   28.51    0.00    7.03    0.00    0.00    7.43    0.20    0.00    0.00   56.83
19:16:31       1   35.63    0.00   15.79    0.00    0.00    0.00    0.20    0.00    0.00   48.38
19:16:31       2   24.80    0.00   11.99    0.00    0.00    3.66    0.00    0.00    0.00   59.55
19:16:31       3   28.48    0.00    6.87    0.00    0.00    3.23    0.20    0.00    0.00   61.21

19:16:31     CPU    %usr   %nice    %sys %iowait    %irq   %soft  %steal  %guest  %gnice   %idle
19:16:36     all   61.33    0.00   26.43    0.00    0.00    9.64    0.15    0.00    0.00    2.45
19:16:36       0   72.64    0.00   13.88    0.00    0.00   12.88    0.00    0.00    0.00    0.60
19:16:36       1   58.73    0.00   31.21    0.00    0.00    6.57    0.21    0.00    0.00    3.29
19:16:36       2   57.23    0.00   29.74    0.00    0.00   10.39    0.20    0.00    0.00    2.44
19:16:36       3   56.49    0.00   31.13    0.00    0.00    8.66    0.21    0.00    0.00    3.51

19:16:36     CPU    %usr   %nice    %sys %iowait    %irq   %soft  %steal  %guest  %gnice   %idle
19:16:41     all   60.91    0.00   26.69    0.00    0.00    9.63    0.20    0.00    0.00    2.56
19:16:41       0   56.17    0.00   31.48    0.00    0.00    8.44    0.21    0.00    0.00    3.70
19:16:41       1   59.96    0.00   26.69    0.00    0.00   10.88    0.21    0.00    0.00    2.26
19:16:41       2   66.60    0.00   21.18    0.00    0.00   10.18    0.20    0.00    0.00    1.83
19:16:41       3   60.86    0.00   27.46    0.00    0.00    9.02    0.20    0.00    0.00    2.46

19:16:41     CPU    %usr   %nice    %sys %iowait    %irq   %soft  %steal  %guest  %gnice   %idle
19:16:46     all   62.16    0.00   26.31    0.00    0.00    8.82    0.25    0.00    0.00    2.45
19:16:46       0   61.59    0.00   27.24    0.00    0.00    8.54    0.20    0.00    0.00    2.44
19:16:46       1   60.69    0.00   27.09    0.00    0.00    8.76    0.41    0.00    0.00    3.05
19:16:46       2   67.07    0.00   21.54    0.00    0.00    9.76    0.00    0.00    0.00    1.63
19:16:46       3   59.26    0.00   29.42    0.00    0.00    8.23    0.41    0.00    0.00    2.67

19:16:46     CPU    %usr   %nice    %sys %iowait    %irq   %soft  %steal  %guest  %gnice   %idle
19:16:51     all   62.12    0.00   25.58    0.00    0.00    9.48    0.21    0.00    0.00    2.61
19:16:51       0   62.04    0.00   27.14    0.00    0.00    8.57    0.00    0.00    0.00    2.24
19:16:51       1   58.51    0.00   27.39    0.00    0.00   10.37    0.41    0.00    0.00    3.32
19:16:51       2   67.14    0.00   20.08    0.00    0.00   10.75    0.20    0.00    0.00    1.83
19:16:51       3   60.70    0.00   27.78    0.00    0.00    8.23    0.21    0.00    0.00    3.09

19:16:51     CPU    %usr   %nice    %sys %iowait    %irq   %soft  %steal  %guest  %gnice   %idle
19:16:56     all   60.84    0.00   26.93    0.00    0.00    9.79    0.15    0.00    0.00    2.29
19:16:56       0   56.21    0.00   31.57    0.00    0.00    9.16    0.20    0.00    0.00    2.85
19:16:56       1   63.41    0.00   24.19    0.00    0.00   10.57    0.20    0.00    0.00    1.63
19:16:56       2   64.08    0.00   23.47    0.00    0.00   10.61    0.00    0.00    0.00    1.84
19:16:56       3   59.63    0.00   28.48    0.00    0.00    8.81    0.20    0.00    0.00    2.87

19:16:56     CPU    %usr   %nice    %sys %iowait    %irq   %soft  %steal  %guest  %gnice   %idle
19:17:01     all   56.90    0.00   24.25    0.00    0.00    8.75    0.26    0.00    0.00    9.84
19:17:01       0   53.42    0.00   28.36    0.00    0.00    7.45    0.00    0.00    0.00   10.77
19:17:01       1   56.88    0.00   22.92    0.00    0.00   10.62    0.42    0.00    0.00    9.17
19:17:01       2   54.38    0.00   26.68    0.00    0.00    8.55    0.20    0.00    0.00   10.18
19:17:01       3   62.91    0.00   19.06    0.00    0.00    8.40    0.41    0.00    0.00    9.22

19:17:01     CPU    %usr   %nice    %sys %iowait    %irq   %soft  %steal  %guest  %gnice   %idle
19:17:06     all   55.75    0.00   25.91    0.00    0.00    7.15    0.21    0.00    0.00   10.98
19:17:06       0   49.58    0.00   30.46    0.00    0.00    6.51    0.21    0.00    0.00   13.24
19:17:06       1   51.61    0.00   28.05    0.00    0.00    8.57    0.43    0.00    0.00   11.35
19:17:06       2   50.21    0.00   30.38    0.00    0.00    6.75    0.00    0.00    0.00   12.66
19:17:06       3   71.19    0.00   15.02    0.00    0.00    6.79    0.21    0.00    0.00    6.79

19:17:06     CPU    %usr   %nice    %sys %iowait    %irq   %soft  %steal  %guest  %gnice   %idle
19:17:11     all   55.33    0.00   26.52    0.00    0.00    7.11    0.21    0.00    0.00   10.83
19:17:11       0   49.37    0.00   32.01    0.00    0.00    5.86    0.00    0.00    0.00   12.76
19:17:11       1   52.97    0.00   27.12    0.00    0.00    9.11    0.42    0.00    0.00   10.38
19:17:11       2   62.11    0.00   22.36    0.00    0.00    6.63    0.21    0.00    0.00    8.70
19:17:11       3   56.78    0.00   24.63    0.00    0.00    6.89    0.21    0.00    0.00   11.48

19:17:11     CPU    %usr   %nice    %sys %iowait    %irq   %soft  %steal  %guest  %gnice   %idle
19:17:16     all   55.82    0.00   26.57    0.00    0.00    6.96    0.16    0.00    0.00   10.49
19:17:16       0   56.55    0.00   28.07    0.00    0.00    5.41    0.21    0.00    0.00    9.77
19:17:16       1   50.43    0.00   28.42    0.00    0.00    8.76    0.21    0.00    0.00   12.18
19:17:16       2   52.95    0.00   29.11    0.00    0.00    6.96    0.00    0.00    0.00   10.97
19:17:16       3   63.29    0.00   20.68    0.00    0.00    6.75    0.21    0.00    0.00    9.07

19:17:16     CPU    %usr   %nice    %sys %iowait    %irq   %soft  %steal  %guest  %gnice   %idle
19:17:21     all   56.08    0.00   26.12    0.00    0.00    6.74    0.16    0.00    0.00   10.90
19:17:21       0   52.00    0.00   29.89    0.00    0.00    5.68    0.00    0.00    0.00   12.42
19:17:21       1   65.47    0.00   17.16    0.00    0.00    8.47    0.42    0.00    0.00    8.47
19:17:21       2   50.21    0.00   31.59    0.00    0.00    6.07    0.00    0.00    0.00   12.13
19:17:21       3   56.75    0.00   25.74    0.00    0.00    6.75    0.21    0.00    0.00   10.55

19:17:21     CPU    %usr   %nice    %sys %iowait    %irq   %soft  %steal  %guest  %gnice   %idle
19:17:26     all   54.94    0.00   26.84    0.00    0.00    7.08    0.26    0.00    0.00   10.88
19:17:26       0   61.83    0.00   23.44    0.00    0.00    6.22    0.00    0.00    0.00    8.51
19:17:26       1   55.86    0.00   23.45    0.00    0.00    9.59    0.43    0.00    0.00   10.66
19:17:26       2   50.11    0.00   31.58    0.00    0.00    6.32    0.21    0.00    0.00   11.79
19:17:26       3   51.82    0.00   28.91    0.00    0.00    6.21    0.43    0.00    0.00   12.63

19:17:26     CPU    %usr   %nice    %sys %iowait    %irq   %soft  %steal  %guest  %gnice   %idle
19:17:31     all   56.04    0.00   25.90    0.00    0.00    7.10    0.21    0.00    0.00   10.75
19:17:31       0   51.05    0.00   31.43    0.00    0.00    5.27    0.21    0.00    0.00   12.03
19:17:31       1   56.56    0.00   22.80    0.00    0.00    8.82    0.43    0.00    0.00   11.40
19:17:31       2   60.13    0.00   23.17    0.00    0.00    7.10    0.00    0.00    0.00    9.60
19:17:31       3   56.38    0.00   26.17    0.00    0.00    7.23    0.21    0.00    0.00   10.00

19:17:31     CPU    %usr   %nice    %sys %iowait    %irq   %soft  %steal  %guest  %gnice   %idle
19:17:36     all   70.68    0.00   17.54    0.00    0.00    6.28    0.15    0.00    0.00    5.35
19:17:36       0   71.98    0.00   18.00    0.00    0.00    4.91    0.00    0.00    0.00    5.11
19:17:36       1   66.32    0.00   19.25    0.00    0.00    7.11    0.21    0.00    0.00    7.11
19:17:36       2   75.05    0.00   13.79    0.00    0.00    7.71    0.20    0.00    0.00    3.25
19:17:36       3   69.21    0.00   19.21    0.00    0.00    5.37    0.21    0.00    0.00    5.99

19:17:36     CPU    %usr   %nice    %sys %iowait    %irq   %soft  %steal  %guest  %gnice   %idle
19:17:41     all   84.36    0.00    8.80    0.00    0.00    6.08    0.20    0.00    0.00    0.55
19:17:41       0   89.98    0.00    6.01    0.00    0.00    3.81    0.00    0.00    0.00    0.20
19:17:41       1   82.70    0.00    9.05    0.00    0.00    7.04    0.40    0.00    0.00    0.80
19:17:41       2   78.23    0.00   12.10    0.00    0.00    9.07    0.00    0.00    0.00    0.60
19:17:41       3   86.52    0.00    8.05    0.00    0.00    4.43    0.40    0.00    0.00    0.60

19:17:41     CPU    %usr   %nice    %sys %iowait    %irq   %soft  %steal  %guest  %gnice   %idle
19:17:46     all   57.17    0.00   26.18    0.00    0.00    6.77    0.21    0.00    0.00    9.68
19:17:46       0   51.37    0.00   32.00    0.00    0.00    6.11    0.21    0.00    0.00   10.32
19:17:46       1   57.91    0.00   23.29    0.00    0.00    7.91    0.43    0.00    0.00   10.47
19:17:46       2   59.54    0.00   25.79    0.00    0.00    6.50    0.00    0.00    0.00    8.18
19:17:46       3   59.87    0.00   23.57    0.00    0.00    6.58    0.21    0.00    0.00    9.77

19:17:46     CPU    %usr   %nice    %sys %iowait    %irq   %soft  %steal  %guest  %gnice   %idle
19:17:51     all   55.31    0.00   25.99    0.00    0.00    7.13    0.16    0.00    0.00   11.41
19:17:51       0   51.05    0.00   30.33    0.00    0.00    7.11    0.00    0.00    0.00   11.51
19:17:51       1   58.76    0.00   22.22    0.00    0.00    7.05    0.21    0.00    0.00   11.75
19:17:51       2   60.62    0.00   22.92    0.00    0.00    8.33    0.21    0.00    0.00    7.92
19:17:51       3   50.75    0.00   28.48    0.00    0.00    6.00    0.21    0.00    0.00   14.56

19:17:51     CPU    %usr   %nice    %sys %iowait    %irq   %soft  %steal  %guest  %gnice   %idle
19:17:56     all   56.02    0.00   26.24    0.00    0.00    6.81    0.26    0.00    0.00   10.67
19:17:56       0   52.62    0.00   30.61    0.00    0.00    6.50    0.21    0.00    0.00   10.06
19:17:56       1   52.34    0.00   28.09    0.00    0.00    7.23    0.43    0.00    0.00   11.91
19:17:56       2   59.07    0.00   24.26    0.00    0.00    7.59    0.00    0.00    0.00    9.07
19:17:56       3   60.04    0.00   21.99    0.00    0.00    5.92    0.42    0.00    0.00   11.63

19:17:56     CPU    %usr   %nice    %sys %iowait    %irq   %soft  %steal  %guest  %gnice   %idle
19:18:01     all   55.51    0.00   26.08    0.00    0.00    7.66    0.10    0.00    0.00   10.65
19:18:01       0   52.41    0.00   31.03    0.00    0.00    6.08    0.00    0.00    0.00   10.48
19:18:01       1   57.74    0.00   22.38    0.00    0.00    9.41    0.21    0.00    0.00   10.25
19:18:01       2   60.59    0.00   23.27    0.00    0.00    7.55    0.00    0.00    0.00    8.60
19:18:01       3   51.27    0.00   27.64    0.00    0.00    7.59    0.21    0.00    0.00   13.29

19:18:01     CPU    %usr   %nice    %sys %iowait    %irq   %soft  %steal  %guest  %gnice   %idle
19:18:06     all   55.21    0.00   26.26    0.00    0.00    7.63    0.26    0.00    0.00   10.63
19:18:06       0   61.30    0.00   23.43    0.00    0.00    6.28    0.00    0.00    0.00    9.00
19:18:06       1   53.30    0.00   25.80    0.00    0.00    9.38    0.43    0.00    0.00   11.09
19:18:06       2   50.52    0.00   30.82    0.00    0.00    7.76    0.21    0.00    0.00   10.69
19:18:06       3   55.67    0.00   25.00    0.00    0.00    7.14    0.42    0.00    0.00   11.76

19:18:06     CPU    %usr   %nice    %sys %iowait    %irq   %soft  %steal  %guest  %gnice   %idle
19:18:11     all   55.50    0.00   26.75    0.00    0.00    7.23    0.16    0.00    0.00   10.37
19:18:11       0   59.39    0.00   24.69    0.00    0.00    6.94    0.20    0.00    0.00    8.78
19:18:11       1   58.94    0.00   22.77    0.00    0.00    8.30    0.21    0.00    0.00    9.79
19:18:11       2   51.67    0.00   30.42    0.00    0.00    7.50    0.00    0.00    0.00   10.42
19:18:11       3   51.91    0.00   29.15    0.00    0.00    6.17    0.21    0.00    0.00   12.55

19:18:11     CPU    %usr   %nice    %sys %iowait    %irq   %soft  %steal  %guest  %gnice   %idle
19:18:16     all   55.28    0.00   26.82    0.00    0.00    7.09    0.16    0.00    0.00   10.66
19:18:16       0   63.51    0.00   21.03    0.00    0.00    6.60    0.00    0.00    0.00    8.87
19:18:16       1   54.66    0.00   26.69    0.00    0.00    8.05    0.42    0.00    0.00   10.17
19:18:16       2   52.39    0.00   30.15    0.00    0.00    7.07    0.00    0.00    0.00   10.40
19:18:16       3   50.32    0.00   29.55    0.00    0.00    6.64    0.21    0.00    0.00   13.28

19:18:16     CPU    %usr   %nice    %sys %iowait    %irq   %soft  %steal  %guest  %gnice   %idle
19:18:21     all   56.09    0.00   26.10    0.00    0.00    7.14    0.21    0.00    0.00   10.45
19:18:21       0   51.35    0.00   31.60    0.00    0.00    5.82    0.00    0.00    0.00   11.23
19:18:21       1   57.87    0.00   23.19    0.00    0.00    9.36    0.43    0.00    0.00    9.15
19:18:21       2   53.05    0.00   29.47    0.00    0.00    6.95    0.21    0.00    0.00   10.32
19:18:21       3   62.13    0.00   20.08    0.00    0.00    6.49    0.21    0.00    0.00   11.09

19:18:21     CPU    %usr   %nice    %sys %iowait    %irq   %soft  %steal  %guest  %gnice   %idle
19:18:26     all   54.20    0.00   26.65    0.00    0.00    7.40    0.21    0.00    0.00   11.54
19:18:26       0   62.45    0.00   22.61    0.00    0.00    5.60    0.21    0.00    0.00    9.13
19:18:26       1   48.83    0.00   28.78    0.00    0.00    8.32    0.21    0.00    0.00   13.86
19:18:26       2   52.50    0.00   28.96    0.00    0.00    8.33    0.00    0.00    0.00   10.21
19:18:26       3   52.84    0.00   26.32    0.00    0.00    7.37    0.42    0.00    0.00   13.05

19:18:26     CPU    %usr   %nice    %sys %iowait    %irq   %soft  %steal  %guest  %gnice   %idle
19:18:31     all   56.01    0.00   26.53    0.00    0.00    6.80    0.16    0.00    0.00   10.50
19:18:31       0   54.74    0.00   28.63    0.00    0.00    6.53    0.00    0.00    0.00   10.11
19:18:31       1   50.75    0.00   28.48    0.00    0.00    8.35    0.43    0.00    0.00   11.99
19:18:31       2   55.88    0.00   27.52    0.00    0.00    6.51    0.00    0.00    0.00   10.08
19:18:31       3   62.55    0.00   21.55    0.00    0.00    5.86    0.21    0.00    0.00    9.83

19:18:31     CPU    %usr   %nice    %sys %iowait    %irq   %soft  %steal  %guest  %gnice   %idle
19:18:36     all   55.56    0.00   26.26    0.00    0.00    7.39    0.21    0.00    0.00   10.59
19:18:36       0   59.34    0.00   24.85    0.00    0.00    6.16    0.21    0.00    0.00    9.45
19:18:36       1   52.13    0.00   27.02    0.00    0.00    8.51    0.21    0.00    0.00   12.13
19:18:36       2   59.92    0.00   23.97    0.00    0.00    7.44    0.21    0.00    0.00    8.47
19:18:36       3   50.54    0.00   29.34    0.00    0.00    7.49    0.21    0.00    0.00   12.42

19:18:36     CPU    %usr   %nice    %sys %iowait    %irq   %soft  %steal  %guest  %gnice   %idle
19:18:41     all   55.81    0.00   25.91    0.00    0.00    7.15    0.21    0.00    0.00   10.93
19:18:41       0   53.47    0.00   28.21    0.00    0.00    6.32    0.00    0.00    0.00   12.00
19:18:41       1   57.42    0.00   22.25    0.00    0.00    8.69    0.42    0.00    0.00   11.23
19:18:41       2   56.37    0.00   27.77    0.00    0.00    6.47    0.00    0.00    0.00    9.39
19:18:41       3   55.97    0.00   25.37    0.00    0.00    7.13    0.42    0.00    0.00   11.11

19:18:41     CPU    %usr   %nice    %sys %iowait    %irq   %soft  %steal  %guest  %gnice   %idle
19:18:46     all   55.10    0.00   26.62    0.00    0.00    7.12    0.21    0.00    0.00   10.95
19:18:46       0   61.90    0.00   22.57    0.00    0.00    6.42    0.21    0.00    0.00    8.90
19:18:46       1   49.46    0.00   29.07    0.00    0.00    7.59    0.43    0.00    0.00   13.45
19:18:46       2   57.89    0.00   25.89    0.00    0.00    8.00    0.00    0.00    0.00    8.21
19:18:46       3   50.76    0.00   29.16    0.00    0.00    6.48    0.22    0.00    0.00   13.39

19:18:46     CPU    %usr   %nice    %sys %iowait    %irq   %soft  %steal  %guest  %gnice   %idle
19:18:51     all   55.84    0.00   26.73    0.00    0.00    7.03    0.16    0.00    0.00   10.25
19:18:51       0   52.51    0.00   30.33    0.00    0.00    6.49    0.00    0.00    0.00   10.67
19:18:51       1   61.36    0.00   21.44    0.00    0.00    8.07    0.21    0.00    0.00    8.92
19:18:51       2   57.14    0.00   26.26    0.00    0.00    6.93    0.21    0.00    0.00    9.45
19:18:51       3   52.35    0.00   28.85    0.00    0.00    6.62    0.21    0.00    0.00   11.97

19:18:51     CPU    %usr   %nice    %sys %iowait    %irq   %soft  %steal  %guest  %gnice   %idle
19:18:56     all   55.56    0.00   26.50    0.00    0.00    7.24    0.21    0.00    0.00   10.49
19:18:56       0   51.15    0.00   30.40    0.00    0.00    6.92    0.00    0.00    0.00   11.53
19:18:56       1   51.49    0.00   27.66    0.00    0.00    9.15    0.43    0.00    0.00   11.28
19:18:56       2   51.37    0.00   30.66    0.00    0.00    6.34    0.00    0.00    0.00   11.63
19:18:56       3   67.90    0.00   17.49    0.00    0.00    6.58    0.41    0.00    0.00    7.61

19:18:56     CPU    %usr   %nice    %sys %iowait    %irq   %soft  %steal  %guest  %gnice   %idle
19:19:01     all   41.62    0.00   18.05    0.00    0.00    4.42    0.21    0.00    0.00   35.69
19:19:01       0   36.55    0.00   21.15    0.00    0.00    4.72    0.21    0.00    0.00   37.37
19:19:01       1   47.16    0.00   18.53    0.00    0.00    4.63    0.21    0.00    0.00   29.47
19:19:01       2   35.64    0.00   21.17    0.00    0.00    3.77    0.21    0.00    0.00   39.20
19:19:01       3   47.20    0.00   11.39    0.00    0.00    4.55    0.21    0.00    0.00   36.65
