Linux 6.17.0-1015-aws (ip-172-31-3-246) 	05/27/26 	_x86_64_	(4 CPU)

19:16:24     CPU    %usr   %nice    %sys %iowait    %irq   %soft  %steal  %guest  %gnice   %idle
19:16:29     all   17.30    0.00    4.43    0.00    0.00    1.06    0.20    0.00    0.00   77.01
19:16:29       0   14.95    0.00    3.64    0.00    0.00    2.02    0.20    0.00    0.00   79.19
19:16:29       1   21.08    0.00    5.22    0.00    0.00    0.00    0.20    0.00    0.00   73.49
19:16:29       2   24.90    0.00    5.62    0.00    0.00    0.00    0.20    0.00    0.00   69.28
19:16:29       3    8.25    0.00    3.22    0.00    0.00    2.21    0.20    0.00    0.00   86.12

19:16:29     CPU    %usr   %nice    %sys %iowait    %irq   %soft  %steal  %guest  %gnice   %idle
19:16:34     all   61.76    0.00   24.12    0.00    0.00   10.36    0.20    0.00    0.00    3.56
19:16:34       0   57.83    0.00   19.28    0.00    0.00   22.29    0.20    0.00    0.00    0.40
19:16:34       1   62.80    0.00   28.86    0.00    0.00    2.03    0.20    0.00    0.00    6.10
19:16:34       2   68.93    0.00   24.49    0.00    0.00    0.00    0.21    0.00    0.00    6.38
19:16:34       3   57.61    0.00   23.94    0.00    0.00   16.84    0.20    0.00    0.00    1.42

19:16:34     CPU    %usr   %nice    %sys %iowait    %irq   %soft  %steal  %guest  %gnice   %idle
19:16:39     all   63.07    0.00   23.80    0.00    0.00    9.56    0.15    0.00    0.00    3.41
19:16:39       0   58.15    0.00   20.93    0.00    0.00   20.32    0.00    0.00    0.00    0.60
19:16:39       1   58.78    0.00   27.14    0.00    0.00   11.02    0.20    0.00    0.00    2.86
19:16:39       2   67.89    0.00   24.74    0.00    0.00    0.00    0.20    0.00    0.00    7.16
19:16:39       3   67.55    0.00   22.45    0.00    0.00    6.73    0.20    0.00    0.00    3.06

19:16:39     CPU    %usr   %nice    %sys %iowait    %irq   %soft  %steal  %guest  %gnice   %idle
19:16:44     all   62.72    0.00   23.61    0.00    0.00    9.99    0.20    0.00    0.00    3.47
19:16:44       0   65.79    0.00   13.48    0.00    0.00   20.12    0.20    0.00    0.00    0.40
19:16:44       1   58.90    0.00   27.61    0.00    0.00   10.63    0.20    0.00    0.00    2.66
19:16:44       2   66.60    0.00   25.82    0.00    0.00    0.00    0.20    0.00    0.00    7.38
19:16:44       3   59.55    0.00   27.72    0.00    0.00    9.03    0.21    0.00    0.00    3.49

19:16:44     CPU    %usr   %nice    %sys %iowait    %irq   %soft  %steal  %guest  %gnice   %idle
19:16:49     all   63.37    0.00   23.71    0.00    0.00    9.47    0.25    0.00    0.00    3.19
19:16:49       0   61.51    0.00   25.05    0.00    0.00   10.39    0.41    0.00    0.00    2.65
19:16:49       1   63.51    0.00   24.19    0.00    0.00    9.88    0.20    0.00    0.00    2.22
19:16:49       2   68.64    0.00   24.24    0.00    0.00    0.00    0.20    0.00    0.00    6.92
19:16:49       3   59.88    0.00   21.37    0.00    0.00   17.54    0.20    0.00    0.00    1.01

19:16:49     CPU    %usr   %nice    %sys %iowait    %irq   %soft  %steal  %guest  %gnice   %idle
19:16:54     all   62.47    0.00   23.91    0.00    0.00   10.14    0.20    0.00    0.00    3.28
19:16:54       0   61.84    0.00   24.69    0.00    0.00   10.82    0.20    0.00    0.00    2.45
19:16:54       1   60.70    0.00   25.31    0.00    0.00   11.32    0.21    0.00    0.00    2.47
19:16:54       2   60.58    0.00   29.88    0.00    0.00    1.87    0.21    0.00    0.00    7.47
19:16:54       3   66.67    0.00   15.96    0.00    0.00   16.36    0.20    0.00    0.00    0.81

19:16:54     CPU    %usr   %nice    %sys %iowait    %irq   %soft  %steal  %guest  %gnice   %idle
19:16:59     all   60.27    0.00   22.01    0.00    0.00    8.73    0.20    0.00    0.00    8.78
19:16:59       0   59.06    0.00   23.42    0.00    0.00    8.55    0.20    0.00    0.00    8.76
19:16:59       1   56.12    0.00   24.49    0.00    0.00   10.41    0.20    0.00    0.00    8.78
19:16:59       2   58.93    0.00   22.38    0.00    0.00    9.65    0.21    0.00    0.00    8.83
19:16:59       3   66.94    0.00   17.76    0.00    0.00    6.33    0.20    0.00    0.00    8.78

19:16:59     CPU    %usr   %nice    %sys %iowait    %irq   %soft  %steal  %guest  %gnice   %idle
19:17:04     all   57.89    0.00   22.95    0.00    0.00    8.05    0.31    0.00    0.00   10.80
19:17:04       0   63.99    0.00   18.93    0.00    0.00    9.26    0.41    0.00    0.00    7.41
19:17:04       1   52.10    0.00   27.94    0.00    0.00    7.77    0.21    0.00    0.00   11.97
19:17:04       2   63.09    0.00   18.14    0.00    0.00    9.90    0.41    0.00    0.00    8.45
19:17:04       3   52.19    0.00   26.93    0.00    0.00    5.22    0.21    0.00    0.00   15.45

19:17:04     CPU    %usr   %nice    %sys %iowait    %irq   %soft  %steal  %guest  %gnice   %idle
19:17:09     all   57.42    0.00   23.88    0.00    0.00    7.42    0.21    0.00    0.00   11.08
19:17:09       0   52.51    0.00   27.62    0.00    0.00    7.74    0.21    0.00    0.00   11.92
19:17:09       1   58.95    0.00   22.53    0.00    0.00    7.37    0.21    0.00    0.00   10.95
19:17:09       2   53.57    0.00   26.26    0.00    0.00    8.61    0.21    0.00    0.00   11.34
19:17:09       3   64.54    0.00   19.18    0.00    0.00    5.98    0.21    0.00    0.00   10.10

19:17:09     CPU    %usr   %nice    %sys %iowait    %irq   %soft  %steal  %guest  %gnice   %idle
19:17:14     all   55.74    0.00   24.11    0.00    0.00    7.67    0.26    0.00    0.00   12.21
19:17:14       0   54.30    0.00   25.37    0.00    0.00    7.76    0.21    0.00    0.00   12.37
19:17:14       1   66.74    0.00   15.70    0.00    0.00    9.09    0.21    0.00    0.00    8.26
19:17:14       2   52.30    0.00   26.78    0.00    0.00    9.00    0.21    0.00    0.00   11.72
19:17:14       3   49.48    0.00   28.72    0.00    0.00    4.82    0.42    0.00    0.00   16.56

19:17:14     CPU    %usr   %nice    %sys %iowait    %irq   %soft  %steal  %guest  %gnice   %idle
19:17:19     all   56.26    0.00   23.45    0.00    0.00    7.77    0.21    0.00    0.00   12.31
19:17:19       0   57.59    0.00   22.36    0.00    0.00    8.23    0.21    0.00    0.00   11.60
19:17:19       1   54.56    0.00   25.05    0.00    0.00    7.64    0.21    0.00    0.00   12.53
19:17:19       2   62.13    0.00   19.04    0.00    0.00    9.62    0.21    0.00    0.00    9.00
19:17:19       3   50.64    0.00   27.45    0.00    0.00    5.53    0.21    0.00    0.00   16.17

19:17:19     CPU    %usr   %nice    %sys %iowait    %irq   %soft  %steal  %guest  %gnice   %idle
19:17:24     all   55.71    0.00   24.48    0.00    0.00    7.81    0.21    0.00    0.00   11.79
19:17:24       0   55.11    0.00   24.63    0.00    0.00    7.31    0.21    0.00    0.00   12.73
19:17:24       1   56.39    0.00   23.69    0.00    0.00    8.60    0.21    0.00    0.00   11.11
19:17:24       2   54.20    0.00   25.63    0.00    0.00    9.03    0.21    0.00    0.00   10.92
19:17:24       3   57.14    0.00   23.95    0.00    0.00    6.30    0.21    0.00    0.00   12.39

19:17:24     CPU    %usr   %nice    %sys %iowait    %irq   %soft  %steal  %guest  %gnice   %idle
19:17:29     all   55.97    0.00   24.61    0.00    0.00    7.33    0.21    0.00    0.00   11.88
19:17:29       0   60.37    0.00   22.61    0.00    0.00    6.85    0.21    0.00    0.00    9.96
19:17:29       1   52.32    0.00   27.64    0.00    0.00    7.81    0.21    0.00    0.00   12.03
19:17:29       2   52.53    0.00   25.95    0.00    0.00    9.07    0.21    0.00    0.00   12.24
19:17:29       3   58.54    0.00   22.29    0.00    0.00    5.62    0.21    0.00    0.00   13.33

19:17:29     CPU    %usr   %nice    %sys %iowait    %irq   %soft  %steal  %guest  %gnice   %idle
19:17:34     all   64.40    0.00   20.05    0.00    0.00    7.10    0.26    0.00    0.00    8.19
19:17:34       0   64.94    0.00   19.29    0.00    0.00    7.47    0.21    0.00    0.00    8.09
19:17:34       1   61.38    0.00   22.13    0.00    0.00    7.31    0.21    0.00    0.00    8.98
19:17:34       2   71.93    0.00   13.93    0.00    0.00    8.81    0.20    0.00    0.00    5.12
19:17:34       3   59.25    0.00   24.95    0.00    0.00    4.78    0.42    0.00    0.00   10.60

19:17:34     CPU    %usr   %nice    %sys %iowait    %irq   %soft  %steal  %guest  %gnice   %idle
19:17:39     all   87.73    0.00    5.71    0.00    0.00    5.76    0.20    0.00    0.00    0.60
19:17:39       0   86.77    0.00    4.81    0.00    0.00    8.02    0.20    0.00    0.00    0.20
19:17:39       1   88.00    0.00    5.80    0.00    0.00    5.20    0.20    0.00    0.00    0.80
19:17:39       2   89.40    0.00    4.40    0.00    0.00    5.80    0.20    0.00    0.00    0.20
19:17:39       3   86.75    0.00    7.83    0.00    0.00    4.02    0.20    0.00    0.00    1.20

19:17:39     CPU    %usr   %nice    %sys %iowait    %irq   %soft  %steal  %guest  %gnice   %idle
19:17:44     all   65.24    0.00   18.83    0.00    0.00    7.81    0.21    0.00    0.00    7.92
19:17:44       0   71.66    0.00   14.37    0.00    0.00    8.83    0.21    0.00    0.00    4.93
19:17:44       1   55.93    0.00   25.36    0.00    0.00    8.94    0.21    0.00    0.00    9.56
19:17:44       2   70.87    0.00   14.67    0.00    0.00    7.44    0.21    0.00    0.00    6.82
19:17:44       3   62.37    0.00   21.00    0.00    0.00    6.03    0.21    0.00    0.00   10.40

19:17:44     CPU    %usr   %nice    %sys %iowait    %irq   %soft  %steal  %guest  %gnice   %idle
19:17:49     all   55.41    0.00   24.10    0.00    0.00    7.79    0.26    0.00    0.00   12.44
19:17:49       0   51.45    0.00   27.80    0.00    0.00    7.68    0.21    0.00    0.00   12.86
19:17:49       1   58.79    0.00   21.55    0.00    0.00    9.41    0.21    0.00    0.00   10.04
19:17:49       2   51.16    0.00   26.64    0.00    0.00    7.40    0.21    0.00    0.00   14.59
19:17:49       3   60.21    0.00   20.42    0.00    0.00    6.67    0.42    0.00    0.00   12.29

19:17:49     CPU    %usr   %nice    %sys %iowait    %irq   %soft  %steal  %guest  %gnice   %idle
19:17:54     all   56.05    0.00   24.42    0.00    0.00    7.84    0.16    0.00    0.00   11.53
19:17:54       0   57.64    0.00   22.93    0.00    0.00    8.26    0.21    0.00    0.00   10.95
19:17:54       1   51.67    0.00   27.71    0.00    0.00    9.17    0.00    0.00    0.00   11.46
19:17:54       2   56.34    0.00   24.53    0.00    0.00    7.90    0.21    0.00    0.00   11.02
19:17:54       3   58.54    0.00   22.50    0.00    0.00    6.04    0.21    0.00    0.00   12.71

19:17:54     CPU    %usr   %nice    %sys %iowait    %irq   %soft  %steal  %guest  %gnice   %idle
19:17:59     all   57.38    0.00   23.91    0.00    0.00    7.74    0.31    0.00    0.00   10.65
19:17:59       0   60.29    0.00   21.00    0.00    0.00    7.90    0.21    0.00    0.00   10.60
19:17:59       1   53.32    0.00   28.01    0.00    0.00    8.92    0.41    0.00    0.00    9.34
19:17:59       2   54.37    0.00   25.83    0.00    0.00    7.29    0.21    0.00    0.00   12.29
19:17:59       3   61.54    0.00   20.79    0.00    0.00    6.86    0.42    0.00    0.00   10.40

19:17:59     CPU    %usr   %nice    %sys %iowait    %irq   %soft  %steal  %guest  %gnice   %idle
19:18:04     all   57.95    0.00   23.51    0.00    0.00    7.51    0.21    0.00    0.00   10.82
19:18:04       0   53.88    0.00   26.21    0.00    0.00    7.55    0.21    0.00    0.00   12.16
19:18:04       1   62.73    0.00   19.76    0.00    0.00    9.78    0.20    0.00    0.00    7.54
19:18:04       2   62.94    0.00   20.91    0.00    0.00    7.04    0.21    0.00    0.00    8.90
19:18:04       3   52.08    0.00   27.29    0.00    0.00    5.62    0.21    0.00    0.00   14.79

19:18:04     CPU    %usr   %nice    %sys %iowait    %irq   %soft  %steal  %guest  %gnice   %idle
19:18:09     all   56.93    0.00   23.77    0.00    0.00    7.58    0.21    0.00    0.00   11.52
19:18:09       0   62.68    0.00   19.59    0.00    0.00    7.63    0.41    0.00    0.00    9.69
19:18:09       1   53.24    0.00   27.35    0.00    0.00    8.56    0.00    0.00    0.00   10.86
19:18:09       2   59.79    0.00   21.03    0.00    0.00    8.04    0.21    0.00    0.00   10.93
19:18:09       3   51.88    0.00   27.20    0.00    0.00    6.07    0.21    0.00    0.00   14.64

19:18:09     CPU    %usr   %nice    %sys %iowait    %irq   %soft  %steal  %guest  %gnice   %idle
19:18:14     all   56.74    0.00   24.19    0.00    0.00    7.39    0.21    0.00    0.00   11.47
19:18:14       0   58.44    0.00   23.46    0.00    0.00    7.00    0.21    0.00    0.00   10.91
19:18:14       1   52.70    0.00   26.97    0.00    0.00    8.51    0.21    0.00    0.00   11.62
19:18:14       2   54.04    0.00   25.88    0.00    0.00    7.87    0.21    0.00    0.00   12.01
19:18:14       3   61.78    0.00   20.45    0.00    0.00    6.20    0.21    0.00    0.00   11.36

19:18:14     CPU    %usr   %nice    %sys %iowait    %irq   %soft  %steal  %guest  %gnice   %idle
19:18:19     all   55.61    0.00   24.69    0.00    0.00    7.90    0.21    0.00    0.00   11.59
19:18:19       0   58.30    0.00   22.20    0.00    0.00    8.71    0.21    0.00    0.00   10.58
19:18:19       1   51.14    0.00   28.27    0.00    0.00    9.36    0.21    0.00    0.00   11.02
19:18:19       2   61.16    0.00   20.87    0.00    0.00    8.06    0.21    0.00    0.00    9.71
19:18:19       3   51.78    0.00   27.46    0.00    0.00    5.45    0.21    0.00    0.00   15.09

19:18:19     CPU    %usr   %nice    %sys %iowait    %irq   %soft  %steal  %guest  %gnice   %idle
19:18:24     all   56.15    0.00   24.07    0.00    0.00    7.85    0.31    0.00    0.00   11.62
19:18:24       0   53.75    0.00   26.25    0.00    0.00    7.50    0.21    0.00    0.00   12.29
19:18:24       1   67.68    0.00   15.65    0.00    0.00    9.55    0.20    0.00    0.00    6.91
19:18:24       2   51.67    0.00   26.57    0.00    0.00    7.95    0.42    0.00    0.00   13.39
19:18:24       3   51.23    0.00   27.98    0.00    0.00    6.38    0.41    0.00    0.00   13.99

19:18:24     CPU    %usr   %nice    %sys %iowait    %irq   %soft  %steal  %guest  %gnice   %idle
19:18:29     all   57.13    0.00   23.78    0.00    0.00    8.17    0.21    0.00    0.00   10.72
19:18:29       0   53.97    0.00   25.94    0.00    0.00    8.16    0.21    0.00    0.00   11.72
19:18:29       1   59.13    0.00   22.41    0.00    0.00    9.96    0.21    0.00    0.00    8.30
19:18:29       2   55.35    0.00   24.74    0.00    0.00    7.97    0.21    0.00    0.00   11.74
19:18:29       3   60.00    0.00   22.06    0.00    0.00    6.60    0.21    0.00    0.00   11.13

19:18:29     CPU    %usr   %nice    %sys %iowait    %irq   %soft  %steal  %guest  %gnice   %idle
19:18:34     all   58.10    0.00   23.05    0.00    0.00    7.77    0.26    0.00    0.00   10.82
19:18:34       0   53.22    0.00   25.99    0.00    0.00    7.48    0.42    0.00    0.00   12.89
19:18:34       1   72.34    0.00   12.09    0.00    0.00   10.04    0.20    0.00    0.00    5.33
19:18:34       2   53.33    0.00   26.88    0.00    0.00    7.92    0.21    0.00    0.00   11.67
19:18:34       3   53.32    0.00   27.39    0.00    0.00    5.60    0.21    0.00    0.00   13.49

19:18:34     CPU    %usr   %nice    %sys %iowait    %irq   %soft  %steal  %guest  %gnice   %idle
19:18:39     all   56.35    0.00   23.85    0.00    0.00    7.60    0.21    0.00    0.00   11.98
19:18:39       0   53.15    0.00   26.26    0.00    0.00    6.93    0.21    0.00    0.00   13.45
19:18:39       1   59.79    0.00   21.65    0.00    0.00    9.48    0.21    0.00    0.00    8.87
19:18:39       2   51.68    0.00   27.31    0.00    0.00    7.35    0.21    0.00    0.00   13.45
19:18:39       3   60.66    0.00   20.29    0.00    0.00    6.63    0.21    0.00    0.00   12.22

19:18:39     CPU    %usr   %nice    %sys %iowait    %irq   %soft  %steal  %guest  %gnice   %idle
19:18:44     all   55.96    0.00   24.36    0.00    0.00    7.40    0.21    0.00    0.00   12.07
19:18:44       0   51.89    0.00   27.31    0.00    0.00    7.14    0.21    0.00    0.00   13.45
19:18:44       1   53.83    0.00   25.74    0.00    0.00    8.30    0.21    0.00    0.00   11.91
19:18:44       2   52.01    0.00   27.27    0.00    0.00    7.82    0.21    0.00    0.00   12.68
19:18:44       3   65.84    0.00   17.28    0.00    0.00    6.38    0.21    0.00    0.00   10.29

19:18:44     CPU    %usr   %nice    %sys %iowait    %irq   %soft  %steal  %guest  %gnice   %idle
19:18:49     all   55.58    0.00   24.54    0.00    0.00    7.66    0.21    0.00    0.00   12.01
19:18:49       0   53.24    0.00   27.77    0.00    0.00    7.10    0.21    0.00    0.00   11.69
19:18:49       1   60.42    0.00   20.83    0.00    0.00    8.75    0.21    0.00    0.00    9.79
19:18:49       2   52.51    0.00   27.20    0.00    0.00    8.58    0.21    0.00    0.00   11.51
19:18:49       3   56.17    0.00   22.34    0.00    0.00    6.17    0.21    0.00    0.00   15.11

19:18:49     CPU    %usr   %nice    %sys %iowait    %irq   %soft  %steal  %guest  %gnice   %idle
19:18:54     all   56.38    0.00   24.17    0.00    0.00    7.73    0.26    0.00    0.00   11.46
19:18:54       0   61.70    0.00   19.67    0.00    0.00    8.07    0.21    0.00    0.00   10.35
19:18:54       1   53.62    0.00   26.92    0.00    0.00    7.87    0.21    0.00    0.00   11.39
19:18:54       2   52.19    0.00   26.30    0.00    0.00    8.35    0.21    0.00    0.00   12.94
19:18:54       3   57.97    0.00   23.81    0.00    0.00    6.63    0.41    0.00    0.00   11.18

19:18:54     CPU    %usr   %nice    %sys %iowait    %irq   %soft  %steal  %guest  %gnice   %idle
19:18:59     all   54.21    0.00   22.84    0.00    0.00    7.28    0.21    0.00    0.00   15.45
19:18:59       0   50.73    0.00   25.68    0.00    0.00    7.72    0.21    0.00    0.00   15.66
19:18:59       1   58.21    0.00   19.96    0.00    0.00    8.32    0.21    0.00    0.00   13.31
19:18:59       2   50.94    0.00   25.36    0.00    0.00    7.07    0.21    0.00    0.00   16.42
19:18:59       3   56.96    0.00   20.37    0.00    0.00    6.03    0.21    0.00    0.00   16.42
