info: Loading workload script /workload/hot_partition.rn...
info: Connecting to ["http://172.31.15.155:8000", "http://172.31.15.213:8000", "http://172.31.13.152:8000"]... 
info: Connected to '' cluster running ScyllaDB 2026.1.0~dev-0.20251003.20aeed160740 with build-id d177add4e6a23f71d527ca6e182d27a1f9ad74b4
info: Preparing...
info: Warming up...
info: Running benchmark...
CONFIG ═════════════════════════════════════════════════════════════════════════════════════════════════════════════════════
            Date            Mon, 25 May 2026                                                          
            Time            19:00:12 +0000                                                            
         Cluster                                                                                      
      Datacenter                                                                                      
            Rack                                                                                      
      DB version            ScyllaDB 2026.1.0~dev-0.20251003.20aeed160740 with build-id d177add4e6a23f71d527ca6e182d27a1f9ad74b4                                            
        Workload            hot_partition.rn                                                          
     Function(s)            get:0.3, update:0.7                                                       
Request compression            Off                                                                       
Header whitelist            default                                                                   
 Active interval            default                                                                   
   Idle interval            default                                                                   
Routing fallback            default                                                                   
Key route affinity            default                                                                   
Key route affinity tables            none                                                                      
            Tags                                                                                      
────────────────────────────────────────────────────────────────────────────────────────────────────────────────────────────
-P alternator.consistentReads            false                                                                     
-P cold_partitions            90016                                                                     
   -P fieldcount            10                                                                        
  -P fieldlength            512                                                                       
-P hot_items_per_partition            312                                                                       
-P hot_partitions            32                                                                        
-P hot_traffic_ratio            0.99                                                                      
-P requestdistribution            "uniform"                                                                 
    -P row_count            100000                                                                    
        -P table            "latte_hot_partition"                                                     
────────────────────────────────────────────────────────────────────────────────────────────────────────────────────────────
         Threads                   16                                                                 
     Concurrency     [req]          8                                                                 
        Max rate    [op/s]                                                                            
          Warmup       [s]          5                                                                 
              └─      [op]                                                                            
        Run time       [s]       30.0                                                                 
              └─      [op]                                                                            
        Sampling       [s]        1.0                                                                 
              └─      [op]                                                                            
 Request timeout       [s]          5                                                                 
         Retries                                                                                      
  ┌──────┴number                   10                                                                 
  ├─min interval      [ms]        100                                                                 
  └─max interval      [ms]       5000                                                                 

LOG ════════════════════════════════════════════════════════════════════════════════════════════════════════════════════════
    Time    Cycles    Errors    Thrpt.     ────────────────────────────────── Latency [ms/op] ──────────────────────────────
     [s]      [op]      [op]    [op/s]             Min        50        75        90        95        99      99.9       Max
   1.001     45195         0     45153           0.347     2.556     3.469     4.588     5.415     7.643    10.723    16.343
   2.001     46909         0     46908           0.337     2.513     3.308     4.272     5.067     7.021    11.551    20.185
   3.002     42509         0     42514           0.354     2.763     3.764     4.927     5.738     7.705    10.289    18.809
   4.001     48923         0     48915           0.351     2.441     3.140     3.998     4.727     6.795     9.765    13.795
   5.001     45252         0     45255           0.307     2.609     3.494     4.534     5.366     7.258    10.052    13.820
   6.001     44081         0     44081           0.357     2.611     3.516     4.723     5.702     8.184    13.148    20.070
   7.001     44439         0     44436           0.350     2.574     3.484     4.735     5.738     8.303    12.657    28.606
   8.001     44737         0     44739           0.334     2.609     3.488     4.616     5.575     7.926    12.075    19.071
   9.001     45433         0     45433           0.365     2.509     3.373     4.596     5.595     8.315    13.197    21.070
  10.001     44333         0     44329           0.327     2.609     3.570     4.751     5.673     7.766    10.379    15.925
  11.002     46471         0     46462           0.343     2.523     3.338     4.375     5.263     7.475    11.043    14.942
  12.000     43044         0     43061           0.346     2.671     3.647     4.891     5.804     8.327    12.132    20.349
  13.001     46859         0     46843           0.329     2.556     3.320     4.248     5.014     6.922     9.732    19.300
  14.001     44736         0     44753           0.364     2.572     3.494     4.686     5.669     8.057    10.797    14.828
  15.002     44251         0     44249           0.349     2.605     3.553     4.751     5.665     7.967    11.567    15.770
  16.002     47241         0     47231           0.354     2.503     3.273     4.256     5.124     7.541    11.010    19.382
  17.001     44836         0     44845           0.381     2.609     3.510     4.592     5.476     7.680    10.404    15.901
  18.001     44265         0     44257           0.380     2.601     3.555     4.796     5.730     7.901    10.600    13.713
  19.001     48291         0     48292           0.338     2.445     3.191     4.125     4.915     7.148    10.355    15.761
  20.001     44374         0     44369           0.349     2.613     3.539     4.665     5.583     7.991    11.256    16.908
  21.001     46312         0     46309           0.367     2.537     3.351     4.362     5.255     7.447    10.559    14.926
  22.001     46174         0     46184           0.356     2.540     3.369     4.383     5.251     7.438    10.322    16.032
  23.001     43902         0     43906           0.337     2.626     3.596     4.788     5.710     7.963    10.674    13.550
  24.001     48314         0     48308           0.341     2.460     3.224     4.108     4.850     6.889    10.174    16.703
  25.001     44645         0     44630           0.350     2.615     3.525     4.596     5.444     7.733    11.223    15.720
  26.001     44516         0     44522           0.350     2.587     3.496     4.694     5.681     8.311    12.394    17.433
  27.000     46673         0     46689           0.394     2.509     3.322     4.329     5.243     7.451    10.928    23.429
  28.001     43347         0     43344           0.351     2.650     3.660     4.858     5.792     8.294    10.772    14.164
  29.001     46114         0     46111           0.369     2.562     3.389     4.366     5.173     7.348    10.969    24.134
  29.999     45778         0     45858           0.332     2.560     3.434     4.473     5.345     7.320     9.929    13.648
  30.002        17         0     17177           1.660     2.755     3.363     4.354     7.266     7.266     7.266     7.266

SUMMARY STATS ══════════════════════════════════════════════════════════════════════════════════════════════════════════════
    Elapsed time       [s]     30.009                                                                 
        CPU time       [s]    312.591                                                                 
 CPU utilisation       [%]       65.1                                                                 
          Cycles      [op]    1361971                                                                 
          Errors      [op]          0                                                                 
              └─       [%]        0.0                                                                 
        Requests     [req]    1361971                                                                 
              └─  [req/op]        1.0                                                                 
         Retries     [ret]          0                                                                 
              └─ [ret/req]    0.00000                                                                 
            Rows     [row]     405672                                                                 
              └─ [row/req]        0.3                                                                 
     Concurrency     [req]          7 ± 0                                                             
              └─       [%]         84                                                                 
      Throughput    [op/s]      45386 ± 942                                                           
              ├─   [req/s]      45386 ± 942                                                           
              └─   [row/s]      13519 ± 281                                                           
   Cycle latency      [ms]      2.818 ± 0.005                                                         
 Request latency      [ms]      2.740 ± 0.004                                                         

CYCLE LATENCY for get [ms]  ════════════════════════════════════════════════════════════════════════════════════════════════
          Min                   0.307 ± 0.036                                                         
           25                   1.224 ± 0.005                                                         
           50                   1.746 ± 0.008                                                         
           75                   2.636 ± 0.015                                                         
           90                   4.022 ± 0.022                                                         
           95                   5.034 ± 0.036                                                         
           98                   6.304 ± 0.053                                                         
           99                   7.352 ± 0.096                                                         
           99.9                10.936 ± 0.270                                                         
           99.99               16.179 ± 1.155                                                         
          Max                  27.640 ± 6.155                                                         

CYCLE LATENCY for update [ms]  ═════════════════════════════════════════════════════════════════════════════════════════════
          Min                   0.751 ± 0.027                                                         
           25                   2.234 ± 0.004                                                         
           50                   2.804 ± 0.005                                                         
           75                   3.625 ± 0.008                                                         
           90                   4.682 ± 0.014                                                         
           95                   5.575 ± 0.020                                                         
           98                   6.775 ± 0.039                                                         
           99                   7.815 ± 0.059                                                         
           99.9                11.018 ± 0.202                                                         
           99.99               17.433 ± 1.245                                                         
          Max                  28.606 ± 2.681                                                         

info: Saved report to /output/latte_1.json
TIMEFORMAT 35.633 318.684 45.994
