Linux 6.17.0-1015-aws (ip-172-31-15-213) 	05/25/26 	_x86_64_	(4 CPU)

19:00:09     CPU    %usr   %nice    %sys %iowait    %irq   %soft  %steal  %guest  %gnice   %idle
19:00:14     all   23.93    0.00    6.90    0.10    0.00    2.02    0.15    0.00    0.00   66.90
19:00:14       0   16.50    0.00    8.45    0.40    0.00    1.21    0.20    0.00    0.00   73.24
19:00:14       1   19.76    0.00    5.85    0.00    0.00    0.00    0.20    0.00    0.00   74.19
19:00:14       2   29.03    0.00    6.25    0.00    0.00    4.44    0.20    0.00    0.00   60.08
19:00:14       3   30.44    0.00    7.06    0.00    0.00    2.42    0.00    0.00    0.00   60.08

19:00:14     CPU    %usr   %nice    %sys %iowait    %irq   %soft  %steal  %guest  %gnice   %idle
19:00:19     all   58.69    0.00   25.91    0.00    0.00    9.35    0.05    0.00    0.00    6.00
19:00:19       0   70.39    0.00   22.72    0.00    0.00    5.27    0.20    0.00    0.00    1.42
19:00:19       1   53.28    0.00   35.25    0.00    0.00    0.00    0.00    0.00    0.00   11.48
19:00:19       2   54.66    0.00   20.85    0.00    0.00   19.64    0.00    0.00    0.00    4.86
19:00:19       3   56.39    0.00   24.95    0.00    0.00   12.37    0.00    0.00    0.00    6.29

19:00:19     CPU    %usr   %nice    %sys %iowait    %irq   %soft  %steal  %guest  %gnice   %idle
19:00:24     all   60.77    0.00   26.71    0.00    0.00    9.22    0.30    0.00    0.00    2.99
19:00:24       0   62.04    0.00   27.35    0.00    0.00    5.51    0.41    0.00    0.00    4.69
19:00:24       1   54.67    0.00   35.98    0.00    0.00    4.67    0.20    0.00    0.00    4.47
19:00:24       2   67.67    0.00   16.27    0.00    0.00   14.46    0.40    0.00    0.00    1.20
19:00:24       3   58.62    0.00   27.38    0.00    0.00   12.17    0.20    0.00    0.00    1.62

19:00:24     CPU    %usr   %nice    %sys %iowait    %irq   %soft  %steal  %guest  %gnice   %idle
19:00:29     all   61.46    0.00   26.65    0.00    0.00    9.19    0.10    0.00    0.00    2.60
19:00:29       0   64.75    0.00   26.23    0.00    0.00    5.12    0.20    0.00    0.00    3.69
19:00:29       1   61.05    0.00   25.76    0.00    0.00   11.36    0.00    0.00    0.00    1.83
19:00:29       2   60.54    0.00   27.48    0.00    0.00    8.88    0.21    0.00    0.00    2.89
19:00:29       3   59.51    0.00   27.13    0.00    0.00   11.34    0.00    0.00    0.00    2.02

19:00:29     CPU    %usr   %nice    %sys %iowait    %irq   %soft  %steal  %guest  %gnice   %idle
19:00:34     all   62.12    0.00   26.12    0.00    0.00    9.06    0.25    0.00    0.00    2.44
19:00:34       0   60.25    0.00   30.94    0.00    0.00    4.92    0.41    0.00    0.00    3.48
19:00:34       1   57.40    0.00   29.61    0.00    0.00   10.55    0.20    0.00    0.00    2.23
19:00:34       2   62.78    0.00   25.15    0.00    0.00    9.41    0.20    0.00    0.00    2.45
19:00:34       3   68.02    0.00   18.83    0.00    0.00   11.34    0.20    0.00    0.00    1.62

19:00:34     CPU    %usr   %nice    %sys %iowait    %irq   %soft  %steal  %guest  %gnice   %idle
19:00:39     all   62.79    0.00   25.57    0.00    0.00    9.10    0.20    0.00    0.00    2.34
19:00:39       0   62.37    0.00   29.45    0.00    0.00    4.29    0.41    0.00    0.00    3.48
19:00:39       1   67.74    0.00   20.36    0.00    0.00   10.69    0.00    0.00    0.00    1.21
19:00:39       2   62.04    0.00   25.10    0.00    0.00    9.80    0.41    0.00    0.00    2.65
19:00:39       3   58.94    0.00   27.44    0.00    0.00   11.59    0.00    0.00    0.00    2.03

19:00:39     CPU    %usr   %nice    %sys %iowait    %irq   %soft  %steal  %guest  %gnice   %idle
19:00:44     all   63.05    0.00   25.55    0.00    0.00    9.06    0.20    0.00    0.00    2.14
19:00:44       0   71.52    0.00   21.21    0.00    0.00    5.45    0.20    0.00    0.00    1.62
19:00:44       1   59.55    0.00   27.64    0.00    0.00   10.77    0.20    0.00    0.00    1.83
19:00:44       2   60.57    0.00   27.10    0.00    0.00    9.03    0.21    0.00    0.00    3.08
19:00:44       3   60.49    0.00   26.27    0.00    0.00   11.00    0.20    0.00    0.00    2.04

19:00:44     CPU    %usr   %nice    %sys %iowait    %irq   %soft  %steal  %guest  %gnice   %idle
19:00:49     all   52.34    0.00   22.15    0.00    0.00    7.47    0.15    0.00    0.00   17.89
19:00:49       0   46.73    0.00   26.73    0.00    0.00    3.88    0.20    0.00    0.00   22.45
19:00:49       1   58.66    0.00   23.42    0.00    0.00    9.37    0.00    0.00    0.00    8.55
19:00:49       2   49.59    0.00   23.17    0.00    0.00    6.50    0.41    0.00    0.00   20.33
19:00:49       3   54.34    0.00   15.35    0.00    0.00   10.10    0.00    0.00    0.00   20.20
