Linux 6.17.0-1010-aws (ip-172-31-4-206) 	04/20/26 	_x86_64_	(8 CPU)

21:07:35     CPU    %usr   %nice    %sys %iowait    %irq   %soft  %steal  %guest  %gnice   %idle
21:07:40     all   42.86    0.00    8.20    0.00    0.00   16.23    0.05    0.00    0.00   32.66
21:07:40       0   60.40    0.00    7.20    0.00    0.00   13.40    0.00    0.00    0.00   19.00
21:07:40       1   40.48    0.00    8.62    0.00    0.00   16.63    0.00    0.00    0.00   34.27
21:07:40       2   45.29    0.00    5.01    0.00    0.00   15.03    0.20    0.00    0.00   34.47
21:07:40       3   36.82    0.00    9.66    0.00    0.00   18.51    0.00    0.00    0.00   35.01
21:07:40       4   42.94    0.00    7.06    0.00    0.00   14.92    0.00    0.00    0.00   35.08
21:07:40       5   39.08    0.00    8.62    0.00    0.00   17.43    0.00    0.00    0.00   34.87
21:07:40       6   40.28    0.00   10.62    0.00    0.00   14.83    0.20    0.00    0.00   34.07
21:07:40       7   37.55    0.00    8.84    0.00    0.00   19.08    0.00    0.00    0.00   34.54

21:07:40     CPU    %usr   %nice    %sys %iowait    %irq   %soft  %steal  %guest  %gnice   %idle
21:07:45     all   62.87    0.00   11.90    0.00    0.00   25.13    0.00    0.00    0.00    0.10
21:07:45       0   57.60    0.00   16.20    0.00    0.00   26.00    0.00    0.00    0.00    0.20
21:07:45       1   61.60    0.00   13.40    0.00    0.00   25.00    0.00    0.00    0.00    0.00
21:07:45       2   65.47    0.00    9.18    0.00    0.00   25.15    0.00    0.00    0.00    0.20
21:07:45       3   68.40    0.00    9.00    0.00    0.00   22.60    0.00    0.00    0.00    0.00
21:07:45       4   60.80    0.00   13.20    0.00    0.00   25.60    0.00    0.00    0.00    0.40
21:07:45       5   58.12    0.00   12.83    0.00    0.00   29.06    0.00    0.00    0.00    0.00
21:07:45       6   68.60    0.00   11.00    0.00    0.00   20.40    0.00    0.00    0.00    0.00
21:07:45       7   62.32    0.00   10.42    0.00    0.00   27.25    0.00    0.00    0.00    0.00

21:07:45     CPU    %usr   %nice    %sys %iowait    %irq   %soft  %steal  %guest  %gnice   %idle
21:07:50     all   62.12    0.00   12.33    0.00    0.00   25.53    0.03    0.00    0.00    0.00
21:07:50       0   56.22    0.00   16.47    0.00    0.00   27.31    0.00    0.00    0.00    0.00
21:07:50       1   66.20    0.00   11.00    0.00    0.00   22.80    0.00    0.00    0.00    0.00
21:07:50       2   63.80    0.00   11.40    0.00    0.00   24.80    0.00    0.00    0.00    0.00
21:07:50       3   51.60    0.00   17.60    0.00    0.00   30.80    0.00    0.00    0.00    0.00
21:07:50       4   62.48    0.00   12.38    0.00    0.00   24.95    0.20    0.00    0.00    0.00
21:07:50       5   66.00    0.00    8.40    0.00    0.00   25.60    0.00    0.00    0.00    0.00
21:07:50       6   69.34    0.00   10.62    0.00    0.00   20.04    0.00    0.00    0.00    0.00
21:07:50       7   61.28    0.00   10.78    0.00    0.00   27.94    0.00    0.00    0.00    0.00

21:07:50     CPU    %usr   %nice    %sys %iowait    %irq   %soft  %steal  %guest  %gnice   %idle
21:07:55     all   65.00    0.00   11.12    0.00    0.00   23.88    0.00    0.00    0.00    0.00
21:07:55       0   65.47    0.00   11.58    0.00    0.00   22.95    0.00    0.00    0.00    0.00
21:07:55       1   67.40    0.00   11.00    0.00    0.00   21.60    0.00    0.00    0.00    0.00
21:07:55       2   61.20    0.00   12.40    0.00    0.00   26.40    0.00    0.00    0.00    0.00
21:07:55       3   64.73    0.00   10.62    0.00    0.00   24.65    0.00    0.00    0.00    0.00
21:07:55       4   61.68    0.00   12.97    0.00    0.00   25.35    0.00    0.00    0.00    0.00
21:07:55       5   63.00    0.00   10.80    0.00    0.00   26.20    0.00    0.00    0.00    0.00
21:07:55       6   78.60    0.00    6.00    0.00    0.00   15.40    0.00    0.00    0.00    0.00
21:07:55       7   57.92    0.00   13.63    0.00    0.00   28.46    0.00    0.00    0.00    0.00

21:07:55     CPU    %usr   %nice    %sys %iowait    %irq   %soft  %steal  %guest  %gnice   %idle
21:08:00     all   68.65    0.00   10.23    0.00    0.00   21.04    0.00    0.00    0.00    0.08
21:08:00       0   63.73    0.00   13.43    0.00    0.00   22.85    0.00    0.00    0.00    0.00
21:08:00       1   70.80    0.00    9.40    0.00    0.00   19.80    0.00    0.00    0.00    0.00
21:08:00       2   65.93    0.00   12.42    0.00    0.00   21.64    0.00    0.00    0.00    0.00
21:08:00       3   68.66    0.00    9.78    0.00    0.00   21.56    0.00    0.00    0.00    0.00
21:08:00       4   64.60    0.00   12.40    0.00    0.00   23.00    0.00    0.00    0.00    0.00
21:08:00       5   70.34    0.00    8.22    0.00    0.00   21.24    0.00    0.00    0.00    0.20
21:08:00       6   71.20    0.00   10.80    0.00    0.00   17.80    0.00    0.00    0.00    0.20
21:08:00       7   73.95    0.00    5.41    0.00    0.00   20.44    0.00    0.00    0.00    0.20

21:08:00     CPU    %usr   %nice    %sys %iowait    %irq   %soft  %steal  %guest  %gnice   %idle
21:08:05     all   68.17    0.00   10.75    0.00    0.00   21.07    0.00    0.00    0.00    0.00
21:08:05       0   64.40    0.00   12.60    0.00    0.00   23.00    0.00    0.00    0.00    0.00
21:08:05       1   64.60    0.00   12.60    0.00    0.00   22.80    0.00    0.00    0.00    0.00
21:08:05       2   69.60    0.00   10.00    0.00    0.00   20.40    0.00    0.00    0.00    0.00
21:08:05       3   76.40    0.00    5.00    0.00    0.00   18.60    0.00    0.00    0.00    0.00
21:08:05       4   63.13    0.00   14.63    0.00    0.00   22.24    0.00    0.00    0.00    0.00
21:08:05       5   70.66    0.00    8.38    0.00    0.00   20.96    0.00    0.00    0.00    0.00
21:08:05       6   62.05    0.00   16.87    0.00    0.00   21.08    0.00    0.00    0.00    0.00
21:08:05       7   74.50    0.00    5.98    0.00    0.00   19.52    0.00    0.00    0.00    0.00

21:08:05     CPU    %usr   %nice    %sys %iowait    %irq   %soft  %steal  %guest  %gnice   %idle
21:08:10     all   64.08    0.00    9.78    0.00    0.00   21.19    0.00    0.00    0.00    4.95
21:08:10       0   62.00    0.00   12.20    0.00    0.00   20.00    0.00    0.00    0.00    5.80
21:08:10       1   61.00    0.00   11.00    0.00    0.00   22.40    0.00    0.00    0.00    5.60
21:08:10       2   64.60    0.00    9.00    0.00    0.00   20.80    0.00    0.00    0.00    5.60
21:08:10       3   58.52    0.00   10.42    0.00    0.00   25.45    0.00    0.00    0.00    5.61
21:08:10       4   60.20    0.00   12.60    0.00    0.00   21.60    0.00    0.00    0.00    5.60
21:08:10       5   66.60    0.00    6.40    0.00    0.00   21.40    0.00    0.00    0.00    5.60
21:08:10       6   73.20    0.00    9.60    0.00    0.00   17.00    0.00    0.00    0.00    0.20
21:08:10       7   66.53    0.00    7.01    0.00    0.00   20.84    0.00    0.00    0.00    5.61

21:08:10     CPU    %usr   %nice    %sys %iowait    %irq   %soft  %steal  %guest  %gnice   %idle
21:08:15     all   58.89    0.00   13.80    0.00    0.00   27.29    0.00    0.00    0.00    0.02
21:08:15       0   64.40    0.00   12.20    0.00    0.00   23.40    0.00    0.00    0.00    0.00
21:08:15       1   50.20    0.00   18.60    0.00    0.00   31.20    0.00    0.00    0.00    0.00
21:08:15       2   56.11    0.00   13.83    0.00    0.00   30.06    0.00    0.00    0.00    0.00
21:08:15       3   63.67    0.00   10.78    0.00    0.00   25.35    0.00    0.00    0.00    0.20
21:08:15       4   61.28    0.00   13.77    0.00    0.00   24.95    0.00    0.00    0.00    0.00
21:08:15       5   58.80    0.00   11.80    0.00    0.00   29.40    0.00    0.00    0.00    0.00
21:08:15       6   63.80    0.00   13.40    0.00    0.00   22.80    0.00    0.00    0.00    0.00
21:08:15       7   52.80    0.00   16.00    0.00    0.00   31.20    0.00    0.00    0.00    0.00

21:08:15     CPU    %usr   %nice    %sys %iowait    %irq   %soft  %steal  %guest  %gnice   %idle
21:08:20     all   65.32    0.00   11.23    0.00    0.00   23.41    0.00    0.00    0.00    0.05
21:08:20       0   64.60    0.00   12.80    0.00    0.00   22.40    0.00    0.00    0.00    0.20
21:08:20       1   74.35    0.00    7.21    0.00    0.00   18.44    0.00    0.00    0.00    0.00
21:08:20       2   62.67    0.00   12.18    0.00    0.00   25.15    0.00    0.00    0.00    0.00
21:08:20       3   68.40    0.00    8.60    0.00    0.00   23.00    0.00    0.00    0.00    0.00
21:08:20       4   58.12    0.00   15.23    0.00    0.00   26.45    0.00    0.00    0.00    0.20
21:08:20       5   63.80    0.00    9.80    0.00    0.00   26.40    0.00    0.00    0.00    0.00
21:08:20       6   68.80    0.00   11.80    0.00    0.00   19.40    0.00    0.00    0.00    0.00
21:08:20       7   61.80    0.00   12.20    0.00    0.00   26.00    0.00    0.00    0.00    0.00

21:08:20     CPU    %usr   %nice    %sys %iowait    %irq   %soft  %steal  %guest  %gnice   %idle
21:08:25     all   59.09    0.00   13.48    0.00    0.00   27.41    0.00    0.00    0.00    0.03
21:08:25       0   60.40    0.00   12.80    0.00    0.00   26.80    0.00    0.00    0.00    0.00
21:08:25       1   64.00    0.00   11.20    0.00    0.00   24.80    0.00    0.00    0.00    0.00
21:08:25       2   59.32    0.00   13.03    0.00    0.00   27.66    0.00    0.00    0.00    0.00
21:08:25       3   54.20    0.00   15.60    0.00    0.00   30.20    0.00    0.00    0.00    0.00
21:08:25       4   69.00    0.00    8.40    0.00    0.00   22.60    0.00    0.00    0.00    0.00
21:08:25       5   63.53    0.00    9.62    0.00    0.00   26.85    0.00    0.00    0.00    0.00
21:08:25       6   47.11    0.00   23.35    0.00    0.00   29.34    0.00    0.00    0.00    0.20
21:08:25       7   55.20    0.00   13.80    0.00    0.00   31.00    0.00    0.00    0.00    0.00

21:08:25     CPU    %usr   %nice    %sys %iowait    %irq   %soft  %steal  %guest  %gnice   %idle
21:08:30     all   57.89    0.00   13.97    0.00    0.00   28.14    0.00    0.00    0.00    0.00
21:08:30       0   49.70    0.00   19.16    0.00    0.00   31.14    0.00    0.00    0.00    0.00
21:08:30       1   67.60    0.00    9.00    0.00    0.00   23.40    0.00    0.00    0.00    0.00
21:08:30       2   54.40    0.00   14.00    0.00    0.00   31.60    0.00    0.00    0.00    0.00
21:08:30       3   61.80    0.00   11.60    0.00    0.00   26.60    0.00    0.00    0.00    0.00
21:08:30       4   61.12    0.00   14.43    0.00    0.00   24.45    0.00    0.00    0.00    0.00
21:08:30       5   44.51    0.00   19.36    0.00    0.00   36.13    0.00    0.00    0.00    0.00
21:08:30       6   59.60    0.00   16.00    0.00    0.00   24.40    0.00    0.00    0.00    0.00
21:08:30       7   64.40    0.00    8.20    0.00    0.00   27.40    0.00    0.00    0.00    0.00

21:08:30     CPU    %usr   %nice    %sys %iowait    %irq   %soft  %steal  %guest  %gnice   %idle
21:08:35     all   58.85    0.00   13.68    0.00    0.00   27.47    0.00    0.00    0.00    0.00
21:08:35       0   53.41    0.00   17.27    0.00    0.00   29.32    0.00    0.00    0.00    0.00
21:08:35       1   43.11    0.00   24.15    0.00    0.00   32.73    0.00    0.00    0.00    0.00
21:08:35       2   61.00    0.00   11.00    0.00    0.00   28.00    0.00    0.00    0.00    0.00
21:08:35       3   72.20    0.00    7.00    0.00    0.00   20.80    0.00    0.00    0.00    0.00
21:08:35       4   59.88    0.00   13.97    0.00    0.00   26.15    0.00    0.00    0.00    0.00
21:08:35       5   46.80    0.00   18.00    0.00    0.00   35.20    0.00    0.00    0.00    0.00
21:08:35       6   72.60    0.00    8.80    0.00    0.00   18.60    0.00    0.00    0.00    0.00
21:08:35       7   61.80    0.00    9.20    0.00    0.00   29.00    0.00    0.00    0.00    0.00

21:08:35     CPU    %usr   %nice    %sys %iowait    %irq   %soft  %steal  %guest  %gnice   %idle
21:08:40     all   59.53    0.00   13.33    0.00    0.00   27.14    0.00    0.00    0.00    0.00
21:08:40       0   58.08    0.00   14.77    0.00    0.00   27.15    0.00    0.00    0.00    0.00
21:08:40       1   49.30    0.00   20.44    0.00    0.00   30.26    0.00    0.00    0.00    0.00
21:08:40       2   64.20    0.00   10.80    0.00    0.00   25.00    0.00    0.00    0.00    0.00
21:08:40       3   51.60    0.00   15.80    0.00    0.00   32.60    0.00    0.00    0.00    0.00
21:08:40       4   58.12    0.00   14.83    0.00    0.00   27.05    0.00    0.00    0.00    0.00
21:08:40       5   49.40    0.00   17.20    0.00    0.00   33.40    0.00    0.00    0.00    0.00
21:08:40       6   75.60    0.00    6.60    0.00    0.00   17.80    0.00    0.00    0.00    0.00
21:08:40       7   69.94    0.00    6.21    0.00    0.00   23.85    0.00    0.00    0.00    0.00

21:08:40     CPU    %usr   %nice    %sys %iowait    %irq   %soft  %steal  %guest  %gnice   %idle
21:08:45     all   62.06    0.00   11.37    0.00    0.00   26.57    0.00    0.00    0.00    0.00
21:08:45       0   75.80    0.00    5.40    0.00    0.00   18.80    0.00    0.00    0.00    0.00
21:08:45       1   63.60    0.00   11.20    0.00    0.00   25.20    0.00    0.00    0.00    0.00
21:08:45       2   68.80    0.00    8.20    0.00    0.00   23.00    0.00    0.00    0.00    0.00
21:08:45       3   69.80    0.00    7.20    0.00    0.00   23.00    0.00    0.00    0.00    0.00
21:08:45       4   49.10    0.00   17.96    0.00    0.00   32.93    0.00    0.00    0.00    0.00
21:08:45       5   61.40    0.00   10.60    0.00    0.00   28.00    0.00    0.00    0.00    0.00
21:08:45       6   53.11    0.00   17.64    0.00    0.00   29.26    0.00    0.00    0.00    0.00
21:08:45       7   54.89    0.00   12.77    0.00    0.00   32.34    0.00    0.00    0.00    0.00

21:08:45     CPU    %usr   %nice    %sys %iowait    %irq   %soft  %steal  %guest  %gnice   %idle
21:08:50     all   62.19    0.00   11.42    0.00    0.00   26.39    0.00    0.00    0.00    0.00
21:08:50       0   67.60    0.00    9.80    0.00    0.00   22.60    0.00    0.00    0.00    0.00
21:08:50       1   73.40    0.00    6.80    0.00    0.00   19.80    0.00    0.00    0.00    0.00
21:08:50       2   52.60    0.00   15.20    0.00    0.00   32.20    0.00    0.00    0.00    0.00
21:08:50       3   69.46    0.00    8.58    0.00    0.00   21.96    0.00    0.00    0.00    0.00
21:08:50       4   53.69    0.00   16.37    0.00    0.00   29.94    0.00    0.00    0.00    0.00
21:08:50       5   53.91    0.00   12.83    0.00    0.00   33.27    0.00    0.00    0.00    0.00
21:08:50       6   69.46    0.00   10.18    0.00    0.00   20.36    0.00    0.00    0.00    0.00
21:08:50       7   57.40    0.00   11.60    0.00    0.00   31.00    0.00    0.00    0.00    0.00

21:08:50     CPU    %usr   %nice    %sys %iowait    %irq   %soft  %steal  %guest  %gnice   %idle
21:08:55     all   63.22    0.00   10.98    0.00    0.00   25.78    0.00    0.00    0.00    0.03
21:08:55       0   48.80    0.00   19.80    0.00    0.00   31.40    0.00    0.00    0.00    0.00
21:08:55       1   72.20    0.00    7.20    0.00    0.00   20.60    0.00    0.00    0.00    0.00
21:08:55       2   63.40    0.00   10.00    0.00    0.00   26.60    0.00    0.00    0.00    0.00
21:08:55       3   61.52    0.00   12.22    0.00    0.00   26.25    0.00    0.00    0.00    0.00
21:08:55       4   77.35    0.00    5.21    0.00    0.00   17.43    0.00    0.00    0.00    0.00
21:08:55       5   55.29    0.00   13.17    0.00    0.00   31.54    0.00    0.00    0.00    0.00
21:08:55       6   75.45    0.00    6.19    0.00    0.00   18.16    0.00    0.00    0.00    0.20
21:08:55       7   51.70    0.00   14.03    0.00    0.00   34.27    0.00    0.00    0.00    0.00

21:08:55     CPU    %usr   %nice    %sys %iowait    %irq   %soft  %steal  %guest  %gnice   %idle
21:09:00     all   62.08    0.00   11.79    0.00    0.00   26.06    0.02    0.00    0.00    0.05
21:09:00       0   63.07    0.00   12.77    0.00    0.00   23.75    0.20    0.00    0.00    0.20
21:09:00       1   77.45    0.00    5.59    0.00    0.00   16.97    0.00    0.00    0.00    0.00
21:09:00       2   55.20    0.00   14.00    0.00    0.00   30.60    0.00    0.00    0.00    0.20
21:09:00       3   57.09    0.00   14.37    0.00    0.00   28.54    0.00    0.00    0.00    0.00
21:09:00       4   55.60    0.00   15.40    0.00    0.00   29.00    0.00    0.00    0.00    0.00
21:09:00       5   54.20    0.00   14.00    0.00    0.00   31.80    0.00    0.00    0.00    0.00
21:09:00       6   78.96    0.00    4.61    0.00    0.00   16.43    0.00    0.00    0.00    0.00
21:09:00       7   55.09    0.00   13.57    0.00    0.00   31.34    0.00    0.00    0.00    0.00

21:09:00     CPU    %usr   %nice    %sys %iowait    %irq   %soft  %steal  %guest  %gnice   %idle
21:09:05     all   61.42    0.00   11.65    0.00    0.00   26.90    0.00    0.00    0.00    0.03
21:09:05       0   61.80    0.00   13.00    0.00    0.00   25.20    0.00    0.00    0.00    0.00
21:09:05       1   62.80    0.00   11.80    0.00    0.00   25.20    0.00    0.00    0.00    0.20
21:09:05       2   60.80    0.00   11.80    0.00    0.00   27.40    0.00    0.00    0.00    0.00
21:09:05       3   60.80    0.00   11.40    0.00    0.00   27.80    0.00    0.00    0.00    0.00
21:09:05       4   57.31    0.00   14.83    0.00    0.00   27.86    0.00    0.00    0.00    0.00
21:09:05       5   70.60    0.00    5.20    0.00    0.00   24.20    0.00    0.00    0.00    0.00
21:09:05       6   65.07    0.00   11.78    0.00    0.00   23.15    0.00    0.00    0.00    0.00
21:09:05       7   52.20    0.00   13.40    0.00    0.00   34.40    0.00    0.00    0.00    0.00

21:09:05     CPU    %usr   %nice    %sys %iowait    %irq   %soft  %steal  %guest  %gnice   %idle
21:09:10     all   62.12    0.00   12.20    0.00    0.00   25.65    0.00    0.00    0.00    0.03
21:09:10       0   67.40    0.00   11.40    0.00    0.00   21.00    0.00    0.00    0.00    0.20
21:09:10       1   71.20    0.00    8.80    0.00    0.00   20.00    0.00    0.00    0.00    0.00
21:09:10       2   56.60    0.00   14.80    0.00    0.00   28.60    0.00    0.00    0.00    0.00
21:09:10       3   61.32    0.00   12.42    0.00    0.00   26.25    0.00    0.00    0.00    0.00
21:09:10       4   53.40    0.00   17.20    0.00    0.00   29.40    0.00    0.00    0.00    0.00
21:09:10       5   61.48    0.00    9.98    0.00    0.00   28.54    0.00    0.00    0.00    0.00
21:09:10       6   60.20    0.00   14.60    0.00    0.00   25.20    0.00    0.00    0.00    0.00
21:09:10       7   65.40    0.00    8.40    0.00    0.00   26.20    0.00    0.00    0.00    0.00

21:09:10     CPU    %usr   %nice    %sys %iowait    %irq   %soft  %steal  %guest  %gnice   %idle
21:09:15     all   64.79    0.00   11.08    0.00    0.00   24.06    0.00    0.00    0.00    0.08
21:09:15       0   69.60    0.00    9.20    0.00    0.00   21.00    0.00    0.00    0.00    0.20
21:09:15       1   67.94    0.00   10.42    0.00    0.00   21.64    0.00    0.00    0.00    0.00
21:09:15       2   57.40    0.00   14.80    0.00    0.00   27.80    0.00    0.00    0.00    0.00
21:09:15       3   72.00    0.00    7.60    0.00    0.00   20.40    0.00    0.00    0.00    0.00
21:09:15       4   69.72    0.00    9.96    0.00    0.00   20.12    0.00    0.00    0.00    0.20
21:09:15       5   55.60    0.00   14.20    0.00    0.00   30.00    0.00    0.00    0.00    0.20
21:09:15       6   56.63    0.00   15.86    0.00    0.00   27.51    0.00    0.00    0.00    0.00
21:09:15       7   69.40    0.00    6.60    0.00    0.00   24.00    0.00    0.00    0.00    0.00

21:09:15     CPU    %usr   %nice    %sys %iowait    %irq   %soft  %steal  %guest  %gnice   %idle
21:09:20     all   66.07    0.00   10.27    0.00    0.00   23.64    0.00    0.00    0.00    0.02
21:09:20       0   66.60    0.00   10.80    0.00    0.00   22.60    0.00    0.00    0.00    0.00
21:09:20       1   65.34    0.00   11.35    0.00    0.00   23.31    0.00    0.00    0.00    0.00
21:09:20       2   71.00    0.00    7.20    0.00    0.00   21.80    0.00    0.00    0.00    0.00
21:09:20       3   65.60    0.00   10.80    0.00    0.00   23.60    0.00    0.00    0.00    0.00
21:09:20       4   64.20    0.00   12.00    0.00    0.00   23.60    0.00    0.00    0.00    0.20
21:09:20       5   59.52    0.00   12.02    0.00    0.00   28.46    0.00    0.00    0.00    0.00
21:09:20       6   71.06    0.00    9.38    0.00    0.00   19.56    0.00    0.00    0.00    0.00
21:09:20       7   65.20    0.00    8.60    0.00    0.00   26.20    0.00    0.00    0.00    0.00

21:09:20     CPU    %usr   %nice    %sys %iowait    %irq   %soft  %steal  %guest  %gnice   %idle
21:09:25     all   65.03    0.00   10.12    0.00    0.00   24.79    0.00    0.00    0.00    0.05
21:09:25       0   62.87    0.00   11.78    0.00    0.00   25.35    0.00    0.00    0.00    0.00
21:09:25       1   68.74    0.00    8.02    0.00    0.00   23.25    0.00    0.00    0.00    0.00
21:09:25       2   71.66    0.00    5.79    0.00    0.00   22.55    0.00    0.00    0.00    0.00
21:09:25       3   67.00    0.00    9.20    0.00    0.00   23.60    0.00    0.00    0.00    0.20
21:09:25       4   71.80    0.00    8.20    0.00    0.00   20.00    0.00    0.00    0.00    0.00
21:09:25       5   56.40    0.00   13.60    0.00    0.00   29.80    0.00    0.00    0.00    0.20
21:09:25       6   52.20    0.00   18.60    0.00    0.00   29.20    0.00    0.00    0.00    0.00
21:09:25       7   69.60    0.00    5.80    0.00    0.00   24.60    0.00    0.00    0.00    0.00

21:09:25     CPU    %usr   %nice    %sys %iowait    %irq   %soft  %steal  %guest  %gnice   %idle
21:09:30     all   64.78    0.00   10.17    0.00    0.00   25.00    0.03    0.00    0.00    0.03
21:09:30       0   61.12    0.00   13.23    0.00    0.00   25.65    0.00    0.00    0.00    0.00
21:09:30       1   73.45    0.00    5.79    0.00    0.00   20.76    0.00    0.00    0.00    0.00
21:09:30       2   70.60    0.00    6.20    0.00    0.00   23.20    0.00    0.00    0.00    0.00
21:09:30       3   63.00    0.00   11.40    0.00    0.00   25.60    0.00    0.00    0.00    0.00
21:09:30       4   62.32    0.00   11.62    0.00    0.00   26.05    0.00    0.00    0.00    0.00
21:09:30       5   66.60    0.00    8.00    0.00    0.00   25.40    0.00    0.00    0.00    0.00
21:09:30       6   65.07    0.00   12.38    0.00    0.00   22.16    0.20    0.00    0.00    0.20
21:09:30       7   56.00    0.00   12.80    0.00    0.00   31.20    0.00    0.00    0.00    0.00

21:09:30     CPU    %usr   %nice    %sys %iowait    %irq   %soft  %steal  %guest  %gnice   %idle
21:09:35     all   64.12    0.00   10.00    0.00    0.00   25.87    0.00    0.00    0.00    0.00
21:09:35       0   71.66    0.00    7.39    0.00    0.00   20.96    0.00    0.00    0.00    0.00
21:09:35       1   62.53    0.00   11.02    0.00    0.00   26.45    0.00    0.00    0.00    0.00
21:09:35       2   52.10    0.00   15.03    0.00    0.00   32.87    0.00    0.00    0.00    0.00
21:09:35       3   72.40    0.00    5.80    0.00    0.00   21.80    0.00    0.00    0.00    0.00
21:09:35       4   59.80    0.00   13.40    0.00    0.00   26.80    0.00    0.00    0.00    0.00
21:09:35       5   74.65    0.00    2.99    0.00    0.00   22.36    0.00    0.00    0.00    0.00
21:09:35       6   63.00    0.00   12.60    0.00    0.00   24.40    0.00    0.00    0.00    0.00
21:09:35       7   56.80    0.00   11.80    0.00    0.00   31.40    0.00    0.00    0.00    0.00

21:09:35     CPU    %usr   %nice    %sys %iowait    %irq   %soft  %steal  %guest  %gnice   %idle
21:09:40     all   65.70    0.00    9.68    0.00    0.00   24.57    0.00    0.00    0.00    0.05
21:09:40       0   57.60    0.00   14.40    0.00    0.00   28.00    0.00    0.00    0.00    0.00
21:09:40       1   72.00    0.00    6.80    0.00    0.00   21.20    0.00    0.00    0.00    0.00
21:09:40       2   65.40    0.00    8.80    0.00    0.00   25.80    0.00    0.00    0.00    0.00
21:09:40       3   68.20    0.00    8.40    0.00    0.00   23.40    0.00    0.00    0.00    0.00
21:09:40       4   64.87    0.00   11.18    0.00    0.00   23.75    0.00    0.00    0.00    0.20
21:09:40       5   69.74    0.00    6.61    0.00    0.00   23.65    0.00    0.00    0.00    0.00
21:09:40       6   74.20    0.00    7.20    0.00    0.00   18.60    0.00    0.00    0.00    0.00
21:09:40       7   53.60    0.00   14.00    0.00    0.00   32.20    0.00    0.00    0.00    0.20

21:09:40     CPU    %usr   %nice    %sys %iowait    %irq   %soft  %steal  %guest  %gnice   %idle
21:09:45     all   65.40    0.00    9.75    0.00    0.00   24.80    0.00    0.00    0.00    0.05
21:09:45       0   74.20    0.00    6.00    0.00    0.00   19.80    0.00    0.00    0.00    0.00
21:09:45       1   70.66    0.00    7.78    0.00    0.00   21.56    0.00    0.00    0.00    0.00
21:09:45       2   65.40    0.00    8.80    0.00    0.00   25.80    0.00    0.00    0.00    0.00
21:09:45       3   71.14    0.00    6.81    0.00    0.00   21.84    0.00    0.00    0.00    0.20
21:09:45       4   65.33    0.00   10.22    0.00    0.00   24.45    0.00    0.00    0.00    0.00
21:09:45       5   64.00    0.00    9.60    0.00    0.00   26.40    0.00    0.00    0.00    0.00
21:09:45       6   55.49    0.00   15.97    0.00    0.00   28.34    0.00    0.00    0.00    0.20
21:09:45       7   57.00    0.00   12.80    0.00    0.00   30.20    0.00    0.00    0.00    0.00

21:09:45     CPU    %usr   %nice    %sys %iowait    %irq   %soft  %steal  %guest  %gnice   %idle
21:09:50     all   66.42    0.00    9.90    0.00    0.00   23.61    0.00    0.00    0.00    0.08
21:09:50       0   77.20    0.00    4.60    0.00    0.00   18.20    0.00    0.00    0.00    0.00
21:09:50       1   66.60    0.00   10.40    0.00    0.00   23.00    0.00    0.00    0.00    0.00
21:09:50       2   59.28    0.00   14.77    0.00    0.00   25.75    0.00    0.00    0.00    0.20
21:09:50       3   67.86    0.00    9.58    0.00    0.00   22.55    0.00    0.00    0.00    0.00
21:09:50       4   58.00    0.00   14.60    0.00    0.00   27.40    0.00    0.00    0.00    0.00
21:09:50       5   70.54    0.00    6.21    0.00    0.00   23.05    0.00    0.00    0.00    0.20
21:09:50       6   69.88    0.00    8.63    0.00    0.00   21.29    0.00    0.00    0.00    0.20
21:09:50       7   62.00    0.00   10.40    0.00    0.00   27.60    0.00    0.00    0.00    0.00

21:09:50     CPU    %usr   %nice    %sys %iowait    %irq   %soft  %steal  %guest  %gnice   %idle
21:09:55     all   67.03    0.00    9.65    0.00    0.00   23.29    0.00    0.00    0.00    0.03
21:09:55       0   65.40    0.00   11.80    0.00    0.00   22.80    0.00    0.00    0.00    0.00
21:09:55       1   70.94    0.00    7.62    0.00    0.00   21.44    0.00    0.00    0.00    0.00
21:09:55       2   55.00    0.00   16.00    0.00    0.00   29.00    0.00    0.00    0.00    0.00
21:09:55       3   69.54    0.00    8.42    0.00    0.00   22.04    0.00    0.00    0.00    0.00
21:09:55       4   71.06    0.00    7.39    0.00    0.00   21.56    0.00    0.00    0.00    0.00
21:09:55       5   64.20    0.00    9.80    0.00    0.00   26.00    0.00    0.00    0.00    0.00
21:09:55       6   73.00    0.00    8.20    0.00    0.00   18.60    0.00    0.00    0.00    0.20
21:09:55       7   67.13    0.00    8.02    0.00    0.00   24.85    0.00    0.00    0.00    0.00

21:09:55     CPU    %usr   %nice    %sys %iowait    %irq   %soft  %steal  %guest  %gnice   %idle
21:10:00     all   64.00    0.00   10.57    0.00    0.00   25.40    0.00    0.00    0.00    0.03
21:10:00       0   64.80    0.00   11.80    0.00    0.00   23.40    0.00    0.00    0.00    0.00
21:10:00       1   67.40    0.00    9.60    0.00    0.00   23.00    0.00    0.00    0.00    0.00
21:10:00       2   67.80    0.00    8.00    0.00    0.00   24.20    0.00    0.00    0.00    0.00
21:10:00       3   61.20    0.00   11.40    0.00    0.00   27.20    0.00    0.00    0.00    0.20
21:10:00       4   63.73    0.00   11.82    0.00    0.00   24.45    0.00    0.00    0.00    0.00
21:10:00       5   58.08    0.00   11.38    0.00    0.00   30.54    0.00    0.00    0.00    0.00
21:10:00       6   65.33    0.00   11.62    0.00    0.00   23.05    0.00    0.00    0.00    0.00
21:10:00       7   63.67    0.00    8.98    0.00    0.00   27.35    0.00    0.00    0.00    0.00

21:10:00     CPU    %usr   %nice    %sys %iowait    %irq   %soft  %steal  %guest  %gnice   %idle
21:10:05     all   62.58    0.00   11.67    0.00    0.00   25.59    0.00    0.00    0.00    0.15
21:10:05       0   71.60    0.00    7.40    0.00    0.00   20.80    0.00    0.00    0.00    0.20
21:10:05       1   60.28    0.00   14.37    0.00    0.00   25.15    0.00    0.00    0.00    0.20
21:10:05       2   59.00    0.00   12.80    0.00    0.00   28.20    0.00    0.00    0.00    0.00
21:10:05       3   68.86    0.00    8.18    0.00    0.00   22.95    0.00    0.00    0.00    0.00
21:10:05       4   58.80    0.00   13.60    0.00    0.00   27.40    0.00    0.00    0.00    0.20
21:10:05       5   53.31    0.00   15.43    0.00    0.00   31.06    0.00    0.00    0.00    0.20
21:10:05       6   69.60    0.00   10.80    0.00    0.00   19.40    0.00    0.00    0.00    0.20
21:10:05       7   59.20    0.00   10.80    0.00    0.00   29.80    0.00    0.00    0.00    0.20

21:10:05     CPU    %usr   %nice    %sys %iowait    %irq   %soft  %steal  %guest  %gnice   %idle
21:10:10     all   31.74    0.00    4.87    0.00    0.00   10.15    0.05    0.00    0.00   53.19
21:10:10       0   27.16    0.00    5.84    0.00    0.00   10.46    0.20    0.00    0.00   56.34
21:10:10       1   46.48    0.00    5.03    0.00    0.00    9.26    0.00    0.00    0.00   39.24
21:10:10       2   27.77    0.00    4.23    0.00    0.00   11.07    0.00    0.00    0.00   56.94
21:10:10       3   30.32    0.00    5.02    0.00    0.00    9.44    0.00    0.00    0.00   55.22
21:10:10       4   27.91    0.00    4.82    0.00    0.00    9.44    0.00    0.00    0.00   57.83
21:10:10       5   36.27    0.00    5.61    0.00    0.00   11.82    0.00    0.00    0.00   46.29
21:10:10       6   27.71    0.00    5.02    0.00    0.00    9.04    0.20    0.00    0.00   58.03
21:10:10       7   30.32    0.00    3.41    0.00    0.00   10.64    0.00    0.00    0.00   55.62
