Linux 6.17.0-1015-aws (ip-172-31-13-152) 	05/25/26 	_x86_64_	(4 CPU)

18:57:52     CPU    %usr   %nice    %sys %iowait    %irq   %soft  %steal  %guest  %gnice   %idle
18:57:57     all   39.52   12.55   12.10    0.55    0.00    3.07    0.20    0.00    0.00   32.01
18:57:57       0   33.81    0.00   14.17    0.00    0.00    7.69    0.20    0.00    0.00   44.13
18:57:57       1   25.10   34.34    7.63    2.01    0.00    0.20    0.20    0.00    0.00   30.52
18:57:57       2   52.53    0.00   14.14    0.00    0.00    4.24    0.20    0.00    0.00   28.89
18:57:57       3   46.68   15.69   12.47    0.20    0.00    0.20    0.20    0.00    0.00   24.55

18:57:57     CPU    %usr   %nice    %sys %iowait    %irq   %soft  %steal  %guest  %gnice   %idle
18:58:02     all   53.39   14.08   19.45    0.00    0.00    6.33    0.15    0.00    0.00    6.59
18:58:02       0   58.04    0.00   19.96    0.00    0.00   15.27    0.20    0.00    0.00    6.52
18:58:02       1   68.22    0.00   23.68    0.00    0.00    0.00    0.00    0.00    0.00    8.10
18:58:02       2   24.95   55.94    7.85    0.00    0.00   10.06    0.20    0.00    0.00    1.01
18:58:02       3   62.60    0.00   26.42    0.00    0.00    0.00    0.20    0.00    0.00   10.77

18:58:02     CPU    %usr   %nice    %sys %iowait    %irq   %soft  %steal  %guest  %gnice   %idle
18:58:07     all   57.23   12.59   20.22    0.00    0.00    6.93    0.20    0.00    0.00    2.83
18:58:07       0   65.79    0.00   19.23    0.00    0.00   12.75    0.20    0.00    0.00    2.02
18:58:07       1   61.59    0.00   29.88    0.00    0.00    3.46    0.20    0.00    0.00    4.88
18:58:07       2   37.07   49.90    4.41    0.00    0.00    7.82    0.20    0.00    0.00    0.60
18:58:07       3   64.71    0.00   27.59    0.00    0.00    3.65    0.20    0.00    0.00    3.85

18:58:07     CPU    %usr   %nice    %sys %iowait    %irq   %soft  %steal  %guest  %gnice   %idle
18:58:12     all   61.04    0.00   25.01    0.10    0.00    8.18    0.21    0.00    0.00    5.46
18:58:12       0   66.33    0.00   18.57    0.00    0.00   12.04    0.41    0.00    0.00    2.65
18:58:12       1   60.25    0.00   26.92    0.00    0.00    6.42    0.21    0.00    0.00    6.21
18:58:12       2   61.60    0.00   24.64    0.21    0.00    7.60    0.21    0.00    0.00    5.75
18:58:12       3   55.90    0.00   30.02    0.21    0.00    6.63    0.00    0.00    0.00    7.25

18:58:12     CPU    %usr   %nice    %sys %iowait    %irq   %soft  %steal  %guest  %gnice   %idle
18:58:17     all   58.95    0.00   26.01    0.00    0.00    8.17    0.21    0.00    0.00    6.66
18:58:17       0   58.92    0.00   24.27    0.00    0.00   12.66    0.21    0.00    0.00    3.94
18:58:17       1   62.99    0.00   23.08    0.00    0.00    6.86    0.21    0.00    0.00    6.86
18:58:17       2   61.25    0.00   24.79    0.00    0.00    7.29    0.21    0.00    0.00    6.46
18:58:17       3   52.61    0.00   31.94    0.00    0.00    5.85    0.21    0.00    0.00    9.39

18:58:17     CPU    %usr   %nice    %sys %iowait    %irq   %soft  %steal  %guest  %gnice   %idle
18:58:22     all   58.89    0.00   26.79    0.00    0.00    7.88    0.10    0.00    0.00    6.34
18:58:22       0   58.40    0.00   26.02    0.00    0.00   11.48    0.20    0.00    0.00    3.89
18:58:22       1   65.23    0.00   22.63    0.00    0.00    6.38    0.00    0.00    0.00    5.76
18:58:22       2   54.75    0.00   30.99    0.00    0.00    6.20    0.00    0.00    0.00    8.06
18:58:22       3   57.14    0.00   27.54    0.00    0.00    7.45    0.21    0.00    0.00    7.66

18:58:22     CPU    %usr   %nice    %sys %iowait    %irq   %soft  %steal  %guest  %gnice   %idle
18:58:27     all   58.33    0.00   27.04    0.16    0.00    8.15    0.16    0.00    0.00    6.18
18:58:27       0   63.86    0.00   20.94    0.00    0.00   12.53    0.21    0.00    0.00    2.46
18:58:27       1   53.24    0.00   30.69    0.21    0.00    6.89    0.21    0.00    0.00    8.77
18:58:27       2   54.79    0.00   30.42    0.21    0.00    6.88    0.21    0.00    0.00    7.50
18:58:27       3   61.33    0.00   26.20    0.21    0.00    6.24    0.00    0.00    0.00    6.03

18:58:27     CPU    %usr   %nice    %sys %iowait    %irq   %soft  %steal  %guest  %gnice   %idle
18:58:32     all   40.55    0.00   17.77    0.05    0.00    5.02    0.15    0.00    0.00   36.46
18:58:32       0   36.73    0.00   17.14    0.20    0.00    7.14    0.20    0.00    0.00   38.57
18:58:32       1   35.73    0.00   18.89    0.00    0.00    4.31    0.00    0.00    0.00   41.07
18:58:32       2   32.78    0.00   20.54    0.00    0.00    3.73    0.21    0.00    0.00   42.74
18:58:32       3   56.68    0.00   14.57    0.00    0.00    4.86    0.20    0.00    0.00   23.68
