Linux 6.17.0-1015-aws (ip-172-31-15-155) 	05/25/26 	_x86_64_	(4 CPU)

18:57:50     CPU    %usr   %nice    %sys %iowait    %irq   %soft  %steal  %guest  %gnice   %idle
18:57:55     all   13.16    0.00    3.23    0.00    0.00    0.50    0.20    0.00    0.00   82.91
18:57:55       0    5.05    0.00    3.03    0.00    0.00    0.61    0.20    0.00    0.00   91.11
18:57:55       1   10.04    0.00    3.21    0.00    0.00    0.60    0.20    0.00    0.00   85.94
18:57:55       2   17.21    0.00    3.04    0.00    0.00    0.61    0.20    0.00    0.00   78.95
18:57:55       3   20.32    0.00    3.62    0.00    0.00    0.20    0.20    0.00    0.00   75.65

18:57:55     CPU    %usr   %nice    %sys %iowait    %irq   %soft  %steal  %guest  %gnice   %idle
18:58:00     all   56.57    0.00   25.25    0.05    0.00    7.38    0.10    0.00    0.00   10.65
18:58:00       0   57.11    0.00   23.22    0.00    0.00    6.07    0.21    0.00    0.00   13.39
18:58:00       1   52.82    0.00   26.72    0.00    0.00    7.31    0.00    0.00    0.00   13.15
18:58:00       2   55.39    0.00   25.93    0.21    0.00    8.09    0.21    0.00    0.00   10.17
18:58:00       3   60.91    0.00   25.10    0.00    0.00    8.02    0.00    0.00    0.00    5.97

18:58:00     CPU    %usr   %nice    %sys %iowait    %irq   %soft  %steal  %guest  %gnice   %idle
18:58:05     all   59.23    0.00   25.74    0.10    0.00    7.49    0.21    0.00    0.00    7.23
18:58:05       0   61.41    0.00   23.24    0.21    0.00    6.43    0.21    0.00    0.00    8.51
18:58:05       1   52.33    0.00   29.66    0.21    0.00    6.99    0.21    0.00    0.00   10.59
18:58:05       2   59.71    0.00   26.03    0.00    0.00    9.09    0.21    0.00    0.00    4.96
18:58:05       3   63.30    0.00   24.12    0.00    0.00    7.42    0.21    0.00    0.00    4.95

18:58:05     CPU    %usr   %nice    %sys %iowait    %irq   %soft  %steal  %guest  %gnice   %idle
18:58:10     all   59.27    0.00   26.79    0.00    0.00    7.83    0.16    0.00    0.00    5.95
18:58:10       0   64.17    0.00   22.71    0.00    0.00    6.88    0.00    0.00    0.00    6.25
18:58:10       1   52.11    0.00   31.65    0.00    0.00    8.02    0.00    0.00    0.00    8.23
18:58:10       2   59.00    0.00   27.20    0.00    0.00    8.37    0.42    0.00    0.00    5.02
18:58:10       3   61.70    0.00   25.67    0.00    0.00    8.07    0.21    0.00    0.00    4.35

18:58:10     CPU    %usr   %nice    %sys %iowait    %irq   %soft  %steal  %guest  %gnice   %idle
18:58:15     all   60.70    0.00   25.94    0.00    0.00    8.30    0.15    0.00    0.00    4.90
18:58:15       0   63.20    0.00   23.08    0.00    0.00    6.44    0.21    0.00    0.00    7.07
18:58:15       1   61.52    0.00   24.69    0.00    0.00    8.64    0.21    0.00    0.00    4.94
18:58:15       2   59.83    0.00   26.29    0.00    0.00    9.32    0.21    0.00    0.00    4.35
18:58:15       3   58.28    0.00   29.65    0.00    0.00    8.79    0.00    0.00    0.00    3.27

18:58:15     CPU    %usr   %nice    %sys %iowait    %irq   %soft  %steal  %guest  %gnice   %idle
18:58:20     all   59.01    0.00   27.33    0.00    0.00    8.39    0.26    0.00    0.00    5.02
18:58:20       0   50.74    0.00   34.04    0.00    0.00    5.92    0.21    0.00    0.00    9.09
18:58:20       1   57.02    0.00   29.13    0.00    0.00    8.68    0.21    0.00    0.00    4.96
18:58:20       2   64.54    0.00   21.86    0.00    0.00    9.69    0.41    0.00    0.00    3.51
18:58:20       3   63.47    0.00   24.49    0.00    0.00    9.18    0.20    0.00    0.00    2.65

18:58:20     CPU    %usr   %nice    %sys %iowait    %irq   %soft  %steal  %guest  %gnice   %idle
18:58:25     all   59.72    0.00   27.02    0.05    0.00    8.10    0.15    0.00    0.00    4.95
18:58:25       0   54.98    0.00   30.91    0.21    0.00    6.43    0.21    0.00    0.00    7.26
18:58:25       1   63.71    0.00   23.09    0.00    0.00    8.04    0.00    0.00    0.00    5.15
18:58:25       2   59.01    0.00   27.33    0.00    0.00    8.90    0.21    0.00    0.00    4.55
18:58:25       3   61.15    0.00   26.79    0.00    0.00    9.00    0.20    0.00    0.00    2.86

18:58:25     CPU    %usr   %nice    %sys %iowait    %irq   %soft  %steal  %guest  %gnice   %idle
18:58:30     all   60.57    0.00   25.03    0.00    0.00    8.76    0.16    0.00    0.00    5.49
18:58:30       0   57.32    0.00   27.62    0.00    0.00    7.11    0.21    0.00    0.00    7.74
18:58:30       1   59.38    0.00   25.83    0.00    0.00    8.75    0.21    0.00    0.00    5.83
18:58:30       2   63.11    0.00   23.36    0.00    0.00    9.43    0.20    0.00    0.00    3.89
18:58:30       3   62.40    0.00   23.35    0.00    0.00    9.71    0.00    0.00    0.00    4.55
