Linux 6.17.0-1015-aws (ip-172-31-15-213) 	05/25/26 	_x86_64_	(4 CPU)

18:57:51     CPU    %usr   %nice    %sys %iowait    %irq   %soft  %steal  %guest  %gnice   %idle
18:57:56     all   22.74    0.00    7.78    0.00    0.00    2.07    0.15    0.00    0.00   67.26
18:57:56       0   15.15    0.00    5.86    0.00    0.00    4.24    0.00    0.00    0.00   74.75
18:57:56       1   25.76    0.00    8.52    0.00    0.00    0.00    0.20    0.00    0.00   65.52
18:57:56       2   14.72    0.00    6.65    0.00    0.00    4.03    0.20    0.00    0.00   74.40
18:57:56       3   35.35    0.00   10.10    0.00    0.00    0.00    0.20    0.00    0.00   54.34

18:57:56     CPU    %usr   %nice    %sys %iowait    %irq   %soft  %steal  %guest  %gnice   %idle
18:58:01     all   56.27    0.00   26.08    0.05    0.00    8.83    0.20    0.00    0.00    8.57
18:58:01       0   62.50    0.00   17.34    0.00    0.00   18.95    0.20    0.00    0.00    1.01
18:58:01       1   52.45    0.00   33.67    0.20    0.00    0.00    0.20    0.00    0.00   13.47
18:58:01       2   54.66    0.00   22.87    0.00    0.00   16.19    0.20    0.00    0.00    6.07
18:58:01       3   55.40    0.00   30.55    0.00    0.00    0.00    0.20    0.00    0.00   13.85

18:58:01     CPU    %usr   %nice    %sys %iowait    %irq   %soft  %steal  %guest  %gnice   %idle
18:58:06     all   59.10    0.00   27.37    0.05    0.00    9.16    0.10    0.00    0.00    4.22
18:58:06       0   56.97    0.00   23.03    0.00    0.00   18.59    0.20    0.00    0.00    1.21
18:58:06       1   63.41    0.00   23.17    0.00    0.00    9.96    0.00    0.00    0.00    3.46
18:58:06       2   57.17    0.00   30.33    0.20    0.00    7.99    0.20    0.00    0.00    4.10
18:58:06       3   58.86    0.00   32.99    0.00    0.00    0.00    0.00    0.00    0.00    8.15

18:58:06     CPU    %usr   %nice    %sys %iowait    %irq   %soft  %steal  %guest  %gnice   %idle
18:58:11     all   59.70    0.00   27.06    0.05    0.00    9.54    0.20    0.00    0.00    3.45
18:58:11       0   57.20    0.00   21.30    0.00    0.00   20.28    0.20    0.00    0.00    1.01
18:58:11       1   57.03    0.00   28.51    0.00    0.00   11.81    0.20    0.00    0.00    2.44
18:58:11       2   72.15    0.00   18.50    0.00    0.00    5.89    0.20    0.00    0.00    3.25
18:58:11       3   52.43    0.00   39.88    0.20    0.00    0.20    0.20    0.00    0.00    7.09

18:58:11     CPU    %usr   %nice    %sys %iowait    %irq   %soft  %steal  %guest  %gnice   %idle
18:58:16     all   60.85    0.00   27.45    0.00    0.00    9.46    0.15    0.00    0.00    2.08
18:58:16       0   57.03    0.00   29.33    0.00    0.00   11.20    0.20    0.00    0.00    2.24
18:58:16       1   62.40    0.00   24.80    0.00    0.00   10.98    0.00    0.00    0.00    1.83
18:58:16       2   66.87    0.00   24.24    0.00    0.00    6.87    0.40    0.00    0.00    1.62
18:58:16       3   57.06    0.00   31.49    0.00    0.00    8.79    0.00    0.00    0.00    2.66

18:58:16     CPU    %usr   %nice    %sys %iowait    %irq   %soft  %steal  %guest  %gnice   %idle
18:58:21     all   60.77    0.00   27.24    0.00    0.00    9.39    0.26    0.00    0.00    2.35
18:58:21       0   57.94    0.00   29.69    0.00    0.00    8.66    0.41    0.00    0.00    3.30
18:58:21       1   56.33    0.00   29.18    0.00    0.00   12.04    0.20    0.00    0.00    2.24
18:58:21       2   61.63    0.00   29.18    0.00    0.00    6.53    0.20    0.00    0.00    2.45
18:58:21       3   67.07    0.00   21.01    0.00    0.00   10.30    0.20    0.00    0.00    1.41

18:58:21     CPU    %usr   %nice    %sys %iowait    %irq   %soft  %steal  %guest  %gnice   %idle
18:58:26     all   61.00    0.00   27.34    0.00    0.00    9.42    0.15    0.00    0.00    2.09
18:58:26       0   62.73    0.00   25.66    0.00    0.00    9.57    0.20    0.00    0.00    1.83
18:58:26       1   63.62    0.00   24.59    0.00    0.00   10.16    0.00    0.00    0.00    1.63
18:58:26       2   62.93    0.00   27.49    0.00    0.00    6.92    0.41    0.00    0.00    2.24
18:58:26       3   54.69    0.00   31.63    0.00    0.00   11.02    0.00    0.00    0.00    2.65

18:58:26     CPU    %usr   %nice    %sys %iowait    %irq   %soft  %steal  %guest  %gnice   %idle
18:58:31     all   52.88    0.00   23.03    0.05    0.00    8.05    0.20    0.00    0.00   15.79
18:58:31       0   54.97    0.00   18.66    0.00    0.00    8.52    0.20    0.00    0.00   17.65
18:58:31       1   46.09    0.00   24.90    0.21    0.00    8.85    0.21    0.00    0.00   19.75
18:58:31       2   62.93    0.00   24.03    0.00    0.00    6.11    0.20    0.00    0.00    6.72
18:58:31       3   47.46    0.00   24.54    0.00    0.00    8.72    0.20    0.00    0.00   19.07
