Linux 6.17.0-1017-aws (ip-172-31-0-255) 	05/29/26 	_x86_64_	(16 CPU)

14:00:21     CPU    %usr   %nice    %sys %iowait    %irq   %soft  %steal  %guest  %gnice   %idle
14:00:26     all    2.62    0.00    0.67    0.03    0.00    0.25    0.00    0.00    0.00   96.43
14:00:26       0    2.83    0.00    0.81    0.00    0.00    0.00    0.00    0.00    0.00   96.36
14:00:26       1    0.20    0.00    0.20    0.20    0.00    0.00    0.00    0.00    0.00   99.40
14:00:26       2    0.20    0.00    0.20    0.00    0.00    0.00    0.00    0.00    0.00   99.60
14:00:26       3    2.02    0.00    0.60    0.00    0.00    0.00    0.00    0.00    0.00   97.38
14:00:26       4    3.64    0.00    1.01    0.00    0.00    0.00    0.00    0.00    0.00   95.35
14:00:26       5    4.06    0.00    0.61    0.00    0.00    0.81    0.00    0.00    0.00   94.52
14:00:26       6    2.63    0.00    0.61    0.00    0.00    0.00    0.00    0.00    0.00   96.77
14:00:26       7    4.25    0.00    0.81    0.00    0.00    0.61    0.00    0.00    0.00   94.33
14:00:26       8    1.41    0.00    0.40    0.00    0.00    0.40    0.00    0.00    0.00   97.79
14:00:26       9    3.45    0.00    1.22    0.00    0.00    0.00    0.00    0.00    0.00   95.33
14:00:26      10    4.04    0.00    1.21    0.20    0.00    1.01    0.00    0.00    0.00   93.54
14:00:26      11    2.23    0.00    0.41    0.00    0.00    0.41    0.00    0.00    0.00   96.96
14:00:26      12    1.20    0.00    0.20    0.00    0.00    0.20    0.00    0.00    0.00   98.39
14:00:26      13    2.63    0.00    0.61    0.00    0.00    0.00    0.00    0.00    0.00   96.77
14:00:26      14    4.07    0.00    1.02    0.00    0.00    0.61    0.00    0.00    0.00   94.30
14:00:26      15    3.24    0.00    0.81    0.00    0.00    0.00    0.00    0.00    0.00   95.95

14:00:26     CPU    %usr   %nice    %sys %iowait    %irq   %soft  %steal  %guest  %gnice   %idle
14:00:31     all    4.91    0.00    0.77    0.00    0.00    0.43    0.00    0.00    0.00   93.88
14:00:31       0    5.26    0.00    1.01    0.00    0.00    0.00    0.00    0.00    0.00   93.72
14:00:31       1    4.67    0.00    0.61    0.00    0.00    0.00    0.00    0.00    0.00   94.73
14:00:31       2    1.21    0.00    0.20    0.00    0.00    0.00    0.00    0.00    0.00   98.59
14:00:31       3    8.38    0.00    1.23    0.00    0.00    0.00    0.00    0.00    0.00   90.39
14:00:31       4    5.68    0.00    1.01    0.00    0.00    0.00    0.00    0.00    0.00   93.31
14:00:31       5    1.61    0.00    0.40    0.00    0.00    1.01    0.00    0.00    0.00   96.98
14:00:31       6    7.76    0.00    1.43    0.00    0.00    0.00    0.00    0.00    0.00   90.82
14:00:31       7    6.78    0.00    1.03    0.00    0.00    0.82    0.00    0.00    0.00   91.38
14:00:31       8    6.11    0.00    0.81    0.00    0.00    1.02    0.00    0.00    0.00   92.06
14:00:31       9    4.91    0.00    0.82    0.00    0.00    0.20    0.00    0.00    0.00   94.07
14:00:31      10    6.31    0.00    0.81    0.00    0.00    1.22    0.00    0.00    0.00   91.65
14:00:31      11    4.25    0.00    0.81    0.00    0.00    0.81    0.00    0.00    0.00   94.13
14:00:31      12    1.61    0.00    0.20    0.00    0.00    0.80    0.00    0.00    0.00   97.39
14:00:31      13    7.77    0.00    1.23    0.00    0.00    0.00    0.00    0.00    0.00   91.00
14:00:31      14    1.01    0.00    0.00    0.00    0.00    1.01    0.00    0.00    0.00   97.99
14:00:31      15    5.49    0.00    0.81    0.00    0.00    0.00    0.00    0.00    0.00   93.70

14:00:31     CPU    %usr   %nice    %sys %iowait    %irq   %soft  %steal  %guest  %gnice   %idle
14:00:36     all    4.52    0.00    0.85    0.00    0.00    0.42    0.00    0.00    0.00   94.21
14:00:36       0    7.99    0.00    1.43    0.00    0.00    0.00    0.00    0.00    0.00   90.57
14:00:36       1    4.27    0.00    1.02    0.00    0.00    0.00    0.00    0.00    0.00   94.72
14:00:36       2    5.97    0.00    1.03    0.00    0.00    0.00    0.00    0.00    0.00   93.00
14:00:36       3    5.09    0.00    0.81    0.00    0.00    0.00    0.00    0.00    0.00   94.09
14:00:36       4    6.76    0.00    1.64    0.00    0.00    0.00    0.00    0.00    0.00   91.60
14:00:36       5    5.35    0.00    0.82    0.00    0.00    1.03    0.00    0.00    0.00   92.80
14:00:36       6    6.35    0.00    1.02    0.00    0.00    0.00    0.00    0.00    0.00   92.62
14:00:36       7    2.22    0.00    0.20    0.00    0.00    0.40    0.00    0.00    0.00   97.18
14:00:36       8    4.44    0.00    0.81    0.00    0.00    1.21    0.00    0.00    0.00   93.54
14:00:36       9    0.81    0.00    0.20    0.00    0.00    0.20    0.00    0.00    0.00   98.79
14:00:36      10    5.32    0.00    1.02    0.00    0.00    1.02    0.00    0.00    0.00   92.64
14:00:36      11    4.48    0.00    1.02    0.00    0.00    1.22    0.00    0.00    0.00   93.28
14:00:36      12    0.00    0.00    0.00    0.00    0.00    0.60    0.00    0.00    0.00   99.40
14:00:36      13    4.88    0.00    1.02    0.00    0.00    0.00    0.00    0.00    0.00   94.11
14:00:36      14    3.85    0.00    0.81    0.00    0.00    1.01    0.00    0.00    0.00   94.32
14:00:36      15    4.67    0.00    0.81    0.00    0.00    0.00    0.00    0.00    0.00   94.52

14:00:36     CPU    %usr   %nice    %sys %iowait    %irq   %soft  %steal  %guest  %gnice   %idle
14:00:41     all    4.70    0.00    0.95    0.00    0.00    0.44    0.00    0.00    0.00   93.90
14:00:41       0    4.09    0.00    1.02    0.00    0.00    0.00    0.00    0.00    0.00   94.89
14:00:41       1    2.62    0.00    0.40    0.00    0.00    0.00    0.00    0.00    0.00   96.98
14:00:41       2    6.35    0.00    1.43    0.00    0.00    0.00    0.00    0.00    0.00   92.21
14:00:41       3    5.44    0.00    1.21    0.00    0.00    0.00    0.00    0.00    0.00   93.35
14:00:41       4    6.33    0.00    1.22    0.00    0.00    0.00    0.00    0.00    0.00   92.45
14:00:41       5    5.28    0.00    1.02    0.00    0.00    1.02    0.00    0.00    0.00   92.68
14:00:41       6    6.97    0.00    1.23    0.00    0.00    0.00    0.00    0.00    0.00   91.80
14:00:41       7    6.78    0.00    1.64    0.00    0.00    1.03    0.00    0.00    0.00   90.55
14:00:41       8    3.67    0.00    0.81    0.00    0.00    1.02    0.00    0.00    0.00   94.50
14:00:41       9    6.95    0.00    1.43    0.00    0.00    0.20    0.00    0.00    0.00   91.41
14:00:41      10    4.67    0.00    0.61    0.00    0.00    1.42    0.00    0.00    0.00   93.29
14:00:41      11    5.25    0.00    1.01    0.00    0.00    1.01    0.00    0.00    0.00   92.73
14:00:41      12    0.00    0.00    0.00    0.00    0.00    0.40    0.00    0.00    0.00   99.60
14:00:41      13    6.10    0.00    1.42    0.00    0.00    0.00    0.00    0.00    0.00   92.48
14:00:41      14    4.68    0.00    0.81    0.00    0.00    1.02    0.00    0.00    0.00   93.48
14:00:41      15    0.20    0.00    0.00    0.00    0.00    0.00    0.00    0.00    0.00   99.80

14:00:41     CPU    %usr   %nice    %sys %iowait    %irq   %soft  %steal  %guest  %gnice   %idle
14:00:46     all    4.36    0.00    0.87    0.00    0.00    0.43    0.00    0.00    0.00   94.35
14:00:46       0    6.02    0.00    0.83    0.00    0.00    0.00    0.00    0.00    0.00   93.15
14:00:46       1    1.61    0.00    0.40    0.00    0.00    0.00    0.00    0.00    0.00   97.99
14:00:46       2    7.01    0.00    1.44    0.00    0.00    0.00    0.00    0.00    0.00   91.55
14:00:46       3    3.86    0.00    1.02    0.00    0.00    0.00    0.00    0.00    0.00   95.12
14:00:46       4    6.57    0.00    1.23    0.00    0.00    0.00    0.00    0.00    0.00   92.20
14:00:46       5    5.91    0.00    1.22    0.00    0.00    1.43    0.00    0.00    0.00   91.45
14:00:46       6    5.10    0.00    1.22    0.00    0.00    0.00    0.00    0.00    0.00   93.67
14:00:46       7    5.71    0.00    1.02    0.00    0.00    0.82    0.00    0.00    0.00   92.45
14:00:46       8    4.89    0.00    0.81    0.00    0.00    1.43    0.00    0.00    0.00   92.87
14:00:46       9    5.79    0.00    0.83    0.00    0.00    0.21    0.00    0.00    0.00   93.18
14:00:46      10    1.61    0.00    0.60    0.00    0.00    1.01    0.00    0.00    0.00   96.78
14:00:46      11    2.03    0.00    0.41    0.00    0.00    0.61    0.00    0.00    0.00   96.95
14:00:46      12    3.02    0.00    0.60    0.00    0.00    0.60    0.00    0.00    0.00   95.77
14:00:46      13    6.37    0.00    1.23    0.00    0.00    0.00    0.00    0.00    0.00   92.40
14:00:46      14    0.00    0.00    0.00    0.00    0.00    0.80    0.00    0.00    0.00   99.20
14:00:46      15    4.48    0.00    1.02    0.00    0.00    0.00    0.00    0.00    0.00   94.50

14:00:46     CPU    %usr   %nice    %sys %iowait    %irq   %soft  %steal  %guest  %gnice   %idle
14:00:51     all    4.67    0.00    0.87    0.00    0.00    0.47    0.00    0.00    0.00   93.99
14:00:51       0    7.38    0.00    1.23    0.00    0.00    0.00    0.00    0.00    0.00   91.39
14:00:51       1    2.82    0.00    0.40    0.00    0.00    0.00    0.00    0.00    0.00   96.78
14:00:51       2    2.62    0.00    0.60    0.00    0.00    0.00    0.00    0.00    0.00   96.77
14:00:51       3    6.31    0.00    1.22    0.00    0.00    0.00    0.00    0.00    0.00   92.46
14:00:51       4    7.38    0.00    1.43    0.00    0.00    0.00    0.00    0.00    0.00   91.19
14:00:51       5    6.90    0.00    1.42    0.00    0.00    1.62    0.00    0.00    0.00   90.06
14:00:51       6    5.26    0.00    1.01    0.00    0.00    0.00    0.00    0.00    0.00   93.72
14:00:51       7    2.64    0.00    0.61    0.00    0.00    0.41    0.00    0.00    0.00   96.35
14:00:51       8    3.24    0.00    0.61    0.00    0.00    1.42    0.00    0.00    0.00   94.74
14:00:51       9    6.37    0.00    1.44    0.00    0.00    0.21    0.00    0.00    0.00   91.99
14:00:51      10    5.44    0.00    1.01    0.00    0.00    1.41    0.00    0.00    0.00   92.14
14:00:51      11    4.67    0.00    0.81    0.00    0.00    0.81    0.00    0.00    0.00   93.70
14:00:51      12    5.68    0.00    0.81    0.00    0.00    1.01    0.00    0.00    0.00   92.49
14:00:51      13    6.75    0.00    1.23    0.00    0.00    0.00    0.00    0.00    0.00   92.02
14:00:51      14    0.00    0.00    0.00    0.00    0.00    0.60    0.00    0.00    0.00   99.40
14:00:51      15    1.41    0.00    0.20    0.00    0.00    0.00    0.00    0.00    0.00   98.39

14:00:51     CPU    %usr   %nice    %sys %iowait    %irq   %soft  %steal  %guest  %gnice   %idle
14:00:56     all    3.87    0.00    0.68    0.00    0.00    0.27    0.00    0.00    0.00   95.18
14:00:56       0    3.86    0.00    0.81    0.00    0.00    0.00    0.00    0.00    0.00   95.33
14:00:56       1    0.60    0.00    0.20    0.00    0.00    0.00    0.00    0.00    0.00   99.20
14:00:56       2    9.72    0.00    0.61    0.00    0.00    0.00    0.00    0.00    0.00   89.68
14:00:56       3    3.63    0.00    0.81    0.00    0.00    0.00    0.00    0.00    0.00   95.56
14:00:56       4    3.60    0.00    0.80    0.00    0.00    0.00    0.00    0.00    0.00   95.60
14:00:56       5    3.46    0.00    0.61    0.00    0.00    0.61    0.00    0.00    0.00   95.33
14:00:56       6    3.46    0.00    0.81    0.00    0.00    0.00    0.00    0.00    0.00   95.73
14:00:56       7    0.40    0.00    0.00    0.00    0.00    0.40    0.00    0.00    0.00   99.20
14:00:56       8    4.86    0.00    1.01    0.00    0.00    0.81    0.00    0.00    0.00   93.32
14:00:56       9    5.13    0.00    1.44    0.00    0.00    0.21    0.00    0.00    0.00   93.22
14:00:56      10    6.92    0.00    1.02    0.00    0.00    1.02    0.00    0.00    0.00   91.04
14:00:56      11    4.07    0.00    0.61    0.00    0.00    0.61    0.00    0.00    0.00   94.70
14:00:56      12    1.83    0.00    0.41    0.00    0.00    0.41    0.00    0.00    0.00   97.36
14:00:56      13    5.27    0.00    0.81    0.00    0.00    0.00    0.00    0.00    0.00   93.91
14:00:56      14    1.63    0.00    0.41    0.00    0.00    0.20    0.00    0.00    0.00   97.76
14:00:56      15    3.64    0.00    0.61    0.00    0.00    0.00    0.00    0.00    0.00   95.75

14:00:56     CPU    %usr   %nice    %sys %iowait    %irq   %soft  %steal  %guest  %gnice   %idle
14:01:01     all    2.21    0.00    0.51    0.00    0.00    0.01    0.00    0.00    0.00   97.27
14:01:01       0    3.93    0.00    1.03    0.00    0.00    0.00    0.00    0.00    0.00   95.04
14:01:01       1    0.40    0.00    0.00    0.00    0.00    0.00    0.00    0.00    0.00   99.60
14:01:01       2    3.07    0.00    1.02    0.00    0.00    0.00    0.00    0.00    0.00   95.90
14:01:01       3    3.28    0.00    0.82    0.00    0.00    0.00    0.00    0.00    0.00   95.90
14:01:01       4    1.41    0.00    0.20    0.00    0.00    0.00    0.00    0.00    0.00   98.38
14:01:01       5    1.22    0.00    0.20    0.00    0.00    0.00    0.00    0.00    0.00   98.58
14:01:01       6    3.11    0.00    0.62    0.00    0.00    0.00    0.00    0.00    0.00   96.27
14:01:01       7    1.83    0.00    0.41    0.00    0.00    0.00    0.00    0.00    0.00   97.76
14:01:01       8    0.40    0.00    0.20    0.00    0.00    0.00    0.00    0.00    0.00   99.40
14:01:01       9    2.90    0.00    0.83    0.00    0.00    0.00    0.00    0.00    0.00   96.27
14:01:01      10    3.71    0.00    0.82    0.00    0.00    0.00    0.00    0.00    0.00   95.46
14:01:01      11    1.21    0.00    0.20    0.00    0.00    0.20    0.00    0.00    0.00   98.38
14:01:01      12    2.47    0.00    0.41    0.00    0.00    0.00    0.00    0.00    0.00   97.11
14:01:01      13    2.65    0.00    0.41    0.00    0.00    0.00    0.00    0.00    0.00   96.94
14:01:01      14    0.61    0.00    0.20    0.00    0.00    0.00    0.00    0.00    0.00   99.19
14:01:01      15    3.31    0.00    0.83    0.00    0.00    0.00    0.00    0.00    0.00   95.87

14:01:01     CPU    %usr   %nice    %sys %iowait    %irq   %soft  %steal  %guest  %gnice   %idle
14:01:06     all    2.19    0.00    0.55    0.00    0.00    0.00    0.00    0.00    0.00   97.26
14:01:06       0    2.46    0.00    0.61    0.00    0.00    0.00    0.00    0.00    0.00   96.93
14:01:06       1    2.25    0.00    0.61    0.00    0.00    0.00    0.00    0.00    0.00   97.14
14:01:06       2    0.20    0.00    0.00    0.00    0.00    0.00    0.00    0.00    0.00   99.80
14:01:06       3    0.40    0.00    0.00    0.00    0.00    0.00    0.00    0.00    0.00   99.60
14:01:06       4    2.48    0.00    0.62    0.00    0.00    0.00    0.00    0.00    0.00   96.89
14:01:06       5    1.83    0.00    0.61    0.00    0.00    0.00    0.00    0.00    0.00   97.56
14:01:06       6    4.12    0.00    1.03    0.00    0.00    0.00    0.00    0.00    0.00   94.86
14:01:06       7    1.01    0.00    0.20    0.00    0.00    0.00    0.00    0.00    0.00   98.78
14:01:06       8    1.42    0.00    0.20    0.00    0.00    0.00    0.00    0.00    0.00   98.38
14:01:06       9    3.31    0.00    0.83    0.00    0.00    0.00    0.00    0.00    0.00   95.87
14:01:06      10    2.26    0.00    0.41    0.00    0.00    0.00    0.00    0.00    0.00   97.33
14:01:06      11    2.49    0.00    0.62    0.00    0.00    0.00    0.00    0.00    0.00   96.89
14:01:06      12    2.26    0.00    0.62    0.00    0.00    0.00    0.00    0.00    0.00   97.13
14:01:06      13    2.44    0.00    0.61    0.00    0.00    0.00    0.00    0.00    0.00   96.95
14:01:06      14    3.11    0.00    0.83    0.00    0.00    0.00    0.00    0.00    0.00   96.07
14:01:06      15    3.06    0.00    1.02    0.00    0.00    0.00    0.00    0.00    0.00   95.92

14:01:06     CPU    %usr   %nice    %sys %iowait    %irq   %soft  %steal  %guest  %gnice   %idle
14:01:11     all    2.37    0.00    0.59    0.00    0.00    0.01    0.00    0.00    0.00   97.03
14:01:11       0    3.73    0.00    0.83    0.00    0.00    0.00    0.00    0.00    0.00   95.45
14:01:11       1    1.83    0.00    0.20    0.00    0.00    0.00    0.00    0.00    0.00   97.97
14:01:11       2    1.62    0.00    0.41    0.00    0.00    0.00    0.00    0.00    0.00   97.97
14:01:11       3    2.87    0.00    0.62    0.00    0.00    0.00    0.00    0.00    0.00   96.51
14:01:11       4    2.87    0.00    0.62    0.00    0.00    0.00    0.00    0.00    0.00   96.51
14:01:11       5    3.72    0.00    0.83    0.00    0.00    0.00    0.00    0.00    0.00   95.45
14:01:11       6    3.06    0.00    1.02    0.00    0.00    0.00    0.00    0.00    0.00   95.92
14:01:11       7    1.44    0.00    0.41    0.00    0.00    0.00    0.00    0.00    0.00   98.15
14:01:11       8    0.40    0.00    0.00    0.00    0.00    0.00    0.00    0.00    0.00   99.60
14:01:11       9    4.31    0.00    1.23    0.00    0.00    0.00    0.00    0.00    0.00   94.46
14:01:11      10    1.62    0.00    0.40    0.00    0.00    0.00    0.00    0.00    0.00   97.98
14:01:11      11    2.43    0.00    0.81    0.00    0.00    0.00    0.00    0.00    0.00   96.76
14:01:11      12    1.20    0.00    0.20    0.00    0.00    0.00    0.00    0.00    0.00   98.59
14:01:11      13    2.03    0.00    0.41    0.00    0.00    0.00    0.00    0.00    0.00   97.56
14:01:11      14    1.83    0.00    0.41    0.00    0.00    0.20    0.00    0.00    0.00   97.56
14:01:11      15    3.07    0.00    1.02    0.00    0.00    0.00    0.00    0.00    0.00   95.90

14:01:11     CPU    %usr   %nice    %sys %iowait    %irq   %soft  %steal  %guest  %gnice   %idle
14:01:16     all    2.36    0.00    0.57    0.00    0.00    0.00    0.00    0.00    0.00   97.07
14:01:16       0    3.48    0.00    0.82    0.00    0.00    0.00    0.00    0.00    0.00   95.70
14:01:16       1    2.84    0.00    0.81    0.00    0.00    0.00    0.00    0.00    0.00   96.35
14:01:16       2    2.03    0.00    0.41    0.00    0.00    0.00    0.00    0.00    0.00   97.56
14:01:16       3    0.20    0.00    0.00    0.00    0.00    0.00    0.00    0.00    0.00   99.80
14:01:16       4    2.44    0.00    0.61    0.00    0.00    0.00    0.00    0.00    0.00   96.95
14:01:16       5    2.47    0.00    0.41    0.00    0.00    0.00    0.00    0.00    0.00   97.12
14:01:16       6    3.70    0.00    0.82    0.00    0.00    0.00    0.00    0.00    0.00   95.48
14:01:16       7    1.42    0.00    0.40    0.00    0.00    0.00    0.00    0.00    0.00   98.18
14:01:16       8    0.40    0.00    0.00    0.00    0.00    0.00    0.00    0.00    0.00   99.60
14:01:16       9    2.25    0.00    0.61    0.00    0.00    0.00    0.00    0.00    0.00   97.13
14:01:16      10    3.70    0.00    0.82    0.00    0.00    0.00    0.00    0.00    0.00   95.47
14:01:16      11    3.73    0.00    1.24    0.00    0.00    0.00    0.00    0.00    0.00   95.03
14:01:16      12    1.01    0.00    0.40    0.00    0.00    0.00    0.00    0.00    0.00   98.58
14:01:16      13    3.07    0.00    0.82    0.00    0.00    0.00    0.00    0.00    0.00   96.11
14:01:16      14    1.43    0.00    0.20    0.00    0.00    0.00    0.00    0.00    0.00   98.37
14:01:16      15    3.71    0.00    0.82    0.00    0.00    0.00    0.00    0.00    0.00   95.46

14:01:16     CPU    %usr   %nice    %sys %iowait    %irq   %soft  %steal  %guest  %gnice   %idle
14:01:21     all    2.22    0.00    0.52    0.00    0.00    0.04    0.00    0.00    0.00   97.22
14:01:21       0    0.00    0.00    0.00    0.00    0.00    0.00    0.00    0.00    0.00  100.00
14:01:21       1    2.86    0.00    0.41    0.00    0.00    0.00    0.00    0.00    0.00   96.73
14:01:21       2    2.47    0.00    0.62    0.00    0.00    0.00    0.00    0.00    0.00   96.91
14:01:21       3    0.80    0.00    0.20    0.00    0.00    0.00    0.00    0.00    0.00   98.99
14:01:21       4    3.28    0.00    0.82    0.00    0.00    0.00    0.00    0.00    0.00   95.90
14:01:21       5    0.00    0.00    0.00    0.00    0.00    0.00    0.00    0.00    0.00  100.00
14:01:21       6    2.67    0.00    0.82    0.00    0.00    0.00    0.00    0.00    0.00   96.51
14:01:21       7    1.01    0.00    0.20    0.00    0.00    0.00    0.00    0.00    0.00   98.79
14:01:21       8    3.93    0.00    1.03    0.00    0.00    0.21    0.00    0.00    0.00   94.83
14:01:21       9    3.50    0.00    1.03    0.00    0.00    0.21    0.00    0.00    0.00   95.27
14:01:21      10    2.47    0.00    0.62    0.00    0.00    0.21    0.00    0.00    0.00   96.71
14:01:21      11    2.24    0.00    0.41    0.00    0.00    0.00    0.00    0.00    0.00   97.35
14:01:21      12    3.93    0.00    0.62    0.00    0.00    0.00    0.00    0.00    0.00   95.45
14:01:21      13    1.84    0.00    0.41    0.00    0.00    0.00    0.00    0.00    0.00   97.76
14:01:21      14    1.43    0.00    0.61    0.00    0.00    0.00    0.00    0.00    0.00   97.96
14:01:21      15    3.31    0.00    0.62    0.00    0.00    0.00    0.00    0.00    0.00   96.07

14:01:21     CPU    %usr   %nice    %sys %iowait    %irq   %soft  %steal  %guest  %gnice   %idle
14:01:26     all    2.33    0.00    0.53    0.00    0.00    0.00    0.00    0.00    0.00   97.14
14:01:26       0    0.81    0.00    0.20    0.00    0.00    0.00    0.00    0.00    0.00   98.99
14:01:26       1    3.71    0.00    0.82    0.00    0.00    0.00    0.00    0.00    0.00   95.46
14:01:26       2    3.51    0.00    0.83    0.00    0.00    0.00    0.00    0.00    0.00   95.66
14:01:26       3    0.60    0.00    0.20    0.00    0.00    0.00    0.00    0.00    0.00   99.20
14:01:26       4    3.08    0.00    0.82    0.00    0.00    0.00    0.00    0.00    0.00   96.10
14:01:26       5    1.84    0.00    0.61    0.00    0.00    0.00    0.00    0.00    0.00   97.55
14:01:26       6    2.89    0.00    0.62    0.00    0.00    0.00    0.00    0.00    0.00   96.49
14:01:26       7    2.05    0.00    0.41    0.00    0.00    0.00    0.00    0.00    0.00   97.54
14:01:26       8    2.67    0.00    0.62    0.00    0.00    0.00    0.00    0.00    0.00   96.71
14:01:26       9    2.87    0.00    0.61    0.00    0.00    0.00    0.00    0.00    0.00   96.52
14:01:26      10    0.40    0.00    0.00    0.00    0.00    0.00    0.00    0.00    0.00   99.60
14:01:26      11    3.31    0.00    0.62    0.00    0.00    0.00    0.00    0.00    0.00   96.07
14:01:26      12    1.43    0.00    0.41    0.00    0.00    0.00    0.00    0.00    0.00   98.16
14:01:26      13    3.30    0.00    0.62    0.00    0.00    0.00    0.00    0.00    0.00   96.08
14:01:26      14    1.63    0.00    0.41    0.00    0.00    0.00    0.00    0.00    0.00   97.96
14:01:26      15    3.32    0.00    0.62    0.00    0.00    0.00    0.00    0.00    0.00   96.06

14:01:26     CPU    %usr   %nice    %sys %iowait    %irq   %soft  %steal  %guest  %gnice   %idle
14:01:31     all    2.51    0.00    0.57    0.00    0.00    0.00    0.00    0.00    0.00   96.92
14:01:31       0    0.00    0.00    0.00    0.00    0.00    0.00    0.00    0.00    0.00  100.00
14:01:31       1    2.67    0.00    0.41    0.00    0.00    0.00    0.00    0.00    0.00   96.91
14:01:31       2    2.43    0.00    0.41    0.00    0.00    0.00    0.00    0.00    0.00   97.16
14:01:31       3    1.81    0.00    0.20    0.00    0.00    0.00    0.00    0.00    0.00   97.98
14:01:31       4    4.33    0.00    1.03    0.00    0.00    0.00    0.00    0.00    0.00   94.64
14:01:31       5    3.89    0.00    0.82    0.00    0.00    0.00    0.00    0.00    0.00   95.29
14:01:31       6    3.92    0.00    1.03    0.00    0.00    0.00    0.00    0.00    0.00   95.05
14:01:31       7    3.31    0.00    1.03    0.00    0.00    0.00    0.00    0.00    0.00   95.66
14:01:31       8    2.86    0.00    0.82    0.00    0.00    0.00    0.00    0.00    0.00   96.32
14:01:31       9    2.67    0.00    0.41    0.00    0.00    0.00    0.00    0.00    0.00   96.92
14:01:31      10    1.83    0.00    0.61    0.00    0.00    0.00    0.00    0.00    0.00   97.56
14:01:31      11    2.25    0.00    0.41    0.00    0.00    0.00    0.00    0.00    0.00   97.34
14:01:31      12    0.00    0.00    0.00    0.00    0.00    0.00    0.00    0.00    0.00  100.00
14:01:31      13    4.52    0.00    1.23    0.00    0.00    0.00    0.00    0.00    0.00   94.25
14:01:31      14    0.00    0.00    0.00    0.00    0.00    0.00    0.00    0.00    0.00  100.00
14:01:31      15    3.88    0.00    0.82    0.00    0.00    0.00    0.00    0.00    0.00   95.31

14:01:31     CPU    %usr   %nice    %sys %iowait    %irq   %soft  %steal  %guest  %gnice   %idle
14:01:36     all    2.25    0.00    0.54    0.00    0.00    0.00    0.00    0.00    0.00   97.21
14:01:36       0    2.46    0.00    0.62    0.00    0.00    0.00    0.00    0.00    0.00   96.92
14:01:36       1    0.20    0.00    0.00    0.00    0.00    0.00    0.00    0.00    0.00   99.80
14:01:36       2    3.29    0.00    0.82    0.00    0.00    0.00    0.00    0.00    0.00   95.89
14:01:36       3    1.01    0.00    0.40    0.00    0.00    0.00    0.00    0.00    0.00   98.59
14:01:36       4    2.25    0.00    0.61    0.00    0.00    0.00    0.00    0.00    0.00   97.13
14:01:36       5    2.24    0.00    0.41    0.00    0.00    0.00    0.00    0.00    0.00   97.35
14:01:36       6    0.81    0.00    0.20    0.00    0.00    0.00    0.00    0.00    0.00   98.99
14:01:36       7    2.66    0.00    0.82    0.00    0.00    0.00    0.00    0.00    0.00   96.52
14:01:36       8    3.52    0.00    0.62    0.00    0.00    0.00    0.00    0.00    0.00   95.86
14:01:36       9    2.89    0.00    0.62    0.00    0.00    0.00    0.00    0.00    0.00   96.49
14:01:36      10    3.53    0.00    0.83    0.00    0.00    0.00    0.00    0.00    0.00   95.64
14:01:36      11    2.66    0.00    0.82    0.00    0.00    0.00    0.00    0.00    0.00   96.52
14:01:36      12    0.00    0.00    0.00    0.00    0.00    0.00    0.00    0.00    0.00  100.00
14:01:36      13    3.73    0.00    0.83    0.00    0.00    0.00    0.00    0.00    0.00   95.45
14:01:36      14    2.04    0.00    0.41    0.00    0.00    0.00    0.00    0.00    0.00   97.55
14:01:36      15    2.90    0.00    0.62    0.00    0.00    0.00    0.00    0.00    0.00   96.48

14:01:36     CPU    %usr   %nice    %sys %iowait    %irq   %soft  %steal  %guest  %gnice   %idle
14:01:41     all    2.22    0.00    0.56    0.00    0.00    0.03    0.00    0.00    0.00   97.19
14:01:41       0    0.60    0.00    0.20    0.00    0.00    0.00    0.00    0.00    0.00   99.20
14:01:41       1    0.00    0.00    0.00    0.00    0.00    0.00    0.00    0.00    0.00  100.00
14:01:41       2    3.72    0.00    0.83    0.00    0.00    0.00    0.00    0.00    0.00   95.45
14:01:41       3    4.33    0.00    1.03    0.00    0.00    0.00    0.00    0.00    0.00   94.64
14:01:41       4    2.87    0.00    0.82    0.00    0.00    0.00    0.00    0.00    0.00   96.31
14:01:41       5    1.02    0.00    0.41    0.00    0.00    0.20    0.00    0.00    0.00   98.37
14:01:41       6    2.04    0.00    0.61    0.00    0.00    0.00    0.00    0.00    0.00   97.35
14:01:41       7    2.06    0.00    0.62    0.00    0.00    0.21    0.00    0.00    0.00   97.12
14:01:41       8    3.31    0.00    0.83    0.00    0.00    0.00    0.00    0.00    0.00   95.86
14:01:41       9    3.32    0.00    0.83    0.00    0.00    0.00    0.00    0.00    0.00   95.85
14:01:41      10    3.96    0.00    0.83    0.00    0.00    0.00    0.00    0.00    0.00   95.21
14:01:41      11    3.10    0.00    0.83    0.00    0.00    0.00    0.00    0.00    0.00   96.07
14:01:41      12    0.81    0.00    0.20    0.00    0.00    0.00    0.00    0.00    0.00   98.99
14:01:41      13    1.63    0.00    0.41    0.00    0.00    0.00    0.00    0.00    0.00   97.96
14:01:41      14    0.20    0.00    0.00    0.00    0.00    0.00    0.00    0.00    0.00   99.80
14:01:41      15    2.87    0.00    0.62    0.00    0.00    0.00    0.00    0.00    0.00   96.51

14:01:41     CPU    %usr   %nice    %sys %iowait    %irq   %soft  %steal  %guest  %gnice   %idle
14:01:46     all    2.38    0.00    0.54    0.00    0.00    0.04    0.00    0.00    0.00   97.04
14:01:46       0    0.00    0.00    0.00    0.00    0.00    0.00    0.00    0.00    0.00  100.00
14:01:46       1    3.28    0.00    0.61    0.00    0.00    0.00    0.00    0.00    0.00   96.11
14:01:46       2    3.67    0.00    1.02    0.00    0.00    0.00    0.00    0.00    0.00   95.31
14:01:46       3    0.00    0.00    0.00    0.00    0.00    0.00    0.00    0.00    0.00  100.00
14:01:46       4    3.92    0.00    0.82    0.00    0.00    0.00    0.00    0.00    0.00   95.26
14:01:46       5    1.01    0.00    0.20    0.00    0.00    0.00    0.00    0.00    0.00   98.79
14:01:46       6    2.89    0.00    0.83    0.00    0.00    0.00    0.00    0.00    0.00   96.28
14:01:46       7    3.07    0.00    0.61    0.00    0.00    0.00    0.00    0.00    0.00   96.31
14:01:46       8    3.93    0.00    0.83    0.00    0.00    0.21    0.00    0.00    0.00   95.04
14:01:46       9    3.30    0.00    0.62    0.00    0.00    0.00    0.00    0.00    0.00   96.08
14:01:46      10    4.31    0.00    1.03    0.00    0.00    0.21    0.00    0.00    0.00   94.46
14:01:46      11    2.88    0.00    0.41    0.00    0.00    0.00    0.00    0.00    0.00   96.71
14:01:46      12    1.61    0.00    0.20    0.00    0.00    0.20    0.00    0.00    0.00   97.99
14:01:46      13    3.29    0.00    0.82    0.00    0.00    0.00    0.00    0.00    0.00   95.88
14:01:46      14    0.20    0.00    0.20    0.00    0.00    0.00    0.00    0.00    0.00   99.60
14:01:46      15    1.01    0.00    0.40    0.00    0.00    0.00    0.00    0.00    0.00   98.59

14:01:46     CPU    %usr   %nice    %sys %iowait    %irq   %soft  %steal  %guest  %gnice   %idle
14:01:51     all    2.15    0.00    0.55    0.00    0.00    0.03    0.00    0.00    0.00   97.28
14:01:51       0    0.00    0.00    0.00    0.00    0.00    0.00    0.00    0.00    0.00  100.00
14:01:51       1    2.46    0.00    0.82    0.00    0.00    0.00    0.00    0.00    0.00   96.71
14:01:51       2    3.51    0.00    0.83    0.00    0.00    0.00    0.00    0.00    0.00   95.66
14:01:51       3    2.25    0.00    0.41    0.00    0.00    0.00    0.00    0.00    0.00   97.34
14:01:51       4    3.51    0.00    0.82    0.00    0.00    0.00    0.00    0.00    0.00   95.67
14:01:51       5    0.00    0.00    0.00    0.00    0.00    0.00    0.00    0.00    0.00  100.00
14:01:51       6    2.90    0.00    0.83    0.00    0.00    0.00    0.00    0.00    0.00   96.27
14:01:51       7    0.81    0.00    0.20    0.00    0.00    0.00    0.00    0.00    0.00   98.98
14:01:51       8    1.63    0.00    0.41    0.00    0.00    0.00    0.00    0.00    0.00   97.96
14:01:51       9    1.01    0.00    0.20    0.00    0.00    0.00    0.00    0.00    0.00   98.78
14:01:51      10    3.10    0.00    0.83    0.00    0.00    0.00    0.00    0.00    0.00   96.07
14:01:51      11    3.73    0.00    1.04    0.00    0.00    0.21    0.00    0.00    0.00   95.03
14:01:51      12    2.88    0.00    0.62    0.00    0.00    0.00    0.00    0.00    0.00   96.50
14:01:51      13    2.46    0.00    0.61    0.00    0.00    0.00    0.00    0.00    0.00   96.93
14:01:51      14    0.81    0.00    0.20    0.00    0.00    0.20    0.00    0.00    0.00   98.79
14:01:51      15    3.50    0.00    1.03    0.00    0.00    0.00    0.00    0.00    0.00   95.47

14:01:51     CPU    %usr   %nice    %sys %iowait    %irq   %soft  %steal  %guest  %gnice   %idle
14:01:56     all    2.30    0.00    0.55    0.01    0.00    0.00    0.00    0.00    0.00   97.14
14:01:56       0    0.00    0.00    0.00    0.00    0.00    0.00    0.00    0.00    0.00  100.00
14:01:56       1    0.00    0.00    0.00    0.00    0.00    0.00    0.00    0.00    0.00  100.00
14:01:56       2    3.51    0.00    0.82    0.00    0.00    0.00    0.00    0.00    0.00   95.67
14:01:56       3    4.11    0.00    1.03    0.00    0.00    0.00    0.00    0.00    0.00   94.87
14:01:56       4    3.49    0.00    0.82    0.00    0.00    0.00    0.00    0.00    0.00   95.69
14:01:56       5    0.81    0.00    0.20    0.00    0.00    0.00    0.00    0.00    0.00   98.99
14:01:56       6    4.12    0.00    1.03    0.00    0.00    0.00    0.00    0.00    0.00   94.85
14:01:56       7    0.00    0.00    0.00    0.00    0.00    0.00    0.00    0.00    0.00  100.00
14:01:56       8    2.24    0.00    0.41    0.00    0.00    0.00    0.00    0.00    0.00   97.35
14:01:56       9    3.53    0.00    1.04    0.00    0.00    0.00    0.00    0.00    0.00   95.44
14:01:56      10    2.45    0.00    0.61    0.00    0.00    0.00    0.00    0.00    0.00   96.94
14:01:56      11    2.88    0.00    0.82    0.21    0.00    0.00    0.00    0.00    0.00   96.09
14:01:56      12    3.73    0.00    0.83    0.00    0.00    0.00    0.00    0.00    0.00   95.44
14:01:56      13    2.03    0.00    0.61    0.00    0.00    0.00    0.00    0.00    0.00   97.36
14:01:56      14    0.60    0.00    0.00    0.00    0.00    0.00    0.00    0.00    0.00   99.40
14:01:56      15    3.53    0.00    0.62    0.00    0.00    0.00    0.00    0.00    0.00   95.84

14:01:56     CPU    %usr   %nice    %sys %iowait    %irq   %soft  %steal  %guest  %gnice   %idle
14:02:01     all    2.12    0.00    0.58    0.00    0.00    0.00    0.00    0.00    0.00   97.30
14:02:01       0    2.05    0.00    0.41    0.00    0.00    0.00    0.00    0.00    0.00   97.54
14:02:01       1    2.65    0.00    0.81    0.00    0.00    0.00    0.00    0.00    0.00   96.54
14:02:01       2    2.85    0.00    0.61    0.00    0.00    0.00    0.00    0.00    0.00   96.54
14:02:01       3    2.69    0.00    0.83    0.00    0.00    0.00    0.00    0.00    0.00   96.49
14:02:01       4    2.89    0.00    1.03    0.00    0.00    0.00    0.00    0.00    0.00   96.08
14:02:01       5    1.43    0.00    0.41    0.00    0.00    0.00    0.00    0.00    0.00   98.17
14:02:01       6    1.83    0.00    0.41    0.00    0.00    0.00    0.00    0.00    0.00   97.76
14:02:01       7    0.20    0.00    0.20    0.00    0.00    0.00    0.00    0.00    0.00   99.60
14:02:01       8    3.11    0.00    0.83    0.00    0.00    0.00    0.00    0.00    0.00   96.06
14:02:01       9    2.46    0.00    0.41    0.00    0.00    0.00    0.00    0.00    0.00   97.13
14:02:01      10    1.23    0.00    0.20    0.00    0.00    0.00    0.00    0.00    0.00   98.57
14:02:01      11    2.66    0.00    0.82    0.00    0.00    0.00    0.00    0.00    0.00   96.52
14:02:01      12    3.31    0.00    0.83    0.00    0.00    0.00    0.00    0.00    0.00   95.86
14:02:01      13    0.81    0.00    0.20    0.00    0.00    0.00    0.00    0.00    0.00   98.99
14:02:01      14    0.40    0.00    0.20    0.00    0.00    0.00    0.00    0.00    0.00   99.40
14:02:01      15    3.52    0.00    1.04    0.00    0.00    0.00    0.00    0.00    0.00   95.45

14:02:01     CPU    %usr   %nice    %sys %iowait    %irq   %soft  %steal  %guest  %gnice   %idle
14:02:06     all    2.19    0.00    0.52    0.00    0.00    0.00    0.00    0.00    0.00   97.29
14:02:06       0    1.63    0.00    0.41    0.00    0.00    0.00    0.00    0.00    0.00   97.97
14:02:06       1    2.24    0.00    0.61    0.00    0.00    0.00    0.00    0.00    0.00   97.15
14:02:06       2    2.70    0.00    0.83    0.00    0.00    0.00    0.00    0.00    0.00   96.47
14:02:06       3    2.04    0.00    0.61    0.00    0.00    0.00    0.00    0.00    0.00   97.35
14:02:06       4    2.24    0.00    0.41    0.00    0.00    0.00    0.00    0.00    0.00   97.36
14:02:06       5    3.54    0.00    0.83    0.00    0.00    0.00    0.00    0.00    0.00   95.62
14:02:06       6    2.66    0.00    0.82    0.00    0.00    0.00    0.00    0.00    0.00   96.52
14:02:06       7    0.40    0.00    0.00    0.00    0.00    0.00    0.00    0.00    0.00   99.60
14:02:06       8    1.63    0.00    0.61    0.00    0.00    0.00    0.00    0.00    0.00   97.76
14:02:06       9    2.89    0.00    0.62    0.00    0.00    0.00    0.00    0.00    0.00   96.49
14:02:06      10    0.40    0.00    0.00    0.00    0.00    0.00    0.00    0.00    0.00   99.60
14:02:06      11    2.66    0.00    0.41    0.00    0.00    0.00    0.00    0.00    0.00   96.93
14:02:06      12    3.73    0.00    0.83    0.00    0.00    0.00    0.00    0.00    0.00   95.44
14:02:06      13    1.41    0.00    0.20    0.00    0.00    0.00    0.00    0.00    0.00   98.39
14:02:06      14    1.86    0.00    0.41    0.00    0.00    0.00    0.00    0.00    0.00   97.73
14:02:06      15    3.07    0.00    0.82    0.00    0.00    0.00    0.00    0.00    0.00   96.11

14:02:06     CPU    %usr   %nice    %sys %iowait    %irq   %soft  %steal  %guest  %gnice   %idle
14:02:11     all    2.07    0.00    0.49    0.00    0.00    0.01    0.01    0.00    0.00   97.41
14:02:11       0    0.00    0.00    0.00    0.00    0.00    0.00    0.20    0.00    0.00   99.80
14:02:11       1    0.80    0.00    0.20    0.00    0.00    0.00    0.00    0.00    0.00   98.99
14:02:11       2    2.27    0.00    0.62    0.00    0.00    0.00    0.00    0.00    0.00   97.11
14:02:11       3    2.24    0.00    0.61    0.00    0.00    0.00    0.00    0.00    0.00   97.14
14:02:11       4    3.53    0.00    0.83    0.00    0.00    0.00    0.00    0.00    0.00   95.63
14:02:11       5    0.40    0.00    0.20    0.00    0.00    0.00    0.00    0.00    0.00   99.40
14:02:11       6    3.96    0.00    0.83    0.00    0.00    0.00    0.00    0.00    0.00   95.21
14:02:11       7    0.00    0.00    0.00    0.00    0.00    0.00    0.00    0.00    0.00  100.00
14:02:11       8    2.68    0.00    0.41    0.00    0.00    0.00    0.00    0.00    0.00   96.91
14:02:11       9    3.32    0.00    0.83    0.00    0.00    0.21    0.00    0.00    0.00   95.64
14:02:11      10    2.47    0.00    0.62    0.00    0.00    0.00    0.00    0.00    0.00   96.91
14:02:11      11    1.43    0.00    0.41    0.00    0.00    0.00    0.00    0.00    0.00   98.17
14:02:11      12    2.48    0.00    0.62    0.00    0.00    0.00    0.00    0.00    0.00   96.89
14:02:11      13    2.67    0.00    0.62    0.00    0.00    0.00    0.00    0.00    0.00   96.71
14:02:11      14    1.84    0.00    0.41    0.00    0.00    0.00    0.00    0.00    0.00   97.76
14:02:11      15    3.31    0.00    0.62    0.00    0.00    0.00    0.00    0.00    0.00   96.07

14:02:11     CPU    %usr   %nice    %sys %iowait    %irq   %soft  %steal  %guest  %gnice   %idle
14:02:16     all    2.26    0.00    0.49    0.00    0.00    0.00    0.00    0.00    0.00   97.25
14:02:16       0    2.25    0.00    0.41    0.00    0.00    0.00    0.00    0.00    0.00   97.34
14:02:16       1    0.81    0.00    0.00    0.00    0.00    0.00    0.00    0.00    0.00   99.19
14:02:16       2    3.72    0.00    0.83    0.00    0.00    0.00    0.00    0.00    0.00   95.45
14:02:16       3    0.20    0.00    0.00    0.00    0.00    0.00    0.00    0.00    0.00   99.80
14:02:16       4    3.89    0.00    0.82    0.00    0.00    0.00    0.00    0.00    0.00   95.29
14:02:16       5    0.40    0.00    0.20    0.00    0.00    0.00    0.00    0.00    0.00   99.39
14:02:16       6    3.93    0.00    0.83    0.00    0.00    0.00    0.00    0.00    0.00   95.25
14:02:16       7    0.00    0.00    0.00    0.00    0.00    0.00    0.00    0.00    0.00  100.00
14:02:16       8    0.40    0.00    0.20    0.00    0.00    0.00    0.00    0.00    0.00   99.40
14:02:16       9    3.49    0.00    0.82    0.00    0.00    0.00    0.00    0.00    0.00   95.69
14:02:16      10    3.10    0.00    0.83    0.00    0.00    0.00    0.00    0.00    0.00   96.07
14:02:16      11    2.26    0.00    0.62    0.00    0.00    0.00    0.00    0.00    0.00   97.12
14:02:16      12    2.68    0.00    0.41    0.00    0.00    0.00    0.00    0.00    0.00   96.91
14:02:16      13    3.73    0.00    0.83    0.00    0.00    0.00    0.00    0.00    0.00   95.44
14:02:16      14    2.47    0.00    0.41    0.00    0.00    0.00    0.00    0.00    0.00   97.12
14:02:16      15    3.08    0.00    0.62    0.00    0.00    0.00    0.00    0.00    0.00   96.30

14:02:16     CPU    %usr   %nice    %sys %iowait    %irq   %soft  %steal  %guest  %gnice   %idle
14:02:21     all    2.20    0.00    0.47    0.00    0.00    0.00    0.00    0.00    0.00   97.33
14:02:21       0    3.74    0.00    0.83    0.00    0.00    0.00    0.00    0.00    0.00   95.43
14:02:21       1    2.66    0.00    0.82    0.00    0.00    0.00    0.00    0.00    0.00   96.52
14:02:21       2    2.24    0.00    0.41    0.00    0.00    0.00    0.00    0.00    0.00   97.36
14:02:21       3    0.00    0.00    0.00    0.00    0.00    0.00    0.00    0.00    0.00  100.00
14:02:21       4    3.93    0.00    0.62    0.00    0.00    0.00    0.00    0.00    0.00   95.45
14:02:21       5    0.20    0.00    0.00    0.00    0.00    0.00    0.00    0.00    0.00   99.80
14:02:21       6    3.93    0.00    0.83    0.00    0.00    0.00    0.00    0.00    0.00   95.25
14:02:21       7    0.00    0.00    0.00    0.00    0.00    0.00    0.00    0.00    0.00  100.00
14:02:21       8    0.00    0.00    0.00    0.00    0.00    0.00    0.00    0.00    0.00  100.00
14:02:21       9    3.29    0.00    0.62    0.00    0.00    0.00    0.00    0.00    0.00   96.09
14:02:21      10    1.64    0.00    0.41    0.00    0.00    0.00    0.00    0.00    0.00   97.95
14:02:21      11    3.29    0.00    0.62    0.00    0.00    0.00    0.00    0.00    0.00   96.09
14:02:21      12    2.46    0.00    0.62    0.00    0.00    0.00    0.00    0.00    0.00   96.92
14:02:21      13    3.95    0.00    0.83    0.00    0.00    0.00    0.00    0.00    0.00   95.22
14:02:21      14    2.05    0.00    0.62    0.00    0.00    0.00    0.00    0.00    0.00   97.33
14:02:21      15    2.05    0.00    0.41    0.00    0.00    0.00    0.00    0.00    0.00   97.54

14:02:21     CPU    %usr   %nice    %sys %iowait    %irq   %soft  %steal  %guest  %gnice   %idle
14:02:26     all    2.31    0.00    0.61    0.00    0.00    0.03    0.00    0.00    0.00   97.05
14:02:26       0    1.83    0.00    0.61    0.00    0.00    0.00    0.00    0.00    0.00   97.56
14:02:26       1    2.66    0.00    0.82    0.00    0.00    0.00    0.00    0.00    0.00   96.52
14:02:26       2    1.84    0.00    0.41    0.00    0.00    0.00    0.00    0.00    0.00   97.76
14:02:26       3    2.87    0.00    0.82    0.00    0.00    0.00    0.00    0.00    0.00   96.31
14:02:26       4    3.30    0.00    1.03    0.00    0.00    0.00    0.00    0.00    0.00   95.67
14:02:26       5    1.41    0.00    0.20    0.00    0.00    0.00    0.00    0.00    0.00   98.39
14:02:26       6    2.85    0.00    0.81    0.00    0.00    0.00    0.00    0.00    0.00   96.33
14:02:26       7    2.66    0.00    0.61    0.00    0.00    0.00    0.00    0.00    0.00   96.73
14:02:26       8    0.00    0.00    0.00    0.00    0.00    0.00    0.00    0.00    0.00  100.00
14:02:26       9    3.74    0.00    1.04    0.00    0.00    0.00    0.00    0.00    0.00   95.22
14:02:26      10    2.89    0.00    0.62    0.00    0.00    0.00    0.00    0.00    0.00   96.49
14:02:26      11    1.84    0.00    0.61    0.00    0.00    0.20    0.00    0.00    0.00   97.34
14:02:26      12    1.62    0.00    0.41    0.00    0.00    0.20    0.00    0.00    0.00   97.77
14:02:26      13    2.24    0.00    0.61    0.00    0.00    0.00    0.00    0.00    0.00   97.14
14:02:26      14    2.24    0.00    0.61    0.00    0.00    0.00    0.00    0.00    0.00   97.15
14:02:26      15    3.06    0.00    0.61    0.00    0.00    0.00    0.00    0.00    0.00   96.33

14:02:26     CPU    %usr   %nice    %sys %iowait    %irq   %soft  %steal  %guest  %gnice   %idle
14:02:31     all    2.41    0.00    0.54    0.00    0.00    0.01    0.00    0.00    0.00   97.04
14:02:31       0    3.93    0.00    1.03    0.00    0.00    0.00    0.00    0.00    0.00   95.04
14:02:31       1    4.74    0.00    1.03    0.00    0.00    0.00    0.00    0.00    0.00   94.23
14:02:31       2    2.44    0.00    0.61    0.00    0.00    0.00    0.00    0.00    0.00   96.95
14:02:31       3    1.62    0.00    0.40    0.00    0.00    0.00    0.00    0.00    0.00   97.98
14:02:31       4    4.33    0.00    0.62    0.00    0.00    0.00    0.00    0.00    0.00   95.05
14:02:31       5    2.05    0.00    0.62    0.00    0.00    0.00    0.00    0.00    0.00   97.33
14:02:31       6    1.42    0.00    0.41    0.00    0.00    0.00    0.00    0.00    0.00   98.17
14:02:31       7    0.20    0.00    0.00    0.00    0.00    0.20    0.00    0.00    0.00   99.60
14:02:31       8    0.40    0.00    0.00    0.00    0.00    0.00    0.00    0.00    0.00   99.60
14:02:31       9    3.30    0.00    0.82    0.00    0.00    0.00    0.00    0.00    0.00   95.88
14:02:31      10    2.27    0.00    0.41    0.00    0.00    0.00    0.00    0.00    0.00   97.32
14:02:31      11    4.37    0.00    0.83    0.00    0.00    0.00    0.00    0.00    0.00   94.80
14:02:31      12    3.09    0.00    0.82    0.00    0.00    0.00    0.00    0.00    0.00   96.09
14:02:31      13    1.41    0.00    0.20    0.00    0.00    0.00    0.00    0.00    0.00   98.39
14:02:31      14    0.40    0.00    0.00    0.00    0.00    0.00    0.00    0.00    0.00   99.60
14:02:31      15    2.87    0.00    0.82    0.00    0.00    0.00    0.00    0.00    0.00   96.31

14:02:31     CPU    %usr   %nice    %sys %iowait    %irq   %soft  %steal  %guest  %gnice   %idle
14:02:36     all    2.26    0.00    0.59    0.00    0.00    0.03    0.00    0.00    0.00   97.13
14:02:36       0    2.45    0.00    0.41    0.00    0.00    0.00    0.00    0.00    0.00   97.14
14:02:36       1    2.88    0.00    0.62    0.00    0.00    0.00    0.00    0.00    0.00   96.50
14:02:36       2    2.04    0.00    0.61    0.00    0.00    0.00    0.00    0.00    0.00   97.35
14:02:36       3    2.04    0.00    0.41    0.00    0.00    0.00    0.00    0.00    0.00   97.56
14:02:36       4    0.80    0.00    0.20    0.00    0.00    0.00    0.00    0.00    0.00   99.00
14:02:36       5    1.22    0.00    0.41    0.00    0.00    0.00    0.00    0.00    0.00   98.38
14:02:36       6    1.62    0.00    0.40    0.00    0.00    0.00    0.00    0.00    0.00   97.98
14:02:36       7    1.62    0.00    0.41    0.00    0.00    0.00    0.00    0.00    0.00   97.97
14:02:36       8    2.04    0.00    0.41    0.00    0.00    0.00    0.00    0.00    0.00   97.55
14:02:36       9    2.03    0.00    0.81    0.00    0.00    0.20    0.00    0.00    0.00   96.96
14:02:36      10    3.30    0.00    0.82    0.00    0.00    0.00    0.00    0.00    0.00   95.88
14:02:36      11    2.66    0.00    0.41    0.00    0.00    0.00    0.00    0.00    0.00   96.93
14:02:36      12    3.29    0.00    0.82    0.00    0.00    0.00    0.00    0.00    0.00   95.88
14:02:36      13    2.45    0.00    0.61    0.00    0.00    0.00    0.00    0.00    0.00   96.94
14:02:36      14    2.47    0.00    0.82    0.00    0.00    0.21    0.00    0.00    0.00   96.50
14:02:36      15    3.30    0.00    1.24    0.00    0.00    0.00    0.00    0.00    0.00   95.46

14:02:36     CPU    %usr   %nice    %sys %iowait    %irq   %soft  %steal  %guest  %gnice   %idle
14:02:41     all    2.50    0.00    0.57    0.00    0.00    0.03    0.00    0.00    0.00   96.90
14:02:41       0    2.65    0.00    0.61    0.00    0.00    0.00    0.00    0.00    0.00   96.74
14:02:41       1    1.62    0.00    0.40    0.00    0.00    0.00    0.00    0.00    0.00   97.98
14:02:41       2    3.69    0.00    0.61    0.00    0.00    0.00    0.00    0.00    0.00   95.70
14:02:41       3    0.00    0.00    0.00    0.00    0.00    0.00    0.00    0.00    0.00  100.00
14:02:41       4    0.00    0.00    0.00    0.00    0.00    0.00    0.00    0.00    0.00  100.00
14:02:41       5    0.81    0.00    0.20    0.00    0.00    0.20    0.00    0.00    0.00   98.78
14:02:41       6    4.55    0.00    0.83    0.00    0.00    0.00    0.00    0.00    0.00   94.63
14:02:41       7    1.01    0.00    0.20    0.00    0.00    0.00    0.00    0.00    0.00   98.79
14:02:41       8    2.26    0.00    0.62    0.00    0.00    0.00    0.00    0.00    0.00   97.12
14:02:41       9    4.36    0.00    0.62    0.00    0.00    0.00    0.00    0.00    0.00   95.02
14:02:41      10    4.35    0.00    1.45    0.00    0.00    0.21    0.00    0.00    0.00   94.00
14:02:41      11    3.94    0.00    0.83    0.00    0.00    0.00    0.00    0.00    0.00   95.23
14:02:41      12    2.86    0.00    1.02    0.00    0.00    0.00    0.00    0.00    0.00   96.12
14:02:41      13    3.51    0.00    1.03    0.00    0.00    0.00    0.00    0.00    0.00   95.46
14:02:41      14    1.42    0.00    0.20    0.00    0.00    0.00    0.00    0.00    0.00   98.37
14:02:41      15    3.27    0.00    0.61    0.00    0.00    0.00    0.00    0.00    0.00   96.11

14:02:41     CPU    %usr   %nice    %sys %iowait    %irq   %soft  %steal  %guest  %gnice   %idle
14:02:46     all    2.40    0.00    0.56    0.00    0.00    0.00    0.00    0.00    0.00   97.04
14:02:46       0    0.20    0.00    0.00    0.00    0.00    0.00    0.00    0.00    0.00   99.80
14:02:46       1    0.00    0.00    0.00    0.00    0.00    0.00    0.00    0.00    0.00  100.00
14:02:46       2    3.27    0.00    0.82    0.00    0.00    0.00    0.00    0.00    0.00   95.92
14:02:46       3    0.00    0.00    0.00    0.00    0.00    0.00    0.00    0.00    0.00  100.00
14:02:46       4    0.00    0.00    0.00    0.00    0.00    0.00    0.00    0.00    0.00  100.00
14:02:46       5    0.81    0.00    0.20    0.00    0.00    0.00    0.00    0.00    0.00   98.99
14:02:46       6    3.91    0.00    1.03    0.00    0.00    0.00    0.00    0.00    0.00   95.06
14:02:46       7    3.52    0.00    0.62    0.00    0.00    0.00    0.00    0.00    0.00   95.86
14:02:46       8    3.10    0.00    0.83    0.00    0.00    0.00    0.00    0.00    0.00   96.07
14:02:46       9    3.53    0.00    0.83    0.00    0.00    0.00    0.00    0.00    0.00   95.63
14:02:46      10    3.31    0.00    0.41    0.00    0.00    0.00    0.00    0.00    0.00   96.28
14:02:46      11    3.93    0.00    1.24    0.00    0.00    0.00    0.00    0.00    0.00   94.82
14:02:46      12    4.13    0.00    1.03    0.00    0.00    0.00    0.00    0.00    0.00   94.83
14:02:46      13    3.25    0.00    0.81    0.00    0.00    0.00    0.00    0.00    0.00   95.93
14:02:46      14    2.04    0.00    0.41    0.00    0.00    0.00    0.00    0.00    0.00   97.55
14:02:46      15    3.73    0.00    0.83    0.00    0.00    0.00    0.00    0.00    0.00   95.45

14:02:46     CPU    %usr   %nice    %sys %iowait    %irq   %soft  %steal  %guest  %gnice   %idle
14:02:51     all    2.33    0.00    0.54    0.00    0.00    0.04    0.00    0.00    0.00   97.10
14:02:51       0    4.31    0.00    1.03    0.00    0.00    0.00    0.00    0.00    0.00   94.66
14:02:51       1    0.20    0.00    0.00    0.00    0.00    0.00    0.00    0.00    0.00   99.80
14:02:51       2    2.44    0.00    0.41    0.00    0.00    0.00    0.00    0.00    0.00   97.15
14:02:51       3    1.63    0.00    0.41    0.00    0.00    0.00    0.00    0.00    0.00   97.97
14:02:51       4    1.01    0.00    0.40    0.00    0.00    0.00    0.00    0.00    0.00   98.59
14:02:51       5    1.62    0.00    0.41    0.00    0.00    0.00    0.00    0.00    0.00   97.97
14:02:51       6    3.71    0.00    0.82    0.00    0.00    0.00    0.00    0.00    0.00   95.46
14:02:51       7    1.01    0.00    0.20    0.00    0.00    0.20    0.00    0.00    0.00   98.58
14:02:51       8    2.04    0.00    0.41    0.00    0.00    0.20    0.00    0.00    0.00   97.35
14:02:51       9    3.95    0.00    0.83    0.00    0.00    0.00    0.00    0.00    0.00   95.22
14:02:51      10    3.73    0.00    1.04    0.00    0.00    0.00    0.00    0.00    0.00   95.23
14:02:51      11    3.30    0.00    0.41    0.00    0.00    0.21    0.00    0.00    0.00   96.08
14:02:51      12    2.70    0.00    0.83    0.00    0.00    0.00    0.00    0.00    0.00   96.47
14:02:51      13    2.26    0.00    0.62    0.00    0.00    0.00    0.00    0.00    0.00   97.13
14:02:51      14    0.61    0.00    0.20    0.00    0.00    0.00    0.00    0.00    0.00   99.19
14:02:51      15    2.86    0.00    0.61    0.00    0.00    0.00    0.00    0.00    0.00   96.52

14:02:51     CPU    %usr   %nice    %sys %iowait    %irq   %soft  %steal  %guest  %gnice   %idle
14:02:56     all    2.19    0.00    0.57    0.01    0.00    0.00    0.00    0.00    0.00   97.22
14:02:56       0    1.62    0.00    0.61    0.20    0.00    0.00    0.00    0.00    0.00   97.57
14:02:56       1    0.60    0.00    0.20    0.00    0.00    0.00    0.00    0.00    0.00   99.20
14:02:56       2    7.20    0.00    0.60    0.00    0.00    0.00    0.00    0.00    0.00   92.20
14:02:56       3    2.45    0.00    0.41    0.00    0.00    0.00    0.00    0.00    0.00   97.14
14:02:56       4    1.01    0.00    0.61    0.00    0.00    0.00    0.00    0.00    0.00   98.38
14:02:56       5    2.41    0.00    0.40    0.00    0.00    0.00    0.00    0.00    0.00   97.18
14:02:56       6    1.63    0.00    0.61    0.00    0.00    0.00    0.00    0.00    0.00   97.76
14:02:56       7    1.63    0.00    0.41    0.00    0.00    0.00    0.00    0.00    0.00   97.96
14:02:56       8    2.05    0.00    0.61    0.00    0.00    0.00    0.00    0.00    0.00   97.34
14:02:56       9    1.83    0.00    0.61    0.00    0.00    0.00    0.00    0.00    0.00   97.56
14:02:56      10    2.66    0.00    0.82    0.00    0.00    0.00    0.00    0.00    0.00   96.52
14:02:56      11    2.65    0.00    1.02    0.00    0.00    0.00    0.00    0.00    0.00   96.33
14:02:56      12    2.66    0.00    0.61    0.00    0.00    0.00    0.00    0.00    0.00   96.73
14:02:56      13    4.45    0.00    1.01    0.00    0.00    0.00    0.00    0.00    0.00   94.53
14:02:56      14    0.00    0.00    0.20    0.00    0.00    0.00    0.00    0.00    0.00   99.80
14:02:56      15    0.20    0.00    0.40    0.00    0.00    0.00    0.00    0.00    0.00   99.40
