Linux 6.17.0-1015-aws (ip-172-31-3-246) 	05/27/26 	_x86_64_	(4 CPU)

19:50:58     CPU    %usr   %nice    %sys %iowait    %irq   %soft  %steal  %guest  %gnice   %idle
19:51:03     all   17.56    0.00    4.13    0.10    0.00    1.76    0.10    0.00    0.00   76.35
19:51:03       0   10.51    0.00    5.05    0.00    0.00    0.00    0.00    0.00    0.00   84.44
19:51:03       1   25.50    0.00    3.41    0.00    0.00    1.41    0.20    0.00    0.00   69.48
19:51:03       2    9.07    0.00    2.42    0.20    0.00    5.65    0.00    0.00    0.00   82.66
19:51:03       3   25.10    0.00    5.62    0.20    0.00    0.00    0.20    0.00    0.00   68.88

19:51:03     CPU    %usr   %nice    %sys %iowait    %irq   %soft  %steal  %guest  %gnice   %idle
19:51:08     all   71.94    0.00   17.21    0.00    0.00   10.41    0.25    0.00    0.00    0.20
19:51:08       0   81.16    0.00   17.84    0.00    0.00    0.00    0.40    0.00    0.00    0.60
19:51:08       1   70.54    0.00   19.24    0.00    0.00   10.02    0.20    0.00    0.00    0.00
19:51:08       2   62.08    0.00   15.97    0.00    0.00   21.56    0.20    0.00    0.00    0.20
19:51:08       3   74.00    0.00   15.80    0.00    0.00   10.00    0.20    0.00    0.00    0.00

19:51:08     CPU    %usr   %nice    %sys %iowait    %irq   %soft  %steal  %guest  %gnice   %idle
19:51:13     all   69.80    0.00   18.98    0.00    0.00   10.62    0.25    0.00    0.00    0.35
19:51:13       0   75.55    0.00   23.25    0.00    0.00    0.00    0.20    0.00    0.00    1.00
19:51:13       1   74.60    0.00   14.00    0.00    0.00   11.00    0.40    0.00    0.00    0.00
19:51:13       2   62.20    0.00   16.40    0.00    0.00   21.20    0.20    0.00    0.00    0.00
19:51:13       3   66.87    0.00   22.29    0.00    0.00   10.24    0.20    0.00    0.00    0.40

19:51:13     CPU    %usr   %nice    %sys %iowait    %irq   %soft  %steal  %guest  %gnice   %idle
19:51:18     all   66.50    0.00   22.33    0.00    0.00   10.57    0.20    0.00    0.00    0.40
19:51:18       0   70.48    0.00   28.11    0.00    0.00    0.00    0.20    0.00    0.00    1.20
19:51:18       1   70.54    0.00   18.84    0.00    0.00   10.22    0.20    0.00    0.00    0.20
19:51:18       2   67.54    0.00   22.04    0.00    0.00   10.02    0.20    0.00    0.00    0.20
19:51:18       3   57.49    0.00   20.36    0.00    0.00   21.96    0.20    0.00    0.00    0.00

19:51:18     CPU    %usr   %nice    %sys %iowait    %irq   %soft  %steal  %guest  %gnice   %idle
19:51:23     all   70.61    0.00   17.65    0.05    0.00   11.13    0.15    0.00    0.00    0.40
19:51:23       0   75.25    0.00   23.14    0.20    0.00    0.00    0.20    0.00    0.00    1.21
19:51:23       1   72.09    0.00   16.27    0.00    0.00   11.24    0.20    0.00    0.00    0.20
19:51:23       2   73.20    0.00   16.80    0.00    0.00    9.80    0.20    0.00    0.00    0.00
19:51:23       3   61.92    0.00   14.43    0.00    0.00   23.45    0.00    0.00    0.00    0.20

19:51:23     CPU    %usr   %nice    %sys %iowait    %irq   %soft  %steal  %guest  %gnice   %idle
19:51:28     all   71.67    0.00   17.52    0.00    0.00   10.36    0.25    0.00    0.00    0.20
19:51:28       0   70.60    0.00   18.80    0.00    0.00   10.20    0.20    0.00    0.00    0.20
19:51:28       1   72.65    0.00   15.57    0.00    0.00   11.18    0.40    0.00    0.00    0.20
19:51:28       2   68.67    0.00   21.89    0.00    0.00    9.04    0.20    0.00    0.00    0.20
19:51:28       3   74.75    0.00   13.83    0.00    0.00   11.02    0.20    0.00    0.00    0.20

19:51:28     CPU    %usr   %nice    %sys %iowait    %irq   %soft  %steal  %guest  %gnice   %idle
19:51:33     all   67.48    0.00   16.18    0.00    0.00    9.52    0.20    0.00    0.00    6.61
19:51:33       0   68.94    0.00   14.23    0.00    0.00   10.22    0.20    0.00    0.00    6.41
19:51:33       1   68.20    0.00   15.20    0.00    0.00    9.80    0.20    0.00    0.00    6.60
19:51:33       2   65.53    0.00   18.84    0.00    0.00    8.62    0.20    0.00    0.00    6.81
19:51:33       3   67.27    0.00   16.47    0.00    0.00    9.44    0.20    0.00    0.00    6.63

19:51:33     CPU    %usr   %nice    %sys %iowait    %irq   %soft  %steal  %guest  %gnice   %idle
19:51:38     all   71.29    0.00   18.00    0.00    0.00   10.11    0.25    0.00    0.00    0.35
19:51:38       0   71.49    0.00   17.47    0.00    0.00   10.64    0.20    0.00    0.00    0.20
19:51:38       1   73.49    0.00   15.26    0.00    0.00   10.84    0.20    0.00    0.00    0.20
19:51:38       2   68.95    0.00   22.18    0.00    0.00    8.27    0.20    0.00    0.00    0.40
19:51:38       3   71.23    0.00   17.10    0.00    0.00   10.66    0.40    0.00    0.00    0.60

19:51:38     CPU    %usr   %nice    %sys %iowait    %irq   %soft  %steal  %guest  %gnice   %idle
19:51:43     all   71.10    0.00   18.31    0.00    0.00   10.09    0.20    0.00    0.00    0.30
19:51:43       0   73.60    0.00   16.00    0.00    0.00   10.20    0.20    0.00    0.00    0.00
19:51:43       1   70.77    0.00   17.54    0.00    0.00   10.89    0.20    0.00    0.00    0.60
19:51:43       2   70.94    0.00   20.04    0.00    0.00    8.62    0.20    0.00    0.00    0.20
19:51:43       3   69.08    0.00   19.68    0.00    0.00   10.64    0.20    0.00    0.00    0.40

19:51:43     CPU    %usr   %nice    %sys %iowait    %irq   %soft  %steal  %guest  %gnice   %idle
19:51:48     all   68.88    0.00   19.66    0.00    0.00   10.76    0.25    0.00    0.00    0.45
19:51:48       0   67.20    0.00   21.13    0.00    0.00   11.07    0.20    0.00    0.00    0.40
19:51:48       1   73.04    0.00   15.09    0.00    0.00   11.07    0.20    0.00    0.00    0.60
19:51:48       2   67.67    0.00   21.89    0.00    0.00    9.64    0.40    0.00    0.00    0.40
19:51:48       3   67.61    0.00   20.52    0.00    0.00   11.27    0.20    0.00    0.00    0.40

19:51:48     CPU    %usr   %nice    %sys %iowait    %irq   %soft  %steal  %guest  %gnice   %idle
19:51:53     all   71.43    0.00   18.11    0.00    0.00   10.01    0.20    0.00    0.00    0.25
19:51:53       0   70.08    0.00   19.68    0.00    0.00    9.84    0.20    0.00    0.00    0.20
19:51:53       1   67.74    0.00   21.17    0.00    0.00   10.48    0.20    0.00    0.00    0.40
19:51:53       2   73.09    0.00   18.07    0.00    0.00    8.43    0.20    0.00    0.00    0.20
19:51:53       3   74.80    0.00   13.51    0.00    0.00   11.29    0.20    0.00    0.00    0.20

19:51:53     CPU    %usr   %nice    %sys %iowait    %irq   %soft  %steal  %guest  %gnice   %idle
19:51:58     all   69.46    0.00   19.51    0.00    0.00   10.48    0.20    0.00    0.00    0.35
19:51:58       0   68.88    0.00   20.28    0.00    0.00   10.24    0.20    0.00    0.00    0.40
19:51:58       1   69.00    0.00   19.00    0.00    0.00   11.40    0.20    0.00    0.00    0.40
19:51:58       2   70.88    0.00   19.28    0.00    0.00    9.44    0.20    0.00    0.00    0.20
19:51:58       3   69.08    0.00   19.48    0.00    0.00   10.84    0.20    0.00    0.00    0.40

19:51:58     CPU    %usr   %nice    %sys %iowait    %irq   %soft  %steal  %guest  %gnice   %idle
19:52:03     all   70.18    0.00   18.42    0.00    0.00   10.74    0.25    0.00    0.00    0.40
19:52:03       0   67.33    0.00   20.64    0.00    0.00   11.42    0.20    0.00    0.00    0.40
19:52:03       1   70.77    0.00   17.14    0.00    0.00   11.29    0.20    0.00    0.00    0.60
19:52:03       2   73.35    0.00   17.43    0.00    0.00    8.82    0.20    0.00    0.00    0.20
19:52:03       3   69.28    0.00   18.47    0.00    0.00   11.45    0.40    0.00    0.00    0.40

19:52:03     CPU    %usr   %nice    %sys %iowait    %irq   %soft  %steal  %guest  %gnice   %idle
19:52:08     all   70.05    0.00   19.37    0.00    0.00   10.19    0.15    0.00    0.00    0.25
19:52:08       0   71.89    0.00   17.07    0.00    0.00   10.84    0.00    0.00    0.00    0.20
19:52:08       1   72.29    0.00   17.07    0.00    0.00   10.24    0.20    0.00    0.00    0.20
19:52:08       2   70.28    0.00   20.28    0.00    0.00    8.84    0.20    0.00    0.00    0.40
19:52:08       3   65.73    0.00   23.05    0.00    0.00   10.82    0.20    0.00    0.00    0.20

19:52:08     CPU    %usr   %nice    %sys %iowait    %irq   %soft  %steal  %guest  %gnice   %idle
19:52:13     all   71.44    0.00   18.37    0.00    0.00    9.74    0.20    0.00    0.00    0.25
19:52:13       0   72.18    0.00   17.14    0.00    0.00   10.08    0.20    0.00    0.00    0.40
19:52:13       1   72.75    0.00   16.63    0.00    0.00   10.22    0.20    0.00    0.00    0.20
19:52:13       2   69.28    0.00   22.29    0.00    0.00    8.03    0.20    0.00    0.00    0.20
19:52:13       3   71.54    0.00   17.43    0.00    0.00   10.62    0.20    0.00    0.00    0.20

19:52:13     CPU    %usr   %nice    %sys %iowait    %irq   %soft  %steal  %guest  %gnice   %idle
19:52:18     all   68.39    0.00   20.45    0.00    0.00   10.45    0.25    0.00    0.00    0.45
19:52:18       0   67.07    0.00   20.68    0.00    0.00   11.45    0.20    0.00    0.00    0.60
19:52:18       1   67.81    0.00   20.32    0.00    0.00   11.47    0.20    0.00    0.00    0.20
19:52:18       2   68.47    0.00   22.49    0.00    0.00    8.23    0.20    0.00    0.00    0.60
19:52:18       3   70.22    0.00   18.31    0.00    0.00   10.66    0.40    0.00    0.00    0.40

19:52:18     CPU    %usr   %nice    %sys %iowait    %irq   %soft  %steal  %guest  %gnice   %idle
19:52:23     all   69.79    0.00   19.79    0.00    0.00    9.92    0.20    0.00    0.00    0.30
19:52:23       0   68.48    0.00   20.81    0.00    0.00   10.30    0.20    0.00    0.00    0.20
19:52:23       1   69.94    0.00   19.44    0.00    0.00   10.02    0.20    0.00    0.00    0.40
19:52:23       2   68.02    0.00   22.67    0.00    0.00    8.50    0.20    0.00    0.00    0.61
19:52:23       3   72.69    0.00   16.27    0.00    0.00   10.84    0.20    0.00    0.00    0.00

19:52:23     CPU    %usr   %nice    %sys %iowait    %irq   %soft  %steal  %guest  %gnice   %idle
19:52:28     all   72.32    0.00   17.55    0.00    0.00    9.63    0.20    0.00    0.00    0.30
19:52:28       0   66.53    0.00   22.85    0.00    0.00   10.02    0.20    0.00    0.00    0.40
19:52:28       1   74.10    0.00   14.46    0.00    0.00   11.24    0.20    0.00    0.00    0.00
19:52:28       2   74.60    0.00   16.60    0.00    0.00    8.20    0.20    0.00    0.00    0.40
19:52:28       3   74.04    0.00   16.30    0.00    0.00    9.05    0.20    0.00    0.00    0.40

19:52:28     CPU    %usr   %nice    %sys %iowait    %irq   %soft  %steal  %guest  %gnice   %idle
19:52:33     all   72.78    0.00   17.14    0.00    0.00    9.52    0.25    0.00    0.00    0.30
19:52:33       0   69.42    0.00   20.12    0.00    0.00   10.06    0.20    0.00    0.00    0.20
19:52:33       1   74.25    0.00   15.37    0.00    0.00    9.58    0.40    0.00    0.00    0.40
19:52:33       2   76.31    0.00   14.86    0.00    0.00    8.43    0.20    0.00    0.00    0.20
19:52:33       3   71.14    0.00   18.24    0.00    0.00   10.02    0.20    0.00    0.00    0.40

19:52:33     CPU    %usr   %nice    %sys %iowait    %irq   %soft  %steal  %guest  %gnice   %idle
19:52:38     all   69.78    0.00   18.93    0.00    0.00   10.69    0.25    0.00    0.00    0.35
19:52:38       0   71.14    0.00   16.63    0.00    0.00   11.82    0.20    0.00    0.00    0.20
19:52:38       1   72.09    0.00   16.47    0.00    0.00   11.04    0.20    0.00    0.00    0.20
19:52:38       2   69.80    0.00   21.40    0.00    0.00    8.20    0.40    0.00    0.00    0.20
19:52:38       3   66.06    0.00   21.21    0.00    0.00   11.72    0.20    0.00    0.00    0.81

19:52:38     CPU    %usr   %nice    %sys %iowait    %irq   %soft  %steal  %guest  %gnice   %idle
19:52:43     all   70.76    0.00   18.47    0.00    0.00   10.27    0.15    0.00    0.00    0.35
19:52:43       0   72.69    0.00   16.27    0.00    0.00   10.84    0.00    0.00    0.00    0.20
19:52:43       1   68.02    0.00   20.24    0.00    0.00   10.73    0.20    0.00    0.00    0.81
19:52:43       2   72.64    0.00   18.51    0.00    0.00    8.45    0.20    0.00    0.00    0.20
19:52:43       3   69.68    0.00   18.88    0.00    0.00   11.04    0.20    0.00    0.00    0.20

19:52:43     CPU    %usr   %nice    %sys %iowait    %irq   %soft  %steal  %guest  %gnice   %idle
19:52:48     all   69.31    0.00   19.31    0.00    0.00   10.53    0.25    0.00    0.00    0.60
19:52:48       0   69.06    0.00   19.56    0.00    0.00   10.58    0.40    0.00    0.00    0.40
19:52:48       1   66.93    0.00   21.64    0.00    0.00   10.42    0.20    0.00    0.00    0.80
19:52:48       2   70.28    0.00   19.48    0.00    0.00    9.44    0.20    0.00    0.00    0.60
19:52:48       3   70.97    0.00   16.53    0.00    0.00   11.69    0.20    0.00    0.00    0.60

19:52:48     CPU    %usr   %nice    %sys %iowait    %irq   %soft  %steal  %guest  %gnice   %idle
19:52:53     all   71.79    0.00   17.85    0.00    0.00    9.90    0.20    0.00    0.00    0.25
19:52:53       0   73.04    0.00   16.50    0.00    0.00   10.26    0.20    0.00    0.00    0.00
19:52:53       1   70.56    0.00   18.15    0.00    0.00   10.48    0.20    0.00    0.00    0.60
19:52:53       2   73.29    0.00   18.07    0.00    0.00    8.43    0.20    0.00    0.00    0.00
19:52:53       3   70.28    0.00   18.67    0.00    0.00   10.44    0.20    0.00    0.00    0.40

19:52:53     CPU    %usr   %nice    %sys %iowait    %irq   %soft  %steal  %guest  %gnice   %idle
19:52:58     all   71.26    0.00   18.19    0.00    0.00    9.95    0.20    0.00    0.00    0.40
19:52:58       0   70.40    0.00   18.80    0.00    0.00   10.20    0.20    0.00    0.00    0.40
19:52:58       1   72.18    0.00   17.34    0.00    0.00   10.08    0.00    0.00    0.00    0.40
19:52:58       2   74.85    0.00   15.49    0.00    0.00    9.26    0.20    0.00    0.00    0.20
19:52:58       3   67.61    0.00   21.13    0.00    0.00   10.26    0.40    0.00    0.00    0.60

19:52:58     CPU    %usr   %nice    %sys %iowait    %irq   %soft  %steal  %guest  %gnice   %idle
19:53:03     all   70.63    0.00   18.52    0.00    0.00   10.34    0.25    0.00    0.00    0.25
19:53:03       0   69.94    0.00   18.84    0.00    0.00   11.02    0.20    0.00    0.00    0.00
19:53:03       1   70.28    0.00   18.07    0.00    0.00   10.84    0.40    0.00    0.00    0.40
19:53:03       2   75.95    0.00   15.03    0.00    0.00    8.62    0.20    0.00    0.00    0.20
19:53:03       3   66.33    0.00   22.18    0.00    0.00   10.89    0.20    0.00    0.00    0.40

19:53:03     CPU    %usr   %nice    %sys %iowait    %irq   %soft  %steal  %guest  %gnice   %idle
19:53:08     all   69.89    0.00   19.27    0.00    0.00   10.34    0.20    0.00    0.00    0.30
19:53:08       0   72.09    0.00   17.47    0.00    0.00   10.04    0.20    0.00    0.00    0.20
19:53:08       1   69.28    0.00   19.08    0.00    0.00   11.24    0.20    0.00    0.00    0.20
19:53:08       2   67.94    0.00   22.65    0.00    0.00    8.82    0.20    0.00    0.00    0.40
19:53:08       3   70.28    0.00   17.87    0.00    0.00   11.24    0.20    0.00    0.00    0.40

19:53:08     CPU    %usr   %nice    %sys %iowait    %irq   %soft  %steal  %guest  %gnice   %idle
19:53:13     all   71.46    0.00   18.15    0.00    0.00    9.78    0.25    0.00    0.00    0.35
19:53:13       0   71.94    0.00   17.64    0.00    0.00   10.02    0.20    0.00    0.00    0.20
19:53:13       1   72.55    0.00   16.83    0.00    0.00   10.02    0.20    0.00    0.00    0.40
19:53:13       2   72.29    0.00   18.47    0.00    0.00    8.43    0.40    0.00    0.00    0.40
19:53:13       3   69.08    0.00   19.68    0.00    0.00   10.64    0.20    0.00    0.00    0.40

19:53:13     CPU    %usr   %nice    %sys %iowait    %irq   %soft  %steal  %guest  %gnice   %idle
19:53:18     all   70.82    0.00   18.43    0.00    0.00   10.25    0.20    0.00    0.00    0.30
19:53:18       0   72.64    0.00   16.10    0.00    0.00   10.87    0.20    0.00    0.00    0.20
19:53:18       1   69.94    0.00   19.04    0.00    0.00   10.62    0.20    0.00    0.00    0.20
19:53:18       2   72.09    0.00   19.28    0.00    0.00    8.23    0.20    0.00    0.00    0.20
19:53:18       3   68.61    0.00   19.32    0.00    0.00   11.27    0.20    0.00    0.00    0.60

19:53:18     CPU    %usr   %nice    %sys %iowait    %irq   %soft  %steal  %guest  %gnice   %idle
19:53:23     all   70.58    0.00   18.62    0.00    0.00   10.19    0.20    0.00    0.00    0.40
19:53:23       0   69.54    0.00   19.44    0.00    0.00   10.62    0.20    0.00    0.00    0.20
19:53:23       1   68.67    0.00   19.48    0.00    0.00   11.04    0.20    0.00    0.00    0.60
19:53:23       2   73.35    0.00   17.23    0.00    0.00    8.82    0.20    0.00    0.00    0.40
19:53:23       3   70.77    0.00   18.35    0.00    0.00   10.28    0.20    0.00    0.00    0.40

19:53:23     CPU    %usr   %nice    %sys %iowait    %irq   %soft  %steal  %guest  %gnice   %idle
19:53:28     all   70.04    0.00   19.23    0.00    0.00   10.22    0.20    0.00    0.00    0.30
19:53:28       0   70.82    0.00   18.31    0.00    0.00   10.46    0.20    0.00    0.00    0.20
19:53:28       1   67.07    0.00   20.81    0.00    0.00   11.31    0.20    0.00    0.00    0.61
19:53:28       2   72.64    0.00   18.31    0.00    0.00    8.65    0.20    0.00    0.00    0.20
19:53:28       3   69.62    0.00   19.52    0.00    0.00   10.46    0.20    0.00    0.00    0.20

19:53:28     CPU    %usr   %nice    %sys %iowait    %irq   %soft  %steal  %guest  %gnice   %idle
19:53:33     all   68.46    0.00   16.68    0.00    0.00    9.54    0.20    0.00    0.00    5.12
19:53:33       0   66.27    0.00   17.27    0.00    0.00    9.64    0.20    0.00    0.00    6.63
19:53:33       1   66.13    0.00   17.14    0.00    0.00    9.88    0.20    0.00    0.00    6.65
19:53:33       2   74.85    0.00   15.90    0.00    0.00    8.45    0.20    0.00    0.00    0.60
19:53:33       3   66.60    0.00   16.40    0.00    0.00   10.20    0.20    0.00    0.00    6.60
