info: Loading workload script /workload/hot_partition.rn...
info: Connecting to ["http://172.31.15.155:8000", "http://172.31.15.213:8000", "http://172.31.13.152:8000"]... 
info: Connected to '' cluster running ScyllaDB 2026.1.0~dev-0.20251003.20aeed160740 with build-id d177add4e6a23f71d527ca6e182d27a1f9ad74b4
info: Preparing...
info: Warming up...
info: Running benchmark...
CONFIG ═════════════════════════════════════════════════════════════════════════════════════════════════════════════════════
            Date            Mon, 25 May 2026                                                          
            Time            18:41:53 +0000                                                            
         Cluster                                                                                      
      DB version            ScyllaDB 2026.1.0~dev-0.20251003.20aeed160740 with build-id d177add4e6a23f71d527ca6e182d27a1f9ad74b4                                            
        Workload            hot_partition.rn                                                          
     Function(s)            get:0.3, update:0.7                                                       
            Tags                                                                                      
────────────────────────────────────────────────────────────────────────────────────────────────────────────────────────────
-P alternator.consistentReads            false                                                                     
-P cold_partitions            90016                                                                     
   -P fieldcount            10                                                                        
  -P fieldlength            512                                                                       
-P hot_items_per_partition            312                                                                       
-P hot_partitions            32                                                                        
-P hot_traffic_ratio            0.99                                                                      
-P requestdistribution            "uniform"                                                                 
    -P row_count            100000                                                                    
        -P table            "latte_hot_partition"                                                     
────────────────────────────────────────────────────────────────────────────────────────────────────────────────────────────
         Threads                   16                                                                 
     Concurrency     [req]          8                                                                 
        Max rate    [op/s]      20000                                                                 
          Warmup       [s]          5                                                                 
              └─      [op]                                                                            
        Run time       [s]       30.0                                                                 
              └─      [op]                                                                            
        Sampling       [s]        1.0                                                                 
              └─      [op]                                                                            
 Request timeout       [s]          5                                                                 
         Retries                                                                                      
  ┌──────┴number                   10                                                                 
  ├─min interval      [ms]        100                                                                 
  └─max interval      [ms]       5000                                                                 

LOG ════════════════════════════════════════════════════════════════════════════════════════════════════════════════════════
    Time    Cycles    Errors    Thrpt.     ────────────────────────────────── Latency [ms/op] ──────────────────────────────
     [s]      [op]      [op]    [op/s]             Min        50        75        90        95        99      99.9       Max
   1.001     19971         0     19954           0.654     2.298     2.820     3.334     3.770     5.325     7.668    10.207
   2.001     19964         0     19965           0.627     2.480     3.107     4.006     4.837     6.533     9.822    12.263
   3.001     20031         0     20031           0.674     2.456     3.068     3.955     4.780     6.709     9.814    11.190
   4.002     19994         0     19993           0.597     2.380     2.939     3.613     4.264     5.722     8.008    10.084
   5.001     19983         0     19981           0.561     2.693     3.443     4.583     5.480     7.762    11.715    16.335
   6.001     20021         0     20026           0.584     2.216     2.712     3.125     3.414     4.141     5.501     8.675
   7.002     19995         0     19993           0.641     2.632     3.320     4.415     5.321     7.131     9.683    11.100
   8.001     20005         0     20005           0.572     2.353     2.912     3.594     4.387     6.394     8.561    12.689
   9.001     19987         0     19988           0.728     2.437     3.084     4.073     5.005     6.849     8.872    11.854
  10.002     20010         0     20009           0.688     2.568     3.250     4.329     5.165     6.955     9.495    11.141
  11.001     19985         0     19986           0.603     2.275     2.834     3.547     4.739     7.528    12.493    14.647
  12.002     20014         0     20010           0.581     2.714     3.551     4.825     5.751     7.676     9.544    12.780
  13.001     20008         0     20012           0.650     2.157     2.634     3.088     3.414     4.370     6.496     9.740
  14.001     19982         0     19982           0.679     2.660     3.443     4.612     5.517     7.582    13.926    15.131
  15.002     20012         0     20012           0.706     2.437     3.047     3.912     5.009     7.000    10.060    12.837
  16.002     19977         0     19977           0.712     2.417     3.013     3.846     4.588     6.488     9.200    11.985
  17.002     20010         0     20007           0.663     2.632     3.357     4.514     5.513     7.455    10.387    14.230
  18.002     20021         0     20022           0.621     2.193     2.679     3.095     3.373     3.953     5.050     6.050
  19.002     19984         0     19983           0.707     2.671     3.424     4.542     5.431     7.631    11.493    21.496
  20.002     20015         0     20017           0.621     2.451     3.070     3.895     4.801     7.287    10.584    14.344
  21.001     19979         0     19979           0.651     2.298     2.896     3.672     4.547     6.595     9.093    12.370
  22.002     20013         0     20011           0.680     2.552     3.203     4.207     4.952     6.459     8.495    10.256
  23.001     20005         0     20008           0.563     2.212     2.726     3.156     3.500     4.612     7.397     9.060
  24.001     19998         0     19995           0.666     2.714     3.480     4.657     5.587     7.901    13.124    20.054
  25.002     20002         0     20006           0.614     2.394     3.000     3.756     4.518     6.451    14.803    18.825
  26.001     19978         0     19977           0.642     2.394     3.002     3.811     4.678     6.873    11.485    15.761
  27.002     20009         0     20010           0.591     2.603     3.277     4.268     5.104     7.025     9.306    11.108
  28.002     20022         0     20019           0.632     2.165     2.664     3.123     3.447     4.604     8.741    11.960
  29.001     19986         0     19986           0.595     2.656     3.465     4.784     5.681     7.832    12.001    19.005
  30.000     19979         0     20009           0.581     2.374     3.009     3.951     4.936     7.127    10.666    14.270
  30.002         3         0     11253           2.482     3.052     3.652     3.652     3.652     3.652     3.652     3.652

SUMMARY STATS ══════════════════════════════════════════════════════════════════════════════════════════════════════════════
    Elapsed time       [s]     30.006                                                                 
        CPU time       [s]    120.789                                                                 
 CPU utilisation       [%]       25.2                                                                 
          Cycles      [op]     599943                                                                 
          Errors      [op]          0                                                                 
              └─       [%]        0.0                                                                 
        Requests     [req]     599943                                                                 
              └─  [req/op]        1.0                                                                 
         Retries     [ret]          0                                                                 
              └─ [ret/req]    0.00000                                                                 
            Rows     [row]     178343                                                                 
              └─ [row/req]        0.3                                                                 
     Concurrency     [req]          2 ± 0                                                             
              └─       [%]         28                                                                 
      Throughput    [op/s]      19994 ± 50                                                            
              ├─   [req/s]      19994 ± 50                                                            
              └─   [row/s]       5944 ± 15                                                            
   Cycle latency      [ms]      2.645 ± 0.009                                                         
 Request latency      [ms]      2.221 ± 0.009                                                         

CYCLE LATENCY for update [ms]  ═════════════════════════════════════════════════════════════════════════════════════════════
          Min                   0.732 ± 0.071                                                         
           25                   2.101 ± 0.008                                                         
           50                   2.564 ± 0.010                                                         
           75                   3.119 ± 0.013                                                         
           90                   3.949 ± 0.029                                                         
           95                   4.801 ± 0.054                                                         
           98                   5.939 ± 0.072                                                         
           99                   6.746 ± 0.085                                                         
           99.9                 9.724 ± 0.555                                                         
           99.99               14.918 ± 1.382                                                         
          Max                  20.054 ± 2.148                                                         

CYCLE LATENCY for get [ms]  ════════════════════════════════════════════════════════════════════════════════════════════════
          Min                   0.561 ± 0.048                                                         
           25                   1.545 ± 0.012                                                         
           50                   2.032 ± 0.015                                                         
           75                   2.761 ± 0.027                                                         
           90                   3.926 ± 0.059                                                         
           95                   4.891 ± 0.098                                                         
           98                   6.152 ± 0.124                                                         
           99                   7.074 ± 0.186                                                         
           99.9                10.666 ± 0.944                                                         
           99.99               14.909 ± 2.435                                                         
          Max                  21.496 ± 6.049                                                         

info: Saved report to /output/latte_1.json
TIMEFORMAT 35.518 141.126 15.898
