Linux 6.17.0-1015-aws (ip-172-31-15-155) 	05/25/26 	_x86_64_	(4 CPU)

18:41:48     CPU    %usr   %nice    %sys %iowait    %irq   %soft  %steal  %guest  %gnice   %idle
18:41:53     all   16.93    0.00    3.62    0.00    0.00    1.01    0.05    0.00    0.00   78.39
18:41:53       0    7.46    0.00    3.43    0.00    0.00    1.01    0.00    0.00    0.00   88.10
18:41:53       1   28.26    0.00    3.81    0.00    0.00    1.00    0.00    0.00    0.00   66.93
18:41:53       2   19.15    0.00    4.64    0.00    0.00    0.81    0.00    0.00    0.00   75.40
18:41:53       3   12.83    0.00    2.61    0.00    0.00    1.20    0.20    0.00    0.00   83.17

18:41:53     CPU    %usr   %nice    %sys %iowait    %irq   %soft  %steal  %guest  %gnice   %idle
18:41:58     all   65.93    0.00   20.01    0.05    0.00    9.27    0.15    0.00    0.00    4.59
18:41:58       0   63.71    0.00   19.56    0.00    0.00   10.28    0.20    0.00    0.00    6.25
18:41:58       1   64.39    0.00   20.93    0.00    0.00    9.26    0.20    0.00    0.00    5.23
18:41:58       2   63.56    0.00   22.27    0.20    0.00    7.49    0.20    0.00    0.00    6.28
18:41:58       3   72.03    0.00   17.30    0.00    0.00   10.06    0.00    0.00    0.00    0.60

18:41:58     CPU    %usr   %nice    %sys %iowait    %irq   %soft  %steal  %guest  %gnice   %idle
18:42:03     all   60.31    0.00   23.49    0.00    0.00    8.26    0.26    0.00    0.00    7.69
18:42:03       0   61.04    0.00   20.21    0.00    0.00   10.00    0.21    0.00    0.00    8.54
18:42:03       1   58.61    0.00   26.43    0.00    0.00    8.20    0.20    0.00    0.00    6.56
18:42:03       2   62.14    0.00   21.60    0.00    0.00    7.00    0.41    0.00    0.00    8.85
18:42:03       3   59.48    0.00   25.60    0.00    0.00    7.86    0.20    0.00    0.00    6.85

18:42:03     CPU    %usr   %nice    %sys %iowait    %irq   %soft  %steal  %guest  %gnice   %idle
18:42:08     all   59.53    0.00   24.54    0.05    0.00    7.94    0.20    0.00    0.00    7.74
18:42:08       0   63.66    0.00   18.69    0.00    0.00    9.24    0.41    0.00    0.00    8.01
18:42:08       1   57.46    0.00   26.99    0.00    0.00    8.79    0.00    0.00    0.00    6.75
18:42:08       2   58.26    0.00   24.59    0.21    0.00    5.99    0.21    0.00    0.00   10.74
18:42:08       3   58.74    0.00   27.85    0.00    0.00    7.72    0.20    0.00    0.00    5.49

18:42:08     CPU    %usr   %nice    %sys %iowait    %irq   %soft  %steal  %guest  %gnice   %idle
18:42:13     all   59.65    0.00   24.20    0.05    0.00    8.26    0.21    0.00    0.00    7.64
18:42:13       0   57.17    0.00   24.05    0.21    0.00    9.07    0.21    0.00    0.00    9.28
18:42:13       1   58.04    0.00   26.48    0.00    0.00    9.37    0.20    0.00    0.00    5.91
18:42:13       2   66.80    0.00   17.94    0.00    0.00    6.39    0.21    0.00    0.00    8.66
18:42:13       3   56.56    0.00   28.28    0.00    0.00    8.20    0.20    0.00    0.00    6.76

18:42:13     CPU    %usr   %nice    %sys %iowait    %irq   %soft  %steal  %guest  %gnice   %idle
18:42:18     all   60.55    0.00   23.20    0.00    0.00    8.58    0.10    0.00    0.00    7.56
18:42:18       0   58.51    0.00   24.48    0.00    0.00    9.54    0.21    0.00    0.00    7.26
18:42:18       1   58.22    0.00   26.57    0.00    0.00    9.53    0.00    0.00    0.00    5.68
18:42:18       2   55.21    0.00   26.18    0.00    0.00    6.34    0.20    0.00    0.00   12.07
18:42:18       3   70.18    0.00   15.62    0.00    0.00    8.92    0.00    0.00    0.00    5.27

18:42:18     CPU    %usr   %nice    %sys %iowait    %irq   %soft  %steal  %guest  %gnice   %idle
18:42:23     all   60.21    0.00   24.06    0.05    0.00    8.73    0.20    0.00    0.00    6.74
18:42:23       0   62.24    0.00   20.82    0.00    0.00   10.00    0.20    0.00    0.00    6.73
18:42:23       1   58.42    0.00   26.17    0.20    0.00    9.33    0.20    0.00    0.00    5.68
18:42:23       2   55.81    0.00   27.80    0.00    0.00    6.85    0.21    0.00    0.00    9.34
18:42:23       3   64.30    0.00   21.50    0.00    0.00    8.72    0.20    0.00    0.00    5.27

18:42:23     CPU    %usr   %nice    %sys %iowait    %irq   %soft  %steal  %guest  %gnice   %idle
18:42:28     all   58.07    0.00   23.53    0.00    0.00    7.89    0.21    0.00    0.00   10.30
18:42:28       0   53.22    0.00   25.16    0.00    0.00    9.36    0.21    0.00    0.00   12.06
18:42:28       1   63.49    0.00   20.89    0.00    0.00    7.91    0.20    0.00    0.00    7.51
18:42:28       2   58.85    0.00   21.19    0.00    0.00    6.58    0.21    0.00    0.00   13.17
18:42:28       3   56.62    0.00   26.88    0.00    0.00    7.74    0.20    0.00    0.00    8.55
