Linux 6.17.0-1010-aws (ip-172-31-15-179) 	04/20/26 	_x86_64_	(8 CPU)

11:28:05      UID       PID    %usr %system  %guest   %wait    %CPU   CPU  Command
11:28:10        0         1    0.20    0.00    0.00    0.00    0.20     0  systemd
11:28:10        0        14    0.00    0.20    0.00    0.00    0.20     0  ksoftirqd/0
11:28:10        0        15    0.00    0.20    0.00    0.20    0.20     2  rcu_sched
11:28:10      991       448    0.00    0.20    0.00    0.00    0.20     4  systemd-resolve
11:28:10        0      1991    0.20    0.20    0.00    0.00    0.40     4  containerd
11:28:10        0      2232    0.40    0.20    0.00    0.00    0.60     0  dockerd
11:28:10     1000     11168    0.00    0.20    0.00    0.00    0.20     3  systemd
11:28:10        0     11316    0.00    0.20    0.00    0.00    0.20     4  kworker/u32:3-events_power_efficient
11:28:10        0     22200    0.20    0.00    0.00    0.00    0.20     2  bash
11:28:10        0     22230  529.94   49.90    0.00    0.00  579.84     4  java

11:28:10      UID       PID    %usr %system  %guest   %wait    %CPU   CPU  Command
11:28:15        0        48    0.00    0.20    0.00    0.00    0.20     5  ksoftirqd/5
11:28:15        0      1991    0.20    0.00    0.00    0.00    0.20     4  containerd
11:28:15        0      6639    0.00    0.20    0.00    0.00    0.20     3  kworker/3:2-events
11:28:15        0     17568    0.00    0.20    0.00    0.00    0.20     4  kworker/u32:1-events_power_efficient
11:28:15     1000     22088    0.00    0.20    0.00    0.00    0.20     6  pidstat
11:28:15        0     22230  698.60   77.20    0.00    0.00  775.80     4  java

11:28:15      UID       PID    %usr %system  %guest   %wait    %CPU   CPU  Command
11:28:20        0       105    0.00    0.20    0.00    0.00    0.20     2  kworker/2:1-events
11:28:20        0       309    0.00    0.20    0.00    0.00    0.20     4  kworker/4:2-events
11:28:20     1000     22088    0.20    0.00    0.00    0.00    0.20     6  pidstat
11:28:20        0     22230  678.20   82.80    0.00    0.00  761.00     4  java

11:28:20      UID       PID    %usr %system  %guest   %wait    %CPU   CPU  Command
11:28:25        0        36    0.00    0.20    0.00    0.00    0.20     3  ksoftirqd/3
11:28:25        0        42    0.00    0.20    0.00    0.00    0.20     4  ksoftirqd/4
11:28:25        0      1991    0.00    0.20    0.00    0.00    0.20     4  containerd
11:28:25        0     11316    0.00    0.20    0.00    0.20    0.20     0  kworker/u32:3-events_power_efficient
11:28:25        0     20795    0.20    0.00    0.00    0.00    0.20     7  kworker/u32:6-flush-259:0
11:28:25     1000     22088    0.00    0.20    0.00    0.00    0.20     6  pidstat
11:28:25        0     22230  636.40   99.80    0.00    0.00  736.20     4  java

11:28:25      UID       PID    %usr %system  %guest   %wait    %CPU   CPU  Command
11:28:30        0        15    0.00    0.20    0.00    0.20    0.20     6  rcu_sched
11:28:30        0     10650    0.00    0.20    0.00    0.00    0.20     7  kworker/7:2-events
11:28:30        0     11316    0.00    0.20    0.00    0.00    0.20     4  kworker/u32:3-kvfree_rcu_reclaim
11:28:30        0     17568    0.00    0.20    0.00    0.20    0.20     1  kworker/u32:1-kvfree_rcu_reclaim
11:28:30        0     22230  612.60  112.00    0.00    0.00  724.60     4  java

11:28:30      UID       PID    %usr %system  %guest   %wait    %CPU   CPU  Command
11:28:35        0        24    0.00    0.20    0.00    0.00    0.20     1  ksoftirqd/1
11:28:35        0       951    0.00    0.20    0.00    0.00    0.20     6  kworker/6:2-events
11:28:35        0      1991    0.20    0.00    0.00    0.00    0.20     4  containerd
11:28:35        0      2232    0.20    0.00    0.00    0.00    0.20     0  dockerd
11:28:35        0      8455    0.00    0.20    0.00    0.00    0.20     5  kworker/5:2-events
11:28:35        0     17568    0.00    0.20    0.00    0.00    0.20     2  kworker/u32:1-kvfree_rcu_reclaim
11:28:35     1000     22088    0.00    0.20    0.00    0.00    0.20     2  pidstat
11:28:35        0     22230  523.40  142.20    0.00    0.00  665.60     4  java

11:28:35      UID       PID    %usr %system  %guest   %wait    %CPU   CPU  Command
11:28:40     1000     22088    0.00    0.20    0.00    0.00    0.20     2  pidstat
11:28:40        0     22156    0.00    0.20    0.00    0.00    0.20     3  docker
11:28:40        0     22563  187.80   25.60    0.00    0.00  213.40     6  java

11:28:40      UID       PID    %usr %system  %guest   %wait    %CPU   CPU  Command
11:28:45        0        92    0.00    0.20    0.00    0.00    0.20     1  kworker/1:1-events
11:28:45        0       231    0.00    0.20    0.00    0.00    0.20     3  multipathd
11:28:45        0     11708    0.00    0.20    0.00    0.20    0.20     7  kworker/u32:4-kvfree_rcu_reclaim
11:28:45     1000     22088    0.20    0.00    0.00    0.00    0.20     2  pidstat
11:28:45        0     22563  713.80   64.20    0.00    0.00  778.00     6  java

11:28:45      UID       PID    %usr %system  %guest   %wait    %CPU   CPU  Command
11:28:50        0        15    0.00    0.20    0.00    0.00    0.20     0  rcu_sched
11:28:50        0       732    0.20    0.00    0.00    0.00    0.20     7  snapd
11:28:50        0      1991    0.20    0.00    0.00    0.00    0.20     4  containerd
11:28:50        0     17568    0.00    0.20    0.00    0.20    0.20     7  kworker/u32:1-kvfree_rcu_reclaim
11:28:50     1000     22088    0.00    0.20    0.00    0.00    0.20     2  pidstat
11:28:50        0     22563  683.80   78.40    0.00    0.00  762.20     6  java

11:28:50      UID       PID    %usr %system  %guest   %wait    %CPU   CPU  Command
11:28:55        0      6639    0.00    0.20    0.00    0.00    0.20     3  kworker/3:2-events
11:28:55        0     11148    0.00    0.20    0.00    0.00    0.20     0  kworker/0:1-events
11:28:55        0     11708    0.00    0.20    0.00    0.00    0.20     7  kworker/u32:4-kvfree_rcu_reclaim
11:28:55        0     22563  652.40   92.80    0.00    0.00  745.20     6  java

11:28:55      UID       PID    %usr %system  %guest   %wait    %CPU   CPU  Command
11:29:00        0      1991    0.00    0.20    0.00    0.00    0.20     4  containerd
11:29:00        0     11708    0.00    0.20    0.00    0.20    0.20     4  kworker/u32:4-kvfree_rcu_reclaim
11:29:00        0     20795    0.20    0.00    0.00    0.20    0.20     4  kworker/u32:6-kvfree_rcu_reclaim
11:29:00     1000     22088    0.20    0.20    0.00    0.00    0.40     2  pidstat
11:29:00        0     22563  617.80  106.20    0.00    0.00  724.00     6  java

11:29:00      UID       PID    %usr %system  %guest   %wait    %CPU   CPU  Command
11:29:05        0       105    0.00    0.20    0.00    0.20    0.20     2  kworker/2:1-events
11:29:05        0     11708    0.00    0.20    0.00    0.20    0.20     5  kworker/u32:4-events_power_efficient
11:29:05        0     20795    0.20    0.00    0.00    0.00    0.20     5  kworker/u32:6-kvfree_rcu_reclaim
11:29:05        0     22563  589.80  118.80    0.00    0.00  708.60     6  java

11:29:05      UID       PID    %usr %system  %guest   %wait    %CPU   CPU  Command
11:29:10        0        14    0.00    0.20    0.00    0.00    0.20     0  ksoftirqd/0
11:29:10        0        15    0.00    0.20    0.00    0.20    0.20     7  rcu_sched
11:29:10        0        30    0.00    0.20    0.00    0.00    0.20     2  ksoftirqd/2
11:29:10        0        36    0.00    0.20    0.00    0.00    0.20     3  ksoftirqd/3
11:29:10        0        42    0.00    0.20    0.00    0.00    0.20     4  ksoftirqd/4
11:29:10        0        48    0.00    0.20    0.00    0.00    0.20     5  ksoftirqd/5
11:29:10        0        54    0.00    0.20    0.00    0.00    0.20     6  ksoftirqd/6
11:29:10        0       309    0.00    0.20    0.00    0.00    0.20     4  kworker/4:2-events
11:29:10        0      1991    0.20    0.00    0.00    0.00    0.20     4  containerd
11:29:10        0     20795    0.20    0.00    0.00    0.20    0.20     3  kworker/u32:6-kvfree_rcu_reclaim
11:29:10     1000     22088    0.00    0.20    0.00    0.00    0.20     2  pidstat
11:29:10        0     22563  478.80  144.40    0.00    0.00  623.20     6  java

11:29:10      UID       PID    %usr %system  %guest   %wait    %CPU   CPU  Command
11:29:15        0        60    0.00    0.20    0.00    0.00    0.20     7  ksoftirqd/7
11:29:15        0      8455    0.00    0.20    0.00    0.20    0.20     5  kworker/5:2-events
11:29:15        0     10650    0.00    0.20    0.00    0.00    0.20     7  kworker/7:2-events
11:29:15        0     11708    0.00    0.20    0.00    0.00    0.20     7  kworker/u32:4-kvfree_rcu_reclaim
11:29:15        0     22563  430.00  157.40    0.00    0.00  587.40     6  java

11:29:15      UID       PID    %usr %system  %guest   %wait    %CPU   CPU  Command
11:29:20        0        24    0.00    0.20    0.00    0.00    0.20     1  ksoftirqd/1
11:29:20        0        30    0.00    0.20    0.00    0.00    0.20     2  ksoftirqd/2
11:29:20        0      1991    0.00    0.20    0.00    0.00    0.20     4  containerd
11:29:20        0     11708    0.00    0.20    0.00    0.20    0.20     5  kworker/u32:4-kvfree_rcu_reclaim
11:29:20        0     20795    0.20    0.00    0.00    0.20    0.20     6  kworker/u32:6-kvfree_rcu_reclaim
11:29:20     1000     22088    0.20    0.20    0.00    0.00    0.40     6  pidstat
11:29:20        0     22563  436.80  157.20    0.00    0.00  594.00     6  java

11:29:20      UID       PID    %usr %system  %guest   %wait    %CPU   CPU  Command
11:29:25        0       951    0.00    0.20    0.00    0.00    0.20     6  kworker/6:2-events
11:29:25        0      1122    0.20    0.00    0.00    0.00    0.20     7  amazon-ssm-agen
11:29:25        0     11708    0.00    0.20    0.00    0.20    0.20     2  kworker/u32:4-kvfree_rcu_reclaim
11:29:25        0     20795    0.20    0.00    0.00    0.00    0.20     7  kworker/u32:6-kvfree_rcu_reclaim
11:29:25        0     22563  432.60  158.40    0.00    0.00  591.00     6  java

11:29:25      UID       PID    %usr %system  %guest   %wait    %CPU   CPU  Command
11:29:30        0        14    0.00    0.20    0.00    0.00    0.20     0  ksoftirqd/0
11:29:30        0        36    0.00    0.20    0.00    0.00    0.20     3  ksoftirqd/3
11:29:30        0        42    0.00    0.20    0.00    0.00    0.20     4  ksoftirqd/4
11:29:30        0        48    0.00    0.20    0.00    0.00    0.20     5  ksoftirqd/5
11:29:30        0        54    0.00    0.20    0.00    0.00    0.20     6  ksoftirqd/6
11:29:30        0        60    0.00    0.20    0.00    0.00    0.20     7  ksoftirqd/7
11:29:30        0        92    0.00    0.20    0.00    0.00    0.20     1  kworker/1:1-events
11:29:30        0       231    0.20    0.00    0.00    0.00    0.20     3  multipathd
11:29:30        0      6639    0.00    0.20    0.00    0.00    0.20     3  kworker/3:2-events
11:29:30        0     11148    0.00    0.20    0.00    0.00    0.20     0  kworker/0:1-events
11:29:30        0     11708    0.00    0.20    0.00    0.00    0.20     3  kworker/u32:4-kvfree_rcu_reclaim
11:29:30        0     20795    0.20    0.00    0.00    0.00    0.20     2  kworker/u32:6-kvfree_rcu_reclaim
11:29:30     1000     22088    0.00    0.20    0.00    0.00    0.20     6  pidstat
11:29:30        0     22563  434.40  162.60    0.00    0.00  597.00     6  java

11:29:30      UID       PID    %usr %system  %guest   %wait    %CPU   CPU  Command
11:29:35        0        15    0.00    0.20    0.00    0.00    0.20     0  rcu_sched
11:29:35        0        30    0.00    0.20    0.00    0.00    0.20     2  ksoftirqd/2
11:29:35        0       105    0.00    0.20    0.00    0.00    0.20     2  kworker/2:1-events
11:29:35        0     11708    0.00    0.20    0.00    0.00    0.20     4  kworker/u32:4-kvfree_rcu_reclaim
11:29:35        0     20795    0.20    0.00    0.00    0.20    0.20     4  kworker/u32:6-events_power_efficient
11:29:35     1000     22088    0.20    0.00    0.00    0.20    0.20     0  pidstat
11:29:35        0     22563  426.60  163.40    0.00    0.00  590.00     6  java

11:29:35      UID       PID    %usr %system  %guest   %wait    %CPU   CPU  Command
11:29:40        0       723    0.00    0.20    0.00    0.00    0.20     2  irqbalance
11:29:40        0      1991    0.00    0.20    0.00    0.00    0.20     4  containerd
11:29:40        0     11708    0.00    0.20    0.00    0.20    0.20     3  kworker/u32:4-events_unbound
11:29:40        0     20795    0.20    0.00    0.00    0.00    0.20     6  kworker/u32:6-events_power_efficient
11:29:40     1000     22088    0.00    0.20    0.00    0.00    0.20     0  pidstat
11:29:40        0     22563  276.40  107.20    0.00    0.00  383.60     6  java
