Linux 6.17.0-1015-aws (ip-172-31-10-5) 	05/27/26 	_x86_64_	(4 CPU)

20:03:35     CPU    %usr   %nice    %sys %iowait    %irq   %soft  %steal  %guest  %gnice   %idle
20:03:40     all   33.35    0.00    9.38    0.00    0.00    3.83    0.00    0.00    0.00   53.43
20:03:40       0   39.92    0.00   13.31    0.00    0.00    0.00    0.00    0.00    0.00   46.77
20:03:40       1   29.21    0.00    9.94    0.00    0.00    0.00    0.00    0.00    0.00   60.85
20:03:40       2   39.03    0.00    7.04    0.00    0.00    7.24    0.00    0.00    0.00   46.68
20:03:40       3   25.20    0.00    7.26    0.00    0.00    8.06    0.00    0.00    0.00   59.48

20:03:40     CPU    %usr   %nice    %sys %iowait    %irq   %soft  %steal  %guest  %gnice   %idle
20:03:45     all   64.61    0.00   23.70    0.00    0.00    9.32    0.25    0.00    0.00    2.13
20:03:45       0   64.78    0.00   27.94    0.00    0.00    5.26    0.20    0.00    0.00    1.82
20:03:45       1   71.11    0.00   22.95    0.00    0.00    0.00    0.41    0.00    0.00    5.53
20:03:45       2   61.24    0.00   19.48    0.00    0.00   18.67    0.20    0.00    0.00    0.40
20:03:45       3   61.41    0.00   24.44    0.00    0.00   13.13    0.20    0.00    0.00    0.81

20:03:45     CPU    %usr   %nice    %sys %iowait    %irq   %soft  %steal  %guest  %gnice   %idle
20:03:50     all   64.75    0.00   22.55    0.00    0.00    9.65    0.20    0.00    0.00    2.84
20:03:50       0   64.15    0.00   22.81    0.00    0.00   11.00    0.20    0.00    0.00    1.83
20:03:50       1   63.32    0.00   29.10    0.00    0.00    0.00    0.20    0.00    0.00    7.38
20:03:50       2   65.52    0.00   15.32    0.00    0.00   18.95    0.00    0.00    0.00    0.20
20:03:50       3   65.99    0.00   23.08    0.00    0.00    8.50    0.40    0.00    0.00    2.02

20:03:50     CPU    %usr   %nice    %sys %iowait    %irq   %soft  %steal  %guest  %gnice   %idle
20:03:55     all   66.13    0.00   22.45    0.00    0.00    9.40    0.20    0.00    0.00    1.82
20:03:55       0   62.83    0.00   24.65    0.00    0.00   10.30    0.20    0.00    0.00    2.02
20:03:55       1   65.65    0.00   25.41    0.00    0.00    5.89    0.20    0.00    0.00    2.85
20:03:55       2   67.07    0.00   18.88    0.00    0.00   12.65    0.20    0.00    0.00    1.20
20:03:55       3   68.97    0.00   20.89    0.00    0.00    8.72    0.20    0.00    0.00    1.22

20:03:55     CPU    %usr   %nice    %sys %iowait    %irq   %soft  %steal  %guest  %gnice   %idle
20:04:00     all   67.81    0.00   21.63    0.00    0.00    9.20    0.15    0.00    0.00    1.21
20:04:00       0   68.41    0.00   20.72    0.00    0.00   10.26    0.00    0.00    0.00    0.60
20:04:00       1   64.15    0.00   23.83    0.00    0.00    9.78    0.41    0.00    0.00    1.83
20:04:00       2   72.18    0.00   19.15    0.00    0.00    8.06    0.00    0.00    0.00    0.60
20:04:00       3   66.46    0.00   22.83    0.00    0.00    8.69    0.20    0.00    0.00    1.82

20:04:00     CPU    %usr   %nice    %sys %iowait    %irq   %soft  %steal  %guest  %gnice   %idle
20:04:05     all   66.26    0.00   22.44    0.00    0.00    9.52    0.25    0.00    0.00    1.52
20:04:05       0   69.09    0.00   18.38    0.00    0.00   10.91    0.20    0.00    0.00    1.41
20:04:05       1   69.23    0.00   20.45    0.00    0.00    8.70    0.40    0.00    0.00    1.21
20:04:05       2   59.55    0.00   28.86    0.00    0.00    8.94    0.20    0.00    0.00    2.44
20:04:05       3   67.14    0.00   22.11    0.00    0.00    9.53    0.20    0.00    0.00    1.01

20:04:05     CPU    %usr   %nice    %sys %iowait    %irq   %soft  %steal  %guest  %gnice   %idle
20:04:10     all   58.95    0.00   22.33    0.10    0.00    8.13    0.21    0.00    0.00   10.29
20:04:10       0   53.67    0.00   27.96    0.20    0.00    8.78    0.00    0.00    0.00    9.39
20:04:10       1   56.43    0.00   22.20    0.00    0.00    8.51    0.21    0.00    0.00   12.66
20:04:10       2   63.66    0.00   20.94    0.00    0.00    8.21    0.21    0.00    0.00    6.98
20:04:10       3   62.06    0.00   18.14    0.21    0.00    7.01    0.41    0.00    0.00   12.16

20:04:10     CPU    %usr   %nice    %sys %iowait    %irq   %soft  %steal  %guest  %gnice   %idle
20:04:15     all   58.83    0.00   26.09    0.05    0.00    7.81    0.21    0.00    0.00    7.02
20:04:15       0   52.30    0.00   30.96    0.00    0.00    8.79    0.21    0.00    0.00    7.74
20:04:15       1   63.73    0.00   21.80    0.00    0.00    8.39    0.42    0.00    0.00    5.66
20:04:15       2   61.46    0.00   24.58    0.21    0.00    5.83    0.00    0.00    0.00    7.92
20:04:15       3   57.81    0.00   27.00    0.00    0.00    8.23    0.21    0.00    0.00    6.75

20:04:15     CPU    %usr   %nice    %sys %iowait    %irq   %soft  %steal  %guest  %gnice   %idle
20:04:20     all   59.06    0.00   26.34    0.00    0.00    7.53    0.21    0.00    0.00    6.85
20:04:20       0   63.05    0.00   23.59    0.00    0.00    7.72    0.21    0.00    0.00    5.43
20:04:20       1   64.97    0.00   20.17    0.00    0.00    8.49    0.21    0.00    0.00    6.16
20:04:20       2   52.73    0.00   32.14    0.00    0.00    6.51    0.21    0.00    0.00    8.40
20:04:20       3   55.51    0.00   29.45    0.00    0.00    7.42    0.21    0.00    0.00    7.42

20:04:20     CPU    %usr   %nice    %sys %iowait    %irq   %soft  %steal  %guest  %gnice   %idle
20:04:25     all   59.27    0.00   25.74    0.00    0.00    7.68    0.21    0.00    0.00    7.10
20:04:25       0   55.62    0.00   30.00    0.00    0.00    7.92    0.00    0.00    0.00    6.46
20:04:25       1   60.21    0.00   24.17    0.00    0.00    8.33    0.42    0.00    0.00    6.88
20:04:25       2   59.83    0.00   25.31    0.00    0.00    7.32    0.00    0.00    0.00    7.53
20:04:25       3   61.43    0.00   23.48    0.00    0.00    7.13    0.42    0.00    0.00    7.55

20:04:25     CPU    %usr   %nice    %sys %iowait    %irq   %soft  %steal  %guest  %gnice   %idle
20:04:30     all   58.46    0.00   26.66    0.00    0.00    7.73    0.21    0.00    0.00    6.94
20:04:30       0   53.64    0.00   30.98    0.00    0.00    8.32    0.00    0.00    0.00    7.07
20:04:30       1   58.35    0.00   26.00    0.00    0.00    8.67    0.42    0.00    0.00    6.55
20:04:30       2   57.81    0.00   27.43    0.00    0.00    7.17    0.21    0.00    0.00    7.38
20:04:30       3   64.14    0.00   22.15    0.00    0.00    6.75    0.21    0.00    0.00    6.75

20:04:30     CPU    %usr   %nice    %sys %iowait    %irq   %soft  %steal  %guest  %gnice   %idle
20:04:35     all   57.36    0.00   26.55    0.00    0.00    8.25    0.21    0.00    0.00    7.62
20:04:35       0   59.29    0.00   25.68    0.00    0.00    8.35    0.21    0.00    0.00    6.47
20:04:35       1   57.91    0.00   23.72    0.00    0.00    8.76    0.43    0.00    0.00    9.19
20:04:35       2   54.91    0.00   29.85    0.00    0.00    7.72    0.00    0.00    0.00    7.52
20:04:35       3   57.35    0.00   26.89    0.00    0.00    8.19    0.21    0.00    0.00    7.35

20:04:35     CPU    %usr   %nice    %sys %iowait    %irq   %soft  %steal  %guest  %gnice   %idle
20:04:40     all   57.70    0.00   27.06    0.00    0.00    8.07    0.21    0.00    0.00    6.96
20:04:40       0   53.25    0.00   31.87    0.00    0.00    7.97    0.00    0.00    0.00    6.92
20:04:40       1   56.99    0.00   25.42    0.00    0.00    9.32    0.21    0.00    0.00    8.05
20:04:40       2   57.53    0.00   29.29    0.00    0.00    7.32    0.21    0.00    0.00    5.65
20:04:40       3   63.11    0.00   21.54    0.00    0.00    7.68    0.43    0.00    0.00    7.25

20:04:40     CPU    %usr   %nice    %sys %iowait    %irq   %soft  %steal  %guest  %gnice   %idle
20:04:45     all   58.03    0.00   26.87    0.00    0.00    7.76    0.21    0.00    0.00    7.13
20:04:45       0   57.11    0.00   27.62    0.00    0.00    8.58    0.21    0.00    0.00    6.49
20:04:45       1   53.10    0.00   29.55    0.00    0.00    8.57    0.43    0.00    0.00    8.35
20:04:45       2   54.22    0.00   31.86    0.00    0.00    6.33    0.00    0.00    0.00    7.59
20:04:45       3   67.58    0.00   18.53    0.00    0.00    7.58    0.21    0.00    0.00    6.11

20:04:45     CPU    %usr   %nice    %sys %iowait    %irq   %soft  %steal  %guest  %gnice   %idle
20:04:50     all   58.93    0.00   26.33    0.00    0.00    7.79    0.16    0.00    0.00    6.79
20:04:50       0   53.47    0.00   29.68    0.00    0.00    8.42    0.00    0.00    0.00    8.42
20:04:50       1   63.92    0.00   21.94    0.00    0.00    8.65    0.21    0.00    0.00    5.27
20:04:50       2   54.03    0.00   30.93    0.00    0.00    6.36    0.21    0.00    0.00    8.47
20:04:50       3   64.23    0.00   22.80    0.00    0.00    7.74    0.21    0.00    0.00    5.02

20:04:50     CPU    %usr   %nice    %sys %iowait    %irq   %soft  %steal  %guest  %gnice   %idle
20:04:55     all   59.33    0.00   26.08    0.00    0.00    7.58    0.26    0.00    0.00    6.74
20:04:55       0   57.50    0.00   28.12    0.00    0.00    7.50    0.21    0.00    0.00    6.67
20:04:55       1   54.87    0.00   27.75    0.00    0.00    9.11    0.42    0.00    0.00    7.84
20:04:55       2   68.12    0.00   20.08    0.00    0.00    6.21    0.00    0.00    0.00    5.59
20:04:55       3   56.69    0.00   28.45    0.00    0.00    7.53    0.42    0.00    0.00    6.90

20:04:55     CPU    %usr   %nice    %sys %iowait    %irq   %soft  %steal  %guest  %gnice   %idle
20:05:00     all   58.67    0.00   25.98    0.05    0.00    8.17    0.21    0.00    0.00    6.92
20:05:00       0   52.18    0.00   31.81    0.00    0.00    8.73    0.00    0.00    0.00    7.28
20:05:00       1   54.35    0.00   27.39    0.21    0.00    8.70    0.42    0.00    0.00    8.92
20:05:00       2   71.89    0.00   16.29    0.00    0.00    7.13    0.20    0.00    0.00    4.48
20:05:00       3   55.86    0.00   28.66    0.00    0.00    8.16    0.21    0.00    0.00    7.11

20:05:00     CPU    %usr   %nice    %sys %iowait    %irq   %soft  %steal  %guest  %gnice   %idle
20:05:05     all   59.06    0.00   26.64    0.00    0.00    7.62    0.16    0.00    0.00    6.52
20:05:05       0   53.88    0.00   31.03    0.00    0.00    8.39    0.21    0.00    0.00    6.50
20:05:05       1   56.36    0.00   28.81    0.00    0.00    8.05    0.21    0.00    0.00    6.57
20:05:05       2   59.79    0.00   26.88    0.00    0.00    7.50    0.00    0.00    0.00    5.83
20:05:05       3   66.24    0.00   19.83    0.00    0.00    6.54    0.21    0.00    0.00    7.17

20:05:05     CPU    %usr   %nice    %sys %iowait    %irq   %soft  %steal  %guest  %gnice   %idle
20:05:10     all   58.41    0.00   26.72    0.00    0.00    7.81    0.21    0.00    0.00    6.86
20:05:10       0   50.73    0.00   32.15    0.00    0.00    8.77    0.00    0.00    0.00    8.35
20:05:10       1   56.60    0.00   28.94    0.00    0.00    7.66    0.43    0.00    0.00    6.38
20:05:10       2   62.60    0.00   23.76    0.00    0.00    7.23    0.21    0.00    0.00    6.20
20:05:10       3   63.66    0.00   22.06    0.00    0.00    7.56    0.21    0.00    0.00    6.51

20:05:10     CPU    %usr   %nice    %sys %iowait    %irq   %soft  %steal  %guest  %gnice   %idle
20:05:15     all   57.86    0.00   27.48    0.00    0.00    7.36    0.21    0.00    0.00    7.09
20:05:15       0   53.36    0.00   30.46    0.00    0.00    7.98    0.21    0.00    0.00    7.98
20:05:15       1   61.60    0.00   24.68    0.00    0.00    7.17    0.42    0.00    0.00    6.12
20:05:15       2   61.04    0.00   24.58    0.00    0.00    7.29    0.00    0.00    0.00    7.08
20:05:15       3   55.39    0.00   30.23    0.00    0.00    6.98    0.21    0.00    0.00    7.19

20:05:15     CPU    %usr   %nice    %sys %iowait    %irq   %soft  %steal  %guest  %gnice   %idle
20:05:20     all   57.66    0.00   26.55    0.00    0.00    7.63    0.21    0.00    0.00    7.95
20:05:20       0   62.66    0.00   21.52    0.00    0.00    8.44    0.21    0.00    0.00    7.17
20:05:20       1   56.56    0.00   24.73    0.00    0.00    8.60    0.22    0.00    0.00    9.89
20:05:20       2   54.72    0.00   31.03    0.00    0.00    6.71    0.21    0.00    0.00    7.34
20:05:20       3   56.69    0.00   28.87    0.00    0.00    6.79    0.21    0.00    0.00    7.43

20:05:20     CPU    %usr   %nice    %sys %iowait    %irq   %soft  %steal  %guest  %gnice   %idle
20:05:25     all   57.91    0.00   25.80    0.00    0.00    8.30    0.26    0.00    0.00    7.72
20:05:25       0   55.25    0.00   28.57    0.00    0.00    8.61    0.00    0.00    0.00    7.56
20:05:25       1   57.56    0.00   25.21    0.00    0.00    8.61    0.42    0.00    0.00    8.19
20:05:25       2   54.68    0.00   30.35    0.00    0.00    7.69    0.21    0.00    0.00    7.07
20:05:25       3   64.26    0.00   18.94    0.00    0.00    8.30    0.43    0.00    0.00    8.09

20:05:25     CPU    %usr   %nice    %sys %iowait    %irq   %soft  %steal  %guest  %gnice   %idle
20:05:30     all   59.39    0.00   25.74    0.00    0.00    7.54    0.21    0.00    0.00    7.12
20:05:30       0   54.89    0.00   27.66    0.00    0.00    7.87    0.21    0.00    0.00    9.36
20:05:30       1   68.21    0.00   16.84    0.00    0.00    8.42    0.42    0.00    0.00    6.11
20:05:30       2   54.66    0.00   30.51    0.00    0.00    6.36    0.00    0.00    0.00    8.47
20:05:30       3   59.71    0.00   27.97    0.00    0.00    7.52    0.21    0.00    0.00    4.59

20:05:30     CPU    %usr   %nice    %sys %iowait    %irq   %soft  %steal  %guest  %gnice   %idle
20:05:35     all   61.07    0.00   25.13    0.05    0.00    7.82    0.21    0.00    0.00    5.72
20:05:35       0   56.12    0.00   29.54    0.21    0.00    8.65    0.00    0.00    0.00    5.49
20:05:35       1   60.89    0.00   24.31    0.00    0.00    8.46    0.21    0.00    0.00    6.13
20:05:35       2   56.49    0.00   29.71    0.00    0.00    7.53    0.21    0.00    0.00    6.07
20:05:35       3   70.69    0.00   17.05    0.00    0.00    6.65    0.42    0.00    0.00    5.20

20:05:35     CPU    %usr   %nice    %sys %iowait    %irq   %soft  %steal  %guest  %gnice   %idle
20:05:40     all   57.85    0.00   26.34    0.00    0.00    8.25    0.16    0.00    0.00    7.40
20:05:40       0   57.65    0.00   27.67    0.00    0.00    8.18    0.00    0.00    0.00    6.50
20:05:40       1   58.72    0.00   23.83    0.00    0.00    9.36    0.43    0.00    0.00    7.66
20:05:40       2   60.91    0.00   25.78    0.00    0.00    7.07    0.00    0.00    0.00    6.24
20:05:40       3   54.00    0.00   28.08    0.00    0.00    8.42    0.22    0.00    0.00    9.29

20:05:40     CPU    %usr   %nice    %sys %iowait    %irq   %soft  %steal  %guest  %gnice   %idle
20:05:45     all   58.10    0.00   26.18    0.00    0.00    8.20    0.21    0.00    0.00    7.31
20:05:45       0   51.47    0.00   31.93    0.00    0.00    8.19    0.21    0.00    0.00    8.19
20:05:45       1   57.69    0.00   26.28    0.00    0.00    8.55    0.43    0.00    0.00    7.05
20:05:45       2   57.88    0.00   27.18    0.00    0.00    7.26    0.00    0.00    0.00    7.68
20:05:45       3   65.34    0.00   19.33    0.00    0.00    8.82    0.21    0.00    0.00    6.30

20:05:45     CPU    %usr   %nice    %sys %iowait    %irq   %soft  %steal  %guest  %gnice   %idle
20:05:50     all   58.25    0.00   26.46    0.00    0.00    7.59    0.16    0.00    0.00    7.54
20:05:50       0   63.69    0.00   21.78    0.00    0.00    8.51    0.00    0.00    0.00    6.02
20:05:50       1   55.17    0.00   28.23    0.00    0.00    7.97    0.22    0.00    0.00    8.41
20:05:50       2   51.69    0.00   31.99    0.00    0.00    6.57    0.21    0.00    0.00    9.53
20:05:50       3   62.21    0.00   24.01    0.00    0.00    7.31    0.21    0.00    0.00    6.26

20:05:50     CPU    %usr   %nice    %sys %iowait    %irq   %soft  %steal  %guest  %gnice   %idle
20:05:55     all   57.68    0.00   26.71    0.11    0.00    8.25    0.32    0.00    0.00    6.94
20:05:55       0   53.36    0.00   30.67    0.00    0.00    8.82    0.21    0.00    0.00    6.93
20:05:55       1   62.82    0.00   20.80    0.00    0.00    9.24    0.42    0.00    0.00    6.72
20:05:55       2   54.60    0.00   30.33    0.21    0.00    7.53    0.21    0.00    0.00    7.11
20:05:55       3   59.96    0.00   25.00    0.21    0.00    7.42    0.42    0.00    0.00    6.99

20:05:55     CPU    %usr   %nice    %sys %iowait    %irq   %soft  %steal  %guest  %gnice   %idle
20:06:00     all   58.13    0.00   26.09    0.00    0.00    7.79    0.16    0.00    0.00    7.84
20:06:00       0   55.23    0.00   29.29    0.00    0.00    8.58    0.00    0.00    0.00    6.90
20:06:00       1   53.22    0.00   28.11    0.00    0.00    8.58    0.43    0.00    0.00    9.66
20:06:00       2   54.49    0.00   31.52    0.00    0.00    6.47    0.00    0.00    0.00    7.52
20:06:00       3   69.46    0.00   15.48    0.00    0.00    7.53    0.21    0.00    0.00    7.32

20:06:00     CPU    %usr   %nice    %sys %iowait    %irq   %soft  %steal  %guest  %gnice   %idle
20:06:05     all   58.58    0.00   26.10    0.00    0.00    8.37    0.21    0.00    0.00    6.75
20:06:05       0   54.51    0.00   30.19    0.00    0.00    8.39    0.00    0.00    0.00    6.92
20:06:05       1   69.36    0.00   16.77    0.00    0.00    8.70    0.21    0.00    0.00    4.97
20:06:05       2   56.16    0.00   28.81    0.00    0.00    7.52    0.21    0.00    0.00    7.31
20:06:05       3   54.12    0.00   28.75    0.00    0.00    8.88    0.42    0.00    0.00    7.82

20:06:05     CPU    %usr   %nice    %sys %iowait    %irq   %soft  %steal  %guest  %gnice   %idle
20:06:10     all   42.63    0.00   18.92    0.00    0.00    5.41    0.10    0.00    0.00   32.94
20:06:10       0   49.80    0.00   20.08    0.00    0.00    5.74    0.00    0.00    0.00   24.39
20:06:10       1   36.93    0.00   20.33    0.00    0.00    5.81    0.21    0.00    0.00   36.72
20:06:10       2   47.75    0.00   14.14    0.00    0.00    4.92    0.00    0.00    0.00   33.20
20:06:10       3   35.89    0.00   21.16    0.00    0.00    5.19    0.21    0.00    0.00   37.55
