Linux 6.17.0-1017-aws (ip-172-31-2-195) 	05/29/26 	_x86_64_	(4 CPU)

14:03:27     CPU    %usr   %nice    %sys %iowait    %irq   %soft  %steal  %guest  %gnice   %idle
14:03:32     all   32.98    0.00   10.36    0.05    0.00    1.74    0.10    0.00    0.00   54.77
14:03:32       0   26.48    0.00    9.16    0.20    0.00    0.00    0.00    0.00    0.00   64.15
14:03:32       1   39.80    0.00    8.98    0.00    0.00    5.51    0.20    0.00    0.00   45.51
14:03:32       2   41.48    0.00   12.32    0.00    0.00    0.00    0.00    0.00    0.00   46.20
14:03:32       3   24.24    0.00   11.00    0.00    0.00    1.43    0.20    0.00    0.00   63.14

14:03:32     CPU    %usr   %nice    %sys %iowait    %irq   %soft  %steal  %guest  %gnice   %idle
14:03:37     all   61.76    0.00   22.06    0.00    0.00    4.47    0.16    0.00    0.00   11.55
14:03:37       0   58.71    0.00   23.65    0.00    0.00    0.41    0.21    0.00    0.00   17.01
14:03:37       1   62.24    0.00   19.29    0.00    0.00   14.11    0.00    0.00    0.00    4.36
14:03:37       2   59.71    0.00   24.84    0.00    0.00    0.63    0.21    0.00    0.00   14.61
14:03:37       3   66.39    0.00   20.46    0.00    0.00    2.71    0.21    0.00    0.00   10.23

14:03:37     CPU    %usr   %nice    %sys %iowait    %irq   %soft  %steal  %guest  %gnice   %idle
14:03:42     all   61.67    0.00   21.98    0.10    0.00    4.48    0.16    0.00    0.00   11.61
14:03:42       0   56.54    0.00   25.11    0.00    0.00    4.01    0.00    0.00    0.00   14.35
14:03:42       1   62.94    0.00   20.29    0.21    0.00    8.07    0.41    0.00    0.00    8.07
14:03:42       2   63.83    0.00   22.04    0.00    0.00    5.82    0.00    0.00    0.00    8.32
14:03:42       3   63.28    0.00   20.54    0.21    0.00    0.00    0.21    0.00    0.00   15.77

14:03:42     CPU    %usr   %nice    %sys %iowait    %irq   %soft  %steal  %guest  %gnice   %idle
14:03:47     all   62.10    0.00   22.07    0.05    0.00    4.21    0.21    0.00    0.00   11.37
14:03:47       0   65.15    0.00   20.12    0.00    0.00    3.11    0.21    0.00    0.00   11.41
14:03:47       1   62.35    0.00   20.99    0.00    0.00    7.41    0.41    0.00    0.00    8.85
14:03:47       2   60.67    0.00   24.48    0.00    0.00    5.86    0.21    0.00    0.00    8.79
14:03:47       3   60.21    0.00   22.71    0.21    0.00    0.42    0.00    0.00    0.00   16.46

14:03:47     CPU    %usr   %nice    %sys %iowait    %irq   %soft  %steal  %guest  %gnice   %idle
14:03:52     all   62.79    0.00   21.97    0.05    0.00    4.59    0.16    0.00    0.00   10.44
14:03:52       0   55.96    0.00   27.87    0.21    0.00    4.04    0.00    0.00    0.00   11.91
14:03:52       1   70.52    0.00   15.46    0.00    0.00    2.68    0.21    0.00    0.00   11.13
14:03:52       2   61.80    0.00   24.22    0.00    0.00    5.43    0.00    0.00    0.00    8.56
14:03:52       3   62.66    0.00   20.54    0.00    0.00    6.22    0.41    0.00    0.00   10.17

14:03:52     CPU    %usr   %nice    %sys %iowait    %irq   %soft  %steal  %guest  %gnice   %idle
14:03:57     all   64.97    0.00   21.85    0.05    0.00    4.41    0.16    0.00    0.00    8.56
14:03:57       0   66.39    0.00   22.47    0.00    0.00    3.71    0.21    0.00    0.00    7.22
14:03:57       1   65.07    0.00   22.25    0.00    0.00    2.49    0.00    0.00    0.00   10.19
14:03:57       2   66.19    0.00   21.03    0.00    0.00    5.36    0.21    0.00    0.00    7.22
14:03:57       3   62.18    0.00   21.64    0.21    0.00    6.09    0.21    0.00    0.00    9.66

14:03:57     CPU    %usr   %nice    %sys %iowait    %irq   %soft  %steal  %guest  %gnice   %idle
14:04:02     all   56.81    0.00   20.27    0.05    0.00    4.00    0.16    0.00    0.00   18.71
14:04:02       0   50.84    0.00   25.10    0.00    0.00    3.14    0.21    0.00    0.00   20.71
14:04:02       1   53.46    0.00   22.43    0.00    0.00    2.52    0.21    0.00    0.00   21.38
14:04:02       2   68.58    0.00   12.53    0.21    0.00    5.34    0.00    0.00    0.00   13.35
14:04:02       3   54.15    0.00   21.16    0.00    0.00    4.98    0.21    0.00    0.00   19.50

14:04:02     CPU    %usr   %nice    %sys %iowait    %irq   %soft  %steal  %guest  %gnice   %idle
14:04:07     all   52.01    0.00   21.63    0.05    0.00    3.13    0.27    0.00    0.00   22.91
14:04:07       0   44.81    0.00   25.76    0.00    0.00    2.38    0.22    0.00    0.00   26.84
14:04:07       1   45.40    0.00   23.77    0.21    0.00    2.14    0.43    0.00    0.00   28.05
14:04:07       2   58.79    0.00   19.25    0.00    0.00    3.77    0.21    0.00    0.00   17.99
14:04:07       3   58.66    0.00   17.95    0.00    0.00    4.18    0.21    0.00    0.00   19.00

14:04:07     CPU    %usr   %nice    %sys %iowait    %irq   %soft  %steal  %guest  %gnice   %idle
14:04:12     all   50.76    0.00   21.30    0.05    0.00    3.35    0.11    0.00    0.00   24.43
14:04:12       0   46.02    0.00   23.67    0.00    0.00    2.88    0.00    0.00    0.00   27.43
14:04:12       1   52.04    0.00   20.22    0.22    0.00    1.72    0.00    0.00    0.00   25.81
14:04:12       2   47.21    0.00   23.82    0.00    0.00    4.08    0.21    0.00    0.00   24.68
14:04:12       3   57.60    0.00   17.56    0.00    0.00    4.71    0.21    0.00    0.00   19.91

14:04:12     CPU    %usr   %nice    %sys %iowait    %irq   %soft  %steal  %guest  %gnice   %idle
14:04:17     all   50.82    0.00   20.70    0.00    0.00    3.30    0.16    0.00    0.00   25.01
14:04:17       0   45.12    0.00   23.43    0.00    0.00    2.39    0.22    0.00    0.00   28.85
14:04:17       1   46.14    0.00   21.89    0.00    0.00    2.15    0.21    0.00    0.00   29.61
14:04:17       2   55.72    0.00   19.49    0.00    0.00    4.24    0.00    0.00    0.00   20.55
14:04:17       3   56.04    0.00   18.12    0.00    0.00    4.38    0.21    0.00    0.00   21.25

14:04:17     CPU    %usr   %nice    %sys %iowait    %irq   %soft  %steal  %guest  %gnice   %idle
14:04:22     all   49.57    0.00   21.48    0.11    0.00    3.11    0.21    0.00    0.00   25.51
14:04:22       0   43.84    0.00   25.27    0.00    0.00    2.59    0.22    0.00    0.00   28.08
14:04:22       1   43.67    0.00   22.93    0.00    0.00    1.53    0.22    0.00    0.00   31.66
14:04:22       2   62.34    0.00   16.32    0.21    0.00    3.77    0.21    0.00    0.00   17.15
14:04:22       3   47.95    0.00   21.60    0.22    0.00    4.54    0.22    0.00    0.00   25.49

14:04:22     CPU    %usr   %nice    %sys %iowait    %irq   %soft  %steal  %guest  %gnice   %idle
14:04:27     all   48.65    0.00   21.00    0.11    0.00    3.35    0.11    0.00    0.00   26.78
14:04:27       0   39.25    0.00   25.72    0.22    0.00    2.22    0.00    0.00    0.00   32.59
14:04:27       1   48.28    0.00   20.17    0.00    0.00    2.79    0.21    0.00    0.00   28.54
14:04:27       2   45.87    0.00   23.91    0.22    0.00    3.70    0.00    0.00    0.00   26.30
14:04:27       3   60.63    0.00   14.53    0.00    0.00    4.63    0.21    0.00    0.00   20.00

14:04:27     CPU    %usr   %nice    %sys %iowait    %irq   %soft  %steal  %guest  %gnice   %idle
14:04:32     all   49.24    0.00   21.25    0.00    0.00    3.13    0.22    0.00    0.00   26.16
14:04:32       0   41.85    0.00   24.67    0.00    0.00    2.42    0.22    0.00    0.00   30.84
14:04:32       1   47.29    0.00   21.04    0.00    0.00    1.95    0.22    0.00    0.00   29.50
14:04:32       2   54.99    0.00   19.53    0.00    0.00    4.03    0.21    0.00    0.00   21.23
14:04:32       3   52.56    0.00   19.87    0.00    0.00    4.06    0.21    0.00    0.00   23.29

14:04:32     CPU    %usr   %nice    %sys %iowait    %irq   %soft  %steal  %guest  %gnice   %idle
14:04:37     all   49.92    0.00   21.21    0.05    0.00    3.29    0.22    0.00    0.00   25.31
14:04:37       0   42.32    0.00   24.28    0.00    0.00    2.23    0.22    0.00    0.00   30.96
14:04:37       1   54.99    0.00   18.47    0.21    0.00    2.12    0.42    0.00    0.00   23.78
14:04:37       2   46.44    0.00   23.76    0.00    0.00    3.89    0.00    0.00    0.00   25.92
14:04:37       3   55.53    0.00   18.51    0.00    0.00    4.89    0.21    0.00    0.00   20.85

14:04:37     CPU    %usr   %nice    %sys %iowait    %irq   %soft  %steal  %guest  %gnice   %idle
14:04:42     all   49.48    0.00   20.78    0.05    0.00    3.69    0.11    0.00    0.00   25.88
14:04:42       0   42.47    0.00   24.04    0.00    0.00    2.92    0.00    0.00    0.00   30.56
14:04:42       1   51.07    0.00   19.74    0.21    0.00    2.15    0.21    0.00    0.00   26.61
14:04:42       2   50.00    0.00   21.55    0.00    0.00    4.31    0.22    0.00    0.00   23.92
14:04:42       3   54.06    0.00   17.95    0.00    0.00    5.34    0.00    0.00    0.00   22.65

14:04:42     CPU    %usr   %nice    %sys %iowait    %irq   %soft  %steal  %guest  %gnice   %idle
14:04:47     all   49.65    0.00   20.66    0.00    0.00    3.19    0.22    0.00    0.00   26.28
14:04:47       0   48.37    0.00   21.13    0.00    0.00    2.61    0.22    0.00    0.00   27.67
14:04:47       1   44.37    0.00   22.94    0.00    0.00    1.52    0.22    0.00    0.00   30.95
14:04:47       2   52.88    0.00   20.04    0.00    0.00    4.05    0.21    0.00    0.00   22.81
14:04:47       3   52.94    0.00   18.52    0.00    0.00    4.58    0.22    0.00    0.00   23.75

14:04:47     CPU    %usr   %nice    %sys %iowait    %irq   %soft  %steal  %guest  %gnice   %idle
14:04:52     all   48.22    0.00   21.26    0.16    0.00    3.18    0.11    0.00    0.00   27.07
14:04:52       0   41.32    0.00   25.93    0.00    0.00    2.64    0.00    0.00    0.00   30.11
14:04:52       1   46.88    0.00   20.65    0.22    0.00    1.94    0.22    0.00    0.00   30.11
14:04:52       2   53.72    0.00   19.96    0.21    0.00    3.82    0.00    0.00    0.00   22.29
14:04:52       3   50.75    0.00   18.63    0.21    0.00    4.28    0.21    0.00    0.00   25.91

14:04:52     CPU    %usr   %nice    %sys %iowait    %irq   %soft  %steal  %guest  %gnice   %idle
14:04:57     all   47.66    0.00   21.26    0.05    0.00    3.11    0.27    0.00    0.00   27.64
14:04:57       0   44.10    0.00   23.16    0.22    0.00    2.67    0.22    0.00    0.00   29.62
14:04:57       1   44.90    0.00   21.26    0.00    0.00    1.74    0.43    0.00    0.00   31.67
14:04:57       2   51.73    0.00   20.56    0.00    0.00    4.11    0.22    0.00    0.00   23.38
14:04:57       3   49.78    0.00   20.13    0.00    0.00    3.90    0.22    0.00    0.00   25.97

14:04:57     CPU    %usr   %nice    %sys %iowait    %irq   %soft  %steal  %guest  %gnice   %idle
14:05:02     all   49.09    0.00   21.70    0.00    0.00    3.20    0.16    0.00    0.00   25.85
14:05:02       0   44.49    0.00   22.89    0.00    0.00    2.81    0.22    0.00    0.00   29.59
14:05:02       1   51.27    0.00   21.61    0.00    0.00    2.33    0.21    0.00    0.00   24.58
14:05:02       2   50.75    0.00   21.32    0.00    0.00    3.84    0.00    0.00    0.00   24.09
14:05:02       3   49.79    0.00   20.97    0.00    0.00    3.81    0.21    0.00    0.00   25.21

14:05:02     CPU    %usr   %nice    %sys %iowait    %irq   %soft  %steal  %guest  %gnice   %idle
14:05:07     all   50.59    0.00   20.91    0.00    0.00    3.16    0.11    0.00    0.00   25.24
14:05:07       0   42.37    0.00   25.16    0.00    0.00    2.58    0.00    0.00    0.00   29.89
14:05:07       1   43.20    0.00   24.84    0.00    0.00    1.73    0.22    0.00    0.00   30.02
14:05:07       2   68.54    0.00   12.08    0.00    0.00    4.17    0.21    0.00    0.00   15.00
14:05:07       3   47.62    0.00   21.86    0.00    0.00    4.11    0.00    0.00    0.00   26.41

14:05:07     CPU    %usr   %nice    %sys %iowait    %irq   %soft  %steal  %guest  %gnice   %idle
14:05:12     all   50.54    0.00   21.08    0.05    0.00    3.49    0.16    0.00    0.00   24.68
14:05:12       0   46.96    0.00   23.48    0.00    0.00    2.61    0.22    0.00    0.00   26.74
14:05:12       1   47.54    0.00   22.27    0.21    0.00    2.14    0.21    0.00    0.00   27.62
14:05:12       2   55.46    0.00   19.70    0.00    0.00    4.07    0.00    0.00    0.00   20.77
14:05:12       3   52.13    0.00   18.94    0.00    0.00    5.11    0.21    0.00    0.00   23.62

14:05:12     CPU    %usr   %nice    %sys %iowait    %irq   %soft  %steal  %guest  %gnice   %idle
14:05:17     all   49.14    0.00   21.15    0.00    0.00    3.16    0.16    0.00    0.00   26.39
14:05:17       0   43.79    0.00   22.66    0.00    0.00    1.96    0.00    0.00    0.00   31.59
14:05:17       1   49.79    0.00   22.22    0.00    0.00    2.56    0.21    0.00    0.00   25.21
14:05:17       2   46.37    0.00   22.22    0.00    0.00    3.63    0.21    0.00    0.00   27.56
14:05:17       3   56.45    0.00   17.55    0.00    0.00    4.44    0.21    0.00    0.00   21.35

14:05:17     CPU    %usr   %nice    %sys %iowait    %irq   %soft  %steal  %guest  %gnice   %idle
14:05:22     all   48.19    0.00   20.85    0.11    0.00    3.35    0.27    0.00    0.00   27.23
14:05:22       0   54.18    0.00   17.77    0.00    0.00    3.00    0.21    0.00    0.00   24.84
14:05:22       1   41.63    0.00   22.69    0.00    0.00    1.98    0.44    0.00    0.00   33.26
14:05:22       2   49.57    0.00   21.98    0.22    0.00    3.88    0.00    0.00    0.00   24.35
14:05:22       3   47.21    0.00   21.03    0.21    0.00    4.51    0.43    0.00    0.00   26.61

14:05:22     CPU    %usr   %nice    %sys %iowait    %irq   %soft  %steal  %guest  %gnice   %idle
14:05:27     all   50.32    0.00   21.34    0.00    0.00    3.07    0.16    0.00    0.00   25.11
14:05:27       0   44.81    0.00   23.38    0.00    0.00    2.38    0.22    0.00    0.00   29.22
14:05:27       1   48.04    0.00   22.39    0.00    0.00    2.17    0.22    0.00    0.00   27.17
14:05:27       2   47.84    0.00   23.92    0.00    0.00    3.23    0.22    0.00    0.00   24.78
14:05:27       3   60.43    0.00   15.74    0.00    0.00    4.47    0.00    0.00    0.00   19.36

14:05:27     CPU    %usr   %nice    %sys %iowait    %irq   %soft  %steal  %guest  %gnice   %idle
14:05:32     all   53.60    0.00   21.28    0.00    0.00    3.63    0.11    0.00    0.00   21.39
14:05:32       0   49.68    0.00   23.03    0.00    0.00    3.41    0.00    0.00    0.00   23.88
14:05:32       1   50.75    0.00   22.91    0.00    0.00    2.57    0.21    0.00    0.00   23.55
14:05:32       2   59.96    0.00   18.86    0.00    0.00    3.81    0.00    0.00    0.00   17.37
14:05:32       3   53.96    0.00   20.34    0.00    0.00    4.71    0.21    0.00    0.00   20.77

14:05:32     CPU    %usr   %nice    %sys %iowait    %irq   %soft  %steal  %guest  %gnice   %idle
14:05:37     all   54.19    0.00   21.30    0.16    0.00    3.52    0.21    0.00    0.00   20.61
14:05:37       0   49.67    0.00   22.99    0.22    0.00    3.04    0.22    0.00    0.00   23.86
14:05:37       1   52.25    0.00   23.55    0.21    0.00    1.93    0.21    0.00    0.00   21.84
14:05:37       2   55.91    0.00   20.46    0.21    0.00    4.22    0.21    0.00    0.00   18.99
14:05:37       3   58.81    0.00   18.26    0.00    0.00    4.88    0.21    0.00    0.00   17.83

14:05:37     CPU    %usr   %nice    %sys %iowait    %irq   %soft  %steal  %guest  %gnice   %idle
14:05:42     all   55.01    0.00   21.57    0.05    0.00    3.50    0.16    0.00    0.00   19.71
14:05:42       0   47.75    0.00   25.05    0.00    0.00    2.78    0.00    0.00    0.00   24.41
14:05:42       1   52.44    0.00   23.57    0.00    0.00    2.55    0.21    0.00    0.00   21.23
14:05:42       2   60.42    0.00   19.58    0.00    0.00    3.79    0.21    0.00    0.00   16.00
14:05:42       3   59.28    0.00   18.14    0.21    0.00    4.85    0.21    0.00    0.00   17.30

14:05:42     CPU    %usr   %nice    %sys %iowait    %irq   %soft  %steal  %guest  %gnice   %idle
14:05:47     all   53.87    0.00   21.47    0.00    0.00    3.66    0.16    0.00    0.00   20.84
14:05:47       0   53.29    0.00   22.08    0.00    0.00    2.76    0.21    0.00    0.00   21.66
14:05:47       1   48.60    0.00   23.76    0.00    0.00    2.16    0.22    0.00    0.00   25.27
14:05:47       2   60.04    0.00   18.18    0.00    0.00    4.23    0.00    0.00    0.00   17.55
14:05:47       3   53.44    0.00   21.92    0.00    0.00    5.43    0.21    0.00    0.00   19.00

14:05:47     CPU    %usr   %nice    %sys %iowait    %irq   %soft  %steal  %guest  %gnice   %idle
14:05:52     all   52.77    0.00   21.78    0.00    0.00    3.62    0.21    0.00    0.00   21.62
14:05:52       0   52.46    0.00   20.99    0.00    0.00    2.57    0.00    0.00    0.00   23.98
14:05:52       1   48.40    0.00   25.59    0.00    0.00    2.13    0.43    0.00    0.00   23.45
14:05:52       2   51.81    0.00   22.81    0.00    0.00    4.48    0.21    0.00    0.00   20.68
14:05:52       3   58.35    0.00   17.76    0.00    0.00    5.29    0.21    0.00    0.00   18.39

14:05:52     CPU    %usr   %nice    %sys %iowait    %irq   %soft  %steal  %guest  %gnice   %idle
14:05:57     all   53.63    0.00   21.60    0.16    0.00    3.65    0.16    0.00    0.00   20.80
14:05:57       0   51.49    0.00   22.55    0.21    0.00    2.98    0.21    0.00    0.00   22.55
14:05:57       1   50.21    0.00   23.93    0.21    0.00    2.14    0.21    0.00    0.00   23.29
14:05:57       2   59.24    0.00   19.96    0.21    0.00    3.99    0.00    0.00    0.00   16.60
14:05:57       3   53.47    0.00   20.00    0.00    0.00    5.47    0.21    0.00    0.00   20.84

14:05:57     CPU    %usr   %nice    %sys %iowait    %irq   %soft  %steal  %guest  %gnice   %idle
14:06:02     all   40.39    0.00   15.01    0.00    0.00    2.28    0.16    0.00    0.00   42.16
14:06:02       0   42.98    0.00   18.66    0.00    0.00    1.26    0.00    0.00    0.00   37.11
14:06:02       1   32.77    0.00   17.44    0.00    0.00    1.68    0.21    0.00    0.00   47.90
14:06:02       2   49.59    0.00    8.16    0.00    0.00    3.47    0.20    0.00    0.00   38.57
14:06:02       3   36.02    0.00   15.94    0.00    0.00    2.69    0.21    0.00    0.00   45.13
