Linux 6.17.0-1015-aws (ip-172-31-15-77) 	05/29/26 	_x86_64_	(4 CPU)

04:23:48     CPU    %usr   %nice    %sys %iowait    %irq   %soft  %steal  %guest  %gnice   %idle
04:23:53     all   27.90    0.00    8.13    0.05    0.00    0.87    0.21    0.00    0.00   62.84
04:23:53       0   33.81    0.00    8.55    0.20    0.00    0.81    0.20    0.00    0.00   56.42
04:23:53       1   26.34    0.00    7.61    0.00    0.00    0.00    0.21    0.00    0.00   65.84
04:23:53       2   20.41    0.00    7.84    0.00    0.00    1.24    0.21    0.00    0.00   70.31
04:23:53       3   30.98    0.00    8.52    0.00    0.00    1.46    0.21    0.00    0.00   58.84

04:23:53     CPU    %usr   %nice    %sys %iowait    %irq   %soft  %steal  %guest  %gnice   %idle
04:23:58     all   47.88    0.00   18.71    0.00    0.00    1.98    0.16    0.00    0.00   31.26
04:23:58       0   54.68    0.00   15.32    0.00    0.00    1.91    0.00    0.00    0.00   28.09
04:23:58       1   43.66    0.00   21.29    0.00    0.00    1.94    0.22    0.00    0.00   32.90
04:23:58       2   45.18    0.00   19.27    0.00    0.00    2.14    0.21    0.00    0.00   33.19
04:23:58       3   47.95    0.00   19.01    0.00    0.00    1.94    0.22    0.00    0.00   30.89

04:23:58     CPU    %usr   %nice    %sys %iowait    %irq   %soft  %steal  %guest  %gnice   %idle
04:24:03     all   52.88    0.00   18.87    0.00    0.00    2.13    0.27    0.00    0.00   25.85
04:24:03       0   60.93    0.00   13.59    0.00    0.00    2.34    0.21    0.00    0.00   22.93
04:24:03       1   47.48    0.00   21.01    0.00    0.00    4.60    0.44    0.00    0.00   26.48
04:24:03       2   57.83    0.00   18.16    0.00    0.00    1.67    0.21    0.00    0.00   22.13
04:24:03       3   44.99    0.00   22.81    0.00    0.00    0.00    0.21    0.00    0.00   31.98

04:24:03     CPU    %usr   %nice    %sys %iowait    %irq   %soft  %steal  %guest  %gnice   %idle
04:24:08     all   51.89    0.00   19.18    0.00    0.00    2.18    0.16    0.00    0.00   26.58
04:24:08       0   59.36    0.00   15.11    0.00    0.00    1.91    0.21    0.00    0.00   23.40
04:24:08       1   52.44    0.00   19.96    0.00    0.00    1.49    0.21    0.00    0.00   25.90
04:24:08       2   49.58    0.00   18.86    0.00    0.00    2.54    0.00    0.00    0.00   29.03
04:24:08       3   46.12    0.00   22.84    0.00    0.00    2.80    0.22    0.00    0.00   28.02

04:24:08     CPU    %usr   %nice    %sys %iowait    %irq   %soft  %steal  %guest  %gnice   %idle
04:24:13     all   50.00    0.00   18.32    0.00    0.00    2.02    0.21    0.00    0.00   29.45
04:24:13       0   50.74    0.00   16.70    0.00    0.00    1.69    0.21    0.00    0.00   30.66
04:24:13       1   51.48    0.00   17.72    0.00    0.00    0.00    0.21    0.00    0.00   30.59
04:24:13       2   45.74    0.00   20.00    0.00    0.00    1.49    0.21    0.00    0.00   32.55
04:24:13       3   52.06    0.00   18.87    0.00    0.00    4.99    0.22    0.00    0.00   23.86

04:24:13     CPU    %usr   %nice    %sys %iowait    %irq   %soft  %steal  %guest  %gnice   %idle
04:24:18     all   50.13    0.00   20.13    0.00    0.00    1.87    0.27    0.00    0.00   27.60
04:24:18       0   58.85    0.00   16.42    0.00    0.00    4.05    0.43    0.00    0.00   20.26
04:24:18       1   46.91    0.00   20.26    0.00    0.00    0.00    0.21    0.00    0.00   32.62
04:24:18       2   47.05    0.00   23.00    0.00    0.00    1.69    0.21    0.00    0.00   28.06
04:24:18       3   47.72    0.00   20.82    0.00    0.00    1.74    0.22    0.00    0.00   29.50

04:24:18     CPU    %usr   %nice    %sys %iowait    %irq   %soft  %steal  %guest  %gnice   %idle
04:24:23     all   43.71    0.00   18.60    0.05    0.00    1.94    0.22    0.00    0.00   35.48
04:24:23       0   58.44    0.00   17.32    0.00    0.00    5.63    0.22    0.00    0.00   18.40
04:24:23       1   34.13    0.00   20.52    0.22    0.00    0.00    0.22    0.00    0.00   44.92
04:24:23       2   48.63    0.00   15.16    0.00    0.00    2.11    0.21    0.00    0.00   33.89
04:24:23       3   33.48    0.00   21.52    0.00    0.00    0.00    0.22    0.00    0.00   44.78

04:24:23     CPU    %usr   %nice    %sys %iowait    %irq   %soft  %steal  %guest  %gnice   %idle
04:24:28     all   49.63    0.00   18.98    0.00    0.00    2.19    0.21    0.00    0.00   28.98
04:24:28       0   53.22    0.00   19.53    0.00    0.00    4.94    0.43    0.00    0.00   21.89
04:24:28       1   42.67    0.00   21.12    0.00    0.00    1.51    0.22    0.00    0.00   34.48
04:24:28       2   62.03    0.00   14.52    0.00    0.00    1.24    0.00    0.00    0.00   22.20
04:24:28       3   39.96    0.00   20.96    0.00    0.00    1.09    0.22    0.00    0.00   37.77

04:24:28     CPU    %usr   %nice    %sys %iowait    %irq   %soft  %steal  %guest  %gnice   %idle
04:24:33     all   51.47    0.00   19.08    0.00    0.00    2.19    0.16    0.00    0.00   27.10
04:24:33       0   51.40    0.00   19.65    0.00    0.00    3.89    0.22    0.00    0.00   24.84
04:24:33       1   58.33    0.00   16.67    0.00    0.00    2.35    0.00    0.00    0.00   22.65
04:24:33       2   48.42    0.00   18.95    0.00    0.00    0.00    0.21    0.00    0.00   32.42
04:24:33       3   47.74    0.00   21.08    0.00    0.00    2.58    0.22    0.00    0.00   28.39

04:24:33     CPU    %usr   %nice    %sys %iowait    %irq   %soft  %steal  %guest  %gnice   %idle
04:24:38     all   49.57    0.00   20.11    0.05    0.00    2.25    0.27    0.00    0.00   27.75
04:24:38       0   55.91    0.00   18.28    0.00    0.00    4.52    0.22    0.00    0.00   21.08
04:24:38       1   41.42    0.00   22.75    0.00    0.00    1.29    0.43    0.00    0.00   34.12
04:24:38       2   56.30    0.00   17.65    0.21    0.00    2.10    0.21    0.00    0.00   23.53
04:24:38       3   44.49    0.00   21.81    0.00    0.00    1.08    0.22    0.00    0.00   32.40

04:24:38     CPU    %usr   %nice    %sys %iowait    %irq   %soft  %steal  %guest  %gnice   %idle
04:24:43     all   47.12    0.00   20.03    0.00    0.00    1.88    0.16    0.00    0.00   30.80
04:24:43       0   50.87    0.00   20.74    0.00    0.00    3.28    0.22    0.00    0.00   24.89
04:24:43       1   36.54    0.00   23.19    0.00    0.00    0.00    0.00    0.00    0.00   40.26
04:24:43       2   64.84    0.00   13.05    0.00    0.00    3.79    0.21    0.00    0.00   18.11
04:24:43       3   35.76    0.00   23.34    0.00    0.00    0.43    0.21    0.00    0.00   40.26

04:24:43     CPU    %usr   %nice    %sys %iowait    %irq   %soft  %steal  %guest  %gnice   %idle
04:24:48     all   49.43    0.00   18.83    0.00    0.00    1.89    0.22    0.00    0.00   29.63
04:24:48       0   55.51    0.00   16.85    0.00    0.00    3.89    0.22    0.00    0.00   23.54
04:24:48       1   45.41    0.00   19.21    0.00    0.00    1.09    0.22    0.00    0.00   34.06
04:24:48       2   52.03    0.00   19.27    0.00    0.00    2.14    0.21    0.00    0.00   26.34
04:24:48       3   44.73    0.00   20.00    0.00    0.00    0.43    0.22    0.00    0.00   34.62

04:24:48     CPU    %usr   %nice    %sys %iowait    %irq   %soft  %steal  %guest  %gnice   %idle
04:24:53     all   52.40    0.00   20.04    0.00    0.00    1.87    0.21    0.00    0.00   25.48
04:24:53       0   53.78    0.00   19.65    0.00    0.00    3.67    0.43    0.00    0.00   22.46
04:24:53       1   48.39    0.00   20.86    0.00    0.00    2.15    0.22    0.00    0.00   28.39
04:24:53       2   53.47    0.00   20.00    0.00    0.00    1.26    0.21    0.00    0.00   25.05
04:24:53       3   53.91    0.00   19.66    0.00    0.00    0.42    0.00    0.00    0.00   26.00

04:24:53     CPU    %usr   %nice    %sys %iowait    %irq   %soft  %steal  %guest  %gnice   %idle
04:24:58     all   50.30    0.00   20.72    0.00    0.00    2.20    0.21    0.00    0.00   26.57
04:24:58       0   58.92    0.00   17.20    0.00    0.00    4.09    0.22    0.00    0.00   19.57
04:24:58       1   47.21    0.00   21.89    0.00    0.00    1.29    0.21    0.00    0.00   29.40
04:24:58       2   47.55    0.00   22.60    0.00    0.00    1.71    0.21    0.00    0.00   27.93
04:24:58       3   47.52    0.00   21.17    0.00    0.00    1.73    0.22    0.00    0.00   29.37

04:24:58     CPU    %usr   %nice    %sys %iowait    %irq   %soft  %steal  %guest  %gnice   %idle
04:25:03     all   54.20    0.00   19.97    0.00    0.00    2.38    0.21    0.00    0.00   23.24
04:25:03       0   54.56    0.00   20.81    0.00    0.00    4.46    0.42    0.00    0.00   19.75
04:25:03       1   51.37    0.00   21.89    0.00    0.00    0.00    0.21    0.00    0.00   26.53
04:25:03       2   60.75    0.00   16.91    0.00    0.00    1.67    0.00    0.00    0.00   20.67
04:25:03       3   50.00    0.00   20.30    0.00    0.00    3.42    0.21    0.00    0.00   26.07

04:25:03     CPU    %usr   %nice    %sys %iowait    %irq   %soft  %steal  %guest  %gnice   %idle
04:25:08     all   51.18    0.00   19.33    0.00    0.00    2.09    0.16    0.00    0.00   27.23
04:25:08       0   58.21    0.00   17.91    0.00    0.00    4.05    0.21    0.00    0.00   19.62
04:25:08       1   41.37    0.00   22.57    0.00    0.00    1.33    0.00    0.00    0.00   34.73
04:25:08       2   52.01    0.00   19.66    0.00    0.00    1.69    0.21    0.00    0.00   26.43
04:25:08       3   52.78    0.00   17.31    0.00    0.00    1.28    0.21    0.00    0.00   28.42

04:25:08     CPU    %usr   %nice    %sys %iowait    %irq   %soft  %steal  %guest  %gnice   %idle
04:25:13     all   48.55    0.00   19.44    0.00    0.00    1.99    0.21    0.00    0.00   29.81
04:25:13       0   51.41    0.00   19.31    0.00    0.00    3.90    0.22    0.00    0.00   25.16
04:25:13       1   40.67    0.00   21.78    0.00    0.00    2.89    0.22    0.00    0.00   34.44
04:25:13       2   50.42    0.00   18.99    0.00    0.00    1.27    0.21    0.00    0.00   29.11
04:25:13       3   51.36    0.00   17.82    0.00    0.00    0.00    0.21    0.00    0.00   30.61

04:25:13     CPU    %usr   %nice    %sys %iowait    %irq   %soft  %steal  %guest  %gnice   %idle
04:25:18     all   51.41    0.00   19.87    0.00    0.00    2.08    0.16    0.00    0.00   26.48
04:25:18       0   56.81    0.00   18.51    0.00    0.00    4.04    0.21    0.00    0.00   20.43
04:25:18       1   47.75    0.00   21.20    0.00    0.00    1.28    0.21    0.00    0.00   29.55
04:25:18       2   58.14    0.00   16.49    0.00    0.00    1.48    0.00    0.00    0.00   23.89
04:25:18       3   42.83    0.00   23.34    0.00    0.00    1.50    0.21    0.00    0.00   32.12

04:25:18     CPU    %usr   %nice    %sys %iowait    %irq   %soft  %steal  %guest  %gnice   %idle
04:25:23     all   50.56    0.00   20.01    0.05    0.00    2.19    0.21    0.00    0.00   26.97
04:25:23       0   58.69    0.00   18.22    0.00    0.00    4.24    0.42    0.00    0.00   18.43
04:25:23       1   40.38    0.00   24.15    0.00    0.00    0.00    0.00    0.00    0.00   35.47
04:25:23       2   61.01    0.00   14.88    0.00    0.00    1.89    0.21    0.00    0.00   22.01
04:25:23       3   41.59    0.00   23.01    0.22    0.00    2.65    0.22    0.00    0.00   32.30

04:25:23     CPU    %usr   %nice    %sys %iowait    %irq   %soft  %steal  %guest  %gnice   %idle
04:25:28     all   49.00    0.00   18.52    0.11    0.00    2.10    0.27    0.00    0.00   29.99
04:25:28       0   54.70    0.00   17.74    0.21    0.00    4.49    0.21    0.00    0.00   22.65
04:25:28       1   40.80    0.00   22.62    0.00    0.00    1.11    0.44    0.00    0.00   35.03
04:25:28       2   58.07    0.00   14.26    0.21    0.00    1.68    0.21    0.00    0.00   25.58
04:25:28       3   41.87    0.00   19.74    0.00    0.00    1.08    0.22    0.00    0.00   37.09

04:25:28     CPU    %usr   %nice    %sys %iowait    %irq   %soft  %steal  %guest  %gnice   %idle
04:25:33     all   49.24    0.00   18.74    0.05    0.00    1.96    0.16    0.00    0.00   29.85
04:25:33       0   57.21    0.00   17.25    0.00    0.00    3.93    0.22    0.00    0.00   21.40
04:25:33       1   40.63    0.00   21.90    0.23    0.00    2.26    0.23    0.00    0.00   34.76
04:25:33       2   55.41    0.00   16.99    0.00    0.00    1.70    0.00    0.00    0.00   25.90
04:25:33       3   43.32    0.00   18.97    0.00    0.00    0.00    0.22    0.00    0.00   37.50

04:25:33     CPU    %usr   %nice    %sys %iowait    %irq   %soft  %steal  %guest  %gnice   %idle
04:25:38     all   49.27    0.00   19.51    0.00    0.00    1.99    0.22    0.00    0.00   29.00
04:25:38       0   66.74    0.00   12.42    0.00    0.00    4.00    0.21    0.00    0.00   16.63
04:25:38       1   40.13    0.00   22.59    0.00    0.00    0.88    0.22    0.00    0.00   36.18
04:25:38       2   49.35    0.00   20.69    0.00    0.00    1.72    0.22    0.00    0.00   28.02
04:25:38       3   40.22    0.00   22.61    0.00    0.00    1.30    0.22    0.00    0.00   35.65

04:25:38     CPU    %usr   %nice    %sys %iowait    %irq   %soft  %steal  %guest  %gnice   %idle
04:25:43     all   50.37    0.00   19.91    0.00    0.00    2.13    0.27    0.00    0.00   27.32
04:25:43       0   49.46    0.00   21.51    0.00    0.00    3.87    0.43    0.00    0.00   24.73
04:25:43       1   52.63    0.00   18.74    0.00    0.00    0.00    0.21    0.00    0.00   28.42
04:25:43       2   52.22    0.00   18.39    0.00    0.00    1.69    0.21    0.00    0.00   27.48
04:25:43       3   47.10    0.00   21.08    0.00    0.00    3.01    0.22    0.00    0.00   28.60

04:25:43     CPU    %usr   %nice    %sys %iowait    %irq   %soft  %steal  %guest  %gnice   %idle
04:25:48     all   48.90    0.00   20.30    0.00    0.00    1.94    0.16    0.00    0.00   28.70
04:25:48       0   56.44    0.00   17.60    0.00    0.00    3.86    0.21    0.00    0.00   21.89
04:25:48       1   43.74    0.00   21.32    0.00    0.00    1.32    0.22    0.00    0.00   33.41
04:25:48       2   47.96    0.00   21.72    0.00    0.00    1.29    0.00    0.00    0.00   29.03
04:25:48       3   47.35    0.00   20.59    0.00    0.00    1.27    0.21    0.00    0.00   30.57

04:25:48     CPU    %usr   %nice    %sys %iowait    %irq   %soft  %steal  %guest  %gnice   %idle
04:25:53     all   48.55    0.00   19.89    0.00    0.00    1.88    0.22    0.00    0.00   29.46
04:25:53       0   52.93    0.00   18.44    0.00    0.00    3.69    0.22    0.00    0.00   24.73
04:25:53       1   40.84    0.00   22.52    0.00    0.00    2.43    0.22    0.00    0.00   34.00
04:25:53       2   46.68    0.00   20.77    0.00    0.00    1.50    0.21    0.00    0.00   30.84
04:25:53       3   53.44    0.00   17.95    0.00    0.00    0.00    0.21    0.00    0.00   28.39

04:25:53     CPU    %usr   %nice    %sys %iowait    %irq   %soft  %steal  %guest  %gnice   %idle
04:25:58     all   51.12    0.00   19.00    0.00    0.00    1.77    0.21    0.00    0.00   27.89
04:25:58       0   50.11    0.00   19.04    0.00    0.00    3.50    0.22    0.00    0.00   27.13
04:25:58       1   51.06    0.00   19.57    0.00    0.00    0.85    0.21    0.00    0.00   28.30
04:25:58       2   47.44    0.00   20.73    0.00    0.00    1.28    0.21    0.00    0.00   30.34
04:25:58       3   55.81    0.00   16.70    0.00    0.00    1.48    0.21    0.00    0.00   25.79

04:25:58     CPU    %usr   %nice    %sys %iowait    %irq   %soft  %steal  %guest  %gnice   %idle
04:26:03     all   53.08    0.00   19.69    0.00    0.00    2.28    0.21    0.00    0.00   24.73
04:26:03       0   61.59    0.00   17.33    0.00    0.00    4.38    0.42    0.00    0.00   16.28
04:26:03       1   45.51    0.00   21.79    0.00    0.00    0.00    0.21    0.00    0.00   32.48
04:26:03       2   60.84    0.00   16.63    0.00    0.00    1.89    0.00    0.00    0.00   20.63
04:26:03       3   43.94    0.00   23.16    0.00    0.00    2.81    0.22    0.00    0.00   29.87

04:26:03     CPU    %usr   %nice    %sys %iowait    %irq   %soft  %steal  %guest  %gnice   %idle
04:26:08     all   52.40    0.00   20.18    0.00    0.00    2.08    0.21    0.00    0.00   25.13
04:26:08       0   60.47    0.00   17.09    0.00    0.00    3.42    0.21    0.00    0.00   18.80
04:26:08       1   49.04    0.00   21.75    0.00    0.00    1.71    0.21    0.00    0.00   27.29
04:26:08       2   54.41    0.00   19.54    0.00    0.00    1.89    0.21    0.00    0.00   23.95
04:26:08       3   45.59    0.00   22.37    0.00    0.00    1.29    0.22    0.00    0.00   30.54

04:26:08     CPU    %usr   %nice    %sys %iowait    %irq   %soft  %steal  %guest  %gnice   %idle
04:26:13     all   49.81    0.00   19.78    0.00    0.00    2.10    0.22    0.00    0.00   28.09
04:26:13       0   51.19    0.00   21.26    0.00    0.00    3.69    0.22    0.00    0.00   23.64
04:26:13       1   42.73    0.00   22.37    0.00    0.00    3.13    0.22    0.00    0.00   31.54
04:26:13       2   56.12    0.00   17.30    0.00    0.00    1.69    0.21    0.00    0.00   24.68
04:26:13       3   48.84    0.00   18.39    0.00    0.00    0.00    0.21    0.00    0.00   32.56

04:26:13     CPU    %usr   %nice    %sys %iowait    %irq   %soft  %steal  %guest  %gnice   %idle
04:26:18     all   48.13    0.00   20.19    0.00    0.00    1.57    0.16    0.00    0.00   29.94
04:26:18       0   51.96    0.00   19.78    0.00    0.00    3.26    0.22    0.00    0.00   24.78
04:26:18       1   43.33    0.00   21.66    0.00    0.00    0.88    0.22    0.00    0.00   33.92
04:26:18       2   54.70    0.00   17.52    0.00    0.00    1.28    0.00    0.00    0.00   26.50
04:26:18       3   42.42    0.00   21.86    0.00    0.00    0.87    0.22    0.00    0.00   34.63

04:26:18     CPU    %usr   %nice    %sys %iowait    %irq   %soft  %steal  %guest  %gnice   %idle
04:26:23     all   40.21    0.00   14.33    0.00    0.00    1.52    0.16    0.00    0.00   43.78
04:26:23       0   45.05    0.00   14.11    0.00    0.00    2.74    0.21    0.00    0.00   37.89
04:26:23       1   38.70    0.00   14.85    0.00    0.00    0.00    0.00    0.00    0.00   46.44
04:26:23       2   42.20    0.00   12.68    0.00    0.00    1.25    0.21    0.00    0.00   43.66
04:26:23       3   34.82    0.00   15.71    0.00    0.00    2.12    0.21    0.00    0.00   47.13
