Linux 6.17.0-1015-aws (ip-172-31-15-213) 	05/25/26 	_x86_64_	(4 CPU)

18:48:42     CPU    %usr   %nice    %sys %iowait    %irq   %soft  %steal  %guest  %gnice   %idle
18:48:47     all   17.23    0.00    5.01    0.00    0.00    0.46    0.05    0.00    0.00   77.24
18:48:47       0   20.16    0.00    4.07    0.00    0.00    0.00    0.00    0.00    0.00   75.76
18:48:47       1   12.71    0.00    5.42    0.00    0.00    0.42    0.00    0.00    0.00   81.46
18:48:47       2   17.79    0.00    5.93    0.00    0.00    0.00    0.20    0.00    0.00   76.07
18:48:47       3   18.20    0.00    4.60    0.00    0.00    1.46    0.00    0.00    0.00   75.73

18:48:47     CPU    %usr   %nice    %sys %iowait    %irq   %soft  %steal  %guest  %gnice   %idle
18:48:52     all   34.34    0.00   15.95    0.54    0.00    2.06    0.22    0.00    0.00   46.89
18:48:52       0   25.81    0.00   16.56    1.08    0.00    0.43    0.22    0.00    0.00   55.91
18:48:52       1   39.52    0.00   15.55    0.43    0.00    2.38    0.22    0.00    0.00   41.90
18:48:52       2   40.96    0.00   13.10    0.21    0.00    0.42    0.21    0.00    0.00   45.11
18:48:52       3   30.68    0.00   18.86    0.45    0.00    5.23    0.23    0.00    0.00   44.55

18:48:52     CPU    %usr   %nice    %sys %iowait    %irq   %soft  %steal  %guest  %gnice   %idle
18:48:57     all   36.85    0.00   15.21    0.22    0.00    2.22    0.11    0.00    0.00   45.40
18:48:57       0   42.32    0.00   14.04    0.00    0.00    3.95    0.22    0.00    0.00   39.47
18:48:57       1   30.63    0.00   17.94    0.44    0.00    2.63    0.00    0.00    0.00   48.36
18:48:57       2   34.70    0.00   15.52    0.22    0.00    0.86    0.22    0.00    0.00   48.49
18:48:57       3   39.70    0.00   13.38    0.21    0.00    1.49    0.00    0.00    0.00   45.22

18:48:57     CPU    %usr   %nice    %sys %iowait    %irq   %soft  %steal  %guest  %gnice   %idle
18:49:02     all   31.47    0.00   15.82    0.44    0.00    2.14    0.16    0.00    0.00   49.97
18:49:02       0   34.09    0.00   17.38    0.45    0.00    3.39    0.23    0.00    0.00   44.47
18:49:02       1   32.08    0.00   14.82    0.44    0.00    2.88    0.22    0.00    0.00   49.56
18:49:02       2   35.97    0.00   14.99    0.21    0.00    1.28    0.00    0.00    0.00   47.54
18:49:02       3   23.75    0.00   16.12    0.65    0.00    1.09    0.22    0.00    0.00   58.17

18:49:02     CPU    %usr   %nice    %sys %iowait    %irq   %soft  %steal  %guest  %gnice   %idle
18:49:07     all   36.17    0.00   16.59    0.54    0.00    2.33    0.22    0.00    0.00   44.14
18:49:07       0   30.27    0.00   19.73    0.67    0.00    4.26    0.22    0.00    0.00   44.84
18:49:07       1   28.16    0.00   19.07    0.67    0.00    2.88    0.22    0.00    0.00   49.00
18:49:07       2   46.95    0.00   12.84    0.42    0.00    1.26    0.21    0.00    0.00   38.32
18:49:07       3   38.56    0.00   15.04    0.42    0.00    1.06    0.21    0.00    0.00   44.70

18:49:07     CPU    %usr   %nice    %sys %iowait    %irq   %soft  %steal  %guest  %gnice   %idle
18:49:12     all   36.40    0.00   15.56    0.22    0.00    2.53    0.11    0.00    0.00   45.18
18:49:12       0   50.43    0.00   12.28    0.00    0.00    4.53    0.22    0.00    0.00   32.54
18:49:12       1   31.96    0.00   16.74    0.43    0.00    3.48    0.00    0.00    0.00   47.39
18:49:12       2   35.33    0.00   16.06    0.21    0.00    0.86    0.21    0.00    0.00   47.32
18:49:12       3   27.90    0.00   17.17    0.21    0.00    1.29    0.00    0.00    0.00   53.43

18:49:12     CPU    %usr   %nice    %sys %iowait    %irq   %soft  %steal  %guest  %gnice   %idle
18:49:17     all   32.18    0.00   15.90    0.27    0.00    2.30    0.16    0.00    0.00   49.18
18:49:17       0   39.47    0.00   14.86    0.22    0.00    4.66    0.22    0.00    0.00   40.58
18:49:17       1   26.95    0.00   17.37    0.22    0.00    2.90    0.22    0.00    0.00   52.34
18:49:17       2   25.49    0.00   16.26    0.44    0.00    0.66    0.22    0.00    0.00   56.92
18:49:17       3   36.67    0.00   15.14    0.21    0.00    1.07    0.00    0.00    0.00   46.91

18:49:17     CPU    %usr   %nice    %sys %iowait    %irq   %soft  %steal  %guest  %gnice   %idle
18:49:22     all   32.00    0.00   13.19    0.37    0.00    1.55    0.16    0.00    0.00   52.72
18:49:22       0   26.04    0.00   16.19    0.22    0.00    2.41    0.22    0.00    0.00   54.92
18:49:22       1   22.88    0.00   14.38    0.65    0.00    1.96    0.00    0.00    0.00   60.13
18:49:22       2   43.58    0.00   10.95    0.21    0.00    1.05    0.21    0.00    0.00   44.00
18:49:22       3   34.93    0.00   11.43    0.42    0.00    0.83    0.21    0.00    0.00   52.18
