Linux 6.17.0-1015-aws (ip-172-31-8-179) 	05/27/26 	_x86_64_	(4 CPU)

20:16:07     CPU    %usr   %nice    %sys %iowait    %irq   %soft  %steal  %guest  %gnice   %idle
20:16:12     all   22.57    0.00    7.49    0.00    0.00    1.92    0.10    0.00    0.00   67.91
20:16:12       0   26.11    0.00    8.91    0.00    0.00    0.00    0.20    0.00    0.00   64.78
20:16:12       1   27.09    0.00    9.16    0.00    0.00    1.43    0.00    0.00    0.00   62.32
20:16:12       2   21.66    0.00    7.49    0.00    0.00    0.00    0.00    0.00    0.00   70.85
20:16:12       3   15.49    0.00    4.43    0.00    0.00    6.24    0.20    0.00    0.00   73.64

20:16:12     CPU    %usr   %nice    %sys %iowait    %irq   %soft  %steal  %guest  %gnice   %idle
20:16:17     all   64.65    0.00   22.50    0.00    0.00    7.77    0.15    0.00    0.00    4.93
20:16:17       0   66.26    0.00   26.02    0.00    0.00    0.00    0.00    0.00    0.00    7.72
20:16:17       1   64.08    0.00   24.29    0.00    0.00    6.73    0.20    0.00    0.00    4.69
20:16:17       2   63.29    0.00   26.57    0.00    0.00    3.65    0.20    0.00    0.00    6.29
20:16:17       3   64.98    0.00   13.16    0.00    0.00   20.65    0.20    0.00    0.00    1.01

20:16:17     CPU    %usr   %nice    %sys %iowait    %irq   %soft  %steal  %guest  %gnice   %idle
20:16:22     all   64.46    0.00   23.52    0.00    0.00    7.81    0.15    0.00    0.00    4.06
20:16:22       0   67.21    0.00   26.23    0.00    0.00    0.00    0.20    0.00    0.00    6.35
20:16:22       1   62.53    0.00   25.26    0.00    0.00    7.25    0.21    0.00    0.00    4.76
20:16:22       2   67.21    0.00   21.18    0.00    0.00    9.57    0.00    0.00    0.00    2.04
20:16:22       3   60.82    0.00   21.44    0.00    0.00   14.43    0.21    0.00    0.00    3.09

20:16:22     CPU    %usr   %nice    %sys %iowait    %irq   %soft  %steal  %guest  %gnice   %idle
20:16:27     all   64.53    0.00   23.61    0.00    0.00    7.34    0.21    0.00    0.00    4.31
20:16:27       0   61.48    0.00   30.12    0.00    0.00    2.25    0.20    0.00    0.00    5.94
20:16:27       1   64.54    0.00   23.71    0.00    0.00    6.19    0.21    0.00    0.00    5.36
20:16:27       2   71.40    0.00   17.24    0.00    0.00    9.74    0.20    0.00    0.00    1.42
20:16:27       3   60.58    0.00   23.44    0.00    0.00   11.20    0.21    0.00    0.00    4.56

20:16:27     CPU    %usr   %nice    %sys %iowait    %irq   %soft  %steal  %guest  %gnice   %idle
20:16:32     all   64.81    0.00   23.05    0.00    0.00    8.31    0.15    0.00    0.00    3.67
20:16:32       0   62.80    0.00   26.63    0.00    0.00    6.71    0.00    0.00    0.00    3.86
20:16:32       1   63.11    0.00   23.77    0.00    0.00    8.61    0.20    0.00    0.00    4.30
20:16:32       2   62.88    0.00   25.15    0.00    0.00    9.74    0.20    0.00    0.00    2.03
20:16:32       3   70.49    0.00   16.60    0.00    0.00    8.20    0.20    0.00    0.00    4.51

20:16:32     CPU    %usr   %nice    %sys %iowait    %irq   %soft  %steal  %guest  %gnice   %idle
20:16:37     all   64.74    0.00   22.84    0.00    0.00    8.18    0.26    0.00    0.00    3.99
20:16:37       0   61.96    0.00   26.18    0.00    0.00    6.95    0.20    0.00    0.00    4.70
20:16:37       1   67.96    0.00   20.00    0.00    0.00    7.96    0.20    0.00    0.00    3.88
20:16:37       2   70.77    0.00   17.54    0.00    0.00    9.88    0.20    0.00    0.00    1.61
20:16:37       3   58.09    0.00   27.80    0.00    0.00    7.88    0.41    0.00    0.00    5.81

20:16:37     CPU    %usr   %nice    %sys %iowait    %irq   %soft  %steal  %guest  %gnice   %idle
20:16:42     all   59.21    0.00   21.29    0.00    0.00    7.18    0.21    0.00    0.00   12.11
20:16:42       0   56.82    0.00   24.79    0.00    0.00    7.02    0.21    0.00    0.00   11.16
20:16:42       1   57.41    0.00   22.22    0.00    0.00    7.00    0.21    0.00    0.00   13.17
20:16:42       2   59.51    0.00   21.86    0.00    0.00    8.70    0.20    0.00    0.00    9.72
20:16:42       3   63.09    0.00   16.29    0.00    0.00    5.98    0.21    0.00    0.00   14.43

20:16:42     CPU    %usr   %nice    %sys %iowait    %irq   %soft  %steal  %guest  %gnice   %idle
20:16:47     all   56.28    0.00   23.70    0.00    0.00    6.25    0.11    0.00    0.00   13.66
20:16:47       0   53.67    0.00   26.62    0.00    0.00    5.24    0.00    0.00    0.00   14.47
20:16:47       1   56.03    0.00   21.99    0.00    0.00    6.13    0.21    0.00    0.00   15.64
20:16:47       2   63.49    0.00   21.16    0.00    0.00    7.88    0.00    0.00    0.00    7.47
20:16:47       3   51.80    0.00   25.05    0.00    0.00    5.73    0.21    0.00    0.00   17.20

20:16:47     CPU    %usr   %nice    %sys %iowait    %irq   %soft  %steal  %guest  %gnice   %idle
20:16:52     all   56.90    0.00   23.54    0.10    0.00    6.24    0.21    0.00    0.00   13.00
20:16:52       0   49.37    0.00   28.99    0.21    0.00    5.67    0.21    0.00    0.00   15.55
20:16:52       1   57.89    0.00   22.32    0.21    0.00    6.32    0.21    0.00    0.00   13.05
20:16:52       2   61.52    0.00   21.81    0.00    0.00    7.61    0.21    0.00    0.00    8.85
20:16:52       3   58.72    0.00   21.06    0.00    0.00    5.32    0.21    0.00    0.00   14.68

20:16:52     CPU    %usr   %nice    %sys %iowait    %irq   %soft  %steal  %guest  %gnice   %idle
20:16:57     all   56.72    0.00   24.32    0.00    0.00    6.14    0.16    0.00    0.00   12.66
20:16:57       0   59.49    0.00   23.42    0.00    0.00    5.91    0.00    0.00    0.00   11.18
20:16:57       1   61.46    0.00   19.58    0.00    0.00    6.04    0.21    0.00    0.00   12.71
20:16:57       2   55.72    0.00   27.12    0.00    0.00    7.20    0.21    0.00    0.00    9.75
20:16:57       3   50.21    0.00   27.20    0.00    0.00    5.44    0.21    0.00    0.00   16.95

20:16:57     CPU    %usr   %nice    %sys %iowait    %irq   %soft  %steal  %guest  %gnice   %idle
20:17:02     all   55.47    0.00   24.85    0.00    0.00    6.03    0.21    0.00    0.00   13.43
20:17:02       0   50.42    0.00   28.24    0.00    0.00    6.49    0.21    0.00    0.00   14.64
20:17:02       1   56.17    0.00   23.40    0.00    0.00    5.53    0.21    0.00    0.00   14.68
20:17:02       2   57.29    0.00   26.04    0.00    0.00    7.08    0.21    0.00    0.00    9.38
20:17:02       3   58.10    0.00   21.60    0.00    0.00    4.97    0.22    0.00    0.00   15.12

20:17:02     CPU    %usr   %nice    %sys %iowait    %irq   %soft  %steal  %guest  %gnice   %idle
20:17:07     all   55.06    0.00   24.44    0.00    0.00    6.14    0.10    0.00    0.00   14.26
20:17:07       0   57.11    0.00   23.22    0.00    0.00    5.65    0.00    0.00    0.00   14.02
20:17:07       1   60.21    0.00   21.04    0.00    0.00    6.04    0.00    0.00    0.00   12.71
20:17:07       2   54.30    0.00   26.83    0.00    0.00    7.55    0.21    0.00    0.00   11.11
20:17:07       3   48.52    0.00   26.69    0.00    0.00    5.30    0.21    0.00    0.00   19.28

20:17:07     CPU    %usr   %nice    %sys %iowait    %irq   %soft  %steal  %guest  %gnice   %idle
20:17:12     all   55.84    0.00   24.40    0.16    0.00    6.10    0.21    0.00    0.00   13.30
20:17:12       0   58.96    0.00   21.88    0.00    0.00    5.83    0.21    0.00    0.00   13.12
20:17:12       1   58.64    0.00   22.84    0.21    0.00    5.97    0.21    0.00    0.00   12.14
20:17:12       2   53.78    0.00   27.52    0.21    0.00    7.56    0.21    0.00    0.00   10.71
20:17:12       3   51.74    0.00   25.43    0.22    0.00    5.00    0.22    0.00    0.00   17.39

20:17:12     CPU    %usr   %nice    %sys %iowait    %irq   %soft  %steal  %guest  %gnice   %idle
20:17:17     all   56.32    0.00   24.23    0.00    0.00    6.29    0.16    0.00    0.00   13.00
20:17:17       0   54.28    0.00   25.89    0.00    0.00    6.68    0.00    0.00    0.00   13.15
20:17:17       1   52.73    0.00   26.05    0.00    0.00    5.67    0.21    0.00    0.00   15.34
20:17:17       2   58.79    0.00   24.69    0.00    0.00    6.49    0.21    0.00    0.00    9.83
20:17:17       3   59.49    0.00   20.25    0.00    0.00    6.33    0.21    0.00    0.00   13.71

20:17:17     CPU    %usr   %nice    %sys %iowait    %irq   %soft  %steal  %guest  %gnice   %idle
20:17:22     all   56.47    0.00   24.51    0.00    0.00    5.65    0.21    0.00    0.00   13.15
20:17:22       0   58.32    0.00   22.53    0.00    0.00    5.05    0.21    0.00    0.00   13.89
20:17:22       1   54.76    0.00   24.74    0.00    0.00    5.50    0.21    0.00    0.00   14.80
20:17:22       2   54.56    0.00   28.63    0.00    0.00    6.85    0.21    0.00    0.00    9.75
20:17:22       3   58.32    0.00   22.03    0.00    0.00    5.18    0.22    0.00    0.00   14.25

20:17:22     CPU    %usr   %nice    %sys %iowait    %irq   %soft  %steal  %guest  %gnice   %idle
20:17:27     all   55.71    0.00   25.28    0.00    0.00    6.11    0.16    0.00    0.00   12.75
20:17:27       0   57.35    0.00   24.37    0.00    0.00    6.30    0.00    0.00    0.00   11.97
20:17:27       1   61.73    0.00   20.72    0.00    0.00    5.50    0.21    0.00    0.00   11.84
20:17:27       2   55.39    0.00   27.06    0.00    0.00    6.98    0.21    0.00    0.00   10.36
20:17:27       3   48.16    0.00   29.07    0.00    0.00    5.64    0.22    0.00    0.00   16.92

20:17:27     CPU    %usr   %nice    %sys %iowait    %irq   %soft  %steal  %guest  %gnice   %idle
20:17:32     all   56.19    0.00   24.17    0.00    0.00    6.27    0.16    0.00    0.00   13.22
20:17:32       0   56.51    0.00   24.58    0.00    0.00    6.09    0.21    0.00    0.00   12.61
20:17:32       1   59.54    0.00   20.95    0.00    0.00    6.22    0.00    0.00    0.00   13.28
20:17:32       2   60.08    0.00   24.32    0.00    0.00    6.65    0.21    0.00    0.00    8.73
20:17:32       3   48.26    0.00   26.96    0.00    0.00    6.09    0.22    0.00    0.00   18.48

20:17:32     CPU    %usr   %nice    %sys %iowait    %irq   %soft  %steal  %guest  %gnice   %idle
20:17:37     all   55.66    0.00   25.33    0.05    0.00    6.11    0.16    0.00    0.00   12.69
20:17:37       0   50.00    0.00   29.79    0.00    0.00    6.46    0.21    0.00    0.00   13.54
20:17:37       1   54.41    0.00   25.84    0.21    0.00    5.04    0.21    0.00    0.00   14.29
20:17:37       2   68.11    0.00   17.90    0.00    0.00    7.41    0.21    0.00    0.00    6.38
20:17:37       3   49.67    0.00   28.01    0.00    0.00    5.47    0.00    0.00    0.00   16.85

20:17:37     CPU    %usr   %nice    %sys %iowait    %irq   %soft  %steal  %guest  %gnice   %idle
20:17:42     all   54.87    0.00   24.91    0.00    0.00    5.95    0.16    0.00    0.00   14.11
20:17:42       0   65.70    0.00   16.94    0.00    0.00    6.61    0.00    0.00    0.00   10.74
20:17:42       1   49.79    0.00   27.78    0.00    0.00    5.13    0.21    0.00    0.00   17.09
20:17:42       2   53.22    0.00   28.90    0.00    0.00    6.86    0.21    0.00    0.00   10.81
20:17:42       3   50.43    0.00   26.18    0.00    0.00    5.15    0.21    0.00    0.00   18.03

20:17:42     CPU    %usr   %nice    %sys %iowait    %irq   %soft  %steal  %guest  %gnice   %idle
20:17:47     all   55.58    0.00   24.25    0.00    0.00    6.35    0.21    0.00    0.00   13.61
20:17:47       0   57.68    0.00   22.95    0.00    0.00    6.32    0.21    0.00    0.00   12.84
20:17:47       1   51.50    0.00   25.75    0.00    0.00    6.01    0.21    0.00    0.00   16.52
20:17:47       2   56.37    0.00   25.89    0.00    0.00    6.89    0.21    0.00    0.00   10.65
20:17:47       3   56.72    0.00   22.39    0.00    0.00    6.18    0.21    0.00    0.00   14.50

20:17:47     CPU    %usr   %nice    %sys %iowait    %irq   %soft  %steal  %guest  %gnice   %idle
20:17:52     all   56.47    0.00   24.61    0.00    0.00    5.99    0.21    0.00    0.00   12.72
20:17:52       0   52.54    0.00   26.91    0.00    0.00    5.72    0.21    0.00    0.00   14.62
20:17:52       1   58.54    0.00   22.29    0.00    0.00    5.21    0.21    0.00    0.00   13.75
20:17:52       2   55.44    0.00   27.20    0.00    0.00    7.11    0.21    0.00    0.00   10.04
20:17:52       3   59.32    0.00   22.03    0.00    0.00    5.93    0.21    0.00    0.00   12.50

20:17:52     CPU    %usr   %nice    %sys %iowait    %irq   %soft  %steal  %guest  %gnice   %idle
20:17:57     all   57.30    0.00   24.12    0.05    0.00    6.33    0.16    0.00    0.00   12.04
20:17:57       0   65.84    0.00   18.22    0.00    0.00    6.42    0.00    0.00    0.00    9.52
20:17:57       1   52.09    0.00   27.41    0.00    0.00    5.23    0.21    0.00    0.00   15.06
20:17:57       2   55.77    0.00   27.04    0.00    0.00    7.34    0.21    0.00    0.00    9.64
20:17:57       3   55.39    0.00   23.89    0.21    0.00    6.34    0.21    0.00    0.00   13.95

20:17:57     CPU    %usr   %nice    %sys %iowait    %irq   %soft  %steal  %guest  %gnice   %idle
20:18:02     all   56.61    0.00   24.61    0.00    0.00    6.30    0.21    0.00    0.00   12.28
20:18:02       0   65.29    0.00   18.60    0.00    0.00    6.20    0.21    0.00    0.00    9.71
20:18:02       1   50.73    0.00   28.48    0.00    0.00    5.82    0.21    0.00    0.00   14.76
20:18:02       2   55.09    0.00   27.03    0.00    0.00    7.48    0.21    0.00    0.00   10.19
20:18:02       3   55.25    0.00   24.37    0.00    0.00    5.67    0.21    0.00    0.00   14.50

20:18:02     CPU    %usr   %nice    %sys %iowait    %irq   %soft  %steal  %guest  %gnice   %idle
20:18:07     all   55.62    0.00   24.97    0.00    0.00    6.10    0.11    0.00    0.00   13.20
20:18:07       0   56.69    0.00   24.69    0.00    0.00    5.44    0.00    0.00    0.00   13.18
20:18:07       1   51.70    0.00   27.23    0.00    0.00    6.17    0.00    0.00    0.00   14.89
20:18:07       2   56.12    0.00   27.22    0.00    0.00    6.96    0.21    0.00    0.00    9.49
20:18:07       3   57.97    0.00   20.69    0.00    0.00    5.82    0.22    0.00    0.00   15.30

20:18:07     CPU    %usr   %nice    %sys %iowait    %irq   %soft  %steal  %guest  %gnice   %idle
20:18:12     all   56.13    0.00   24.37    0.00    0.00    6.03    0.16    0.00    0.00   13.32
20:18:12       0   59.49    0.00   21.52    0.00    0.00    5.91    0.21    0.00    0.00   12.87
20:18:12       1   58.44    0.00   21.52    0.00    0.00    5.70    0.21    0.00    0.00   14.14
20:18:12       2   56.99    0.00   26.51    0.00    0.00    7.10    0.00    0.00    0.00    9.39
20:18:12       3   49.46    0.00   27.96    0.00    0.00    5.38    0.22    0.00    0.00   16.99

20:18:12     CPU    %usr   %nice    %sys %iowait    %irq   %soft  %steal  %guest  %gnice   %idle
20:18:17     all   55.61    0.00   24.28    0.00    0.00    6.16    0.21    0.00    0.00   13.74
20:18:17       0   54.66    0.00   25.21    0.00    0.00    5.93    0.21    0.00    0.00   13.98
20:18:17       1   58.79    0.00   21.55    0.00    0.00    5.65    0.21    0.00    0.00   13.81
20:18:17       2   54.64    0.00   27.22    0.00    0.00    6.96    0.21    0.00    0.00   10.97
20:18:17       3   54.32    0.00   23.16    0.00    0.00    6.11    0.21    0.00    0.00   16.21

20:18:17     CPU    %usr   %nice    %sys %iowait    %irq   %soft  %steal  %guest  %gnice   %idle
20:18:22     all   56.38    0.00   24.60    0.00    0.00    6.32    0.16    0.00    0.00   12.54
20:18:22       0   54.35    0.00   26.75    0.00    0.00    5.94    0.00    0.00    0.00   12.95
20:18:22       1   65.84    0.00   17.49    0.00    0.00    5.76    0.21    0.00    0.00   10.70
20:18:22       2   55.95    0.00   26.30    0.00    0.00    7.72    0.21    0.00    0.00    9.81
20:18:22       3   48.92    0.00   28.14    0.00    0.00    5.84    0.22    0.00    0.00   16.88

20:18:22     CPU    %usr   %nice    %sys %iowait    %irq   %soft  %steal  %guest  %gnice   %idle
20:18:27     all   56.99    0.00   24.96    0.00    0.00    5.86    0.21    0.00    0.00   11.98
20:18:27       0   57.50    0.00   25.21    0.00    0.00    5.62    0.21    0.00    0.00   11.46
20:18:27       1   56.42    0.00   24.00    0.00    0.00    5.89    0.21    0.00    0.00   13.47
20:18:27       2   54.43    0.00   28.90    0.00    0.00    6.33    0.21    0.00    0.00   10.13
20:18:27       3   59.66    0.00   21.67    0.00    0.00    5.58    0.21    0.00    0.00   12.88

20:18:27     CPU    %usr   %nice    %sys %iowait    %irq   %soft  %steal  %guest  %gnice   %idle
20:18:32     all   56.22    0.00   25.03    0.00    0.00    6.91    0.21    0.00    0.00   11.64
20:18:32       0   56.72    0.00   24.16    0.00    0.00    6.51    0.00    0.00    0.00   12.61
20:18:32       1   50.43    0.00   28.54    0.00    0.00    5.79    0.21    0.00    0.00   15.02
20:18:32       2   60.89    0.00   22.62    0.00    0.00    6.98    0.21    0.00    0.00    9.30
20:18:32       3   56.75    0.00   24.84    0.00    0.00    8.35    0.43    0.00    0.00    9.64

20:18:32     CPU    %usr   %nice    %sys %iowait    %irq   %soft  %steal  %guest  %gnice   %idle
20:18:37     all   56.86    0.00   25.25    0.05    0.00    6.79    0.21    0.00    0.00   10.84
20:18:37       0   53.04    0.00   27.67    0.00    0.00    6.29    0.21    0.00    0.00   12.79
20:18:37       1   50.32    0.00   29.68    0.22    0.00    5.16    0.22    0.00    0.00   14.41
20:18:37       2   54.91    0.00   26.93    0.00    0.00    7.52    0.21    0.00    0.00   10.44
20:18:37       3   68.96    0.00   16.88    0.00    0.00    8.12    0.21    0.00    0.00    5.83

20:18:37     CPU    %usr   %nice    %sys %iowait    %irq   %soft  %steal  %guest  %gnice   %idle
20:18:42     all   48.53    0.00   21.24    0.00    0.00    5.42    0.16    0.00    0.00   24.66
20:18:42       0   40.42    0.00   24.21    0.00    0.00    4.42    0.21    0.00    0.00   30.74
20:18:42       1   54.16    0.00   24.31    0.00    0.00    3.62    0.00    0.00    0.00   17.91
20:18:42       2   44.65    0.00   22.64    0.00    0.00    5.87    0.21    0.00    0.00   26.62
20:18:42       3   54.89    0.00   13.93    0.00    0.00    7.69    0.21    0.00    0.00   23.28
