Linux 6.17.0-1017-aws (ip-172-31-15-196) 	05/29/26 	_x86_64_	(4 CPU)

14:25:13     CPU    %usr   %nice    %sys %iowait    %irq   %soft  %steal  %guest  %gnice   %idle
14:25:18     all   14.03    0.00    3.53    0.10    0.00    0.40    0.05    0.00    0.00   81.89
14:25:18       0    8.32    0.00    2.64    0.00    0.00    0.61    0.00    0.00    0.00   88.44
14:25:18       1   21.37    0.00    3.43    0.00    0.00    0.40    0.20    0.00    0.00   74.60
14:25:18       2    5.65    0.00    3.83    0.00    0.00    0.00    0.00    0.00    0.00   90.52
14:25:18       3   20.72    0.00    4.23    0.40    0.00    0.60    0.00    0.00    0.00   74.04

14:25:18     CPU    %usr   %nice    %sys %iowait    %irq   %soft  %steal  %guest  %gnice   %idle
14:25:23     all   59.04    0.00   23.39    0.00    0.00    5.04    0.21    0.00    0.00   12.32
14:25:23       0   57.05    0.00   24.07    0.00    0.00    9.54    0.21    0.00    0.00    9.13
14:25:23       1   59.41    0.00   23.85    0.00    0.00    3.77    0.21    0.00    0.00   12.76
14:25:23       2   52.51    0.00   28.45    0.00    0.00    0.42    0.00    0.00    0.00   18.62
14:25:23       3   67.08    0.00   17.28    0.00    0.00    6.38    0.41    0.00    0.00    8.85

14:25:23     CPU    %usr   %nice    %sys %iowait    %irq   %soft  %steal  %guest  %gnice   %idle
14:25:28     all   60.13    0.00   23.45    0.00    0.00    4.72    0.21    0.00    0.00   11.49
14:25:28       0   59.54    0.00   23.24    0.00    0.00    7.88    0.00    0.00    0.00    9.34
14:25:28       1   53.52    0.00   28.57    0.00    0.00    3.41    0.43    0.00    0.00   14.07
14:25:28       2   61.67    0.00   22.71    0.00    0.00    2.29    0.21    0.00    0.00   13.12
14:25:28       3   65.68    0.00   19.37    0.00    0.00    5.26    0.21    0.00    0.00    9.47

14:25:28     CPU    %usr   %nice    %sys %iowait    %irq   %soft  %steal  %guest  %gnice   %idle
14:25:33     all   60.57    0.00   24.07    0.00    0.00    5.07    0.21    0.00    0.00   10.08
14:25:33       0   57.29    0.00   25.21    0.00    0.00    7.92    0.21    0.00    0.00    9.38
14:25:33       1   64.23    0.00   22.18    0.00    0.00    4.18    0.21    0.00    0.00    9.21
14:25:33       2   56.46    0.00   29.58    0.00    0.00    2.08    0.00    0.00    0.00   11.88
14:25:33       3   64.36    0.00   19.29    0.00    0.00    6.08    0.42    0.00    0.00    9.85

14:25:33     CPU    %usr   %nice    %sys %iowait    %irq   %soft  %steal  %guest  %gnice   %idle
14:25:38     all   59.84    0.00   24.27    0.05    0.00    5.10    0.16    0.00    0.00   10.57
14:25:38       0   66.46    0.00   18.61    0.20    0.00    8.59    0.00    0.00    0.00    6.13
14:25:38       1   52.56    0.00   27.56    0.00    0.00    4.06    0.21    0.00    0.00   15.60
14:25:38       2   59.88    0.00   26.54    0.00    0.00    2.26    0.21    0.00    0.00   11.11
14:25:38       3   60.17    0.00   24.53    0.00    0.00    5.45    0.21    0.00    0.00    9.64

14:25:38     CPU    %usr   %nice    %sys %iowait    %irq   %soft  %steal  %guest  %gnice   %idle
14:25:43     all   61.16    0.00   24.20    0.00    0.00    5.09    0.21    0.00    0.00    9.35
14:25:43       0   61.78    0.00   22.31    0.00    0.00    7.85    0.21    0.00    0.00    7.85
14:25:43       1   59.83    0.00   25.52    0.00    0.00    3.97    0.42    0.00    0.00   10.25
14:25:43       2   54.28    0.00   30.69    0.00    0.00    2.51    0.00    0.00    0.00   12.53
14:25:43       3   68.66    0.00   18.35    0.00    0.00    5.98    0.21    0.00    0.00    6.80

14:25:43     CPU    %usr   %nice    %sys %iowait    %irq   %soft  %steal  %guest  %gnice   %idle
14:25:48     all   57.26    0.00   22.27    0.00    0.00    4.91    0.26    0.00    0.00   15.30
14:25:48       0   57.49    0.00   20.74    0.00    0.00    7.80    0.00    0.00    0.00   13.96
14:25:48       1   56.90    0.00   21.55    0.00    0.00    3.77    0.42    0.00    0.00   17.36
14:25:48       2   56.85    0.00   26.18    0.00    0.00    2.45    0.20    0.00    0.00   14.31
14:25:48       3   57.80    0.00   20.58    0.00    0.00    5.61    0.42    0.00    0.00   15.59

14:25:48     CPU    %usr   %nice    %sys %iowait    %irq   %soft  %steal  %guest  %gnice   %idle
14:25:53     all   54.06    0.00   22.14    0.00    0.00    4.29    0.10    0.00    0.00   19.41
14:25:53       0   50.11    0.00   24.00    0.00    0.00    6.74    0.00    0.00    0.00   19.16
14:25:53       1   55.56    0.00   20.96    0.00    0.00    2.94    0.21    0.00    0.00   20.34
14:25:53       2   48.53    0.00   26.26    0.00    0.00    1.89    0.00    0.00    0.00   23.32
14:25:53       3   61.90    0.00   17.39    0.00    0.00    5.59    0.21    0.00    0.00   14.91

14:25:53     CPU    %usr   %nice    %sys %iowait    %irq   %soft  %steal  %guest  %gnice   %idle
14:25:58     all   54.35    0.00   23.25    0.00    0.00    4.38    0.21    0.00    0.00   17.82
14:25:58       0   52.83    0.00   24.95    0.00    0.00    6.50    0.21    0.00    0.00   15.51
14:25:58       1   55.30    0.00   21.82    0.00    0.00    3.81    0.21    0.00    0.00   18.86
14:25:58       2   46.93    0.00   29.18    0.00    0.00    1.69    0.21    0.00    0.00   21.99
14:25:58       3   62.32    0.00   17.05    0.00    0.00    5.47    0.21    0.00    0.00   14.95

14:25:58     CPU    %usr   %nice    %sys %iowait    %irq   %soft  %steal  %guest  %gnice   %idle
14:26:03     all   57.22    0.00   22.68    0.05    0.00    4.30    0.21    0.00    0.00   15.54
14:26:03       0   58.66    0.00   21.29    0.00    0.00    6.89    0.00    0.00    0.00   13.15
14:26:03       1   62.42    0.00   18.37    0.21    0.00    3.55    0.42    0.00    0.00   15.03
14:26:03       2   49.36    0.00   29.36    0.00    0.00    1.70    0.00    0.00    0.00   19.57
14:26:03       3   58.28    0.00   21.80    0.00    0.00    5.03    0.42    0.00    0.00   14.47

14:26:03     CPU    %usr   %nice    %sys %iowait    %irq   %soft  %steal  %guest  %gnice   %idle
14:26:08     all   55.54    0.00   22.52    0.00    0.00    4.22    0.21    0.00    0.00   17.51
14:26:08       0   55.67    0.00   22.48    0.00    0.00    6.72    0.21    0.00    0.00   14.92
14:26:08       1   55.83    0.00   21.04    0.00    0.00    3.54    0.21    0.00    0.00   19.38
14:26:08       2   48.60    0.00   27.53    0.00    0.00    2.15    0.22    0.00    0.00   21.51
14:26:08       3   61.89    0.00   19.16    0.00    0.00    4.42    0.21    0.00    0.00   14.32

14:26:08     CPU    %usr   %nice    %sys %iowait    %irq   %soft  %steal  %guest  %gnice   %idle
14:26:13     all   54.77    0.00   22.88    0.05    0.00    4.06    0.11    0.00    0.00   18.13
14:26:13       0   62.53    0.00   16.98    0.00    0.00    7.25    0.00    0.00    0.00   13.25
14:26:13       1   50.00    0.00   24.15    0.00    0.00    2.56    0.21    0.00    0.00   23.08
14:26:13       2   52.01    0.00   27.27    0.00    0.00    1.69    0.00    0.00    0.00   19.03
14:26:13       3   54.33    0.00   23.26    0.21    0.00    4.65    0.21    0.00    0.00   17.34

14:26:13     CPU    %usr   %nice    %sys %iowait    %irq   %soft  %steal  %guest  %gnice   %idle
14:26:18     all   54.76    0.00   22.33    0.00    0.00    4.20    0.26    0.00    0.00   18.44
14:26:18       0   56.88    0.00   21.04    0.00    0.00    6.67    0.21    0.00    0.00   15.21
14:26:18       1   56.34    0.00   20.17    0.00    0.00    3.33    0.21    0.00    0.00   19.96
14:26:18       2   51.82    0.00   26.55    0.00    0.00    1.71    0.21    0.00    0.00   19.70
14:26:18       3   53.89    0.00   21.68    0.00    0.00    5.05    0.42    0.00    0.00   18.95

14:26:18     CPU    %usr   %nice    %sys %iowait    %irq   %soft  %steal  %guest  %gnice   %idle
14:26:23     all   55.19    0.00   22.80    0.00    0.00    4.05    0.16    0.00    0.00   17.80
14:26:23       0   61.95    0.00   18.71    0.00    0.00    6.86    0.21    0.00    0.00   12.27
14:26:23       1   53.04    0.00   24.11    0.00    0.00    2.31    0.21    0.00    0.00   20.34
14:26:23       2   49.89    0.00   27.84    0.00    0.00    2.14    0.00    0.00    0.00   20.13
14:26:23       3   55.70    0.00   20.68    0.00    0.00    4.85    0.21    0.00    0.00   18.57

14:26:23     CPU    %usr   %nice    %sys %iowait    %irq   %soft  %steal  %guest  %gnice   %idle
14:26:28     all   55.35    0.00   22.99    0.05    0.00    4.34    0.16    0.00    0.00   17.11
14:26:28       0   51.27    0.00   25.00    0.00    0.00    6.78    0.00    0.00    0.00   16.95
14:26:28       1   60.21    0.00   21.04    0.00    0.00    2.92    0.21    0.00    0.00   15.62
14:26:28       2   47.63    0.00   27.59    0.22    0.00    2.37    0.22    0.00    0.00   21.98
14:26:28       3   62.08    0.00   18.43    0.00    0.00    5.30    0.21    0.00    0.00   13.98

14:26:28     CPU    %usr   %nice    %sys %iowait    %irq   %soft  %steal  %guest  %gnice   %idle
14:26:33     all   54.68    0.00   22.66    0.00    0.00    4.52    0.21    0.00    0.00   17.93
14:26:33       0   52.00    0.00   22.74    0.00    0.00    7.58    0.21    0.00    0.00   17.47
14:26:33       1   62.14    0.00   20.16    0.00    0.00    3.09    0.21    0.00    0.00   14.40
14:26:33       2   43.91    0.00   28.26    0.00    0.00    1.74    0.00    0.00    0.00   26.09
14:26:33       3   60.08    0.00   19.75    0.00    0.00    5.61    0.42    0.00    0.00   14.14

14:26:33     CPU    %usr   %nice    %sys %iowait    %irq   %soft  %steal  %guest  %gnice   %idle
14:26:38     all   53.90    0.00   23.37    0.00    0.00    4.56    0.16    0.00    0.00   18.02
14:26:38       0   57.95    0.00   21.13    0.00    0.00    7.53    0.00    0.00    0.00   13.39
14:26:38       1   51.58    0.00   24.00    0.00    0.00    3.58    0.21    0.00    0.00   20.63
14:26:38       2   49.46    0.00   28.05    0.00    0.00    1.93    0.21    0.00    0.00   20.34
14:26:38       3   56.53    0.00   20.34    0.00    0.00    5.14    0.21    0.00    0.00   17.77

14:26:38     CPU    %usr   %nice    %sys %iowait    %irq   %soft  %steal  %guest  %gnice   %idle
14:26:43     all   55.03    0.00   22.64    0.00    0.00    4.45    0.16    0.00    0.00   17.71
14:26:43       0   59.25    0.00   19.75    0.00    0.00    7.28    0.21    0.00    0.00   13.51
14:26:43       1   54.37    0.00   22.71    0.00    0.00    2.92    0.21    0.00    0.00   19.79
14:26:43       2   44.75    0.00   28.69    0.00    0.00    2.14    0.00    0.00    0.00   24.41
14:26:43       3   61.46    0.00   19.58    0.00    0.00    5.42    0.21    0.00    0.00   13.33

14:26:43     CPU    %usr   %nice    %sys %iowait    %irq   %soft  %steal  %guest  %gnice   %idle
14:26:48     all   55.22    0.00   22.55    0.00    0.00    3.90    0.21    0.00    0.00   18.12
14:26:48       0   62.13    0.00   17.99    0.00    0.00    6.49    0.00    0.00    0.00   13.39
14:26:48       1   55.39    0.00   22.41    0.00    0.00    2.70    0.21    0.00    0.00   19.29
14:26:48       2   47.53    0.00   27.74    0.00    0.00    2.15    0.22    0.00    0.00   22.37
14:26:48       3   55.60    0.00   22.20    0.00    0.00    4.23    0.42    0.00    0.00   17.55

14:26:48     CPU    %usr   %nice    %sys %iowait    %irq   %soft  %steal  %guest  %gnice   %idle
14:26:53     all   54.53    0.00   22.71    0.00    0.00    4.27    0.21    0.00    0.00   18.28
14:26:53       0   65.56    0.00   14.52    0.00    0.00    7.68    0.21    0.00    0.00   12.03
14:26:53       1   51.26    0.00   24.37    0.00    0.00    2.73    0.21    0.00    0.00   21.43
14:26:53       2   49.36    0.00   29.03    0.00    0.00    1.69    0.21    0.00    0.00   19.70
14:26:53       3   51.71    0.00   23.08    0.00    0.00    4.91    0.21    0.00    0.00   20.09

14:26:53     CPU    %usr   %nice    %sys %iowait    %irq   %soft  %steal  %guest  %gnice   %idle
14:26:58     all   54.74    0.00   22.60    0.00    0.00    4.13    0.26    0.00    0.00   18.26
14:26:58       0   54.33    0.00   21.56    0.00    0.00    7.40    0.21    0.00    0.00   16.49
14:26:58       1   52.94    0.00   23.53    0.00    0.00    2.73    0.42    0.00    0.00   20.38
14:26:58       2   50.96    0.00   26.55    0.00    0.00    1.93    0.00    0.00    0.00   20.56
14:26:58       3   60.68    0.00   18.82    0.00    0.00    4.44    0.42    0.00    0.00   15.64

14:26:58     CPU    %usr   %nice    %sys %iowait    %irq   %soft  %steal  %guest  %gnice   %idle
14:27:03     all   54.21    0.00   23.00    0.00    0.00    4.19    0.16    0.00    0.00   18.44
14:27:03       0   53.29    0.00   21.87    0.00    0.00    7.64    0.00    0.00    0.00   17.20
14:27:03       1   59.88    0.00   19.75    0.00    0.00    2.49    0.21    0.00    0.00   17.67
14:27:03       2   49.24    0.00   27.65    0.00    0.00    1.94    0.22    0.00    0.00   20.95
14:27:03       3   54.24    0.00   22.88    0.00    0.00    4.66    0.21    0.00    0.00   18.01

14:27:03     CPU    %usr   %nice    %sys %iowait    %irq   %soft  %steal  %guest  %gnice   %idle
14:27:08     all   54.26    0.00   23.24    0.00    0.00    4.41    0.16    0.00    0.00   17.93
14:27:08       0   53.68    0.00   23.16    0.00    0.00    7.16    0.21    0.00    0.00   15.79
14:27:08       1   60.84    0.00   18.32    0.00    0.00    3.16    0.21    0.00    0.00   17.47
14:27:08       2   46.85    0.00   29.07    0.00    0.00    1.95    0.00    0.00    0.00   22.13
14:27:08       3   55.44    0.00   22.60    0.00    0.00    5.33    0.21    0.00    0.00   16.42

14:27:08     CPU    %usr   %nice    %sys %iowait    %irq   %soft  %steal  %guest  %gnice   %idle
14:27:13     all   54.91    0.00   23.02    0.00    0.00    4.26    0.21    0.00    0.00   17.60
14:27:13       0   64.73    0.00   16.80    0.00    0.00    7.05    0.00    0.00    0.00   11.41
14:27:13       1   54.18    0.00   22.80    0.00    0.00    2.72    0.21    0.00    0.00   20.08
14:27:13       2   47.44    0.00   29.06    0.00    0.00    2.35    0.21    0.00    0.00   20.94
14:27:13       3   53.05    0.00   23.58    0.00    0.00    4.84    0.42    0.00    0.00   18.11

14:27:13     CPU    %usr   %nice    %sys %iowait    %irq   %soft  %steal  %guest  %gnice   %idle
14:27:18     all   53.92    0.00   22.88    0.00    0.00    4.13    0.16    0.00    0.00   18.91
14:27:18       0   55.27    0.00   21.52    0.00    0.00    6.75    0.21    0.00    0.00   16.24
14:27:18       1   60.37    0.00   18.05    0.00    0.00    3.32    0.21    0.00    0.00   18.05
14:27:18       2   45.81    0.00   29.25    0.00    0.00    1.72    0.00    0.00    0.00   23.23
14:27:18       3   53.96    0.00   22.91    0.00    0.00    4.71    0.21    0.00    0.00   18.20

14:27:18     CPU    %usr   %nice    %sys %iowait    %irq   %soft  %steal  %guest  %gnice   %idle
14:27:23     all   55.39    0.00   22.30    0.00    0.00    4.14    0.21    0.00    0.00   17.95
14:27:23       0   56.33    0.00   21.31    0.00    0.00    7.17    0.21    0.00    0.00   14.98
14:27:23       1   56.90    0.00   20.81    0.00    0.00    2.55    0.00    0.00    0.00   19.75
14:27:23       2   53.30    0.00   24.52    0.00    0.00    2.35    0.21    0.00    0.00   19.62
14:27:23       3   55.01    0.00   22.60    0.00    0.00    4.48    0.43    0.00    0.00   17.48

14:27:23     CPU    %usr   %nice    %sys %iowait    %irq   %soft  %steal  %guest  %gnice   %idle
14:27:28     all   55.31    0.00   22.82    0.00    0.00    4.28    0.11    0.00    0.00   17.49
14:27:28       0   59.41    0.00   19.67    0.00    0.00    7.74    0.00    0.00    0.00   13.18
14:27:28       1   53.67    0.00   23.48    0.00    0.00    3.14    0.21    0.00    0.00   19.50
14:27:28       2   55.20    0.00   25.48    0.00    0.00    1.70    0.00    0.00    0.00   17.62
14:27:28       3   52.89    0.00   22.70    0.00    0.00    4.50    0.21    0.00    0.00   19.70

14:27:28     CPU    %usr   %nice    %sys %iowait    %irq   %soft  %steal  %guest  %gnice   %idle
14:27:33     all   54.56    0.00   22.91    0.00    0.00    4.16    0.32    0.00    0.00   18.06
14:27:33       0   51.91    0.00   24.58    0.00    0.00    6.78    0.21    0.00    0.00   16.53
14:27:33       1   62.19    0.00   16.32    0.00    0.00    3.10    0.41    0.00    0.00   17.98
14:27:33       2   49.25    0.00   28.27    0.00    0.00    1.93    0.21    0.00    0.00   20.34
14:27:33       3   54.62    0.00   22.69    0.00    0.00    4.83    0.42    0.00    0.00   17.44

14:27:33     CPU    %usr   %nice    %sys %iowait    %irq   %soft  %steal  %guest  %gnice   %idle
14:27:38     all   54.85    0.00   23.10    0.00    0.00    4.54    0.05    0.00    0.00   17.46
14:27:38       0   56.84    0.00   21.47    0.00    0.00    7.37    0.00    0.00    0.00   14.32
14:27:38       1   56.52    0.00   21.74    0.00    0.00    3.11    0.00    0.00    0.00   18.63
14:27:38       2   47.86    0.00   28.85    0.00    0.00    2.14    0.00    0.00    0.00   21.15
14:27:38       3   58.09    0.00   20.43    0.00    0.00    5.53    0.21    0.00    0.00   15.74

14:27:38     CPU    %usr   %nice    %sys %iowait    %irq   %soft  %steal  %guest  %gnice   %idle
14:27:43     all   55.14    0.00   23.30    0.00    0.00    4.11    0.26    0.00    0.00   17.19
14:27:43       0   57.74    0.00   20.50    0.00    0.00    6.69    0.21    0.00    0.00   14.85
14:27:43       1   60.80    0.00   19.08    0.00    0.00    2.73    0.21    0.00    0.00   17.19
14:27:43       2   47.01    0.00   29.70    0.00    0.00    2.35    0.21    0.00    0.00   20.73
14:27:43       3   54.85    0.00   24.05    0.00    0.00    4.64    0.42    0.00    0.00   16.03

14:27:43     CPU    %usr   %nice    %sys %iowait    %irq   %soft  %steal  %guest  %gnice   %idle
14:27:48     all   54.88    0.00   23.30    0.00    0.00    4.16    0.11    0.00    0.00   17.55
14:27:48       0   54.03    0.00   23.09    0.00    0.00    6.99    0.00    0.00    0.00   15.89
14:27:48       1   59.01    0.00   19.46    0.00    0.00    3.11    0.21    0.00    0.00   18.22
14:27:48       2   48.71    0.00   28.54    0.00    0.00    2.15    0.00    0.00    0.00   20.60
14:27:48       3   57.56    0.00   22.27    0.00    0.00    4.41    0.21    0.00    0.00   15.55
