Linux 6.17.0-1017-aws (ip-172-31-2-195) 	05/29/26 	_x86_64_	(4 CPU)

14:25:15     CPU    %usr   %nice    %sys %iowait    %irq   %soft  %steal  %guest  %gnice   %idle
14:25:20     all   30.19    0.00    9.54    0.05    0.00    1.94    0.20    0.00    0.00   58.08
14:25:20       0   24.59    0.00    9.15    0.20    0.00    4.27    0.20    0.00    0.00   61.59
14:25:20       1   37.11    0.00    9.69    0.00    0.00    0.00    0.21    0.00    0.00   52.99
14:25:20       2   24.95    0.00    8.18    0.00    0.00    3.48    0.20    0.00    0.00   63.19
14:25:20       3   34.14    0.00   11.11    0.00    0.00    0.00    0.20    0.00    0.00   54.55

14:25:20     CPU    %usr   %nice    %sys %iowait    %irq   %soft  %steal  %guest  %gnice   %idle
14:25:25     all   64.46    0.00   21.03    0.00    0.00    4.87    0.10    0.00    0.00    9.54
14:25:25       0   64.89    0.00   19.92    0.00    0.00   10.68    0.00    0.00    0.00    4.52
14:25:25       1   65.37    0.00   20.29    0.00    0.00    0.00    0.20    0.00    0.00   14.14
14:25:25       2   64.58    0.00   21.04    0.00    0.00    8.96    0.00    0.00    0.00    5.42
14:25:25       3   63.03    0.00   22.83    0.00    0.00    0.00    0.20    0.00    0.00   13.94

14:25:25     CPU    %usr   %nice    %sys %iowait    %irq   %soft  %steal  %guest  %gnice   %idle
14:25:30     all   64.60    0.00   21.86    0.00    0.00    5.12    0.21    0.00    0.00    8.22
14:25:30       0   60.29    0.00   24.74    0.00    0.00    8.32    0.21    0.00    0.00    6.44
14:25:30       1   66.67    0.00   21.12    0.00    0.00    2.48    0.21    0.00    0.00    9.52
14:25:30       2   61.57    0.00   23.35    0.00    0.00    5.99    0.21    0.00    0.00    8.88
14:25:30       3   69.82    0.00   18.28    0.00    0.00    3.70    0.21    0.00    0.00    8.01

14:25:30     CPU    %usr   %nice    %sys %iowait    %irq   %soft  %steal  %guest  %gnice   %idle
14:25:35     all   64.51    0.00   21.78    0.00    0.00    5.33    0.31    0.00    0.00    8.07
14:25:35       0   60.50    0.00   22.69    0.00    0.00    6.72    0.21    0.00    0.00    9.87
14:25:35       1   60.66    0.00   26.92    0.00    0.00    4.55    0.41    0.00    0.00    7.45
14:25:35       2   65.70    0.00   21.28    0.00    0.00    3.72    0.21    0.00    0.00    9.09
14:25:35       3   71.02    0.00   16.33    0.00    0.00    6.33    0.41    0.00    0.00    5.92

14:25:35     CPU    %usr   %nice    %sys %iowait    %irq   %soft  %steal  %guest  %gnice   %idle
14:25:40     all   64.37    0.00   21.65    0.00    0.00    5.13    0.10    0.00    0.00    8.75
14:25:40       0   64.32    0.00   21.99    0.00    0.00    6.43    0.00    0.00    0.00    7.26
14:25:40       1   61.43    0.00   24.95    0.00    0.00    3.77    0.21    0.00    0.00    9.64
14:25:40       2   64.81    0.00   19.96    0.00    0.00    3.70    0.00    0.00    0.00   11.52
14:25:40       3   66.87    0.00   19.75    0.00    0.00    6.58    0.21    0.00    0.00    6.58

14:25:40     CPU    %usr   %nice    %sys %iowait    %irq   %soft  %steal  %guest  %gnice   %idle
14:25:45     all   64.13    0.00   22.22    0.00    0.00    5.74    0.16    0.00    0.00    7.75
14:25:45       0   68.10    0.00   19.02    0.00    0.00    7.57    0.20    0.00    0.00    5.11
14:25:45       1   57.23    0.00   26.42    0.00    0.00    4.19    0.21    0.00    0.00   11.95
14:25:45       2   63.56    0.00   24.84    0.00    0.00    4.55    0.00    0.00    0.00    7.04
14:25:45       3   67.49    0.00   18.72    0.00    0.00    6.58    0.21    0.00    0.00    7.00

14:25:45     CPU    %usr   %nice    %sys %iowait    %irq   %soft  %steal  %guest  %gnice   %idle
14:25:50     all   58.04    0.00   19.61    0.00    0.00    4.60    0.21    0.00    0.00   17.54
14:25:50       0   65.63    0.00   18.63    0.00    0.00    5.80    0.21    0.00    0.00    9.73
14:25:50       1   57.41    0.00   19.21    0.00    0.00    3.76    0.21    0.00    0.00   19.42
14:25:50       2   53.00    0.00   20.91    0.00    0.00    3.31    0.21    0.00    0.00   22.57
14:25:50       3   56.15    0.00   19.67    0.00    0.00    5.53    0.20    0.00    0.00   18.44

14:25:50     CPU    %usr   %nice    %sys %iowait    %irq   %soft  %steal  %guest  %gnice   %idle
14:25:55     all   58.50    0.00   22.04    0.00    0.00    4.37    0.11    0.00    0.00   14.99
14:25:55       0   59.79    0.00   22.53    0.00    0.00    5.89    0.00    0.00    0.00   11.79
14:25:55       1   52.14    0.00   26.28    0.00    0.00    3.21    0.21    0.00    0.00   18.16
14:25:55       2   61.01    0.00   20.13    0.00    0.00    2.94    0.00    0.00    0.00   15.93
14:25:55       3   60.91    0.00   19.33    0.00    0.00    5.41    0.21    0.00    0.00   14.14

14:25:55     CPU    %usr   %nice    %sys %iowait    %irq   %soft  %steal  %guest  %gnice   %idle
14:26:00     all   60.37    0.00   21.57    0.00    0.00    4.91    0.21    0.00    0.00   12.95
14:26:00       0   60.50    0.00   21.83    0.00    0.00    6.24    0.21    0.00    0.00   11.23
14:26:00       1   55.46    0.00   26.05    0.00    0.00    3.78    0.42    0.00    0.00   14.29
14:26:00       2   54.43    0.00   25.32    0.00    0.00    2.74    0.21    0.00    0.00   17.30
14:26:00       3   70.87    0.00   13.22    0.00    0.00    6.82    0.00    0.00    0.00    9.09

14:26:00     CPU    %usr   %nice    %sys %iowait    %irq   %soft  %steal  %guest  %gnice   %idle
14:26:05     all   61.75    0.00   22.08    0.00    0.00    4.40    0.16    0.00    0.00   11.62
14:26:05       0   70.25    0.00   15.50    0.00    0.00    6.61    0.21    0.00    0.00    7.44
14:26:05       1   57.63    0.00   26.69    0.00    0.00    2.97    0.21    0.00    0.00   12.50
14:26:05       2   60.33    0.00   22.13    0.00    0.00    3.13    0.00    0.00    0.00   14.41
14:26:05       3   58.61    0.00   24.16    0.00    0.00    4.83    0.21    0.00    0.00   12.18

14:26:05     CPU    %usr   %nice    %sys %iowait    %irq   %soft  %steal  %guest  %gnice   %idle
14:26:10     all   58.98    0.00   22.37    0.00    0.00    4.56    0.21    0.00    0.00   13.88
14:26:10       0   56.49    0.00   24.48    0.00    0.00    6.07    0.21    0.00    0.00   12.76
14:26:10       1   55.60    0.00   25.58    0.00    0.00    3.59    0.21    0.00    0.00   15.01
14:26:10       2   64.86    0.00   17.46    0.00    0.00    3.12    0.21    0.00    0.00   14.35
14:26:10       3   58.91    0.00   22.01    0.00    0.00    5.45    0.21    0.00    0.00   13.42

14:26:10     CPU    %usr   %nice    %sys %iowait    %irq   %soft  %steal  %guest  %gnice   %idle
14:26:15     all   58.68    0.00   22.23    0.00    0.00    4.39    0.10    0.00    0.00   14.59
14:26:15       0   61.41    0.00   21.58    0.00    0.00    5.60    0.00    0.00    0.00   11.41
14:26:15       1   58.16    0.00   23.64    0.00    0.00    3.56    0.21    0.00    0.00   14.44
14:26:15       2   54.41    0.00   23.32    0.00    0.00    3.36    0.00    0.00    0.00   18.91
14:26:15       3   60.71    0.00   20.38    0.00    0.00    5.04    0.21    0.00    0.00   13.66

14:26:15     CPU    %usr   %nice    %sys %iowait    %irq   %soft  %steal  %guest  %gnice   %idle
14:26:20     all   58.59    0.00   22.60    0.00    0.00    4.31    0.21    0.00    0.00   14.29
14:26:20       0   56.99    0.00   23.52    0.00    0.00    5.30    0.21    0.00    0.00   13.98
14:26:20       1   55.77    0.00   27.25    0.00    0.00    3.56    0.42    0.00    0.00   13.00
14:26:20       2   54.66    0.00   23.52    0.00    0.00    2.97    0.00    0.00    0.00   18.86
14:26:20       3   66.80    0.00   16.18    0.00    0.00    5.39    0.21    0.00    0.00   11.41

14:26:20     CPU    %usr   %nice    %sys %iowait    %irq   %soft  %steal  %guest  %gnice   %idle
14:26:25     all   58.74    0.00   21.79    0.00    0.00    4.26    0.21    0.00    0.00   15.00
14:26:25       0   59.33    0.00   23.06    0.00    0.00    5.45    0.21    0.00    0.00   11.95
14:26:25       1   55.13    0.00   25.00    0.00    0.00    3.42    0.21    0.00    0.00   16.24
14:26:25       2   57.89    0.00   20.21    0.00    0.00    2.74    0.21    0.00    0.00   18.95
14:26:25       3   62.50    0.00   18.96    0.00    0.00    5.42    0.21    0.00    0.00   12.92

14:26:25     CPU    %usr   %nice    %sys %iowait    %irq   %soft  %steal  %guest  %gnice   %idle
14:26:30     all   59.97    0.00   21.51    0.00    0.00    4.50    0.16    0.00    0.00   13.87
14:26:30       0   59.96    0.00   22.64    0.00    0.00    5.66    0.21    0.00    0.00   11.53
14:26:30       1   53.22    0.00   26.39    0.00    0.00    3.65    0.21    0.00    0.00   16.52
14:26:30       2   68.24    0.00   15.37    0.00    0.00    3.48    0.00    0.00    0.00   12.91
14:26:30       3   58.13    0.00   21.88    0.00    0.00    5.21    0.21    0.00    0.00   14.58

14:26:30     CPU    %usr   %nice    %sys %iowait    %irq   %soft  %steal  %guest  %gnice   %idle
14:26:35     all   60.67    0.00   21.50    0.00    0.00    4.34    0.16    0.00    0.00   13.34
14:26:35       0   69.07    0.00   16.08    0.00    0.00    6.19    0.00    0.00    0.00    8.66
14:26:35       1   55.11    0.00   25.74    0.00    0.00    2.98    0.21    0.00    0.00   15.96
14:26:35       2   61.80    0.00   20.67    0.00    0.00    3.13    0.21    0.00    0.00   14.20
14:26:35       3   56.49    0.00   23.64    0.00    0.00    5.02    0.21    0.00    0.00   14.64

14:26:35     CPU    %usr   %nice    %sys %iowait    %irq   %soft  %steal  %guest  %gnice   %idle
14:26:40     all   59.93    0.00   22.62    0.00    0.00    4.38    0.21    0.00    0.00   12.87
14:26:40       0   57.47    0.00   25.93    0.00    0.00    5.19    0.21    0.00    0.00   11.20
14:26:40       1   54.85    0.00   27.43    0.00    0.00    3.80    0.42    0.00    0.00   13.50
14:26:40       2   62.08    0.00   20.42    0.00    0.00    3.12    0.00    0.00    0.00   14.37
14:26:40       3   65.22    0.00   16.77    0.00    0.00    5.38    0.21    0.00    0.00   12.42

14:26:40     CPU    %usr   %nice    %sys %iowait    %irq   %soft  %steal  %guest  %gnice   %idle
14:26:45     all   59.23    0.00   22.47    0.00    0.00    4.54    0.16    0.00    0.00   13.61
14:26:45       0   60.33    0.00   22.55    0.00    0.00    5.64    0.21    0.00    0.00   11.27
14:26:45       1   53.63    0.00   26.28    0.00    0.00    3.42    0.21    0.00    0.00   16.45
14:26:45       2   64.03    0.00   19.54    0.00    0.00    3.33    0.21    0.00    0.00   12.89
14:26:45       3   58.76    0.00   21.58    0.00    0.00    5.77    0.00    0.00    0.00   13.89

14:26:45     CPU    %usr   %nice    %sys %iowait    %irq   %soft  %steal  %guest  %gnice   %idle
14:26:50     all   58.38    0.00   22.81    0.00    0.00    4.36    0.16    0.00    0.00   14.29
14:26:50       0   63.60    0.00   19.25    0.00    0.00    5.65    0.21    0.00    0.00   11.30
14:26:50       1   58.14    0.00   24.31    0.00    0.00    3.17    0.21    0.00    0.00   14.16
14:26:50       2   50.32    0.00   26.64    0.00    0.00    3.38    0.00    0.00    0.00   19.66
14:26:50       3   61.38    0.00   21.09    0.00    0.00    5.22    0.21    0.00    0.00   12.11

14:26:50     CPU    %usr   %nice    %sys %iowait    %irq   %soft  %steal  %guest  %gnice   %idle
14:26:55     all   57.99    0.00   22.56    0.00    0.00    4.31    0.16    0.00    0.00   14.98
14:26:55       0   63.67    0.00   19.42    0.00    0.00    5.22    0.00    0.00    0.00   11.69
14:26:55       1   51.72    0.00   27.25    0.00    0.00    3.43    0.21    0.00    0.00   17.38
14:26:55       2   59.58    0.00   20.83    0.00    0.00    3.12    0.21    0.00    0.00   16.25
14:26:55       3   56.81    0.00   22.85    0.00    0.00    5.45    0.21    0.00    0.00   14.68

14:26:55     CPU    %usr   %nice    %sys %iowait    %irq   %soft  %steal  %guest  %gnice   %idle
14:27:00     all   58.13    0.00   22.28    0.00    0.00    4.75    0.21    0.00    0.00   14.63
14:27:00       0   62.99    0.00   20.37    0.00    0.00    6.03    0.21    0.00    0.00   10.40
14:27:00       1   53.75    0.00   25.27    0.00    0.00    3.64    0.43    0.00    0.00   16.92
14:27:00       2   58.39    0.00   21.44    0.00    0.00    3.40    0.00    0.00    0.00   16.77
14:27:00       3   57.26    0.00   22.11    0.00    0.00    5.89    0.21    0.00    0.00   14.53

14:27:00     CPU    %usr   %nice    %sys %iowait    %irq   %soft  %steal  %guest  %gnice   %idle
14:27:05     all   59.41    0.00   21.97    0.00    0.00    4.46    0.21    0.00    0.00   13.95
14:27:05       0   63.62    0.00   19.75    0.00    0.00    5.41    0.21    0.00    0.00   11.02
14:27:05       1   52.45    0.00   27.08    0.00    0.00    3.84    0.21    0.00    0.00   16.42
14:27:05       2   63.33    0.00   18.75    0.00    0.00    3.54    0.21    0.00    0.00   14.17
14:27:05       3   58.07    0.00   22.43    0.00    0.00    5.03    0.21    0.00    0.00   14.26

14:27:05     CPU    %usr   %nice    %sys %iowait    %irq   %soft  %steal  %guest  %gnice   %idle
14:27:10     all   60.72    0.00   22.85    0.00    0.00    4.38    0.10    0.00    0.00   11.95
14:27:10       0   68.32    0.00   16.77    0.00    0.00    6.42    0.00    0.00    0.00    8.49
14:27:10       1   58.14    0.00   26.00    0.00    0.00    3.17    0.21    0.00    0.00   12.47
14:27:10       2   55.02    0.00   27.20    0.00    0.00    2.72    0.00    0.00    0.00   15.06
14:27:10       3   61.28    0.00   21.53    0.00    0.00    5.18    0.21    0.00    0.00   11.80

14:27:10     CPU    %usr   %nice    %sys %iowait    %irq   %soft  %steal  %guest  %gnice   %idle
14:27:15     all   60.42    0.00   23.22    0.10    0.00    4.26    0.21    0.00    0.00   11.79
14:27:15       0   58.80    0.00   25.05    0.00    0.00    5.59    0.21    0.00    0.00   10.35
14:27:15       1   58.23    0.00   24.26    0.21    0.00    3.38    0.21    0.00    0.00   13.71
14:27:15       2   64.62    0.00   20.04    0.20    0.00    3.07    0.20    0.00    0.00   11.86
14:27:15       3   59.92    0.00   23.59    0.00    0.00    5.01    0.21    0.00    0.00   11.27

14:27:15     CPU    %usr   %nice    %sys %iowait    %irq   %soft  %steal  %guest  %gnice   %idle
14:27:20     all   58.48    0.00   22.19    0.00    0.00    4.49    0.16    0.00    0.00   14.69
14:27:20       0   56.93    0.00   23.95    0.00    0.00    6.09    0.21    0.00    0.00   12.82
14:27:20       1   51.18    0.00   27.41    0.00    0.00    3.21    0.21    0.00    0.00   17.99
14:27:20       2   63.37    0.00   18.95    0.00    0.00    3.16    0.00    0.00    0.00   14.53
14:27:20       3   62.32    0.00   18.53    0.00    0.00    5.47    0.21    0.00    0.00   13.47

14:27:20     CPU    %usr   %nice    %sys %iowait    %irq   %soft  %steal  %guest  %gnice   %idle
14:27:25     all   58.56    0.00   22.61    0.00    0.00    4.40    0.21    0.00    0.00   14.23
14:27:25       0   62.21    0.00   20.67    0.00    0.00    5.43    0.21    0.00    0.00   11.48
14:27:25       1   55.49    0.00   25.32    0.00    0.00    3.38    0.42    0.00    0.00   15.40
14:27:25       2   52.82    0.00   25.05    0.00    0.00    2.92    0.21    0.00    0.00   19.00
14:27:25       3   63.67    0.00   19.42    0.00    0.00    5.85    0.00    0.00    0.00   11.06

14:27:25     CPU    %usr   %nice    %sys %iowait    %irq   %soft  %steal  %guest  %gnice   %idle
14:27:30     all   57.83    0.00   22.90    0.00    0.00    4.57    0.16    0.00    0.00   14.55
14:27:30       0   59.25    0.00   21.83    0.00    0.00    6.24    0.21    0.00    0.00   12.47
14:27:30       1   54.58    0.00   25.59    0.00    0.00    3.84    0.21    0.00    0.00   15.78
14:27:30       2   57.35    0.00   21.22    0.00    0.00    3.36    0.00    0.00    0.00   18.07
14:27:30       3   60.04    0.00   23.01    0.00    0.00    4.81    0.21    0.00    0.00   11.92

14:27:30     CPU    %usr   %nice    %sys %iowait    %irq   %soft  %steal  %guest  %gnice   %idle
14:27:35     all   57.63    0.00   22.73    0.05    0.00    4.60    0.21    0.00    0.00   14.79
14:27:35       0   62.71    0.00   20.00    0.00    0.00    6.04    0.00    0.00    0.00   11.25
14:27:35       1   59.38    0.00   23.54    0.00    0.00    3.33    0.42    0.00    0.00   13.33
14:27:35       2   49.68    0.00   27.16    0.00    0.00    2.95    0.21    0.00    0.00   20.00
14:27:35       3   58.66    0.00   20.25    0.21    0.00    6.05    0.21    0.00    0.00   14.61

14:27:35     CPU    %usr   %nice    %sys %iowait    %irq   %soft  %steal  %guest  %gnice   %idle
14:27:40     all   60.31    0.00   21.94    0.00    0.00    4.45    0.16    0.00    0.00   13.14
14:27:40       0   58.87    0.00   23.38    0.00    0.00    6.26    0.21    0.00    0.00   11.27
14:27:40       1   58.44    0.00   23.63    0.00    0.00    3.16    0.21    0.00    0.00   14.56
14:27:40       2   62.63    0.00   19.83    0.00    0.00    2.92    0.00    0.00    0.00   14.61
14:27:40       3   61.30    0.00   20.92    0.00    0.00    5.44    0.21    0.00    0.00   12.13

14:27:40     CPU    %usr   %nice    %sys %iowait    %irq   %soft  %steal  %guest  %gnice   %idle
14:27:45     all   59.66    0.00   22.13    0.00    0.00    4.38    0.21    0.00    0.00   13.62
14:27:45       0   60.58    0.00   22.41    0.00    0.00    5.60    0.21    0.00    0.00   11.20
14:27:45       1   52.65    0.00   26.96    0.00    0.00    3.61    0.21    0.00    0.00   16.56
14:27:45       2   68.39    0.00   16.12    0.00    0.00    3.10    0.21    0.00    0.00   12.19
14:27:45       3   56.78    0.00   23.17    0.00    0.00    5.22    0.21    0.00    0.00   14.61

14:27:45     CPU    %usr   %nice    %sys %iowait    %irq   %soft  %steal  %guest  %gnice   %idle
14:27:50     all   46.53    0.00   16.72    0.00    0.00    3.21    0.05    0.00    0.00   33.49
14:27:50       0   46.28    0.00   17.36    0.00    0.00    4.13    0.00    0.00    0.00   32.23
14:27:50       1   38.91    0.00   20.71    0.00    0.00    2.30    0.21    0.00    0.00   37.87
14:27:50       2   56.76    0.00   14.14    0.00    0.00    2.25    0.00    0.00    0.00   26.84
14:27:50       3   43.98    0.00   14.73    0.00    0.00    4.15    0.00    0.00    0.00   37.14
