Linux 6.17.0-1015-aws (ip-172-31-0-250) 	05/27/26 	_x86_64_	(16 CPU)

19:31:55     CPU    %usr   %nice    %sys %iowait    %irq   %soft  %steal  %guest  %gnice   %idle
19:32:00     all   40.91    0.00    2.64    0.11    0.00    1.91    0.00    0.00    0.00   54.43
19:32:00       0   41.62    0.00    3.23    0.20    0.00    0.00    0.00    0.00    0.00   54.95
19:32:00       1   41.70    0.00    3.04    0.00    0.00    0.00    0.00    0.00    0.00   55.26
19:32:00       2   41.70    0.00    3.24    0.20    0.00    0.00    0.00    0.00    0.00   54.86
19:32:00       3   41.06    0.00    3.05    0.00    0.00    0.00    0.00    0.00    0.00   55.89
19:32:00       4   42.17    0.00    3.01    0.00    0.00    0.00    0.00    0.00    0.00   54.82
19:32:00       5   39.44    0.00    2.41    0.00    0.00    4.02    0.00    0.00    0.00   54.12
19:32:00       6   42.02    0.00    3.03    0.00    0.00    0.00    0.00    0.00    0.00   54.95
19:32:00       7   40.08    0.00    2.02    0.00    0.00    3.85    0.00    0.00    0.00   54.05
19:32:00       8   40.97    0.00    2.23    0.00    0.00    4.87    0.00    0.00    0.00   51.93
19:32:00       9   39.92    0.00    2.22    0.00    0.00    3.63    0.00    0.00    0.00   54.23
19:32:00      10   39.39    0.00    2.22    0.20    0.00    4.24    0.00    0.00    0.00   53.94
19:32:00      11   40.49    0.00    2.43    0.20    0.00    3.24    0.00    0.00    0.00   53.64
19:32:00      12   40.49    0.00    1.82    0.00    0.00    3.44    0.00    0.00    0.00   54.25
19:32:00      13   41.58    0.00    2.64    0.00    0.00    0.00    0.00    0.00    0.00   55.78
19:32:00      14   40.73    0.00    2.02    0.20    0.00    3.23    0.00    0.00    0.00   53.83
19:32:00      15   41.21    0.00    3.64    0.81    0.00    0.00    0.00    0.00    0.00   54.34

19:32:00     CPU    %usr   %nice    %sys %iowait    %irq   %soft  %steal  %guest  %gnice   %idle
19:32:05     all   83.16    0.00    4.92    0.00    0.00    3.96    0.00    0.00    0.00    7.96
19:32:05       0   85.15    0.00    5.77    0.00    0.00    0.00    0.00    0.00    0.00    9.07
19:32:05       1   85.66    0.00    5.33    0.00    0.00    0.00    0.00    0.00    0.00    9.02
19:32:05       2   85.31    0.00    5.92    0.00    0.00    0.00    0.00    0.00    0.00    8.78
19:32:05       3   85.01    0.00    5.75    0.00    0.00    0.00    0.00    0.00    0.00    9.24
19:32:05       4   84.19    0.00    5.95    0.00    0.00    0.00    0.00    0.00    0.00    9.86
19:32:05       5   81.10    0.00    4.27    0.00    0.00    8.13    0.00    0.00    0.00    6.50
19:32:05       6   84.39    0.00    5.95    0.00    0.00    0.00    0.00    0.00    0.00    9.65
19:32:05       7   80.41    0.00    4.08    0.00    0.00    8.57    0.00    0.00    0.00    6.94
19:32:05       8   81.47    0.00    4.07    0.00    0.00    8.35    0.00    0.00    0.00    6.11
19:32:05       9   81.67    0.00    4.07    0.00    0.00    8.15    0.00    0.00    0.00    6.11
19:32:05      10   81.22    0.00    3.67    0.00    0.00    7.76    0.00    0.00    0.00    7.35
19:32:05      11   82.24    0.00    4.08    0.00    0.00    6.94    0.00    0.00    0.00    6.73
19:32:05      12   80.61    0.00    4.08    0.00    0.00    8.37    0.00    0.00    0.00    6.94
19:32:05      13   85.22    0.00    5.95    0.00    0.00    0.00    0.00    0.00    0.00    8.83
19:32:05      14   81.84    0.00    4.08    0.00    0.00    6.94    0.00    0.00    0.00    7.14
19:32:05      15   85.10    0.00    5.71    0.00    0.00    0.00    0.00    0.00    0.00    9.18

19:32:05     CPU    %usr   %nice    %sys %iowait    %irq   %soft  %steal  %guest  %gnice   %idle
19:32:10     all   85.92    0.00    4.52    0.00    0.00    4.07    0.01    0.00    0.00    5.47
19:32:10       0   89.02    0.00    5.08    0.00    0.00    0.00    0.00    0.00    0.00    5.89
19:32:10       1   87.20    0.00    5.69    0.00    0.00    0.00    0.00    0.00    0.00    7.11
19:32:10       2   88.21    0.00    5.69    0.00    0.00    0.00    0.00    0.00    0.00    6.10
19:32:10       3   87.35    0.00    5.92    0.00    0.00    0.00    0.00    0.00    0.00    6.73
19:32:10       4   87.80    0.00    5.49    0.00    0.00    0.00    0.00    0.00    0.00    6.71
19:32:10       5   84.11    0.00    3.46    0.00    0.00    7.74    0.00    0.00    0.00    4.68
19:32:10       6   88.26    0.00    4.86    0.00    0.00    0.00    0.00    0.00    0.00    6.88
19:32:10       7   84.01    0.00    3.64    0.00    0.00    7.89    0.00    0.00    0.00    4.45
19:32:10       8   84.24    0.00    3.23    0.00    0.00    8.48    0.00    0.00    0.00    4.04
19:32:10       9   83.74    0.00    3.46    0.00    0.00    8.54    0.00    0.00    0.00    4.27
19:32:10      10   82.42    0.00    3.84    0.00    0.00    8.48    0.20    0.00    0.00    5.05
19:32:10      11   84.15    0.00    3.66    0.00    0.00    7.52    0.00    0.00    0.00    4.67
19:32:10      12   82.83    0.00    3.84    0.00    0.00    9.09    0.00    0.00    0.00    4.24
19:32:10      13   88.39    0.00    5.50    0.00    0.00    0.00    0.00    0.00    0.00    6.11
19:32:10      14   84.55    0.00    3.46    0.00    0.00    7.32    0.00    0.00    0.00    4.67
19:32:10      15   88.57    0.00    5.51    0.00    0.00    0.00    0.00    0.00    0.00    5.92

19:32:10     CPU    %usr   %nice    %sys %iowait    %irq   %soft  %steal  %guest  %gnice   %idle
19:32:15     all   85.15    0.00    4.64    0.00    0.00    4.00    0.00    0.00    0.00    6.20
19:32:15       0   87.42    0.00    5.07    0.00    0.00    0.00    0.00    0.00    0.00    7.51
19:32:15       1   88.26    0.00    5.06    0.00    0.00    0.00    0.00    0.00    0.00    6.68
19:32:15       2   86.09    0.00    6.45    0.00    0.00    0.00    0.00    0.00    0.00    7.46
19:32:15       3   87.60    0.00    5.49    0.00    0.00    0.00    0.00    0.00    0.00    6.91
19:32:15       4   87.42    0.00    5.68    0.00    0.00    0.00    0.00    0.00    0.00    6.90
19:32:15       5   83.47    0.00    3.88    0.00    0.00    7.55    0.00    0.00    0.00    5.10
19:32:15       6   86.94    0.00    5.51    0.00    0.00    0.00    0.00    0.00    0.00    7.55
19:32:15       7   82.96    0.00    3.65    0.00    0.00    8.32    0.00    0.00    0.00    5.07
19:32:15       8   83.00    0.00    3.24    0.00    0.00    9.11    0.00    0.00    0.00    4.66
19:32:15       9   83.54    0.00    3.05    0.00    0.00    8.33    0.00    0.00    0.00    5.08
19:32:15      10   83.13    0.00    4.07    0.00    0.00    7.72    0.00    0.00    0.00    5.08
19:32:15      11   83.50    0.00    4.07    0.00    0.00    7.13    0.00    0.00    0.00    5.30
19:32:15      12   82.32    0.00    3.86    0.00    0.00    8.33    0.00    0.00    0.00    5.49
19:32:15      13   87.04    0.00    6.07    0.00    0.00    0.00    0.00    0.00    0.00    6.88
19:32:15      14   82.89    0.00    3.46    0.00    0.00    7.54    0.00    0.00    0.00    6.11
19:32:15      15   86.84    0.00    5.67    0.00    0.00    0.00    0.00    0.00    0.00    7.49

19:32:15     CPU    %usr   %nice    %sys %iowait    %irq   %soft  %steal  %guest  %gnice   %idle
19:32:20     all   86.38    0.00    4.53    0.00    0.00    4.01    0.00    0.00    0.00    5.07
19:32:20       0   89.07    0.00    5.47    0.00    0.00    0.00    0.00    0.00    0.00    5.47
19:32:20       1   88.55    0.00    5.73    0.00    0.00    0.00    0.00    0.00    0.00    5.73
19:32:20       2   89.39    0.00    5.10    0.00    0.00    0.00    0.00    0.00    0.00    5.51
19:32:20       3   88.84    0.00    5.48    0.00    0.00    0.00    0.00    0.00    0.00    5.68
19:32:20       4   88.06    0.00    5.87    0.00    0.00    0.00    0.00    0.00    0.00    6.07
19:32:20       5   84.73    0.00    3.46    0.00    0.00    7.33    0.00    0.00    0.00    4.48
19:32:20       6   88.21    0.00    5.28    0.00    0.00    0.00    0.00    0.00    0.00    6.50
19:32:20       7   83.43    0.00    3.84    0.00    0.00    8.69    0.00    0.00    0.00    4.04
19:32:20       8   83.13    0.00    3.46    0.00    0.00    8.33    0.00    0.00    0.00    5.08
19:32:20       9   84.01    0.00    3.24    0.00    0.00    9.11    0.00    0.00    0.00    3.64
19:32:20      10   84.18    0.00    3.04    0.00    0.00    8.52    0.00    0.00    0.00    4.26
19:32:20      11   84.55    0.00    4.07    0.00    0.00    7.11    0.00    0.00    0.00    4.27
19:32:20      12   84.55    0.00    3.66    0.00    0.00    7.72    0.00    0.00    0.00    4.07
19:32:20      13   88.68    0.00    5.14    0.00    0.00    0.00    0.00    0.00    0.00    6.17
19:32:20      14   84.18    0.00    4.26    0.00    0.00    7.30    0.00    0.00    0.00    4.26
19:32:20      15   88.64    0.00    5.48    0.00    0.00    0.00    0.00    0.00    0.00    5.88

19:32:20     CPU    %usr   %nice    %sys %iowait    %irq   %soft  %steal  %guest  %gnice   %idle
19:32:25     all   86.12    0.00    4.76    0.00    0.00    4.02    0.00    0.00    0.00    5.10
19:32:25       0   88.26    0.00    5.47    0.00    0.00    0.00    0.00    0.00    0.00    6.28
19:32:25       1   88.41    0.00    5.89    0.00    0.00    0.00    0.00    0.00    0.00    5.69
19:32:25       2   88.64    0.00    5.68    0.00    0.00    0.00    0.00    0.00    0.00    5.68
19:32:25       3   88.37    0.00    5.71    0.00    0.00    0.00    0.00    0.00    0.00    5.92
19:32:25       4   87.76    0.00    6.12    0.00    0.00    0.00    0.00    0.00    0.00    6.12
19:32:25       5   83.98    0.00    4.46    0.00    0.00    7.30    0.00    0.00    0.00    4.26
19:32:25       6   87.60    0.00    5.69    0.00    0.00    0.00    0.00    0.00    0.00    6.71
19:32:25       7   84.35    0.00    3.46    0.00    0.00    8.33    0.00    0.00    0.00    3.86
19:32:25       8   84.04    0.00    3.43    0.00    0.00    8.89    0.00    0.00    0.00    3.64
19:32:25       9   84.48    0.00    3.43    0.00    0.00    8.27    0.00    0.00    0.00    3.83
19:32:25      10   83.67    0.00    3.67    0.00    0.00    7.96    0.00    0.00    0.00    4.69
19:32:25      11   84.38    0.00    3.45    0.00    0.00    7.51    0.00    0.00    0.00    4.67
19:32:25      12   83.60    0.00    3.64    0.00    0.00    8.70    0.00    0.00    0.00    4.05
19:32:25      13   87.80    0.00    6.10    0.00    0.00    0.00    0.00    0.00    0.00    6.10
19:32:25      14   84.01    0.00    4.05    0.00    0.00    7.29    0.00    0.00    0.00    4.66
19:32:25      15   88.57    0.00    5.92    0.00    0.00    0.00    0.00    0.00    0.00    5.51

19:32:25     CPU    %usr   %nice    %sys %iowait    %irq   %soft  %steal  %guest  %gnice   %idle
19:32:30     all   59.98    0.00    3.81    0.01    0.00    2.41    0.00    0.00    0.00   33.78
19:32:30       0   61.11    0.00    4.53    0.00    0.00    0.00    0.00    0.00    0.00   34.36
19:32:30       1   60.49    0.00    4.12    0.00    0.00    0.00    0.00    0.00    0.00   35.39
19:32:30       2   59.92    0.00    4.13    0.00    0.00    0.00    0.00    0.00    0.00   35.95
19:32:30       3   59.51    0.00    4.29    0.20    0.00    0.00    0.00    0.00    0.00   35.99
19:32:30       4   60.61    0.00    4.49    0.00    0.00    0.00    0.00    0.00    0.00   34.90
19:32:30       5   58.23    0.00    3.50    0.00    0.00    4.73    0.00    0.00    0.00   33.54
19:32:30       6   58.93    0.00    4.93    0.00    0.00    0.00    0.00    0.00    0.00   36.14
19:32:30       7   59.09    0.00    2.89    0.00    0.00    5.17    0.00    0.00    0.00   32.85
19:32:30       8   60.62    0.00    3.12    0.00    0.00    4.38    0.00    0.00    0.00   31.87
19:32:30       9   58.56    0.00    3.30    0.00    0.00    5.36    0.00    0.00    0.00   32.78
19:32:30      10   59.42    0.00    2.90    0.00    0.00    5.38    0.00    0.00    0.00   32.30
19:32:30      11   58.88    0.00    3.31    0.00    0.00    4.34    0.00    0.00    0.00   33.47
19:32:30      12   58.88    0.00    3.51    0.00    0.00    4.96    0.00    0.00    0.00   32.64
19:32:30      13   59.43    0.00    4.71    0.00    0.00    0.00    0.00    0.00    0.00   35.86
19:32:30      14   65.08    0.00    3.51    0.00    0.00    4.34    0.00    0.00    0.00   27.07
19:32:30      15   60.95    0.00    3.72    0.00    0.00    0.00    0.00    0.00    0.00   35.33

19:32:30     CPU    %usr   %nice    %sys %iowait    %irq   %soft  %steal  %guest  %gnice   %idle
19:32:35     all   37.76    0.00    3.81    0.00    0.00    0.81    0.00    0.00    0.00   57.63
19:32:35       0   37.61    0.00    3.57    0.00    0.00    0.00    0.00    0.00    0.00   58.82
19:32:35       1   36.67    0.00    3.54    0.00    0.00    0.00    0.00    0.00    0.00   59.79
19:32:35       2   37.06    0.00    4.14    0.00    0.00    0.00    0.00    0.00    0.00   58.80
19:32:35       3   38.11    0.00    3.69    0.00    0.00    0.00    0.00    0.00    0.00   58.20
19:32:35       4   37.09    0.00    3.89    0.00    0.00    0.00    0.00    0.00    0.00   59.02
19:32:35       5   38.95    0.00    4.00    0.00    0.00    1.68    0.00    0.00    0.00   55.37
19:32:35       6   35.55    0.00    3.95    0.00    0.00    0.00    0.00    0.00    0.00   60.50
19:32:35       7   38.85    0.00    3.40    0.00    0.00    1.91    0.00    0.00    0.00   55.84
19:32:35       8   39.29    0.00    4.37    0.00    0.00    1.46    0.00    0.00    0.00   54.89
19:32:35       9   38.61    0.00    3.38    0.00    0.00    1.90    0.00    0.00    0.00   56.12
19:32:35      10   38.32    0.00    4.21    0.00    0.00    1.68    0.00    0.00    0.00   55.79
19:32:35      11   38.36    0.00    3.77    0.00    0.00    1.26    0.00    0.00    0.00   56.60
19:32:35      12   38.16    0.00    3.56    0.00    0.00    1.47    0.00    0.00    0.00   56.81
19:32:35      13   36.63    0.00    3.70    0.00    0.00    0.00    0.00    0.00    0.00   59.67
19:32:35      14   37.82    0.00    3.78    0.00    0.00    1.68    0.00    0.00    0.00   56.72
19:32:35      15   37.14    0.00    3.94    0.00    0.00    0.00    0.00    0.00    0.00   58.92

19:32:35     CPU    %usr   %nice    %sys %iowait    %irq   %soft  %steal  %guest  %gnice   %idle
19:32:40     all   39.86    0.00    3.96    0.00    0.00    0.75    0.01    0.00    0.00   55.41
19:32:40       0   39.28    0.00    3.61    0.00    0.00    0.00    0.00    0.00    0.00   57.11
19:32:40       1   38.00    0.00    3.80    0.00    0.00    0.00    0.00    0.00    0.00   58.20
19:32:40       2   39.80    0.00    4.16    0.00    0.00    0.00    0.20    0.00    0.00   55.84
19:32:40       3   39.84    0.00    4.34    0.00    0.00    0.00    0.00    0.00    0.00   55.82
19:32:40       4   37.05    0.00    3.78    0.00    0.00    0.00    0.00    0.00    0.00   59.16
19:32:40       5   39.76    0.00    4.67    0.00    0.00    1.62    0.00    0.00    0.00   53.96
19:32:40       6   38.22    0.00    3.76    0.00    0.00    0.00    0.00    0.00    0.00   58.02
19:32:40       7   42.02    0.00    4.04    0.00    0.00    1.62    0.00    0.00    0.00   52.32
19:32:40       8   40.89    0.00    4.66    0.00    0.00    1.21    0.00    0.00    0.00   53.24
19:32:40       9   40.82    0.00    3.47    0.00    0.00    1.22    0.00    0.00    0.00   54.49
19:32:40      10   41.18    0.00    3.85    0.00    0.00    1.62    0.00    0.00    0.00   53.35
19:32:40      11   41.68    0.00    4.01    0.00    0.00    1.40    0.00    0.00    0.00   52.91
19:32:40      12   40.33    0.00    3.26    0.00    0.00    1.83    0.00    0.00    0.00   54.58
19:32:40      13   38.74    0.00    3.95    0.00    0.00    0.00    0.00    0.00    0.00   57.31
19:32:40      14   40.00    0.00    3.84    0.00    0.00    1.62    0.00    0.00    0.00   54.55
19:32:40      15   40.28    0.00    4.17    0.00    0.00    0.00    0.00    0.00    0.00   55.56

19:32:40     CPU    %usr   %nice    %sys %iowait    %irq   %soft  %steal  %guest  %gnice   %idle
19:32:45     all   37.53    0.00    4.00    0.00    0.00    0.80    0.00    0.00    0.00   57.67
19:32:45       0   38.00    0.00    4.18    0.00    0.00    0.00    0.00    0.00    0.00   57.83
19:32:45       1   37.11    0.00    3.71    0.00    0.00    0.00    0.00    0.00    0.00   59.18
19:32:45       2   36.02    0.00    4.35    0.00    0.00    0.00    0.00    0.00    0.00   59.63
19:32:45       3   36.73    0.00    4.08    0.00    0.00    0.00    0.00    0.00    0.00   59.18
19:32:45       4   35.97    0.00    4.37    0.00    0.00    0.00    0.00    0.00    0.00   59.67
19:32:45       5   38.69    0.00    3.81    0.00    0.00    1.69    0.00    0.00    0.00   55.81
19:32:45       6   36.21    0.00    3.91    0.00    0.00    0.00    0.00    0.00    0.00   59.88
19:32:45       7   38.77    0.00    4.24    0.00    0.00    1.48    0.00    0.00    0.00   55.51
19:32:45       8   39.08    0.00    3.78    0.00    0.00    1.47    0.00    0.00    0.00   55.67
19:32:45       9   38.48    0.00    4.23    0.00    0.00    1.27    0.00    0.00    0.00   56.03
19:32:45      10   38.28    0.00    3.56    0.00    0.00    1.46    0.00    0.00    0.00   56.69
19:32:45      11   37.18    0.00    4.20    0.00    0.00    1.47    0.00    0.00    0.00   57.14
19:32:45      12   38.40    0.00    3.59    0.00    0.00    2.32    0.00    0.00    0.00   55.70
19:32:45      13   36.14    0.00    4.11    0.00    0.00    0.00    0.00    0.00    0.00   59.75
19:32:45      14   37.63    0.00    4.23    0.00    0.00    1.69    0.00    0.00    0.00   56.45
19:32:45      15   37.94    0.00    3.71    0.00    0.00    0.00    0.00    0.00    0.00   58.35

19:32:45     CPU    %usr   %nice    %sys %iowait    %irq   %soft  %steal  %guest  %gnice   %idle
19:32:50     all   37.25    0.00    3.78    0.00    0.00    0.83    0.05    0.00    0.00   58.09
19:32:50       0   37.76    0.00    3.80    0.00    0.00    0.00    0.00    0.00    0.00   58.44
19:32:50       1   35.70    0.00    3.76    0.00    0.00    0.00    0.00    0.00    0.00   60.54
19:32:50       2   35.64    0.00    3.56    0.00    0.00    0.00    0.42    0.00    0.00   60.38
19:32:50       3   35.64    0.00    3.35    0.00    0.00    0.00    0.00    0.00    0.00   61.01
19:32:50       4   35.82    0.00    3.93    0.00    0.00    0.00    0.00    0.00    0.00   60.25
19:32:50       5   38.95    0.00    4.21    0.00    0.00    1.68    0.00    0.00    0.00   55.16
19:32:50       6   35.98    0.00    3.97    0.00    0.00    0.00    0.00    0.00    0.00   60.04
19:32:50       7   39.19    0.00    4.24    0.00    0.00    1.91    0.00    0.00    0.00   54.66
19:32:50       8   38.88    0.00    3.67    0.00    0.00    1.51    0.00    0.00    0.00   55.94
19:32:50       9   38.43    0.00    3.82    0.00    0.00    1.27    0.00    0.00    0.00   56.48
19:32:50      10   36.46    0.00    3.62    0.00    0.00    1.49    0.43    0.00    0.00   58.00
19:32:50      11   38.68    0.00    3.63    0.00    0.00    1.50    0.00    0.00    0.00   56.20
19:32:50      12   37.34    0.00    3.80    0.00    0.00    2.11    0.00    0.00    0.00   56.75
19:32:50      13   37.06    0.00    3.73    0.00    0.00    0.00    0.00    0.00    0.00   59.21
19:32:50      14   37.79    0.00    3.82    0.00    0.00    1.91    0.00    0.00    0.00   56.48
19:32:50      15   36.82    0.00    3.56    0.00    0.00    0.00    0.00    0.00    0.00   59.62

19:32:50     CPU    %usr   %nice    %sys %iowait    %irq   %soft  %steal  %guest  %gnice   %idle
19:32:55     all   37.28    0.00    3.84    0.00    0.00    0.83    0.00    0.00    0.00   58.06
19:32:55       0   35.86    0.00    4.22    0.00    0.00    0.00    0.00    0.00    0.00   59.92
19:32:55       1   35.55    0.00    3.95    0.00    0.00    0.00    0.00    0.00    0.00   60.50
19:32:55       2   36.65    0.00    3.73    0.00    0.00    0.00    0.00    0.00    0.00   59.63
19:32:55       3   37.06    0.00    3.73    0.00    0.00    0.00    0.00    0.00    0.00   59.21
19:32:55       4   36.04    0.00    4.17    0.00    0.00    0.00    0.00    0.00    0.00   59.79
19:32:55       5   36.79    0.00    3.59    0.00    0.00    2.33    0.00    0.00    0.00   57.29
19:32:55       6   36.46    0.00    4.17    0.00    0.00    0.00    0.00    0.00    0.00   59.38
19:32:55       7   39.45    0.00    3.62    0.00    0.00    2.13    0.00    0.00    0.00   54.80
19:32:55       8   38.82    0.00    4.22    0.00    0.00    1.69    0.00    0.00    0.00   55.27
19:32:55       9   39.03    0.00    3.59    0.00    0.00    1.48    0.00    0.00    0.00   55.91
19:32:55      10   37.45    0.00    3.40    0.00    0.00    1.06    0.00    0.00    0.00   58.09
19:32:55      11   37.29    0.00    3.60    0.00    0.00    0.85    0.00    0.00    0.00   58.26
19:32:55      12   37.97    0.00    3.80    0.00    0.00    1.48    0.00    0.00    0.00   56.75
19:32:55      13   35.76    0.00    3.95    0.00    0.00    0.00    0.00    0.00    0.00   60.29
19:32:55      14   39.91    0.00    3.65    0.00    0.00    2.36    0.00    0.00    0.00   54.08
19:32:55      15   36.53    0.00    3.97    0.00    0.00    0.00    0.00    0.00    0.00   59.50

19:32:55     CPU    %usr   %nice    %sys %iowait    %irq   %soft  %steal  %guest  %gnice   %idle
19:33:00     all   37.34    0.00    3.73    0.00    0.00    0.88    0.00    0.00    0.00   58.05
19:33:00       0   37.50    0.00    3.96    0.00    0.00    0.00    0.00    0.00    0.00   58.54
19:33:00       1   36.02    0.00    3.31    0.00    0.00    0.00    0.00    0.00    0.00   60.66
19:33:00       2   36.74    0.00    3.55    0.00    0.00    0.00    0.00    0.00    0.00   59.71
19:33:00       3   36.55    0.00    3.90    0.00    0.00    0.00    0.00    0.00    0.00   59.55
19:33:00       4   36.04    0.00    3.96    0.00    0.00    0.00    0.00    0.00    0.00   60.00
19:33:00       5   37.31    0.00    4.05    0.00    0.00    1.92    0.00    0.00    0.00   56.72
19:33:00       6   38.19    0.00    3.70    0.00    0.00    0.00    0.00    0.00    0.00   58.11
19:33:00       7   39.15    0.00    3.62    0.00    0.00    2.13    0.00    0.00    0.00   55.11
19:33:00       8   38.43    0.00    3.82    0.00    0.00    1.70    0.00    0.00    0.00   56.05
19:33:00       9   36.86    0.00    4.24    0.00    0.00    1.69    0.00    0.00    0.00   57.20
19:33:00      10   37.58    0.00    3.61    0.00    0.00    1.49    0.00    0.00    0.00   57.32
19:33:00      11   37.97    0.00    3.59    0.00    0.00    1.27    0.00    0.00    0.00   57.17
19:33:00      12   37.71    0.00    3.39    0.00    0.00    1.69    0.00    0.00    0.00   57.20
19:33:00      13   36.44    0.00    3.52    0.00    0.00    0.00    0.00    0.00    0.00   60.04
19:33:00      14   37.69    0.00    3.85    0.00    0.00    2.36    0.00    0.00    0.00   56.10
19:33:00      15   37.37    0.00    3.55    0.00    0.00    0.00    0.00    0.00    0.00   59.08

19:33:00     CPU    %usr   %nice    %sys %iowait    %irq   %soft  %steal  %guest  %gnice   %idle
19:33:05     all   37.43    0.00    3.80    0.00    0.00    0.91    0.00    0.00    0.00   57.85
19:33:05       0   37.97    0.00    3.73    0.00    0.00    0.00    0.00    0.00    0.00   58.30
19:33:05       1   36.67    0.00    3.54    0.00    0.00    0.00    0.00    0.00    0.00   59.79
19:33:05       2   36.46    0.00    3.75    0.00    0.00    0.00    0.00    0.00    0.00   59.79
19:33:05       3   35.00    0.00    3.54    0.00    0.00    0.00    0.00    0.00    0.00   61.46
19:33:05       4   36.36    0.00    4.13    0.00    0.00    0.00    0.00    0.00    0.00   59.50
19:33:05       5   37.42    0.00    3.38    0.00    0.00    1.69    0.00    0.00    0.00   57.51
19:33:05       6   38.64    0.00    3.72    0.00    0.00    0.00    0.00    0.00    0.00   57.64
19:33:05       7   37.84    0.00    4.23    0.00    0.00    2.11    0.00    0.00    0.00   55.81
19:33:05       8   37.50    0.00    3.60    0.00    0.00    1.69    0.00    0.00    0.00   57.20
19:33:05       9   37.92    0.00    3.96    0.00    0.00    1.88    0.00    0.00    0.00   56.25
19:33:05      10   38.08    0.00    4.18    0.00    0.00    1.46    0.00    0.00    0.00   56.28
19:33:05      11   37.68    0.00    3.37    0.00    0.00    1.47    0.00    0.00    0.00   57.47
19:33:05      12   38.45    0.00    3.78    0.00    0.00    1.89    0.00    0.00    0.00   55.88
19:33:05      13   37.19    0.00    3.72    0.00    0.00    0.00    0.00    0.00    0.00   59.09
19:33:05      14   38.72    0.00    4.04    0.00    0.00    2.55    0.00    0.00    0.00   54.68
19:33:05      15   37.01    0.00    4.16    0.00    0.00    0.00    0.00    0.00    0.00   58.84

19:33:05     CPU    %usr   %nice    %sys %iowait    %irq   %soft  %steal  %guest  %gnice   %idle
19:33:10     all   37.56    0.00    3.75    0.00    0.00    0.98    0.00    0.00    0.00   57.71
19:33:10       0   37.71    0.00    3.33    0.00    0.00    0.00    0.00    0.00    0.00   58.96
19:33:10       1   37.27    0.00    3.93    0.00    0.00    0.00    0.00    0.00    0.00   58.80
19:33:10       2   37.27    0.00    3.31    0.00    0.00    0.00    0.00    0.00    0.00   59.42
19:33:10       3   36.55    0.00    3.70    0.00    0.00    0.00    0.00    0.00    0.00   59.75
19:33:10       4   36.63    0.00    3.91    0.00    0.00    0.00    0.00    0.00    0.00   59.47
19:33:10       5   37.74    0.00    3.77    0.00    0.00    1.89    0.00    0.00    0.00   56.60
19:33:10       6   36.51    0.00    4.15    0.00    0.00    0.00    0.00    0.00    0.00   59.34
19:33:10       7   38.61    0.00    4.01    0.00    0.00    2.74    0.00    0.00    0.00   54.64
19:33:10       8   38.56    0.00    4.24    0.00    0.00    1.27    0.00    0.00    0.00   55.93
19:33:10       9   38.28    0.00    3.56    0.00    0.00    1.88    0.00    0.00    0.00   56.28
19:33:10      10   38.08    0.00    3.35    0.00    0.00    1.46    0.00    0.00    0.00   57.11
19:33:10      11   38.20    0.00    3.76    0.00    0.00    1.46    0.00    0.00    0.00   56.58
19:33:10      12   38.24    0.00    3.57    0.00    0.00    2.10    0.00    0.00    0.00   56.09
19:33:10      13   36.23    0.00    3.52    0.00    0.00    0.00    0.00    0.00    0.00   60.25
19:33:10      14   38.19    0.00    3.80    0.00    0.00    2.95    0.00    0.00    0.00   55.06
19:33:10      15   36.98    0.00    4.13    0.00    0.00    0.00    0.00    0.00    0.00   58.88

19:33:10     CPU    %usr   %nice    %sys %iowait    %irq   %soft  %steal  %guest  %gnice   %idle
19:33:15     all   37.75    0.00    3.83    0.00    0.00    0.91    0.00    0.00    0.00   57.51
19:33:15       0   37.01    0.00    4.16    0.00    0.00    0.00    0.00    0.00    0.00   58.84
19:33:15       1   37.63    0.00    4.09    0.00    0.00    0.00    0.00    0.00    0.00   58.28
19:33:15       2   37.17    0.00    3.08    0.00    0.00    0.00    0.00    0.00    0.00   59.75
19:33:15       3   36.21    0.00    3.91    0.00    0.00    0.00    0.00    0.00    0.00   59.88
19:33:15       4   36.61    0.00    3.89    0.00    0.00    0.00    0.00    0.00    0.00   59.51
19:33:15       5   39.12    0.00    3.77    0.00    0.00    1.88    0.00    0.00    0.00   55.23
19:33:15       6   36.07    0.00    3.48    0.00    0.00    0.00    0.00    0.00    0.00   60.45
19:33:15       7   40.13    0.00    3.36    0.00    0.00    2.31    0.00    0.00    0.00   54.20
19:33:15       8   39.38    0.00    4.54    0.00    0.00    1.86    0.00    0.00    0.00   54.23
19:33:15       9   38.83    0.00    4.18    0.00    0.00    1.25    0.00    0.00    0.00   55.74
19:33:15      10   37.39    0.00    4.20    0.00    0.00    1.68    0.00    0.00    0.00   56.72
19:33:15      11   39.17    0.00    4.17    0.00    0.00    1.46    0.00    0.00    0.00   55.21
19:33:15      12   38.20    0.00    3.55    0.00    0.00    1.67    0.00    0.00    0.00   56.58
19:33:15      13   36.20    0.00    3.48    0.00    0.00    0.00    0.00    0.00    0.00   60.33
19:33:15      14   37.39    0.00    3.78    0.00    0.00    2.52    0.00    0.00    0.00   56.30
19:33:15      15   37.68    0.00    3.73    0.00    0.00    0.00    0.00    0.00    0.00   58.59

19:33:15     CPU    %usr   %nice    %sys %iowait    %irq   %soft  %steal  %guest  %gnice   %idle
19:33:20     all   37.35    0.00    3.66    0.00    0.00    0.81    0.00    0.00    0.00   58.17
19:33:20       0   37.42    0.00    3.74    0.00    0.00    0.00    0.00    0.00    0.00   58.84
19:33:20       1   36.17    0.00    3.33    0.00    0.00    0.00    0.00    0.00    0.00   60.50
19:33:20       2   36.04    0.00    3.75    0.00    0.00    0.00    0.00    0.00    0.00   60.21
19:33:20       3   37.34    0.00    3.53    0.00    0.00    0.00    0.00    0.00    0.00   59.13
19:33:20       4   36.04    0.00    3.33    0.00    0.00    0.00    0.00    0.00    0.00   60.62
19:33:20       5   37.79    0.00    3.61    0.00    0.00    1.70    0.00    0.00    0.00   56.90
19:33:20       6   37.50    0.00    3.12    0.00    0.00    0.00    0.00    0.00    0.00   59.38
19:33:20       7   39.36    0.00    4.04    0.00    0.00    2.13    0.00    0.00    0.00   54.47
19:33:20       8   37.68    0.00    3.58    0.00    0.00    1.89    0.00    0.00    0.00   56.84
19:33:20       9   37.13    0.00    3.38    0.00    0.00    1.48    0.00    0.00    0.00   58.02
19:33:20      10   38.90    0.00    3.81    0.00    0.00    1.06    0.00    0.00    0.00   56.24
19:33:20      11   37.89    0.00    3.58    0.00    0.00    1.26    0.00    0.00    0.00   57.26
19:33:20      12   37.58    0.00    4.03    0.00    0.00    1.49    0.00    0.00    0.00   56.90
19:33:20      13   35.28    0.00    3.34    0.00    0.00    0.00    0.00    0.00    0.00   61.38
19:33:20      14   38.24    0.00    4.20    0.00    0.00    2.10    0.00    0.00    0.00   55.46
19:33:20      15   37.37    0.00    4.18    0.00    0.00    0.00    0.00    0.00    0.00   58.46

19:33:20     CPU    %usr   %nice    %sys %iowait    %irq   %soft  %steal  %guest  %gnice   %idle
19:33:25     all   37.71    0.00    3.66    0.00    0.00    0.96    0.00    0.00    0.00   57.67
19:33:25       0   37.45    0.00    3.97    0.00    0.00    0.00    0.00    0.00    0.00   58.58
19:33:25       1   37.21    0.00    3.74    0.00    0.00    0.00    0.00    0.00    0.00   59.04
19:33:25       2   37.53    0.00    3.51    0.00    0.00    0.00    0.00    0.00    0.00   58.97
19:33:25       3   36.51    0.00    3.53    0.00    0.00    0.00    0.00    0.00    0.00   59.96
19:33:25       4   38.24    0.00    3.68    0.00    0.00    0.00    0.00    0.00    0.00   58.08
19:33:25       5   37.37    0.00    3.76    0.00    0.00    1.67    0.00    0.00    0.00   57.20
19:33:25       6   36.38    0.00    3.33    0.00    0.00    0.00    0.00    0.00    0.00   60.29
19:33:25       7   39.03    0.00    3.59    0.00    0.00    2.32    0.00    0.00    0.00   55.06
19:33:25       8   39.37    0.00    3.79    0.00    0.00    1.89    0.00    0.00    0.00   54.95
19:33:25       9   39.08    0.00    3.57    0.00    0.00    1.89    0.00    0.00    0.00   55.46
19:33:25      10   37.53    0.00    3.56    0.00    0.00    1.68    0.00    0.00    0.00   57.23
19:33:25      11   37.29    0.00    3.96    0.00    0.00    1.25    0.00    0.00    0.00   57.50
19:33:25      12   38.11    0.00    3.79    0.00    0.00    1.89    0.00    0.00    0.00   56.21
19:33:25      13   37.24    0.00    3.91    0.00    0.00    0.00    0.00    0.00    0.00   58.85
19:33:25      14   37.47    0.00    3.58    0.00    0.00    2.95    0.00    0.00    0.00   56.00
19:33:25      15   37.60    0.00    3.31    0.00    0.00    0.00    0.00    0.00    0.00   59.09

19:33:25     CPU    %usr   %nice    %sys %iowait    %irq   %soft  %steal  %guest  %gnice   %idle
19:33:30     all   36.78    0.00    3.67    0.00    0.00    0.87    0.01    0.00    0.00   58.66
19:33:30       0   36.50    0.00    3.16    0.00    0.00    0.00    0.21    0.00    0.00   60.13
19:33:30       1   34.39    0.00    4.03    0.00    0.00    0.00    0.00    0.00    0.00   61.57
19:33:30       2   36.06    0.00    3.56    0.00    0.00    0.00    0.00    0.00    0.00   60.38
19:33:30       3   35.98    0.00    3.14    0.00    0.00    0.00    0.00    0.00    0.00   60.88
19:33:30       4   34.81    0.00    3.59    0.00    0.00    0.00    0.00    0.00    0.00   61.60
19:33:30       5   37.95    0.00    3.62    0.00    0.00    1.49    0.00    0.00    0.00   56.93
19:33:30       6   36.44    0.00    3.31    0.00    0.00    0.00    0.00    0.00    0.00   60.25
19:33:30       7   38.17    0.00    4.05    0.00    0.00    1.71    0.00    0.00    0.00   56.08
19:33:30       8   37.45    0.00    3.83    0.00    0.00    1.70    0.00    0.00    0.00   57.02
19:33:30       9   37.31    0.00    3.41    0.00    0.00    1.92    0.00    0.00    0.00   57.36
19:33:30      10   35.82    0.00    3.62    0.00    0.00    1.49    0.00    0.00    0.00   59.06
19:33:30      11   37.24    0.00    4.18    0.00    0.00    1.46    0.00    0.00    0.00   57.11
19:33:30      12   38.81    0.00    4.05    0.00    0.00    1.92    0.00    0.00    0.00   55.22
19:33:30      13   35.70    0.00    3.34    0.00    0.00    0.00    0.00    0.00    0.00   60.96
19:33:30      14   39.61    0.00    3.85    0.00    0.00    2.36    0.00    0.00    0.00   54.18
19:33:30      15   36.34    0.00    3.99    0.00    0.00    0.00    0.00    0.00    0.00   59.66

19:33:30     CPU    %usr   %nice    %sys %iowait    %irq   %soft  %steal  %guest  %gnice   %idle
19:33:35     all   37.24    0.00    3.67    0.00    0.00    0.88    0.00    0.00    0.00   58.21
19:33:35       0   37.97    0.00    4.56    0.00    0.00    0.00    0.00    0.00    0.00   57.47
19:33:35       1   36.19    0.00    3.35    0.00    0.00    0.00    0.00    0.00    0.00   60.46
19:33:35       2   36.78    0.00    3.72    0.00    0.00    0.00    0.00    0.00    0.00   59.50
19:33:35       3   37.06    0.00    3.52    0.00    0.00    0.00    0.00    0.00    0.00   59.42
19:33:35       4   34.87    0.00    3.36    0.00    0.00    0.00    0.00    0.00    0.00   61.76
19:33:35       5   38.85    0.00    3.61    0.00    0.00    1.91    0.00    0.00    0.00   55.63
19:33:35       6   35.85    0.00    3.14    0.00    0.00    0.00    0.00    0.00    0.00   61.01
19:33:35       7   38.48    0.00    3.81    0.00    0.00    1.69    0.00    0.00    0.00   56.03
19:33:35       8   38.66    0.00    4.20    0.00    0.00    1.89    0.00    0.00    0.00   55.25
19:33:35       9   39.13    0.00    3.73    0.00    0.00    1.86    0.00    0.00    0.00   55.28
19:33:35      10   36.79    0.00    3.59    0.00    0.00    1.48    0.00    0.00    0.00   58.14
19:33:35      11   37.08    0.00    3.81    0.00    0.00    1.06    0.00    0.00    0.00   58.05
19:33:35      12   37.18    0.00    3.63    0.00    0.00    2.14    0.00    0.00    0.00   57.05
19:33:35      13   36.19    0.00    3.56    0.00    0.00    0.00    0.00    0.00    0.00   60.25
19:33:35      14   39.92    0.00    2.97    0.00    0.00    2.12    0.00    0.00    0.00   54.99
19:33:35      15   34.94    0.00    4.18    0.00    0.00    0.00    0.00    0.00    0.00   60.88

19:33:35     CPU    %usr   %nice    %sys %iowait    %irq   %soft  %steal  %guest  %gnice   %idle
19:33:40     all   37.60    0.00    3.75    0.00    0.00    0.90    0.01    0.00    0.00   57.74
19:33:40       0   38.10    0.00    4.14    0.00    0.00    0.00    0.00    0.00    0.00   57.76
19:33:40       1   36.44    0.00    3.52    0.00    0.00    0.00    0.00    0.00    0.00   60.04
19:33:40       2   35.68    0.00    3.73    0.00    0.00    0.00    0.00    0.00    0.00   60.58
19:33:40       3   37.11    0.00    3.71    0.00    0.00    0.00    0.00    0.00    0.00   59.18
19:33:40       4   37.17    0.00    3.49    0.00    0.00    0.00    0.00    0.00    0.00   59.34
19:33:40       5   37.39    0.00    3.78    0.00    0.00    1.68    0.00    0.00    0.00   57.14
19:33:40       6   36.63    0.00    3.91    0.00    0.00    0.00    0.00    0.00    0.00   59.47
19:33:40       7   38.66    0.00    3.99    0.00    0.00    2.31    0.00    0.00    0.00   55.04
19:33:40       8   39.19    0.00    3.81    0.00    0.00    1.69    0.00    0.00    0.00   55.30
19:33:40       9   38.56    0.00    3.39    0.00    0.00    1.48    0.00    0.00    0.00   56.57
19:33:40      10   38.08    0.00    3.56    0.00    0.00    1.88    0.21    0.00    0.00   56.28
19:33:40      11   37.92    0.00    4.17    0.00    0.00    1.25    0.00    0.00    0.00   56.67
19:33:40      12   37.55    0.00    3.38    0.00    0.00    2.11    0.00    0.00    0.00   56.96
19:33:40      13   36.73    0.00    3.88    0.00    0.00    0.00    0.00    0.00    0.00   59.39
19:33:40      14   38.32    0.00    3.58    0.00    0.00    2.11    0.00    0.00    0.00   56.00
19:33:40      15   38.14    0.00    3.92    0.00    0.00    0.00    0.00    0.00    0.00   57.94

19:33:40     CPU    %usr   %nice    %sys %iowait    %irq   %soft  %steal  %guest  %gnice   %idle
19:33:45     all   36.88    0.00    3.59    0.00    0.00    0.87    0.00    0.00    0.00   58.65
19:33:45       0   37.29    0.00    3.39    0.00    0.00    0.00    0.00    0.00    0.00   59.32
19:33:45       1   36.06    0.00    3.56    0.00    0.00    0.00    0.00    0.00    0.00   60.38
19:33:45       2   35.81    0.00    3.18    0.00    0.00    0.00    0.00    0.00    0.00   61.02
19:33:45       3   36.46    0.00    3.33    0.00    0.00    0.00    0.00    0.00    0.00   60.21
19:33:45       4   34.87    0.00    3.78    0.00    0.00    0.00    0.00    0.00    0.00   61.34
19:33:45       5   36.21    0.00    3.88    0.00    0.00    1.51    0.00    0.00    0.00   58.41
19:33:45       6   36.95    0.00    3.76    0.00    0.00    0.00    0.00    0.00    0.00   59.29
19:33:45       7   38.20    0.00    4.29    0.00    0.00    2.58    0.00    0.00    0.00   54.94
19:33:45       8   39.10    0.00    3.42    0.00    0.00    2.35    0.00    0.00    0.00   55.13
19:33:45       9   37.04    0.00    3.85    0.00    0.00    1.28    0.00    0.00    0.00   57.82
19:33:45      10   37.02    0.00    3.40    0.00    0.00    0.85    0.00    0.00    0.00   58.72
19:33:45      11   38.14    0.00    3.18    0.00    0.00    1.27    0.00    0.00    0.00   57.42
19:33:45      12   37.39    0.00    3.85    0.00    0.00    1.92    0.00    0.00    0.00   56.84
19:33:45      13   36.69    0.00    3.35    0.00    0.00    0.00    0.00    0.00    0.00   59.96
19:33:45      14   36.58    0.00    3.68    0.00    0.00    2.38    0.00    0.00    0.00   57.36
19:33:45      15   36.36    0.00    3.59    0.00    0.00    0.00    0.00    0.00    0.00   60.04

19:33:45     CPU    %usr   %nice    %sys %iowait    %irq   %soft  %steal  %guest  %gnice   %idle
19:33:50     all   37.37    0.00    3.77    0.00    0.00    0.98    0.07    0.00    0.00   57.82
19:33:50       0   36.25    0.00    4.38    0.00    0.00    0.00    0.00    0.00    0.00   59.38
19:33:50       1   37.29    0.00    3.54    0.00    0.00    0.00    0.00    0.00    0.00   59.17
19:33:50       2   36.38    0.00    3.53    0.00    0.00    0.00    0.42    0.00    0.00   59.67
19:33:50       3   36.23    0.00    3.93    0.00    0.00    0.00    0.00    0.00    0.00   59.83
19:33:50       4   35.54    0.00    3.72    0.00    0.00    0.00    0.00    0.00    0.00   60.74
19:33:50       5   38.03    0.00    3.99    0.00    0.00    2.10    0.00    0.00    0.00   55.88
19:33:50       6   37.84    0.00    3.33    0.00    0.00    0.00    0.00    0.00    0.00   58.84
19:33:50       7   38.35    0.00    4.24    0.00    0.00    2.54    0.00    0.00    0.00   54.87
19:33:50       8   38.30    0.00    3.83    0.00    0.00    2.13    0.00    0.00    0.00   55.74
19:33:50       9   38.62    0.00    3.97    0.00    0.00    1.67    0.21    0.00    0.00   55.53
19:33:50      10   37.05    0.00    3.79    0.00    0.00    1.26    0.21    0.00    0.00   57.68
19:33:50      11   37.13    0.00    3.80    0.00    0.00    1.48    0.00    0.00    0.00   57.59
19:33:50      12   38.03    0.00    3.57    0.00    0.00    2.31    0.00    0.00    0.00   56.09
19:33:50      13   35.97    0.00    3.53    0.00    0.00    0.00    0.00    0.00    0.00   60.50
19:33:50      14   38.85    0.00    3.40    0.00    0.00    2.34    0.00    0.00    0.00   55.41
19:33:50      15   38.10    0.00    3.73    0.00    0.00    0.00    0.21    0.00    0.00   57.97

19:33:50     CPU    %usr   %nice    %sys %iowait    %irq   %soft  %steal  %guest  %gnice   %idle
19:33:55     all   37.16    0.00    3.76    0.00    0.00    1.00    0.01    0.00    0.00   58.07
19:33:55       0   37.89    0.00    4.00    0.00    0.00    0.00    0.00    0.00    0.00   58.11
19:33:55       1   36.34    0.00    3.78    0.00    0.00    0.00    0.00    0.00    0.00   59.87
19:33:55       2   37.37    0.00    3.97    0.00    0.00    0.00    0.00    0.00    0.00   58.66
19:33:55       3   36.57    0.00    3.10    0.00    0.00    0.00    0.00    0.00    0.00   60.33
19:33:55       4   36.51    0.00    3.53    0.00    0.00    0.00    0.00    0.00    0.00   59.96
19:33:55       5   37.47    0.00    3.79    0.00    0.00    1.89    0.00    0.00    0.00   56.84
19:33:55       6   36.72    0.00    3.73    0.00    0.00    0.00    0.00    0.00    0.00   59.54
19:33:55       7   38.59    0.00    4.05    0.00    0.00    2.77    0.00    0.00    0.00   54.58
19:33:55       8   38.11    0.00    3.58    0.00    0.00    2.32    0.21    0.00    0.00   55.79
19:33:55       9   36.92    0.00    4.22    0.00    0.00    1.90    0.00    0.00    0.00   56.96
19:33:55      10   37.24    0.00    4.39    0.00    0.00    1.46    0.00    0.00    0.00   56.90
19:33:55      11   37.68    0.00    3.37    0.00    0.00    1.26    0.00    0.00    0.00   57.68
19:33:55      12   37.66    0.00    3.40    0.00    0.00    1.91    0.00    0.00    0.00   57.02
19:33:55      13   36.44    0.00    3.73    0.00    0.00    0.00    0.00    0.00    0.00   59.83
19:33:55      14   37.18    0.00    3.63    0.00    0.00    2.56    0.00    0.00    0.00   56.62
19:33:55      15   35.89    0.00    3.94    0.00    0.00    0.00    0.00    0.00    0.00   60.17

19:33:55     CPU    %usr   %nice    %sys %iowait    %irq   %soft  %steal  %guest  %gnice   %idle
19:34:00     all   37.89    0.00    3.71    0.00    0.00    0.92    0.00    0.00    0.00   57.49
19:34:00       0   37.94    0.00    3.71    0.00    0.00    0.00    0.00    0.00    0.00   58.35
19:34:00       1   37.04    0.00    3.29    0.00    0.00    0.00    0.00    0.00    0.00   59.67
19:34:00       2   37.83    0.00    3.27    0.00    0.00    0.00    0.00    0.00    0.00   58.90
19:34:00       3   37.45    0.00    3.70    0.00    0.00    0.00    0.00    0.00    0.00   58.85
19:34:00       4   36.70    0.00    4.12    0.00    0.00    0.00    0.00    0.00    0.00   59.18
19:34:00       5   39.09    0.00    3.74    0.00    0.00    1.87    0.00    0.00    0.00   55.30
19:34:00       6   37.09    0.00    3.69    0.00    0.00    0.00    0.00    0.00    0.00   59.22
19:34:00       7   38.85    0.00    3.40    0.00    0.00    2.76    0.00    0.00    0.00   54.99
19:34:00       8   38.66    0.00    4.20    0.00    0.00    1.89    0.00    0.00    0.00   55.25
19:34:00       9   38.28    0.00    3.56    0.00    0.00    1.46    0.00    0.00    0.00   56.69
19:34:00      10   37.16    0.00    3.76    0.00    0.00    0.84    0.00    0.00    0.00   58.25
19:34:00      11   37.81    0.00    3.93    0.00    0.00    1.03    0.00    0.00    0.00   57.23
19:34:00      12   38.33    0.00    3.96    0.00    0.00    2.29    0.00    0.00    0.00   55.42
19:34:00      13   36.91    0.00    3.92    0.00    0.00    0.00    0.00    0.00    0.00   59.18
19:34:00      14   38.32    0.00    3.79    0.00    0.00    2.74    0.00    0.00    0.00   55.16
19:34:00      15   38.81    0.00    3.29    0.00    0.00    0.00    0.00    0.00    0.00   57.91

19:34:00     CPU    %usr   %nice    %sys %iowait    %irq   %soft  %steal  %guest  %gnice   %idle
19:34:05     all   37.32    0.00    3.74    0.00    0.00    1.00    0.00    0.00    0.00   57.94
19:34:05       0   36.33    0.00    3.76    0.00    0.00    0.00    0.00    0.00    0.00   59.92
19:34:05       1   35.98    0.00    3.77    0.00    0.00    0.00    0.00    0.00    0.00   60.25
19:34:05       2   36.38    0.00    3.95    0.00    0.00    0.00    0.00    0.00    0.00   59.67
19:34:05       3   35.97    0.00    3.53    0.00    0.00    0.00    0.00    0.00    0.00   60.50
19:34:05       4   36.51    0.00    3.53    0.00    0.00    0.00    0.00    0.00    0.00   59.96
19:34:05       5   36.73    0.00    3.82    0.00    0.00    2.12    0.00    0.00    0.00   57.32
19:34:05       6   38.10    0.00    3.52    0.00    0.00    0.00    0.00    0.00    0.00   58.39
19:34:05       7   39.23    0.00    3.84    0.00    0.00    2.99    0.00    0.00    0.00   53.94
19:34:05       8   37.29    0.00    4.45    0.00    0.00    1.91    0.00    0.00    0.00   56.36
19:34:05       9   38.14    0.00    3.81    0.00    0.00    1.48    0.00    0.00    0.00   56.57
19:34:05      10   38.75    0.00    3.33    0.00    0.00    1.46    0.00    0.00    0.00   56.46
19:34:05      11   38.67    0.00    3.33    0.00    0.00    1.46    0.00    0.00    0.00   56.55
19:34:05      12   38.03    0.00    3.99    0.00    0.00    1.68    0.00    0.00    0.00   56.30
19:34:05      13   36.08    0.00    3.51    0.00    0.00    0.00    0.00    0.00    0.00   60.41
19:34:05      14   37.77    0.00    3.65    0.00    0.00    3.00    0.00    0.00    0.00   55.58
19:34:05      15   37.21    0.00    4.16    0.00    0.00    0.00    0.00    0.00    0.00   58.63

19:34:05     CPU    %usr   %nice    %sys %iowait    %irq   %soft  %steal  %guest  %gnice   %idle
19:34:10     all   37.50    0.00    3.94    0.00    0.00    0.96    0.04    0.00    0.00   57.56
19:34:10       0   36.98    0.00    3.72    0.00    0.00    0.00    0.00    0.00    0.00   59.30
19:34:10       1   36.27    0.00    4.51    0.00    0.00    0.00    0.00    0.00    0.00   59.22
19:34:10       2   36.48    0.00    3.89    0.00    0.00    0.00    0.20    0.00    0.00   59.43
19:34:10       3   36.68    0.00    4.10    0.00    0.00    0.00    0.00    0.00    0.00   59.22
19:34:10       4   35.73    0.00    3.90    0.00    0.00    0.00    0.00    0.00    0.00   60.37
19:34:10       5   37.21    0.00    4.02    0.00    0.00    1.90    0.00    0.00    0.00   56.87
19:34:10       6   37.78    0.00    3.90    0.00    0.00    0.00    0.00    0.00    0.00   58.32
19:34:10       7   40.25    0.00    4.19    0.00    0.00    2.31    0.00    0.00    0.00   53.25
19:34:10       8   37.87    0.00    4.18    0.00    0.00    1.88    0.00    0.00    0.00   56.07
19:34:10       9   36.67    0.00    3.96    0.00    0.00    1.67    0.00    0.00    0.00   57.71
19:34:10      10   38.05    0.00    3.53    0.00    0.00    1.25    0.21    0.00    0.00   56.96
19:34:10      11   37.81    0.00    3.72    0.00    0.00    1.24    0.00    0.00    0.00   57.23
19:34:10      12   38.49    0.00    3.97    0.00    0.00    2.09    0.00    0.00    0.00   55.44
19:34:10      13   38.19    0.00    3.70    0.00    0.00    0.00    0.00    0.00    0.00   58.11
19:34:10      14   38.82    0.00    4.01    0.00    0.00    3.16    0.21    0.00    0.00   53.80
19:34:10      15   36.91    0.00    3.71    0.00    0.00    0.00    0.00    0.00    0.00   59.38

19:34:10     CPU    %usr   %nice    %sys %iowait    %irq   %soft  %steal  %guest  %gnice   %idle
19:34:15     all   37.57    0.00    3.75    0.00    0.00    1.00    0.00    0.00    0.00   57.68
19:34:15       0   37.68    0.00    3.93    0.00    0.00    0.00    0.00    0.00    0.00   58.39
19:34:15       1   35.61    0.00    3.93    0.00    0.00    0.00    0.00    0.00    0.00   60.46
19:34:15       2   37.11    0.00    3.51    0.00    0.00    0.00    0.00    0.00    0.00   59.38
19:34:15       3   35.64    0.00    3.35    0.00    0.00    0.00    0.00    0.00    0.00   61.01
19:34:15       4   35.32    0.00    3.90    0.00    0.00    0.00    0.00    0.00    0.00   60.78
19:34:15       5   38.27    0.00    4.02    0.00    0.00    2.11    0.00    0.00    0.00   55.60
19:34:15       6   36.44    0.00    3.73    0.00    0.00    0.00    0.00    0.00    0.00   59.83
19:34:15       7   38.38    0.00    3.20    0.00    0.00    2.35    0.00    0.00    0.00   56.08
19:34:15       8   39.33    0.00    4.18    0.00    0.00    2.09    0.00    0.00    0.00   54.39
19:34:15       9   39.03    0.00    3.38    0.00    0.00    1.69    0.00    0.00    0.00   55.91
19:34:15      10   38.90    0.00    3.59    0.00    0.00    1.90    0.00    0.00    0.00   55.60
19:34:15      11   36.44    0.00    4.35    0.00    0.00    1.24    0.00    0.00    0.00   57.97
19:34:15      12   38.17    0.00    3.73    0.00    0.00    2.07    0.00    0.00    0.00   56.02
19:34:15      13   37.53    0.00    3.92    0.00    0.00    0.00    0.00    0.00    0.00   58.56
19:34:15      14   40.12    0.00    3.33    0.00    0.00    2.70    0.00    0.00    0.00   53.85
19:34:15      15   37.21    0.00    3.95    0.00    0.00    0.00    0.00    0.00    0.00   58.84

19:34:15     CPU    %usr   %nice    %sys %iowait    %irq   %soft  %steal  %guest  %gnice   %idle
19:34:20     all   37.50    0.00    3.85    0.00    0.00    1.01    0.00    0.00    0.00   57.63
19:34:20       0   38.17    0.00    4.36    0.00    0.00    0.00    0.00    0.00    0.00   57.47
19:34:20       1   36.59    0.00    3.95    0.00    0.00    0.00    0.00    0.00    0.00   59.46
19:34:20       2   36.67    0.00    3.12    0.00    0.00    0.00    0.00    0.00    0.00   60.21
19:34:20       3   36.70    0.00    3.92    0.00    0.00    0.00    0.00    0.00    0.00   59.38
19:34:20       4   37.17    0.00    3.49    0.00    0.00    0.00    0.00    0.00    0.00   59.34
19:34:20       5   37.29    0.00    3.54    0.00    0.00    2.50    0.00    0.00    0.00   56.67
19:34:20       6   37.04    0.00    3.91    0.00    0.00    0.00    0.00    0.00    0.00   59.05
19:34:20       7   37.45    0.00    4.26    0.00    0.00    2.55    0.00    0.00    0.00   55.74
19:34:20       8   39.34    0.00    3.93    0.00    0.00    1.86    0.00    0.00    0.00   54.87
19:34:20       9   37.26    0.00    4.00    0.00    0.00    2.74    0.00    0.00    0.00   56.00
19:34:20      10   38.87    0.00    3.57    0.00    0.00    1.68    0.00    0.00    0.00   55.88
19:34:20      11   36.97    0.00    3.78    0.00    0.00    1.47    0.00    0.00    0.00   57.77
19:34:20      12   38.46    0.00    3.95    0.00    0.00    1.46    0.00    0.00    0.00   56.13
19:34:20      13   37.35    0.00    4.49    0.00    0.00    0.00    0.00    0.00    0.00   58.16
19:34:20      14   38.35    0.00    4.24    0.00    0.00    2.12    0.00    0.00    0.00   55.30
19:34:20      15   36.44    0.00    3.11    0.00    0.00    0.00    0.00    0.00    0.00   60.46

19:34:20     CPU    %usr   %nice    %sys %iowait    %irq   %soft  %steal  %guest  %gnice   %idle
19:34:25     all   37.16    0.00    3.76    0.00    0.00    0.99    0.00    0.00    0.00   58.09
19:34:25       0   36.69    0.00    3.77    0.00    0.00    0.00    0.00    0.00    0.00   59.54
19:34:25       1   35.68    0.00    3.73    0.00    0.00    0.00    0.00    0.00    0.00   60.58
19:34:25       2   37.04    0.00    3.91    0.00    0.00    0.00    0.00    0.00    0.00   59.05
19:34:25       3   37.32    0.00    3.71    0.00    0.00    0.00    0.00    0.00    0.00   58.97
19:34:25       4   37.01    0.00    3.33    0.00    0.00    0.00    0.00    0.00    0.00   59.67
19:34:25       5   38.98    0.00    3.39    0.00    0.00    2.54    0.00    0.00    0.00   55.08
19:34:25       6   36.19    0.00    3.77    0.00    0.00    0.00    0.00    0.00    0.00   60.04
19:34:25       7   37.92    0.00    4.45    0.00    0.00    2.75    0.00    0.00    0.00   54.87
19:34:25       8   37.32    0.00    3.98    0.00    0.00    1.68    0.00    0.00    0.00   57.02
19:34:25       9   37.68    0.00    3.79    0.00    0.00    2.32    0.00    0.00    0.00   56.21
19:34:25      10   37.26    0.00    3.58    0.00    0.00    1.26    0.00    0.00    0.00   57.89
19:34:25      11   38.48    0.00    3.81    0.00    0.00    1.48    0.00    0.00    0.00   56.24
19:34:25      12   37.68    0.00    4.00    0.00    0.00    1.68    0.00    0.00    0.00   56.63
19:34:25      13   36.76    0.00    3.70    0.00    0.00    0.00    0.00    0.00    0.00   59.55
19:34:25      14   37.31    0.00    3.41    0.00    0.00    2.35    0.00    0.00    0.00   56.93
19:34:25      15   35.36    0.00    3.77    0.00    0.00    0.00    0.00    0.00    0.00   60.88

19:34:25     CPU    %usr   %nice    %sys %iowait    %irq   %soft  %steal  %guest  %gnice   %idle
19:34:30     all   21.70    0.00    2.40    0.06    0.00    0.60    0.00    0.00    0.00   75.24
19:34:30       0   20.58    0.00    2.67    0.00    0.00    0.00    0.00    0.00    0.00   76.75
19:34:30       1   22.61    0.00    2.85    0.41    0.00    0.00    0.00    0.00    0.00   74.13
19:34:30       2   20.97    0.00    2.02    0.00    0.00    0.00    0.00    0.00    0.00   77.02
19:34:30       3   20.97    0.00    1.81    0.00    0.00    0.00    0.00    0.00    0.00   77.22
19:34:30       4   21.77    0.00    2.22    0.00    0.00    0.00    0.00    0.00    0.00   76.01
19:34:30       5   21.74    0.00    1.86    0.00    0.00    1.04    0.00    0.00    0.00   75.36
19:34:30       6   26.37    0.00    2.84    0.00    0.00    0.00    0.00    0.00    0.00   70.79
19:34:30       7   22.18    0.00    2.46    0.00    0.00    1.03    0.00    0.00    0.00   74.33
19:34:30       8   23.66    0.00    2.88    0.00    0.00    0.82    0.00    0.00    0.00   72.63
19:34:30       9   21.56    0.00    2.46    0.21    0.00    1.64    0.00    0.00    0.00   74.13
19:34:30      10   20.12    0.00    2.46    0.00    0.00    1.03    0.00    0.00    0.00   76.39
19:34:30      11   20.12    0.00    2.05    0.00    0.00    1.23    0.00    0.00    0.00   76.59
19:34:30      12   21.43    0.00    2.45    0.20    0.00    1.43    0.00    0.00    0.00   74.49
19:34:30      13   20.53    0.00    2.64    0.20    0.00    0.00    0.00    0.00    0.00   76.63
19:34:30      14   21.00    0.00    2.49    0.00    0.00    1.46    0.00    0.00    0.00   75.05
19:34:30      15   21.50    0.00    2.23    0.00    0.00    0.00    0.00    0.00    0.00   76.27
