Linux 6.17.0-1015-aws (ip-172-31-10-5) 	05/27/26 	_x86_64_	(4 CPU)

19:31:55     CPU    %usr   %nice    %sys %iowait    %irq   %soft  %steal  %guest  %gnice   %idle
19:32:00     all   29.81    0.00    9.60    0.00    0.00    4.24    0.10    0.00    0.00   56.24
19:32:00       0   32.39    0.00   11.13    0.00    0.00    3.64    0.00    0.00    0.00   52.83
19:32:00       1   31.73    0.00    6.63    0.00    0.00   13.25    0.20    0.00    0.00   48.19
19:32:00       2   30.51    0.00    7.68    0.00    0.00    0.00    0.20    0.00    0.00   61.62
19:32:00       3   24.59    0.00   13.01    0.00    0.00    0.00    0.00    0.00    0.00   62.40

19:32:00     CPU    %usr   %nice    %sys %iowait    %irq   %soft  %steal  %guest  %gnice   %idle
19:32:05     all   61.55    0.00   24.86    0.00    0.00   10.71    0.20    0.00    0.00    2.68
19:32:05       0   60.45    0.00   26.37    0.00    0.00   11.16    0.20    0.00    0.00    1.83
19:32:05       1   54.71    0.00   17.43    0.00    0.00   27.45    0.20    0.00    0.00    0.20
19:32:05       2   59.23    0.00   32.86    0.00    0.00    4.06    0.20    0.00    0.00    3.65
19:32:05       3   71.86    0.00   22.87    0.00    0.00    0.00    0.20    0.00    0.00    5.06

19:32:05     CPU    %usr   %nice    %sys %iowait    %irq   %soft  %steal  %guest  %gnice   %idle
19:32:10     all   63.91    0.00   23.79    0.00    0.00   10.18    0.25    0.00    0.00    1.86
19:32:10       0   62.70    0.00   24.80    0.00    0.00   11.09    0.20    0.00    0.00    1.21
19:32:10       1   60.24    0.00   20.48    0.00    0.00   18.67    0.20    0.00    0.00    0.40
19:32:10       2   68.47    0.00   19.48    0.00    0.00   10.84    0.20    0.00    0.00    1.00
19:32:10       3   64.23    0.00   30.49    0.00    0.00    0.00    0.41    0.00    0.00    4.88

19:32:10     CPU    %usr   %nice    %sys %iowait    %irq   %soft  %steal  %guest  %gnice   %idle
19:32:15     all   63.91    0.00   23.92    0.00    0.00   10.29    0.10    0.00    0.00    1.77
19:32:15       0   61.94    0.00   25.51    0.00    0.00   11.13    0.00    0.00    0.00    1.42
19:32:15       1   62.68    0.00   22.31    0.00    0.00   14.20    0.20    0.00    0.00    0.61
19:32:15       2   68.89    0.00   18.99    0.00    0.00   11.31    0.00    0.00    0.00    0.81
19:32:15       3   62.12    0.00   28.92    0.00    0.00    4.48    0.20    0.00    0.00    4.28

19:32:15     CPU    %usr   %nice    %sys %iowait    %irq   %soft  %steal  %guest  %gnice   %idle
19:32:20     all   64.29    0.00   24.47    0.00    0.00    9.63    0.25    0.00    0.00    1.37
19:32:20       0   66.80    0.00   21.66    0.00    0.00    9.92    0.20    0.00    0.00    1.42
19:32:20       1   64.30    0.00   25.35    0.00    0.00    8.32    0.41    0.00    0.00    1.62
19:32:20       2   60.93    0.00   27.13    0.00    0.00   10.32    0.20    0.00    0.00    1.42
19:32:20       3   65.11    0.00   23.73    0.00    0.00    9.94    0.20    0.00    0.00    1.01

19:32:20     CPU    %usr   %nice    %sys %iowait    %irq   %soft  %steal  %guest  %gnice   %idle
19:32:25     all   64.52    0.00   24.08    0.00    0.00    9.58    0.25    0.00    0.00    1.57
19:32:25       0   64.66    0.00   24.70    0.00    0.00    9.44    0.20    0.00    0.00    1.00
19:32:25       1   67.62    0.00   22.20    0.00    0.00    7.74    0.41    0.00    0.00    2.04
19:32:25       2   65.38    0.00   22.47    0.00    0.00   10.93    0.00    0.00    0.00    1.21
19:32:25       3   60.41    0.00   26.94    0.00    0.00   10.20    0.41    0.00    0.00    2.04

19:32:25     CPU    %usr   %nice    %sys %iowait    %irq   %soft  %steal  %guest  %gnice   %idle
19:32:30     all   57.61    0.00   23.33    0.05    0.00    8.99    0.21    0.00    0.00    9.82
19:32:30       0   53.00    0.00   25.26    0.00    0.00    8.49    0.00    0.00    0.00   13.25
19:32:30       1   67.35    0.00   19.30    0.00    0.00    7.60    0.41    0.00    0.00    5.34
19:32:30       2   54.38    0.00   25.05    0.00    0.00    9.78    0.20    0.00    0.00   10.59
19:32:30       3   55.67    0.00   23.71    0.21    0.00   10.10    0.21    0.00    0.00   10.10

19:32:30     CPU    %usr   %nice    %sys %iowait    %irq   %soft  %steal  %guest  %gnice   %idle
19:32:35     all   57.85    0.00   25.07    0.05    0.00    7.19    0.11    0.00    0.00    9.73
19:32:35       0   51.39    0.00   29.76    0.00    0.00    6.85    0.00    0.00    0.00   11.99
19:32:35       1   65.35    0.00   20.54    0.21    0.00    6.85    0.21    0.00    0.00    6.85
19:32:35       2   54.22    0.00   29.11    0.00    0.00    6.33    0.00    0.00    0.00   10.34
19:32:35       3   60.26    0.00   20.94    0.00    0.00    8.76    0.21    0.00    0.00    9.83

19:32:35     CPU    %usr   %nice    %sys %iowait    %irq   %soft  %steal  %guest  %gnice   %idle
19:32:40     all   69.35    0.00   22.48    0.05    0.00    6.01    0.25    0.00    0.00    1.85
19:32:40       0   64.33    0.00   26.65    0.20    0.00    5.61    0.20    0.00    0.00    3.01
19:32:40       1   75.05    0.00   16.90    0.00    0.00    6.44    0.40    0.00    0.00    1.21
19:32:40       2   66.27    0.00   25.00    0.00    0.00    6.15    0.20    0.00    0.00    2.38
19:32:40       3   71.83    0.00   21.33    0.00    0.00    5.84    0.20    0.00    0.00    0.80

19:32:40     CPU    %usr   %nice    %sys %iowait    %irq   %soft  %steal  %guest  %gnice   %idle
19:32:45     all   63.02    0.00   26.00    0.05    0.00    6.22    0.15    0.00    0.00    4.55
19:32:45       0   49.29    0.00   38.74    0.00    0.00    5.68    0.00    0.00    0.00    6.29
19:32:45       1   55.44    0.00   32.65    0.00    0.00    5.13    0.21    0.00    0.00    6.57
19:32:45       2   79.36    0.00   13.23    0.00    0.00    6.41    0.00    0.00    0.00    1.00
19:32:45       3   67.67    0.00   19.68    0.20    0.00    7.63    0.40    0.00    0.00    4.42

19:32:45     CPU    %usr   %nice    %sys %iowait    %irq   %soft  %steal  %guest  %gnice   %idle
19:32:50     all   60.15    0.00   23.71    0.00    0.00    7.10    0.32    0.00    0.00    8.73
19:32:50       0   61.51    0.00   23.64    0.00    0.00    6.69    0.21    0.00    0.00    7.95
19:32:50       1   48.72    0.00   30.98    0.00    0.00    6.41    0.43    0.00    0.00   13.46
19:32:50       2   72.90    0.00   15.81    0.00    0.00    6.78    0.21    0.00    0.00    4.31
19:32:50       3   56.93    0.00   24.73    0.00    0.00    8.53    0.43    0.00    0.00    9.38

19:32:50     CPU    %usr   %nice    %sys %iowait    %irq   %soft  %steal  %guest  %gnice   %idle
19:32:55     all   55.25    0.00   26.01    0.00    0.00    7.11    0.11    0.00    0.00   11.52
19:32:55       0   59.75    0.00   23.06    0.00    0.00    8.18    0.00    0.00    0.00    9.01
19:32:55       1   52.16    0.00   26.94    0.00    0.00    4.96    0.22    0.00    0.00   15.73
19:32:55       2   60.46    0.00   25.26    0.00    0.00    7.25    0.00    0.00    0.00    7.04
19:32:55       3   48.26    0.00   28.91    0.00    0.00    8.04    0.22    0.00    0.00   14.57

19:32:55     CPU    %usr   %nice    %sys %iowait    %irq   %soft  %steal  %guest  %gnice   %idle
19:33:00     all   55.54    0.00   25.48    0.00    0.00    6.88    0.27    0.00    0.00   11.83
19:33:00       0   53.16    0.00   28.06    0.00    0.00    7.81    0.21    0.00    0.00   10.76
19:33:00       1   63.19    0.00   18.51    0.00    0.00    5.32    0.43    0.00    0.00   12.55
19:33:00       2   56.85    0.00   27.59    0.00    0.00    7.47    0.21    0.00    0.00    7.88
19:33:00       3   48.67    0.00   27.78    0.00    0.00    6.89    0.22    0.00    0.00   16.44

19:33:00     CPU    %usr   %nice    %sys %iowait    %irq   %soft  %steal  %guest  %gnice   %idle
19:33:05     all   54.97    0.00   26.34    0.00    0.00    7.12    0.16    0.00    0.00   11.42
19:33:05       0   49.79    0.00   29.83    0.00    0.00    7.51    0.00    0.00    0.00   12.88
19:33:05       1   53.55    0.00   26.88    0.00    0.00    4.95    0.22    0.00    0.00   14.41
19:33:05       2   54.07    0.00   29.44    0.00    0.00    8.14    0.00    0.00    0.00    8.35
19:33:05       3   62.37    0.00   19.24    0.00    0.00    7.82    0.42    0.00    0.00   10.15

19:33:05     CPU    %usr   %nice    %sys %iowait    %irq   %soft  %steal  %guest  %gnice   %idle
19:33:10     all   55.68    0.00   25.97    0.00    0.00    6.56    0.21    0.00    0.00   11.58
19:33:10       0   52.42    0.00   30.32    0.00    0.00    6.95    0.00    0.00    0.00   10.32
19:33:10       1   60.63    0.00   20.84    0.00    0.00    5.47    0.42    0.00    0.00   12.63
19:33:10       2   52.32    0.00   30.38    0.00    0.00    5.70    0.21    0.00    0.00   11.39
19:33:10       3   57.39    0.00   22.27    0.00    0.00    8.14    0.21    0.00    0.00   11.99

19:33:10     CPU    %usr   %nice    %sys %iowait    %irq   %soft  %steal  %guest  %gnice   %idle
19:33:15     all   55.16    0.00   25.99    0.00    0.00    7.04    0.21    0.00    0.00   11.59
19:33:15       0   51.91    0.00   29.24    0.00    0.00    7.42    0.21    0.00    0.00   11.23
19:33:15       1   54.04    0.00   25.96    0.00    0.00    6.17    0.21    0.00    0.00   13.62
19:33:15       2   51.68    0.00   31.09    0.00    0.00    6.30    0.00    0.00    0.00   10.92
19:33:15       3   63.06    0.00   17.62    0.00    0.00    8.28    0.42    0.00    0.00   10.62

19:33:15     CPU    %usr   %nice    %sys %iowait    %irq   %soft  %steal  %guest  %gnice   %idle
19:33:20     all   55.05    0.00   26.12    0.00    0.00    6.77    0.16    0.00    0.00   11.90
19:33:20       0   50.53    0.00   31.50    0.00    0.00    6.98    0.00    0.00    0.00   10.99
19:33:20       1   50.11    0.00   29.00    0.00    0.00    6.40    0.43    0.00    0.00   14.07
19:33:20       2   60.80    0.00   22.64    0.00    0.00    5.24    0.00    0.00    0.00   11.32
19:33:20       3   58.69    0.00   21.40    0.00    0.00    8.47    0.21    0.00    0.00   11.23

19:33:20     CPU    %usr   %nice    %sys %iowait    %irq   %soft  %steal  %guest  %gnice   %idle
19:33:25     all   55.51    0.00   26.39    0.00    0.00    6.72    0.21    0.00    0.00   11.18
19:33:25       0   52.74    0.00   30.80    0.00    0.00    7.38    0.00    0.00    0.00    9.07
19:33:25       1   52.43    0.00   27.27    0.00    0.00    5.92    0.42    0.00    0.00   13.95
19:33:25       2   57.26    0.00   26.35    0.00    0.00    6.22    0.21    0.00    0.00    9.96
19:33:25       3   59.54    0.00   21.17    0.00    0.00    7.34    0.21    0.00    0.00   11.74

19:33:25     CPU    %usr   %nice    %sys %iowait    %irq   %soft  %steal  %guest  %gnice   %idle
19:33:30     all   55.46    0.00   26.25    0.00    0.00    6.85    0.16    0.00    0.00   11.28
19:33:30       0   55.65    0.00   26.36    0.00    0.00    7.95    0.21    0.00    0.00    9.83
19:33:30       1   51.69    0.00   28.60    0.00    0.00    6.57    0.21    0.00    0.00   12.92
19:33:30       2   64.24    0.00   21.21    0.00    0.00    6.65    0.00    0.00    0.00    7.90
19:33:30       3   50.00    0.00   28.97    0.00    0.00    6.22    0.21    0.00    0.00   14.59

19:33:30     CPU    %usr   %nice    %sys %iowait    %irq   %soft  %steal  %guest  %gnice   %idle
19:33:35     all   54.98    0.00   26.75    0.00    0.00    7.15    0.26    0.00    0.00   10.86
19:33:35       0   58.82    0.00   23.95    0.00    0.00    7.35    0.00    0.00    0.00    9.87
19:33:35       1   51.07    0.00   29.49    0.00    0.00    6.62    0.43    0.00    0.00   12.39
19:33:35       2   60.62    0.00   23.33    0.00    0.00    6.67    0.21    0.00    0.00    9.17
19:33:35       3   49.14    0.00   30.39    0.00    0.00    7.97    0.43    0.00    0.00   12.07

19:33:35     CPU    %usr   %nice    %sys %iowait    %irq   %soft  %steal  %guest  %gnice   %idle
19:33:40     all   55.65    0.00   26.06    0.00    0.00    7.20    0.21    0.00    0.00   10.88
19:33:40       0   65.42    0.00   18.54    0.00    0.00    7.50    0.21    0.00    0.00    8.33
19:33:40       1   52.22    0.00   28.12    0.00    0.00    6.77    0.42    0.00    0.00   12.47
19:33:40       2   51.56    0.00   30.56    0.00    0.00    6.24    0.00    0.00    0.00   11.64
19:33:40       3   53.30    0.00   27.08    0.00    0.00    8.32    0.21    0.00    0.00   11.09

19:33:40     CPU    %usr   %nice    %sys %iowait    %irq   %soft  %steal  %guest  %gnice   %idle
19:33:45     all   56.47    0.00   25.95    0.00    0.00    6.23    0.21    0.00    0.00   11.13
19:33:45       0   62.26    0.00   22.85    0.00    0.00    6.29    0.21    0.00    0.00    8.39
19:33:45       1   52.16    0.00   29.31    0.00    0.00    5.17    0.22    0.00    0.00   13.15
19:33:45       2   53.59    0.00   28.69    0.00    0.00    6.33    0.21    0.00    0.00   11.18
19:33:45       3   57.79    0.00   22.94    0.00    0.00    7.14    0.22    0.00    0.00   11.90

19:33:45     CPU    %usr   %nice    %sys %iowait    %irq   %soft  %steal  %guest  %gnice   %idle
19:33:50     all   55.46    0.00   25.88    0.00    0.00    6.85    0.21    0.00    0.00   11.60
19:33:50       0   50.84    0.00   29.62    0.00    0.00    6.93    0.00    0.00    0.00   12.61
19:33:50       1   52.45    0.00   28.57    0.00    0.00    5.76    0.43    0.00    0.00   12.79
19:33:50       2   58.49    0.00   23.48    0.00    0.00    7.55    0.00    0.00    0.00   10.48
19:33:50       3   60.00    0.00   21.89    0.00    0.00    7.16    0.42    0.00    0.00   10.53

19:33:50     CPU    %usr   %nice    %sys %iowait    %irq   %soft  %steal  %guest  %gnice   %idle
19:33:55     all   55.85    0.00   26.40    0.00    0.00    6.90    0.21    0.00    0.00   10.64
19:33:55       0   53.12    0.00   30.42    0.00    0.00    7.08    0.21    0.00    0.00    9.17
19:33:55       1   55.70    0.00   25.81    0.00    0.00    5.16    0.22    0.00    0.00   13.12
19:33:55       2   59.42    0.00   24.02    0.00    0.00    6.83    0.21    0.00    0.00    9.52
19:33:55       3   55.11    0.00   25.32    0.00    0.00    8.51    0.21    0.00    0.00   10.85

19:33:55     CPU    %usr   %nice    %sys %iowait    %irq   %soft  %steal  %guest  %gnice   %idle
19:34:00     all   55.36    0.00   25.97    0.00    0.00    7.62    0.16    0.00    0.00   10.88
19:34:00       0   59.25    0.00   23.70    0.00    0.00    8.11    0.00    0.00    0.00    8.94
19:34:00       1   52.53    0.00   26.79    0.00    0.00    6.75    0.42    0.00    0.00   13.50
19:34:00       2   59.29    0.00   24.43    0.00    0.00    7.10    0.00    0.00    0.00    9.19
19:34:00       3   50.21    0.00   29.06    0.00    0.00    8.55    0.21    0.00    0.00   11.97

19:34:00     CPU    %usr   %nice    %sys %iowait    %irq   %soft  %steal  %guest  %gnice   %idle
19:34:05     all   55.47    0.00   26.35    0.00    0.00    7.01    0.27    0.00    0.00   10.89
19:34:05       0   57.72    0.00   24.52    0.00    0.00    7.61    0.00    0.00    0.00   10.15
19:34:05       1   52.35    0.00   28.21    0.00    0.00    5.77    0.43    0.00    0.00   13.25
19:34:05       2   53.19    0.00   29.36    0.00    0.00    7.23    0.21    0.00    0.00   10.00
19:34:05       3   58.60    0.00   23.35    0.00    0.00    7.43    0.42    0.00    0.00   10.19

19:34:05     CPU    %usr   %nice    %sys %iowait    %irq   %soft  %steal  %guest  %gnice   %idle
19:34:10     all   55.82    0.00   26.20    0.00    0.00    7.33    0.16    0.00    0.00   10.49
19:34:10       0   52.73    0.00   29.41    0.00    0.00    6.93    0.21    0.00    0.00   10.71
19:34:10       1   61.10    0.00   21.56    0.00    0.00    5.92    0.21    0.00    0.00   11.21
19:34:10       2   51.68    0.00   30.67    0.00    0.00    7.56    0.00    0.00    0.00   10.08
19:34:10       3   57.84    0.00   23.09    0.00    0.00    8.90    0.21    0.00    0.00    9.96

19:34:10     CPU    %usr   %nice    %sys %iowait    %irq   %soft  %steal  %guest  %gnice   %idle
19:34:15     all   56.13    0.00   25.90    0.00    0.00    6.82    0.21    0.00    0.00   10.94
19:34:15       0   58.28    0.00   27.04    0.00    0.00    5.87    0.00    0.00    0.00    8.81
19:34:15       1   63.14    0.00   19.49    0.00    0.00    5.93    0.42    0.00    0.00   11.02
19:34:15       2   52.62    0.00   29.77    0.00    0.00    6.50    0.00    0.00    0.00   11.11
19:34:15       3   50.43    0.00   27.25    0.00    0.00    9.01    0.43    0.00    0.00   12.88

19:34:15     CPU    %usr   %nice    %sys %iowait    %irq   %soft  %steal  %guest  %gnice   %idle
19:34:20     all   55.16    0.00   26.50    0.00    0.00    7.11    0.26    0.00    0.00   10.96
19:34:20       0   57.50    0.00   24.58    0.00    0.00    7.50    0.21    0.00    0.00   10.21
19:34:20       1   52.99    0.00   27.99    0.00    0.00    6.20    0.43    0.00    0.00   12.39
19:34:20       2   57.68    0.00   25.52    0.00    0.00    6.43    0.21    0.00    0.00   10.17
19:34:20       3   52.35    0.00   27.99    0.00    0.00    8.33    0.21    0.00    0.00   11.11

19:34:20     CPU    %usr   %nice    %sys %iowait    %irq   %soft  %steal  %guest  %gnice   %idle
19:34:25     all   56.72    0.00   26.03    0.00    0.00    6.61    0.11    0.00    0.00   10.53
19:34:25       0   62.13    0.00   22.80    0.00    0.00    6.69    0.00    0.00    0.00    8.37
19:34:25       1   53.55    0.00   27.53    0.00    0.00    5.59    0.22    0.00    0.00   13.12
19:34:25       2   51.88    0.00   31.38    0.00    0.00    6.28    0.00    0.00    0.00   10.46
19:34:25       3   59.28    0.00   22.39    0.00    0.00    7.89    0.21    0.00    0.00   10.23

19:34:25     CPU    %usr   %nice    %sys %iowait    %irq   %soft  %steal  %guest  %gnice   %idle
19:34:30     all   40.66    0.00   18.17    0.00    0.00    5.04    0.21    0.00    0.00   35.92
19:34:30       0   35.74    0.00   20.45    0.00    0.00    4.55    0.00    0.00    0.00   39.26
19:34:30       1   43.62    0.00   12.76    0.00    0.00    5.76    0.41    0.00    0.00   37.45
19:34:30       2   43.94    0.00   21.15    0.00    0.00    3.90    0.21    0.00    0.00   30.80
19:34:30       3   39.30    0.00   18.31    0.00    0.00    5.97    0.21    0.00    0.00   36.21
