Linux 6.17.0-1015-aws (ip-172-31-7-97) 	05/26/26 	_x86_64_	(16 CPU)

22:50:46     CPU    %usr   %nice    %sys %iowait    %irq   %soft  %steal  %guest  %gnice   %idle
22:50:51     all   42.71    0.00    2.69    0.09    0.00    2.34    0.00    0.00    0.00   52.17
22:50:51       0   43.43    0.00    3.43    0.00    0.00    0.00    0.00    0.00    0.00   53.13
22:50:51       1   44.24    0.00    2.83    0.00    0.00    0.00    0.00    0.00    0.00   52.93
22:50:51       2   43.75    0.00    3.02    0.00    0.00    0.00    0.00    0.00    0.00   53.23
22:50:51       3   43.66    0.00    3.42    0.60    0.00    0.00    0.00    0.00    0.00   52.31
22:50:51       4   43.93    0.00    3.04    0.20    0.00    0.00    0.00    0.00    0.00   52.83
22:50:51       5   40.93    0.00    2.02    0.00    0.00    4.84    0.00    0.00    0.00   52.22
22:50:51       6   44.35    0.00    3.02    0.20    0.00    0.00    0.00    0.00    0.00   52.42
22:50:51       7   40.93    0.00    2.02    0.00    0.00    5.04    0.00    0.00    0.00   52.02
22:50:51       8   41.13    0.00    2.42    0.20    0.00    4.44    0.00    0.00    0.00   51.81
22:50:51       9   41.33    0.00    2.02    0.00    0.00    5.04    0.00    0.00    0.00   51.61
22:50:51      10   43.15    0.00    2.22    0.20    0.00    4.44    0.00    0.00    0.00   50.00
22:50:51      11   41.33    0.00    2.02    0.00    0.00    4.64    0.00    0.00    0.00   52.02
22:50:51      12   41.65    0.00    2.21    0.00    0.00    4.63    0.00    0.00    0.00   51.51
22:50:51      13   44.62    0.00    3.25    0.00    0.00    0.00    0.00    0.00    0.00   52.13
22:50:51      14   41.37    0.00    2.61    0.00    0.00    4.42    0.00    0.00    0.00   51.61
22:50:51      15   43.64    0.00    3.43    0.00    0.00    0.00    0.00    0.00    0.00   52.93

22:50:51     CPU    %usr   %nice    %sys %iowait    %irq   %soft  %steal  %guest  %gnice   %idle
22:50:56     all   81.92    0.00    5.26    0.00    0.00    4.07    0.03    0.00    0.00    8.72
22:50:56       0   83.54    0.00    6.58    0.00    0.00    0.00    0.00    0.00    0.00    9.88
22:50:56       1   83.03    0.00    6.95    0.00    0.00    0.00    0.00    0.00    0.00   10.02
22:50:56       2   83.78    0.00    6.16    0.00    0.00    0.00    0.00    0.00    0.00   10.06
22:50:56       3   83.95    0.00    5.76    0.00    0.00    0.00    0.00    0.00    0.00   10.29
22:50:56       4   84.05    0.00    5.93    0.00    0.00    0.00    0.00    0.00    0.00   10.02
22:50:56       5   80.98    0.00    3.68    0.00    0.00    8.18    0.00    0.00    0.00    7.16
22:50:56       6   83.47    0.00    6.53    0.00    0.00    0.00    0.00    0.00    0.00   10.00
22:50:56       7   80.33    0.00    4.51    0.00    0.00    7.79    0.00    0.00    0.00    7.38
22:50:56       8   79.47    0.00    4.31    0.00    0.00    8.62    0.00    0.00    0.00    7.60
22:50:56       9   80.08    0.00    4.52    0.00    0.00    7.60    0.00    0.00    0.00    7.80
22:50:56      10   80.00    0.00    4.29    0.00    0.00    7.96    0.20    0.00    0.00    7.55
22:50:56      11   79.92    0.00    4.51    0.00    0.00    7.99    0.00    0.00    0.00    7.58
22:50:56      12   80.57    0.00    3.68    0.00    0.00    8.79    0.00    0.00    0.00    6.95
22:50:56      13   83.81    0.00    6.56    0.00    0.00    0.00    0.20    0.00    0.00    9.43
22:50:56      14   80.65    0.00    3.87    0.00    0.00    8.15    0.00    0.00    0.00    7.33
22:50:56      15   83.16    0.00    6.37    0.00    0.00    0.00    0.00    0.00    0.00   10.47

22:50:56     CPU    %usr   %nice    %sys %iowait    %irq   %soft  %steal  %guest  %gnice   %idle
22:51:01     all   79.34    0.00    5.56    0.00    0.00    4.47    0.00    0.00    0.00   10.64
22:51:01       0   81.25    0.00    6.67    0.00    0.00    0.00    0.00    0.00    0.00   12.08
22:51:01       1   81.80    0.00    5.65    0.00    0.00    0.00    0.00    0.00    0.00   12.55
22:51:01       2   81.70    0.00    6.24    0.00    0.00    0.00    0.00    0.00    0.00   12.06
22:51:01       3   81.84    0.00    6.26    0.00    0.00    0.00    0.00    0.00    0.00   11.90
22:51:01       4   81.61    0.00    6.82    0.00    0.00    0.00    0.00    0.00    0.00   11.57
22:51:01       5   77.75    0.00    4.37    0.00    0.00    9.15    0.00    0.00    0.00    8.73
22:51:01       6   80.54    0.00    6.90    0.00    0.00    0.00    0.00    0.00    0.00   12.55
22:51:01       7   77.02    0.00    4.35    0.00    0.00    9.73    0.00    0.00    0.00    8.90
22:51:01       8   77.64    0.00    4.76    0.00    0.00    8.49    0.00    0.00    0.00    9.11
22:51:01       9   76.92    0.00    5.20    0.00    0.00    8.11    0.00    0.00    0.00    9.77
22:51:01      10   76.92    0.00    4.57    0.00    0.00    9.15    0.00    0.00    0.00    9.36
22:51:01      11   77.39    0.00    4.77    0.00    0.00    8.51    0.00    0.00    0.00    9.34
22:51:01      12   77.64    0.00    4.76    0.00    0.00    8.70    0.00    0.00    0.00    8.90
22:51:01      13   82.05    0.00    6.26    0.00    0.00    0.00    0.00    0.00    0.00   11.69
22:51:01      14   77.07    0.00    4.55    0.00    0.00    9.50    0.00    0.00    0.00    8.88
22:51:01      15   80.33    0.00    6.83    0.00    0.00    0.00    0.00    0.00    0.00   12.84

22:51:01     CPU    %usr   %nice    %sys %iowait    %irq   %soft  %steal  %guest  %gnice   %idle
22:51:06     all   81.54    0.00    5.27    0.00    0.00    3.96    0.00    0.00    0.00    9.24
22:51:06       0   84.22    0.00    5.74    0.00    0.00    0.00    0.00    0.00    0.00   10.04
22:51:06       1   83.06    0.00    5.92    0.00    0.00    0.00    0.00    0.00    0.00   11.02
22:51:06       2   81.69    0.00    6.79    0.00    0.00    0.00    0.00    0.00    0.00   11.52
22:51:06       3   83.23    0.00    6.21    0.00    0.00    0.00    0.00    0.00    0.00   10.56
22:51:06       4   82.82    0.00    6.63    0.00    0.00    0.00    0.00    0.00    0.00   10.56
22:51:06       5   80.24    0.00    4.28    0.00    0.00    8.15    0.00    0.00    0.00    7.33
22:51:06       6   83.47    0.00    6.33    0.00    0.00    0.00    0.00    0.00    0.00   10.20
22:51:06       7   79.35    0.00    4.29    0.00    0.00    8.18    0.00    0.00    0.00    8.18
22:51:06       8   80.04    0.00    4.28    0.00    0.00    7.54    0.00    0.00    0.00    8.15
22:51:06       9   80.12    0.00    4.71    0.00    0.00    6.56    0.00    0.00    0.00    8.61
22:51:06      10   79.59    0.00    3.92    0.00    0.00    8.04    0.00    0.00    0.00    8.45
22:51:06      11   80.45    0.00    4.12    0.00    0.00    8.02    0.00    0.00    0.00    7.41
22:51:06      12   80.16    0.00    4.29    0.00    0.00    8.79    0.00    0.00    0.00    6.75
22:51:06      13   83.61    0.00    5.94    0.00    0.00    0.00    0.00    0.00    0.00   10.45
22:51:06      14   80.16    0.00    3.89    0.00    0.00    7.98    0.00    0.00    0.00    7.98
22:51:06      15   82.38    0.00    6.97    0.00    0.00    0.00    0.00    0.00    0.00   10.66

22:51:06     CPU    %usr   %nice    %sys %iowait    %irq   %soft  %steal  %guest  %gnice   %idle
22:51:11     all   79.05    0.00    5.46    0.00    0.00    3.84    0.00    0.00    0.00   11.65
22:51:11       0   81.07    0.00    5.97    0.00    0.00    0.00    0.00    0.00    0.00   12.96
22:51:11       1   79.71    0.00    6.21    0.00    0.00    0.00    0.00    0.00    0.00   14.08
22:51:11       2   79.71    0.00    6.00    0.00    0.00    0.00    0.00    0.00    0.00   14.29
22:51:11       3   81.37    0.00    6.00    0.00    0.00    0.00    0.00    0.00    0.00   12.63
22:51:11       4   80.45    0.00    6.58    0.00    0.00    0.00    0.00    0.00    0.00   12.96
22:51:11       5   78.64    0.00    4.52    0.00    0.00    7.39    0.00    0.00    0.00    9.45
22:51:11       6   79.75    0.00    7.02    0.00    0.00    0.00    0.00    0.00    0.00   13.22
22:51:11       7   76.70    0.00    4.74    0.00    0.00    8.66    0.00    0.00    0.00    9.90
22:51:11       8   76.75    0.00    5.14    0.00    0.00    7.82    0.00    0.00    0.00   10.29
22:51:11       9   76.86    0.00    5.17    0.00    0.00    6.82    0.00    0.00    0.00   11.16
22:51:11      10   77.43    0.00    4.76    0.00    0.00    8.07    0.00    0.00    0.00    9.73
22:51:11      11   78.19    0.00    4.32    0.00    0.00    7.20    0.00    0.00    0.00   10.29
22:51:11      12   78.56    0.00    4.12    0.00    0.00    8.04    0.00    0.00    0.00    9.28
22:51:11      13   81.33    0.00    5.81    0.00    0.00    0.00    0.00    0.00    0.00   12.86
22:51:11      14   77.89    0.00    4.55    0.00    0.00    7.44    0.00    0.00    0.00   10.12
22:51:11      15   80.45    0.00    6.38    0.00    0.00    0.00    0.00    0.00    0.00   13.17

22:51:11     CPU    %usr   %nice    %sys %iowait    %irq   %soft  %steal  %guest  %gnice   %idle
22:51:16     all   81.77    0.00    5.28    0.00    0.00    4.03    0.00    0.00    0.00    8.92
22:51:16       0   82.82    0.00    6.83    0.00    0.00    0.00    0.00    0.00    0.00   10.35
22:51:16       1   84.30    0.00    5.58    0.00    0.00    0.00    0.00    0.00    0.00   10.12
22:51:16       2   82.58    0.00    6.97    0.00    0.00    0.00    0.00    0.00    0.00   10.45
22:51:16       3   83.03    0.00    6.34    0.00    0.00    0.00    0.00    0.00    0.00   10.63
22:51:16       4   83.47    0.00    5.99    0.00    0.00    0.00    0.00    0.00    0.00   10.54
22:51:16       5   80.66    0.00    4.32    0.00    0.00    8.02    0.00    0.00    0.00    7.00
22:51:16       6   83.30    0.00    6.19    0.00    0.00    0.00    0.00    0.00    0.00   10.52
22:51:16       7   80.70    0.00    4.31    0.00    0.00    8.01    0.00    0.00    0.00    6.98
22:51:16       8   79.42    0.00    4.53    0.00    0.00    8.64    0.00    0.00    0.00    7.41
22:51:16       9   79.75    0.00    4.75    0.00    0.00    7.44    0.00    0.00    0.00    8.06
22:51:16      10   79.96    0.00    4.34    0.00    0.00    7.64    0.00    0.00    0.00    8.06
22:51:16      11   80.33    0.00    4.30    0.00    0.00    7.79    0.00    0.00    0.00    7.58
22:51:16      12   80.33    0.00    4.30    0.00    0.00    8.40    0.00    0.00    0.00    6.97
22:51:16      13   84.06    0.00    5.80    0.00    0.00    0.00    0.00    0.00    0.00   10.14
22:51:16      14   79.88    0.00    4.15    0.00    0.00    8.51    0.00    0.00    0.00    7.47
22:51:16      15   83.78    0.00    5.82    0.00    0.00    0.00    0.00    0.00    0.00   10.40

22:51:16     CPU    %usr   %nice    %sys %iowait    %irq   %soft  %steal  %guest  %gnice   %idle
22:51:21     all   74.02    0.00    5.15    0.00    0.00    3.74    0.00    0.00    0.00   17.08
22:51:21       0   75.78    0.00    6.00    0.00    0.00    0.00    0.00    0.00    0.00   18.22
22:51:21       1   73.97    0.00    6.40    0.00    0.00    0.00    0.00    0.00    0.00   19.63
22:51:21       2   75.47    0.00    5.61    0.00    0.00    0.00    0.00    0.00    0.00   18.92
22:51:21       3   75.16    0.00    5.80    0.00    0.00    0.00    0.00    0.00    0.00   19.05
22:51:21       4   76.14    0.00    5.39    0.00    0.00    0.00    0.00    0.00    0.00   18.46
22:51:21       5   73.46    0.00    4.53    0.00    0.00    7.61    0.00    0.00    0.00   14.40
22:51:21       6   75.05    0.00    5.77    0.00    0.00    0.00    0.00    0.00    0.00   19.18
22:51:21       7   71.11    0.00    4.71    0.00    0.00    8.40    0.00    0.00    0.00   15.78
22:51:21       8   73.29    0.00    4.35    0.00    0.00    6.00    0.00    0.00    0.00   16.36
22:51:21       9   72.11    0.00    4.55    0.00    0.00    6.61    0.00    0.00    0.00   16.74
22:51:21      10   76.45    0.00    4.75    0.00    0.00    7.85    0.00    0.00    0.00   10.95
22:51:21      11   73.40    0.00    4.12    0.00    0.00    6.39    0.00    0.00    0.00   16.08
22:51:21      12   71.69    0.00    3.93    0.00    0.00    8.88    0.00    0.00    0.00   15.50
22:51:21      13   74.90    0.00    6.22    0.00    0.00    0.00    0.00    0.00    0.00   18.88
22:51:21      14   71.60    0.00    4.53    0.00    0.00    8.02    0.00    0.00    0.00   15.84
22:51:21      15   74.79    0.00    5.79    0.00    0.00    0.00    0.00    0.00    0.00   19.42

22:51:21     CPU    %usr   %nice    %sys %iowait    %irq   %soft  %steal  %guest  %gnice   %idle
22:51:26     all   83.44    0.00    5.14    0.00    0.00    4.15    0.00    0.00    0.00    7.26
22:51:26       0   85.06    0.00    6.02    0.00    0.00    0.00    0.00    0.00    0.00    8.92
22:51:26       1   85.22    0.00    6.16    0.00    0.00    0.00    0.00    0.00    0.00    8.62
22:51:26       2   84.68    0.00    6.83    0.00    0.00    0.00    0.00    0.00    0.00    8.49
22:51:26       3   85.36    0.00    5.98    0.00    0.00    0.00    0.00    0.00    0.00    8.66
22:51:26       4   86.16    0.00    5.99    0.00    0.00    0.00    0.00    0.00    0.00    7.85
22:51:26       5   81.19    0.00    3.68    0.00    0.00    9.41    0.00    0.00    0.00    5.73
22:51:26       6   85.80    0.00    5.76    0.00    0.00    0.00    0.00    0.00    0.00    8.44
22:51:26       7   81.35    0.00    3.48    0.00    0.00    9.22    0.00    0.00    0.00    5.94
22:51:26       8   81.11    0.00    4.72    0.00    0.00    7.60    0.00    0.00    0.00    6.57
22:51:26       9   81.82    0.00    4.75    0.00    0.00    6.82    0.00    0.00    0.00    6.61
22:51:26      10   81.60    0.00    4.29    0.00    0.00    7.98    0.00    0.00    0.00    6.13
22:51:26      11   82.34    0.00    3.90    0.00    0.00    8.01    0.00    0.00    0.00    5.75
22:51:26      12   81.80    0.00    3.68    0.00    0.00    9.20    0.00    0.00    0.00    5.32
22:51:26      13   85.36    0.00    6.39    0.00    0.00    0.00    0.00    0.00    0.00    8.25
22:51:26      14   81.15    0.00    4.51    0.00    0.00    7.99    0.00    0.00    0.00    6.35
22:51:26      15   85.15    0.00    6.19    0.00    0.00    0.00    0.00    0.00    0.00    8.66

22:51:26     CPU    %usr   %nice    %sys %iowait    %irq   %soft  %steal  %guest  %gnice   %idle
22:51:31     all   83.20    0.00    5.22    0.00    0.00    4.22    0.00    0.00    0.00    7.37
22:51:31       0   85.36    0.00    5.77    0.00    0.00    0.00    0.00    0.00    0.00    8.87
22:51:31       1   84.89    0.00    6.63    0.00    0.00    0.00    0.00    0.00    0.00    8.49
22:51:31       2   84.92    0.00    6.61    0.00    0.00    0.00    0.00    0.00    0.00    8.47
22:51:31       3   84.80    0.00    6.98    0.00    0.00    0.00    0.00    0.00    0.00    8.21
22:51:31       4   86.01    0.00    6.17    0.00    0.00    0.00    0.00    0.00    0.00    7.82
22:51:31       5   81.19    0.00    4.09    0.00    0.00    9.20    0.00    0.00    0.00    5.52
22:51:31       6   84.74    0.00    6.19    0.00    0.00    0.00    0.00    0.00    0.00    9.07
22:51:31       7   79.71    0.00    4.71    0.00    0.00    9.22    0.00    0.00    0.00    6.35
22:51:31       8   80.33    0.00    4.30    0.00    0.00    8.81    0.00    0.00    0.00    6.56
22:51:31       9   82.06    0.00    3.92    0.00    0.00    6.80    0.00    0.00    0.00    7.22
22:51:31      10   81.76    0.00    3.89    0.00    0.00    7.99    0.00    0.00    0.00    6.35
22:51:31      11   82.06    0.00    4.12    0.00    0.00    7.84    0.00    0.00    0.00    5.98
22:51:31      12   80.89    0.00    4.07    0.00    0.00    9.35    0.00    0.00    0.00    5.69
22:51:31      13   86.21    0.00    5.35    0.00    0.00    0.00    0.00    0.00    0.00    8.44
22:51:31      14   81.11    0.00    4.31    0.00    0.00    8.01    0.00    0.00    0.00    6.57
22:51:31      15   85.24    0.00    6.44    0.00    0.00    0.00    0.00    0.00    0.00    8.32

22:51:31     CPU    %usr   %nice    %sys %iowait    %irq   %soft  %steal  %guest  %gnice   %idle
22:51:36     all   84.92    0.00    4.95    0.00    0.00    4.36    0.00    0.00    0.00    5.77
22:51:36       0   87.63    0.00    6.09    0.00    0.00    0.00    0.00    0.00    0.00    6.29
22:51:36       1   87.14    0.00    5.71    0.00    0.00    0.00    0.00    0.00    0.00    7.14
22:51:36       2   86.82    0.00    6.29    0.00    0.00    0.00    0.00    0.00    0.00    6.90
22:51:36       3   87.85    0.00    5.47    0.00    0.00    0.00    0.00    0.00    0.00    6.68
22:51:36       4   88.24    0.00    5.48    0.00    0.00    0.00    0.00    0.00    0.00    6.29
22:51:36       5   82.35    0.00    3.65    0.00    0.00    9.33    0.00    0.00    0.00    4.67
22:51:36       6   87.60    0.00    5.89    0.00    0.00    0.00    0.00    0.00    0.00    6.50
22:51:36       7   81.54    0.00    4.06    0.00    0.00    9.53    0.00    0.00    0.00    4.87
22:51:36       8   82.89    0.00    4.07    0.00    0.00    8.15    0.00    0.00    0.00    4.89
22:51:36       9   81.62    0.00    4.44    0.00    0.00    7.88    0.00    0.00    0.00    6.06
22:51:36      10   82.89    0.00    3.67    0.00    0.00    8.35    0.00    0.00    0.00    5.09
22:51:36      11   83.16    0.00    3.85    0.00    0.00    7.91    0.00    0.00    0.00    5.07
22:51:36      12   82.19    0.00    3.85    0.00    0.00    9.72    0.00    0.00    0.00    4.25
22:51:36      13   87.83    0.00    5.68    0.00    0.00    0.00    0.00    0.00    0.00    6.49
22:51:36      14   82.02    0.00    4.65    0.00    0.00    8.89    0.00    0.00    0.00    4.44
22:51:36      15   86.99    0.00    6.30    0.00    0.00    0.00    0.00    0.00    0.00    6.71

22:51:36     CPU    %usr   %nice    %sys %iowait    %irq   %soft  %steal  %guest  %gnice   %idle
22:51:41     all   84.24    0.00    5.10    0.00    0.00    4.47    0.00    0.00    0.00    6.19
22:51:41       0   86.68    0.00    6.15    0.00    0.00    0.00    0.00    0.00    0.00    7.17
22:51:41       1   86.33    0.00    6.53    0.00    0.00    0.00    0.00    0.00    0.00    7.14
22:51:41       2   87.12    0.00    5.52    0.00    0.00    0.00    0.00    0.00    0.00    7.36
22:51:41       3   86.48    0.00    6.15    0.00    0.00    0.00    0.00    0.00    0.00    7.38
22:51:41       4   86.99    0.00    6.10    0.00    0.00    0.00    0.00    0.00    0.00    6.91
22:51:41       5   81.58    0.00    4.86    0.00    0.00    8.50    0.00    0.00    0.00    5.06
22:51:41       6   87.32    0.00    5.52    0.00    0.00    0.00    0.00    0.00    0.00    7.16
22:51:41       7   80.86    0.00    4.48    0.00    0.00    9.57    0.00    0.00    0.00    5.09
22:51:41       8   82.35    0.00    4.06    0.00    0.00    8.32    0.00    0.00    0.00    5.27
22:51:41       9   82.28    0.00    4.07    0.00    0.00    8.15    0.00    0.00    0.00    5.50
22:51:41      10   81.39    0.00    4.09    0.00    0.00    9.00    0.00    0.00    0.00    5.52
22:51:41      11   82.21    0.00    3.89    0.00    0.00    9.00    0.00    0.00    0.00    4.91
22:51:41      12   81.71    0.00    3.66    0.00    0.00    9.76    0.00    0.00    0.00    4.88
22:51:41      13   86.71    0.00    6.34    0.00    0.00    0.00    0.00    0.00    0.00    6.95
22:51:41      14   81.10    0.00    4.27    0.00    0.00    9.15    0.00    0.00    0.00    5.49
22:51:41      15   86.79    0.00    5.89    0.00    0.00    0.00    0.00    0.00    0.00    7.32

22:51:41     CPU    %usr   %nice    %sys %iowait    %irq   %soft  %steal  %guest  %gnice   %idle
22:51:46     all   81.42    0.00    5.37    0.00    0.00    4.49    0.00    0.00    0.00    8.73
22:51:46       0   83.44    0.00    6.63    0.00    0.00    0.00    0.00    0.00    0.00    9.94
22:51:46       1   82.89    0.00    6.39    0.00    0.00    0.00    0.00    0.00    0.00   10.72
22:51:46       2   83.47    0.00    6.20    0.00    0.00    0.00    0.00    0.00    0.00   10.33
22:51:46       3   83.74    0.00    6.17    0.00    0.00    0.00    0.00    0.00    0.00   10.08
22:51:46       4   84.23    0.00    6.22    0.00    0.00    0.00    0.00    0.00    0.00    9.54
22:51:46       5   79.06    0.00    4.52    0.00    0.00    9.65    0.00    0.00    0.00    6.78
22:51:46       6   83.61    0.00    6.43    0.00    0.00    0.00    0.00    0.00    0.00    9.96
22:51:46       7   78.81    0.00    4.32    0.00    0.00    9.05    0.00    0.00    0.00    7.82
22:51:46       8   80.00    0.00    4.33    0.00    0.00    8.04    0.00    0.00    0.00    7.63
22:51:46       9   79.59    0.00    4.54    0.00    0.00    7.84    0.00    0.00    0.00    8.04
22:51:46      10   79.22    0.00    4.73    0.00    0.00    8.44    0.00    0.00    0.00    7.61
22:51:46      11   79.18    0.00    4.33    0.00    0.00    9.28    0.00    0.00    0.00    7.22
22:51:46      12   79.47    0.00    3.90    0.00    0.00    9.86    0.00    0.00    0.00    6.78
22:51:46      13   82.92    0.00    7.00    0.00    0.00    0.00    0.00    0.00    0.00   10.08
22:51:46      14   79.22    0.00    4.12    0.00    0.00    9.47    0.00    0.00    0.00    7.20
22:51:46      15   83.88    0.00    6.20    0.00    0.00    0.00    0.00    0.00    0.00    9.92

22:51:46     CPU    %usr   %nice    %sys %iowait    %irq   %soft  %steal  %guest  %gnice   %idle
22:51:51     all   82.82    0.00    5.15    0.00    0.00    4.19    0.00    0.00    0.00    7.85
22:51:51       0   84.12    0.00    6.19    0.00    0.00    0.00    0.00    0.00    0.00    9.69
22:51:51       1   84.87    0.00    5.93    0.00    0.00    0.00    0.00    0.00    0.00    9.20
22:51:51       2   84.77    0.00    5.97    0.00    0.00    0.00    0.00    0.00    0.00    9.26
22:51:51       3   85.15    0.00    5.77    0.00    0.00    0.00    0.00    0.00    0.00    9.07
22:51:51       4   85.28    0.00    5.73    0.00    0.00    0.00    0.00    0.00    0.00    9.00
22:51:51       5   79.96    0.00    4.29    0.00    0.00    9.00    0.00    0.00    0.00    6.75
22:51:51       6   85.07    0.00    5.93    0.00    0.00    0.00    0.00    0.00    0.00    9.00
22:51:51       7   80.98    0.00    3.48    0.00    0.00    9.20    0.00    0.00    0.00    6.34
22:51:51       8   80.86    0.00    4.53    0.00    0.00    7.61    0.00    0.00    0.00    7.00
22:51:51       9   80.28    0.00    5.08    0.00    0.00    7.52    0.00    0.00    0.00    7.11
22:51:51      10   81.06    0.00    4.07    0.00    0.00    8.15    0.00    0.00    0.00    6.72
22:51:51      11   79.80    0.00    5.31    0.00    0.00    8.37    0.00    0.00    0.00    6.53
22:51:51      12   82.04    0.00    3.47    0.00    0.00    9.18    0.00    0.00    0.00    5.31
22:51:51      13   85.39    0.00    6.17    0.00    0.00    0.00    0.00    0.00    0.00    8.44
22:51:51      14   80.94    0.00    4.30    0.00    0.00    7.79    0.00    0.00    0.00    6.97
22:51:51      15   84.57    0.00    6.17    0.00    0.00    0.00    0.00    0.00    0.00    9.26

22:51:51     CPU    %usr   %nice    %sys %iowait    %irq   %soft  %steal  %guest  %gnice   %idle
22:51:56     all   81.97    0.00    5.37    0.00    0.00    4.43    0.00    0.00    0.00    8.23
22:51:56       0   84.34    0.00    6.05    0.00    0.00    0.00    0.00    0.00    0.00    9.60
22:51:56       1   84.34    0.00    6.47    0.00    0.00    0.00    0.00    0.00    0.00    9.19
22:51:56       2   82.19    0.00    7.25    0.00    0.00    0.00    0.00    0.00    0.00   10.56
22:51:56       3   84.65    0.00    6.02    0.00    0.00    0.00    0.00    0.00    0.00    9.34
22:51:56       4   85.00    0.00    5.83    0.00    0.00    0.00    0.00    0.00    0.00    9.17
22:51:56       5   80.37    0.00    4.55    0.00    0.00    8.68    0.00    0.00    0.00    6.40
22:51:56       6   84.89    0.00    5.80    0.00    0.00    0.00    0.00    0.00    0.00    9.32
22:51:56       7   78.40    0.00    4.73    0.00    0.00    9.88    0.00    0.00    0.00    7.00
22:51:56       8   80.66    0.00    4.53    0.00    0.00    7.82    0.00    0.00    0.00    7.00
22:51:56       9   80.58    0.00    4.55    0.00    0.00    7.64    0.00    0.00    0.00    7.23
22:51:56      10   79.13    0.00    4.75    0.00    0.00    8.68    0.00    0.00    0.00    7.44
22:51:56      11   81.11    0.00    4.11    0.00    0.00    8.01    0.00    0.00    0.00    6.78
22:51:56      12   79.47    0.00    3.90    0.00    0.00   10.27    0.00    0.00    0.00    6.37
22:51:56      13   83.58    0.00    6.86    0.00    0.00    0.00    0.00    0.00    0.00    9.56
22:51:56      14   78.67    0.00    4.76    0.00    0.00    9.52    0.00    0.00    0.00    7.04
22:51:56      15   84.38    0.00    5.83    0.00    0.00    0.00    0.00    0.00    0.00    9.79

22:51:56     CPU    %usr   %nice    %sys %iowait    %irq   %soft  %steal  %guest  %gnice   %idle
22:52:01     all   83.43    0.00    5.01    0.00    0.00    4.03    0.01    0.00    0.00    7.52
22:52:01       0   86.04    0.00    5.75    0.00    0.00    0.00    0.00    0.00    0.00    8.21
22:52:01       1   84.36    0.00    6.17    0.00    0.00    0.00    0.00    0.00    0.00    9.47
22:52:01       2   85.63    0.00    5.75    0.00    0.00    0.00    0.00    0.00    0.00    8.62
22:52:01       3   86.68    0.00    5.12    0.00    0.00    0.00    0.00    0.00    0.00    8.20
22:52:01       4   85.42    0.00    6.16    0.00    0.00    0.00    0.00    0.00    0.00    8.42
22:52:01       5   81.39    0.00    4.29    0.00    0.00    8.18    0.00    0.00    0.00    6.13
22:52:01       6   85.01    0.00    6.16    0.00    0.00    0.00    0.00    0.00    0.00    8.83
22:52:01       7   80.53    0.00    3.69    0.00    0.00    9.02    0.20    0.00    0.00    6.56
22:52:01       8   80.93    0.00    4.87    0.00    0.00    7.71    0.00    0.00    0.00    6.49
22:52:01       9   81.80    0.00    4.50    0.00    0.00    7.57    0.00    0.00    0.00    6.13
22:52:01      10   82.21    0.00    4.09    0.00    0.00    7.57    0.00    0.00    0.00    6.13
22:52:01      11   82.51    0.00    3.91    0.00    0.00    7.41    0.00    0.00    0.00    6.17
22:52:01      12   81.19    0.00    3.48    0.00    0.00    9.41    0.00    0.00    0.00    5.93
22:52:01      13   83.54    0.00    6.17    0.00    0.00    0.00    0.00    0.00    0.00   10.29
22:52:01      14   81.93    0.00    4.11    0.00    0.00    7.60    0.00    0.00    0.00    6.37
22:52:01      15   85.69    0.00    5.93    0.00    0.00    0.00    0.00    0.00    0.00    8.38

22:52:01     CPU    %usr   %nice    %sys %iowait    %irq   %soft  %steal  %guest  %gnice   %idle
22:52:06     all   80.74    0.00    5.46    0.00    0.00    3.52    0.00    0.00    0.00   10.28
22:52:06       0   82.71    0.00    6.04    0.00    0.00    0.00    0.00    0.00    0.00   11.25
22:52:06       1   81.59    0.00    6.28    0.00    0.00    0.00    0.00    0.00    0.00   12.13
22:52:06       2   81.13    0.00    6.71    0.00    0.00    0.00    0.00    0.00    0.00   12.16
22:52:06       3   81.72    0.00    6.51    0.00    0.00    0.00    0.00    0.00    0.00   11.76
22:52:06       4   82.39    0.00    6.29    0.00    0.00    0.00    0.00    0.00    0.00   11.32
22:52:06       5   78.17    0.00    4.99    0.00    0.00    7.48    0.00    0.00    0.00    9.36
22:52:06       6   82.46    0.00    6.26    0.00    0.00    0.00    0.00    0.00    0.00   11.27
22:52:06       7   79.75    0.00    4.59    0.00    0.00    6.89    0.00    0.00    0.00    8.77
22:52:06       8   80.50    0.00    4.61    0.00    0.00    5.24    0.00    0.00    0.00    9.64
22:52:06       9   79.00    0.00    4.99    0.00    0.00    6.65    0.00    0.00    0.00    9.36
22:52:06      10   79.79    0.00    4.79    0.00    0.00    6.25    0.00    0.00    0.00    9.17
22:52:06      11   79.34    0.00    4.55    0.00    0.00    7.23    0.00    0.00    0.00    8.88
22:52:06      12   80.08    0.00    3.53    0.00    0.00    8.51    0.00    0.00    0.00    7.88
22:52:06      13   82.98    0.00    5.88    0.00    0.00    0.00    0.00    0.00    0.00   11.13
22:52:06      14   78.84    0.00    4.77    0.00    0.00    7.88    0.00    0.00    0.00    8.51
22:52:06      15   81.42    0.00    6.68    0.00    0.00    0.00    0.00    0.00    0.00   11.90

22:52:06     CPU    %usr   %nice    %sys %iowait    %irq   %soft  %steal  %guest  %gnice   %idle
22:52:11     all   81.24    0.00    5.42    0.00    0.00    3.93    0.00    0.00    0.00    9.42
22:52:11       0   83.20    0.00    6.02    0.00    0.00    0.00    0.00    0.00    0.00   10.79
22:52:11       1   83.58    0.00    5.82    0.00    0.00    0.00    0.00    0.00    0.00   10.60
22:52:11       2   82.37    0.00    7.05    0.00    0.00    0.00    0.00    0.00    0.00   10.58
22:52:11       3   82.01    0.00    6.49    0.00    0.00    0.00    0.00    0.00    0.00   11.51
22:52:11       4   82.50    0.00    6.04    0.00    0.00    0.00    0.00    0.00    0.00   11.46
22:52:11       5   80.08    0.00    4.15    0.00    0.00    8.09    0.00    0.00    0.00    7.68
22:52:11       6   83.06    0.00    6.20    0.00    0.00    0.00    0.00    0.00    0.00   10.74
22:52:11       7   79.71    0.00    4.35    0.00    0.00    7.45    0.00    0.00    0.00    8.49
22:52:11       8   80.66    0.00    4.73    0.00    0.00    6.38    0.00    0.00    0.00    8.23
22:52:11       9   79.21    0.00    4.16    0.00    0.00    8.32    0.00    0.00    0.00    8.32
22:52:11      10   80.00    0.00    4.79    0.00    0.00    7.08    0.00    0.00    0.00    8.12
22:52:11      11   78.88    0.00    4.55    0.00    0.00    8.90    0.00    0.00    0.00    7.66
22:52:11      12   79.59    0.00    4.33    0.00    0.00    8.87    0.00    0.00    0.00    7.22
22:52:11      13   83.23    0.00    6.42    0.00    0.00    0.00    0.00    0.00    0.00   10.35
22:52:11      14   79.84    0.00    4.53    0.00    0.00    7.61    0.00    0.00    0.00    8.02
22:52:11      15   81.99    0.00    7.04    0.00    0.00    0.00    0.00    0.00    0.00   10.97

22:52:11     CPU    %usr   %nice    %sys %iowait    %irq   %soft  %steal  %guest  %gnice   %idle
22:52:16     all   80.48    0.00    5.29    0.00    0.00    4.15    0.00    0.00    0.00   10.08
22:52:16       0   82.40    0.00    6.00    0.00    0.00    0.00    0.00    0.00    0.00   11.59
22:52:16       1   81.78    0.00    6.63    0.00    0.00    0.00    0.00    0.00    0.00   11.59
22:52:16       2   82.44    0.00    6.20    0.00    0.00    0.00    0.00    0.00    0.00   11.36
22:52:16       3   82.64    0.00    5.99    0.00    0.00    0.00    0.00    0.00    0.00   11.36
22:52:16       4   82.44    0.00    5.99    0.00    0.00    0.00    0.00    0.00    0.00   11.57
22:52:16       5   78.97    0.00    3.92    0.00    0.00    8.87    0.00    0.00    0.00    8.25
22:52:16       6   82.47    0.00    6.60    0.00    0.00    0.00    0.00    0.00    0.00   10.93
22:52:16       7   77.62    0.00    4.52    0.00    0.00    9.24    0.00    0.00    0.00    8.62
22:52:16       8   79.09    0.00    4.76    0.00    0.00    7.04    0.00    0.00    0.00    9.11
22:52:16       9   77.94    0.00    4.33    0.00    0.00    8.45    0.00    0.00    0.00    9.28
22:52:16      10   79.38    0.00    3.92    0.00    0.00    7.63    0.00    0.00    0.00    9.07
22:52:16      11   77.89    0.00    4.55    0.00    0.00    8.47    0.00    0.00    0.00    9.09
22:52:16      12   78.23    0.00    4.52    0.00    0.00    9.03    0.00    0.00    0.00    8.21
22:52:16      13   83.51    0.00    5.57    0.00    0.00    0.00    0.00    0.00    0.00   10.93
22:52:16      14   79.25    0.00    4.36    0.00    0.00    7.68    0.00    0.00    0.00    8.71
22:52:16      15   81.61    0.00    6.82    0.00    0.00    0.00    0.00    0.00    0.00   11.57

22:52:16     CPU    %usr   %nice    %sys %iowait    %irq   %soft  %steal  %guest  %gnice   %idle
22:52:21     all   81.88    0.00    5.29    0.00    0.00    4.12    0.00    0.00    0.00    8.70
22:52:21       0   84.57    0.00    5.76    0.00    0.00    0.00    0.00    0.00    0.00    9.67
22:52:21       1   83.47    0.00    6.40    0.00    0.00    0.00    0.00    0.00    0.00   10.12
22:52:21       2   83.72    0.00    6.26    0.00    0.00    0.00    0.00    0.00    0.00   10.02
22:52:21       3   83.85    0.00    6.42    0.00    0.00    0.00    0.00    0.00    0.00    9.73
22:52:21       4   83.88    0.00    6.40    0.00    0.00    0.00    0.00    0.00    0.00    9.71
22:52:21       5   81.28    0.00    4.12    0.00    0.00    7.82    0.00    0.00    0.00    6.79
22:52:21       6   84.30    0.00    5.58    0.00    0.00    0.00    0.00    0.00    0.00   10.12
22:52:21       7   78.76    0.00    4.54    0.00    0.00    9.07    0.00    0.00    0.00    7.63
22:52:21       8   80.17    0.00    4.96    0.00    0.00    7.02    0.00    0.00    0.00    7.85
22:52:21       9   79.92    0.00    4.35    0.00    0.00    8.07    0.00    0.00    0.00    7.66
22:52:21      10   79.79    0.00    4.54    0.00    0.00    7.84    0.00    0.00    0.00    7.84
22:52:21      11   79.50    0.00    4.55    0.00    0.00    8.49    0.00    0.00    0.00    7.45
22:52:21      12   79.67    0.00    3.90    0.00    0.00    9.65    0.00    0.00    0.00    6.78
22:52:21      13   84.12    0.00    5.98    0.00    0.00    0.00    0.00    0.00    0.00    9.90
22:52:21      14   80.12    0.00    4.35    0.00    0.00    7.87    0.00    0.00    0.00    7.66
22:52:21      15   83.02    0.00    6.63    0.00    0.00    0.00    0.00    0.00    0.00   10.35

22:52:21     CPU    %usr   %nice    %sys %iowait    %irq   %soft  %steal  %guest  %gnice   %idle
22:52:26     all   83.00    0.00    5.22    0.00    0.00    4.30    0.00    0.00    0.00    7.47
22:52:26       0   84.80    0.00    6.37    0.00    0.00    0.00    0.00    0.00    0.00    8.83
22:52:26       1   85.28    0.00    6.13    0.00    0.00    0.00    0.00    0.00    0.00    8.59
22:52:26       2   84.54    0.00    6.60    0.00    0.00    0.00    0.00    0.00    0.00    8.87
22:52:26       3   85.22    0.00    6.16    0.00    0.00    0.00    0.00    0.00    0.00    8.62
22:52:26       4   85.83    0.00    5.75    0.00    0.00    0.00    0.00    0.00    0.00    8.42
22:52:26       5   81.72    0.00    3.90    0.00    0.00    8.62    0.00    0.00    0.00    5.75
22:52:26       6   85.22    0.00    5.95    0.00    0.00    0.00    0.00    0.00    0.00    8.83
22:52:26       7   79.47    0.00    3.90    0.00    0.00    9.65    0.00    0.00    0.00    6.98
22:52:26       8   81.97    0.00    3.69    0.00    0.00    7.99    0.00    0.00    0.00    6.35
22:52:26       9   81.19    0.00    4.91    0.00    0.00    7.57    0.00    0.00    0.00    6.34
22:52:26      10   81.03    0.00    3.71    0.00    0.00    8.25    0.00    0.00    0.00    7.01
22:52:26      11   81.30    0.00    4.27    0.00    0.00    8.94    0.00    0.00    0.00    5.49
22:52:26      12   80.32    0.00    4.06    0.00    0.00    9.94    0.00    0.00    0.00    5.68
22:52:26      13   85.22    0.00    6.57    0.00    0.00    0.00    0.00    0.00    0.00    8.21
22:52:26      14   80.89    0.00    4.88    0.00    0.00    7.72    0.00    0.00    0.00    6.50
22:52:26      15   84.11    0.00    6.72    0.00    0.00    0.00    0.00    0.00    0.00    9.16

22:52:26     CPU    %usr   %nice    %sys %iowait    %irq   %soft  %steal  %guest  %gnice   %idle
22:52:31     all   81.12    0.00    5.25    0.00    0.00    3.96    0.00    0.00    0.00    9.67
22:52:31       0   82.82    0.00    6.42    0.00    0.00    0.00    0.00    0.00    0.00   10.77
22:52:31       1   82.14    0.00    6.78    0.00    0.00    0.00    0.00    0.00    0.00   11.09
22:52:31       2   82.75    0.00    6.16    0.00    0.00    0.00    0.00    0.00    0.00   11.09
22:52:31       3   82.78    0.00    5.60    0.00    0.00    0.00    0.00    0.00    0.00   11.62
22:52:31       4   83.26    0.00    5.79    0.00    0.00    0.00    0.00    0.00    0.00   10.95
22:52:31       5   79.10    0.00    3.89    0.00    0.00    8.81    0.00    0.00    0.00    8.20
22:52:31       6   82.89    0.00    5.98    0.00    0.00    0.00    0.00    0.00    0.00   11.13
22:52:31       7   79.10    0.00    4.30    0.00    0.00    8.40    0.00    0.00    0.00    8.20
22:52:31       8   80.21    0.00    4.54    0.00    0.00    7.01    0.00    0.00    0.00    8.25
22:52:31       9   80.29    0.00    4.72    0.00    0.00    6.98    0.00    0.00    0.00    8.01
22:52:31      10   78.37    0.00    4.69    0.00    0.00    7.96    0.00    0.00    0.00    8.98
22:52:31      11   80.04    0.00    3.91    0.00    0.00    8.02    0.00    0.00    0.00    8.02
22:52:31      12   80.41    0.00    4.12    0.00    0.00    7.84    0.00    0.00    0.00    7.63
22:52:31      13   82.89    0.00    5.77    0.00    0.00    0.00    0.00    0.00    0.00   11.34
22:52:31      14   78.85    0.00    4.31    0.00    0.00    8.21    0.00    0.00    0.00    8.62
22:52:31      15   82.17    0.00    6.97    0.00    0.00    0.00    0.00    0.00    0.00   10.86

22:52:31     CPU    %usr   %nice    %sys %iowait    %irq   %soft  %steal  %guest  %gnice   %idle
22:52:36     all   83.84    0.00    5.13    0.00    0.00    4.14    0.00    0.00    0.00    6.89
22:52:36       0   86.45    0.00    5.95    0.00    0.00    0.00    0.00    0.00    0.00    7.60
22:52:36       1   85.80    0.00    6.17    0.00    0.00    0.00    0.00    0.00    0.00    8.02
22:52:36       2   85.95    0.00    6.31    0.00    0.00    0.00    0.00    0.00    0.00    7.74
22:52:36       3   86.00    0.00    6.09    0.00    0.00    0.00    0.00    0.00    0.00    7.91
22:52:36       4   85.86    0.00    6.15    0.00    0.00    0.00    0.00    0.00    0.00    7.99
22:52:36       5   82.24    0.00    3.88    0.00    0.00    8.16    0.00    0.00    0.00    5.71
22:52:36       6   86.07    0.00    6.15    0.00    0.00    0.00    0.00    0.00    0.00    7.79
22:52:36       7   81.47    0.00    4.48    0.00    0.00    8.35    0.00    0.00    0.00    5.70
22:52:36       8   82.75    0.00    4.11    0.00    0.00    7.39    0.00    0.00    0.00    5.75
22:52:36       9   81.30    0.00    4.47    0.00    0.00    8.33    0.00    0.00    0.00    5.89
22:52:36      10   81.60    0.00    4.50    0.00    0.00    7.77    0.00    0.00    0.00    6.13
22:52:36      11   81.82    0.00    4.04    0.00    0.00    8.48    0.00    0.00    0.00    5.66
22:52:36      12   81.39    0.00    3.48    0.00    0.00    9.00    0.00    0.00    0.00    6.13
22:52:36      13   86.09    0.00    5.93    0.00    0.00    0.00    0.00    0.00    0.00    7.98
22:52:36      14   81.06    0.00    4.28    0.00    0.00    8.55    0.00    0.00    0.00    6.11
22:52:36      15   85.63    0.00    6.16    0.00    0.00    0.00    0.00    0.00    0.00    8.21

22:52:36     CPU    %usr   %nice    %sys %iowait    %irq   %soft  %steal  %guest  %gnice   %idle
22:52:41     all   82.32    0.00    5.18    0.00    0.00    4.52    0.01    0.00    0.00    7.97
22:52:41       0   84.95    0.00    5.98    0.00    0.00    0.00    0.00    0.00    0.00    9.07
22:52:41       1   84.09    0.00    6.61    0.00    0.00    0.00    0.00    0.00    0.00    9.30
22:52:41       2   84.71    0.00    5.99    0.00    0.00    0.00    0.00    0.00    0.00    9.30
22:52:41       3   85.42    0.00    5.34    0.00    0.00    0.00    0.00    0.00    0.00    9.24
22:52:41       4   84.02    0.00    6.56    0.00    0.00    0.00    0.00    0.00    0.00    9.43
22:52:41       5   80.61    0.00    4.08    0.00    0.00    8.78    0.00    0.00    0.00    6.53
22:52:41       6   84.33    0.00    5.98    0.00    0.00    0.00    0.00    0.00    0.00    9.69
22:52:41       7   81.02    0.00    4.29    0.00    0.00    8.37    0.00    0.00    0.00    6.33
22:52:41       8   79.92    0.00    4.92    0.00    0.00    7.99    0.20    0.00    0.00    6.97
22:52:41       9   79.80    0.00    3.88    0.00    0.00    9.59    0.00    0.00    0.00    6.73
22:52:41      10   81.26    0.00    4.07    0.00    0.00    7.54    0.00    0.00    0.00    7.13
22:52:41      11   79.22    0.00    3.70    0.00    0.00   10.49    0.00    0.00    0.00    6.58
22:52:41      12   80.04    0.00    3.91    0.00    0.00    9.88    0.00    0.00    0.00    6.17
22:52:41      13   84.22    0.00    6.76    0.00    0.00    0.00    0.00    0.00    0.00    9.02
22:52:41      14   79.10    0.00    4.71    0.00    0.00    9.43    0.00    0.00    0.00    6.76
22:52:41      15   84.57    0.00    6.17    0.00    0.00    0.00    0.00    0.00    0.00    9.26

22:52:41     CPU    %usr   %nice    %sys %iowait    %irq   %soft  %steal  %guest  %gnice   %idle
22:52:46     all   83.68    0.00    5.00    0.00    0.00    4.63    0.00    0.00    0.00    6.69
22:52:46       0   86.42    0.00    5.76    0.00    0.00    0.00    0.00    0.00    0.00    7.82
22:52:46       1   86.71    0.00    5.52    0.00    0.00    0.00    0.00    0.00    0.00    7.77
22:52:46       2   86.27    0.00    5.74    0.00    0.00    0.00    0.00    0.00    0.00    7.99
22:52:46       3   86.53    0.00    5.71    0.00    0.00    0.00    0.00    0.00    0.00    7.76
22:52:46       4   86.65    0.00    5.75    0.00    0.00    0.00    0.00    0.00    0.00    7.60
22:52:46       5   82.11    0.00    4.07    0.00    0.00    8.54    0.00    0.00    0.00    5.28
22:52:46       6   86.97    0.00    5.70    0.00    0.00    0.00    0.00    0.00    0.00    7.33
22:52:46       7   80.61    0.00    3.88    0.00    0.00    8.78    0.00    0.00    0.00    6.73
22:52:46       8   82.04    0.00    4.29    0.00    0.00    7.96    0.00    0.00    0.00    5.71
22:52:46       9   80.90    0.00    3.90    0.00    0.00    9.65    0.00    0.00    0.00    5.54
22:52:46      10   80.24    0.00    4.07    0.00    0.00    9.57    0.00    0.00    0.00    6.11
22:52:46      11   80.73    0.00    4.26    0.00    0.00    9.33    0.00    0.00    0.00    5.68
22:52:46      12   79.88    0.00    4.67    0.00    0.00   10.57    0.00    0.00    0.00    4.88
22:52:46      13   86.15    0.00    6.52    0.00    0.00    0.00    0.00    0.00    0.00    7.33
22:52:46      14   81.30    0.00    3.86    0.00    0.00    9.55    0.00    0.00    0.00    5.28
22:52:46      15   85.42    0.00    6.37    0.00    0.00    0.00    0.00    0.00    0.00    8.21

22:52:46     CPU    %usr   %nice    %sys %iowait    %irq   %soft  %steal  %guest  %gnice   %idle
22:52:51     all   83.81    0.00    5.06    0.00    0.00    4.42    0.00    0.00    0.00    6.71
22:52:51       0   85.74    0.00    6.40    0.00    0.00    0.00    0.00    0.00    0.00    7.85
22:52:51       1   86.91    0.00    5.73    0.00    0.00    0.00    0.00    0.00    0.00    7.36
22:52:51       2   85.42    0.00    6.37    0.00    0.00    0.00    0.00    0.00    0.00    8.21
22:52:51       3   85.89    0.00    6.34    0.00    0.00    0.00    0.00    0.00    0.00    7.77
22:52:51       4   86.71    0.00    5.93    0.00    0.00    0.00    0.00    0.00    0.00    7.36
22:52:51       5   80.41    0.00    4.08    0.00    0.00    9.59    0.00    0.00    0.00    5.92
22:52:51       6   86.60    0.00    5.98    0.00    0.00    0.00    0.00    0.00    0.00    7.42
22:52:51       7   81.63    0.00    3.67    0.00    0.00    8.98    0.00    0.00    0.00    5.71
22:52:51       8   82.10    0.00    3.91    0.00    0.00    7.82    0.00    0.00    0.00    6.17
22:52:51       9   82.10    0.00    4.12    0.00    0.00    8.02    0.00    0.00    0.00    5.76
22:52:51      10   81.39    0.00    4.09    0.00    0.00    8.79    0.00    0.00    0.00    5.73
22:52:51      11   81.69    0.00    4.12    0.00    0.00    8.64    0.00    0.00    0.00    5.56
22:52:51      12   80.89    0.00    3.66    0.00    0.00    9.96    0.00    0.00    0.00    5.49
22:52:51      13   86.36    0.00    5.99    0.00    0.00    0.00    0.00    0.00    0.00    7.64
22:52:51      14   81.50    0.00    4.27    0.00    0.00    8.74    0.00    0.00    0.00    5.49
22:52:51      15   85.66    0.00    6.35    0.00    0.00    0.00    0.00    0.00    0.00    7.99

22:52:51     CPU    %usr   %nice    %sys %iowait    %irq   %soft  %steal  %guest  %gnice   %idle
22:52:56     all   78.49    0.00    5.48    0.00    0.00    4.08    0.00    0.00    0.00   11.96
22:52:56       0   80.21    0.00    6.46    0.00    0.00    0.00    0.00    0.00    0.00   13.33
22:52:56       1   79.58    0.00    6.46    0.00    0.00    0.00    0.00    0.00    0.00   13.96
22:52:56       2   79.34    0.00    6.61    0.00    0.00    0.00    0.00    0.00    0.00   14.05
22:52:56       3   80.54    0.00    6.07    0.00    0.00    0.00    0.00    0.00    0.00   13.39
22:52:56       4   81.17    0.00    5.65    0.00    0.00    0.00    0.00    0.00    0.00   13.18
22:52:56       5   76.65    0.00    4.96    0.00    0.00    8.88    0.00    0.00    0.00    9.50
22:52:56       6   80.87    0.00    5.82    0.00    0.00    0.00    0.00    0.00    0.00   13.31
22:52:56       7   76.97    0.00    4.15    0.00    0.00    8.51    0.00    0.00    0.00   10.37
22:52:56       8   77.13    0.00    4.78    0.00    0.00    7.48    0.00    0.00    0.00   10.60
22:52:56       9   75.83    0.00    4.55    0.00    0.00    8.26    0.00    0.00    0.00   11.36
22:52:56      10   76.81    0.00    4.76    0.00    0.00    7.66    0.00    0.00    0.00   10.77
22:52:56      11   76.60    0.00    4.97    0.00    0.00    7.87    0.00    0.00    0.00   10.56
22:52:56      12   77.07    0.00    4.75    0.00    0.00    8.47    0.00    0.00    0.00    9.71
22:52:56      13   80.54    0.00    6.42    0.00    0.00    0.00    0.00    0.00    0.00   13.04
22:52:56      14   76.67    0.00    4.79    0.00    0.00    7.92    0.00    0.00    0.00   10.62
22:52:56      15   79.87    0.00    6.50    0.00    0.00    0.00    0.00    0.00    0.00   13.63

22:52:56     CPU    %usr   %nice    %sys %iowait    %irq   %soft  %steal  %guest  %gnice   %idle
22:53:01     all   75.01    0.00    5.63    0.00    0.00    3.20    0.00    0.00    0.00   16.15
22:53:01       0   76.15    0.00    6.07    0.00    0.00    0.00    0.00    0.00    0.00   17.78
22:53:01       1   74.74    0.00    6.47    0.00    0.00    0.00    0.00    0.00    0.00   18.79
22:53:01       2   75.84    0.00    5.88    0.00    0.00    0.00    0.00    0.00    0.00   18.28
22:53:01       3   75.94    0.00    6.28    0.00    0.00    0.00    0.00    0.00    0.00   17.78
22:53:01       4   75.83    0.00    6.67    0.00    0.00    0.00    0.00    0.00    0.00   17.50
22:53:01       5   74.32    0.00    5.43    0.00    0.00    6.26    0.00    0.00    0.00   13.99
22:53:01       6   75.84    0.00    6.09    0.00    0.00    0.00    0.00    0.00    0.00   18.07
22:53:01       7   74.11    0.00    5.01    0.00    0.00    7.10    0.00    0.00    0.00   13.78
22:53:01       8   75.73    0.00    4.81    0.00    0.00    5.44    0.00    0.00    0.00   14.02
22:53:01       9   73.85    0.00    5.02    0.00    0.00    6.07    0.00    0.00    0.00   15.06
22:53:01      10   73.75    0.00    5.21    0.00    0.00    6.25    0.00    0.00    0.00   14.79
22:53:01      11   74.53    0.00    5.01    0.00    0.00    6.68    0.00    0.00    0.00   13.78
22:53:01      12   73.95    0.00    4.83    0.00    0.00    7.14    0.00    0.00    0.00   14.08
22:53:01      13   76.04    0.00    6.25    0.00    0.00    0.00    0.00    0.00    0.00   17.71
22:53:01      14   74.48    0.00    5.02    0.00    0.00    6.28    0.00    0.00    0.00   14.23
22:53:01      15   75.10    0.00    6.07    0.00    0.00    0.00    0.00    0.00    0.00   18.83

22:53:01     CPU    %usr   %nice    %sys %iowait    %irq   %soft  %steal  %guest  %gnice   %idle
22:53:06     all   80.05    0.00    5.17    0.00    0.00    3.64    0.00    0.00    0.00   11.14
22:53:06       0   80.83    0.00    6.25    0.00    0.00    0.00    0.00    0.00    0.00   12.92
22:53:06       1   81.93    0.00    5.67    0.00    0.00    0.00    0.00    0.00    0.00   12.39
22:53:06       2   80.87    0.00    6.24    0.00    0.00    0.00    0.00    0.00    0.00   12.89
22:53:06       3   80.58    0.00    6.47    0.00    0.00    0.00    0.00    0.00    0.00   12.94
22:53:06       4   81.50    0.00    5.41    0.00    0.00    0.00    0.00    0.00    0.00   13.10
22:53:06       5   78.67    0.00    4.76    0.00    0.00    7.04    0.00    0.00    0.00    9.52
22:53:06       6   81.37    0.00    6.00    0.00    0.00    0.00    0.00    0.00    0.00   12.63
22:53:06       7   77.85    0.00    3.93    0.00    0.00    8.49    0.00    0.00    0.00    9.73
22:53:06       8   79.05    0.00    4.98    0.00    0.00    6.22    0.00    0.00    0.00    9.75
22:53:06       9   79.17    0.00    4.17    0.00    0.00    6.46    0.00    0.00    0.00   10.21
22:53:06      10   78.01    0.00    4.98    0.00    0.00    6.85    0.00    0.00    0.00   10.17
22:53:06      11   78.45    0.00    3.97    0.00    0.00    8.58    0.00    0.00    0.00    9.00
22:53:06      12   79.63    0.00    4.16    0.00    0.00    7.48    0.00    0.00    0.00    8.73
22:53:06      13   81.88    0.00    5.83    0.00    0.00    0.00    0.00    0.00    0.00   12.29
22:53:06      14   78.88    0.00    4.35    0.00    0.00    7.04    0.00    0.00    0.00    9.73
22:53:06      15   82.16    0.00    5.60    0.00    0.00    0.00    0.00    0.00    0.00   12.24

22:53:06     CPU    %usr   %nice    %sys %iowait    %irq   %soft  %steal  %guest  %gnice   %idle
22:53:11     all   82.61    0.00    5.21    0.00    0.00    4.18    0.01    0.00    0.00    7.98
22:53:11       0   84.92    0.00    5.99    0.00    0.00    0.00    0.00    0.00    0.00    9.09
22:53:11       1   84.63    0.00    6.35    0.00    0.00    0.00    0.00    0.00    0.00    9.02
22:53:11       2   84.19    0.00    6.37    0.00    0.00    0.00    0.00    0.00    0.00    9.45
22:53:11       3   84.60    0.00    6.37    0.00    0.00    0.00    0.00    0.00    0.00    9.03
22:53:11       4   85.01    0.00    6.16    0.00    0.00    0.00    0.00    0.00    0.00    8.83
22:53:11       5   81.22    0.00    3.88    0.00    0.00    8.37    0.00    0.00    0.00    6.53
22:53:11       6   84.66    0.00    6.13    0.00    0.00    0.00    0.00    0.00    0.00    9.20
22:53:11       7   79.84    0.00    4.48    0.00    0.00    8.76    0.00    0.00    0.00    6.92
22:53:11       8   80.41    0.00    4.29    0.00    0.00    8.37    0.00    0.00    0.00    6.94
22:53:11       9   81.26    0.00    4.07    0.00    0.00    7.13    0.20    0.00    0.00    7.33
22:53:11      10   79.75    0.00    4.50    0.00    0.00    8.59    0.00    0.00    0.00    7.16
22:53:11      11   80.57    0.00    4.29    0.00    0.00    8.18    0.00    0.00    0.00    6.95
22:53:11      12   81.26    0.00    3.87    0.00    0.00    8.55    0.00    0.00    0.00    6.31
22:53:11      13   85.01    0.00    6.16    0.00    0.00    0.00    0.00    0.00    0.00    8.83
22:53:11      14   80.49    0.00    4.11    0.00    0.00    8.83    0.00    0.00    0.00    6.57
22:53:11      15   84.02    0.00    6.35    0.00    0.00    0.00    0.00    0.00    0.00    9.63

22:53:11     CPU    %usr   %nice    %sys %iowait    %irq   %soft  %steal  %guest  %gnice   %idle
22:53:16     all   83.32    0.00    5.23    0.00    0.00    4.00    0.01    0.00    0.00    7.44
22:53:16       0   85.51    0.00    6.12    0.00    0.00    0.00    0.00    0.00    0.00    8.37
22:53:16       1   84.43    0.00    6.35    0.00    0.00    0.00    0.00    0.00    0.00    9.22
22:53:16       2   85.10    0.00    6.33    0.00    0.00    0.00    0.00    0.00    0.00    8.57
22:53:16       3   85.40    0.00    6.49    0.00    0.00    0.00    0.00    0.00    0.00    8.11
22:53:16       4   85.37    0.00    6.10    0.00    0.00    0.00    0.00    0.00    0.00    8.54
22:53:16       5   81.84    0.00    4.08    0.00    0.00    7.96    0.00    0.00    0.00    6.12
22:53:16       6   85.07    0.00    6.13    0.00    0.00    0.00    0.00    0.00    0.00    8.79
22:53:16       7   81.74    0.00    3.85    0.00    0.00    7.91    0.00    0.00    0.00    6.49
22:53:16       8   80.78    0.00    4.50    0.00    0.00    8.18    0.00    0.00    0.00    6.54
22:53:16       9   82.21    0.00    4.91    0.00    0.00    6.34    0.00    0.00    0.00    6.54
22:53:16      10   81.01    0.00    4.44    0.00    0.00    8.28    0.20    0.00    0.00    6.06
22:53:16      11   82.35    0.00    4.06    0.00    0.00    7.91    0.00    0.00    0.00    5.68
22:53:16      12   80.97    0.00    4.05    0.00    0.00    8.91    0.00    0.00    0.00    6.07
22:53:16      13   85.19    0.00    5.97    0.00    0.00    0.00    0.00    0.00    0.00    8.85
22:53:16      14   81.14    0.00    4.26    0.00    0.00    8.32    0.00    0.00    0.00    6.29
22:53:16      15   85.10    0.00    6.12    0.00    0.00    0.00    0.00    0.00    0.00    8.78

22:53:16     CPU    %usr   %nice    %sys %iowait    %irq   %soft  %steal  %guest  %gnice   %idle
22:53:21     all   47.28    0.00    3.11    0.10    0.00    2.46    0.00    0.00    0.00   47.05
22:53:21       0   47.87    0.00    3.25    0.00    0.00    0.00    0.00    0.00    0.00   48.88
22:53:21       1   47.77    0.00    3.24    0.20    0.00    0.00    0.00    0.00    0.00   48.79
22:53:21       2   50.10    0.00    4.26    0.20    0.00    0.00    0.00    0.00    0.00   45.44
22:53:21       3   47.36    0.00    3.66    0.00    0.00    0.00    0.00    0.00    0.00   48.98
22:53:21       4   48.38    0.00    3.04    0.20    0.00    0.00    0.00    0.00    0.00   48.38
22:53:21       5   52.23    0.00    3.44    0.20    0.00    5.26    0.00    0.00    0.00   38.87
22:53:21       6   47.87    0.00    3.65    0.00    0.00    0.00    0.00    0.00    0.00   48.48
22:53:21       7   45.73    0.00    2.44    0.00    0.00    4.67    0.00    0.00    0.00   47.15
22:53:21       8   44.83    0.00    2.64    0.00    0.00    5.07    0.00    0.00    0.00   47.46
22:53:21       9   45.45    0.00    3.03    0.00    0.00    4.24    0.00    0.00    0.00   47.27
22:53:21      10   47.37    0.00    2.83    0.00    0.00    4.45    0.00    0.00    0.00   45.34
22:53:21      11   45.14    0.00    2.23    0.00    0.00    5.06    0.00    0.00    0.00   47.57
22:53:21      12   44.85    0.00    2.42    0.40    0.00    5.86    0.00    0.00    0.00   46.46
22:53:21      13   48.18    0.00    3.24    0.40    0.00    0.00    0.00    0.00    0.00   48.18
22:53:21      14   45.95    0.00    2.23    0.00    0.00    4.66    0.00    0.00    0.00   47.17
22:53:21      15   47.37    0.00    4.25    0.00    0.00    0.00    0.00    0.00    0.00   48.38
