Linux 6.17.0-1015-aws (ip-172-31-5-230) 	05/26/26 	_x86_64_	(4 CPU)

22:50:45     CPU    %usr   %nice    %sys %iowait    %irq   %soft  %steal  %guest  %gnice   %idle
22:50:50     all   22.08    0.00    7.31    0.10    0.00    2.67    0.20    0.00    0.00   67.64
22:50:50       0   28.97    0.00    7.85    0.00    0.00    2.62    0.20    0.00    0.00   60.36
22:50:50       1   22.11    0.00    9.13    0.00    0.00    0.00    0.20    0.00    0.00   68.56
22:50:50       2   15.86    0.00    3.41    0.20    0.00    8.03    0.20    0.00    0.00   72.29
22:50:50       3   21.37    0.00    8.87    0.20    0.00    0.00    0.20    0.00    0.00   69.35

22:50:50     CPU    %usr   %nice    %sys %iowait    %irq   %soft  %steal  %guest  %gnice   %idle
22:50:55     all   64.76    0.00   21.96    0.00    0.00   10.09    0.15    0.00    0.00    3.04
22:50:55       0   65.04    0.00   24.19    0.00    0.00    8.94    0.20    0.00    0.00    1.63
22:50:55       1   67.35    0.00   26.73    0.00    0.00    0.00    0.20    0.00    0.00    5.71
22:50:55       2   61.80    0.00    9.80    0.00    0.00   28.20    0.00    0.00    0.00    0.20
22:50:55       3   64.90    0.00   27.35    0.00    0.00    2.86    0.20    0.00    0.00    4.69

22:50:55     CPU    %usr   %nice    %sys %iowait    %irq   %soft  %steal  %guest  %gnice   %idle
22:51:00     all   68.75    0.00   19.86    0.00    0.00    9.22    0.25    0.00    0.00    1.92
22:51:00       0   75.35    0.00   14.03    0.00    0.00    9.82    0.40    0.00    0.00    0.40
22:51:00       1   72.71    0.00   21.59    0.00    0.00    0.00    0.20    0.00    0.00    5.50
22:51:00       2   64.66    0.00   19.48    0.00    0.00   15.46    0.20    0.00    0.00    0.20
22:51:00       3   62.30    0.00   24.40    0.00    0.00   11.49    0.20    0.00    0.00    1.61

22:51:00     CPU    %usr   %nice    %sys %iowait    %irq   %soft  %steal  %guest  %gnice   %idle
22:51:05     all   71.38    0.00   17.53    0.00    0.00    9.17    0.15    0.00    0.00    1.77
22:51:05       0   70.18    0.00   19.07    0.00    0.00    9.33    0.20    0.00    0.00    1.22
22:51:05       1   73.87    0.00   19.34    0.00    0.00    1.44    0.21    0.00    0.00    5.14
22:51:05       2   64.59    0.00   20.93    0.00    0.00   13.88    0.00    0.00    0.00    0.60
22:51:05       3   76.91    0.00   10.84    0.00    0.00   11.85    0.20    0.00    0.00    0.20

22:51:05     CPU    %usr   %nice    %sys %iowait    %irq   %soft  %steal  %guest  %gnice   %idle
22:51:10     all   80.50    0.00   10.08    0.00    0.00    8.77    0.20    0.00    0.00    0.45
22:51:10       0   79.88    0.00    9.66    0.00    0.00    9.66    0.20    0.00    0.00    0.60
22:51:10       1   86.49    0.00    8.06    0.00    0.00    4.84    0.20    0.00    0.00    0.40
22:51:10       2   82.93    0.00    7.43    0.00    0.00    9.04    0.20    0.00    0.00    0.40
22:51:10       3   72.67    0.00   15.18    0.00    0.00   11.54    0.20    0.00    0.00    0.40

22:51:10     CPU    %usr   %nice    %sys %iowait    %irq   %soft  %steal  %guest  %gnice   %idle
22:51:15     all   66.57    0.00   23.06    0.00    0.00    9.47    0.20    0.00    0.00    0.70
22:51:15       0   74.15    0.00   14.23    0.00    0.00   10.82    0.20    0.00    0.00    0.60
22:51:15       1   53.52    0.00   39.03    0.00    0.00    6.44    0.20    0.00    0.00    0.80
22:51:15       2   65.60    0.00   24.60    0.00    0.00    8.60    0.20    0.00    0.00    1.00
22:51:15       3   72.95    0.00   14.43    0.00    0.00   12.02    0.20    0.00    0.00    0.40

22:51:15     CPU    %usr   %nice    %sys %iowait    %irq   %soft  %steal  %guest  %gnice   %idle
22:51:20     all   66.63    0.00   22.04    0.05    0.00    8.77    0.25    0.00    0.00    2.25
22:51:20       0   55.91    0.00   30.86    0.20    0.00   11.82    0.20    0.00    0.00    1.00
22:51:20       1   72.14    0.00   21.44    0.00    0.00    4.61    0.40    0.00    0.00    1.40
22:51:20       2   64.66    0.00   20.28    0.00    0.00    8.63    0.20    0.00    0.00    6.22
22:51:20       3   73.80    0.00   15.60    0.00    0.00   10.00    0.20    0.00    0.00    0.40

22:51:20     CPU    %usr   %nice    %sys %iowait    %irq   %soft  %steal  %guest  %gnice   %idle
22:51:25     all   71.80    0.00   17.61    0.00    0.00    9.13    0.15    0.00    0.00    1.31
22:51:25       0   67.81    0.00   20.32    0.00    0.00   10.87    0.20    0.00    0.00    0.80
22:51:25       1   71.08    0.00   21.38    0.00    0.00    4.89    0.20    0.00    0.00    2.44
22:51:25       2   79.52    0.00   10.24    0.00    0.00    9.44    0.20    0.00    0.00    0.60
22:51:25       3   68.75    0.00   18.55    0.00    0.00   11.29    0.00    0.00    0.00    1.41

22:51:25     CPU    %usr   %nice    %sys %iowait    %irq   %soft  %steal  %guest  %gnice   %idle
22:51:30     all   71.27    0.00   17.88    0.00    0.00    9.54    0.30    0.00    0.00    1.00
22:51:30       0   69.08    0.00   19.88    0.00    0.00   10.24    0.20    0.00    0.00    0.60
22:51:30       1   74.30    0.00   18.47    0.00    0.00    5.02    0.40    0.00    0.00    1.81
22:51:30       2   76.51    0.00   12.85    0.00    0.00    9.84    0.40    0.00    0.00    0.40
22:51:30       3   65.19    0.00   20.32    0.00    0.00   13.08    0.20    0.00    0.00    1.21

22:51:30     CPU    %usr   %nice    %sys %iowait    %irq   %soft  %steal  %guest  %gnice   %idle
22:51:35     all   68.43    0.00   20.81    0.00    0.00    9.19    0.20    0.00    0.00    1.36
22:51:35       0   67.07    0.00   21.62    0.00    0.00   10.30    0.20    0.00    0.00    0.81
22:51:35       1   68.50    0.00   23.78    0.00    0.00    5.08    0.20    0.00    0.00    2.44
22:51:35       2   69.09    0.00   19.80    0.00    0.00    9.70    0.20    0.00    0.00    1.21
22:51:35       3   69.08    0.00   18.07    0.00    0.00   11.65    0.20    0.00    0.00    1.00

22:51:35     CPU    %usr   %nice    %sys %iowait    %irq   %soft  %steal  %guest  %gnice   %idle
22:51:40     all   66.50    0.00   22.35    0.00    0.00    9.22    0.20    0.00    0.00    1.72
22:51:40       0   70.97    0.00   17.34    0.00    0.00   10.28    0.20    0.00    0.00    1.21
22:51:40       1   62.37    0.00   29.24    0.00    0.00    4.91    0.20    0.00    0.00    3.27
22:51:40       2   66.60    0.00   22.00    0.00    0.00    9.57    0.20    0.00    0.00    1.63
22:51:40       3   66.00    0.00   20.93    0.00    0.00   12.07    0.20    0.00    0.00    0.80

22:51:40     CPU    %usr   %nice    %sys %iowait    %irq   %soft  %steal  %guest  %gnice   %idle
22:51:45     all   73.77    0.00   16.13    0.00    0.00    9.15    0.15    0.00    0.00    0.80
22:51:45       0   71.57    0.00   18.75    0.00    0.00    9.07    0.20    0.00    0.00    0.40
22:51:45       1   72.43    0.00   20.32    0.00    0.00    5.23    0.20    0.00    0.00    1.81
22:51:45       2   82.00    0.00    7.80    0.00    0.00    9.80    0.20    0.00    0.00    0.20
22:51:45       3   69.01    0.00   17.71    0.00    0.00   12.47    0.00    0.00    0.00    0.80

22:51:45     CPU    %usr   %nice    %sys %iowait    %irq   %soft  %steal  %guest  %gnice   %idle
22:51:50     all   72.02    0.00   17.88    0.00    0.00    8.74    0.25    0.00    0.00    1.11
22:51:50       0   71.83    0.00   17.51    0.00    0.00    9.46    0.20    0.00    0.00    1.01
22:51:50       1   70.82    0.00   22.04    0.00    0.00    4.49    0.41    0.00    0.00    2.24
22:51:50       2   73.59    0.00   16.13    0.00    0.00    9.07    0.20    0.00    0.00    1.01
22:51:50       3   71.83    0.00   15.90    0.00    0.00   11.87    0.20    0.00    0.00    0.20

22:51:50     CPU    %usr   %nice    %sys %iowait    %irq   %soft  %steal  %guest  %gnice   %idle
22:51:55     all   65.08    0.00   22.66    0.00    0.00    9.83    0.25    0.00    0.00    2.18
22:51:55       0   62.42    0.00   23.43    0.00    0.00   12.12    0.40    0.00    0.00    1.62
22:51:55       1   64.01    0.00   26.58    0.00    0.00    4.70    0.20    0.00    0.00    4.50
22:51:55       2   70.56    0.00   19.35    0.00    0.00    9.07    0.20    0.00    0.00    0.81
22:51:55       3   63.29    0.00   21.30    0.00    0.00   13.39    0.20    0.00    0.00    1.83

22:51:55     CPU    %usr   %nice    %sys %iowait    %irq   %soft  %steal  %guest  %gnice   %idle
22:52:00     all   68.56    0.00   19.90    0.00    0.00    9.92    0.15    0.00    0.00    1.47
22:52:00       0   64.57    0.00   22.47    0.00    0.00   11.94    0.00    0.00    0.00    1.01
22:52:00       1   69.92    0.00   22.15    0.00    0.00    4.88    0.20    0.00    0.00    2.85
22:52:00       2   74.60    0.00   15.12    0.00    0.00    9.27    0.20    0.00    0.00    0.81
22:52:00       3   65.11    0.00   19.88    0.00    0.00   13.59    0.20    0.00    0.00    1.22

22:52:00     CPU    %usr   %nice    %sys %iowait    %irq   %soft  %steal  %guest  %gnice   %idle
22:52:05     all   72.22    0.00   16.96    0.00    0.00    9.81    0.20    0.00    0.00    0.81
22:52:05       0   71.98    0.00   17.34    0.00    0.00   10.08    0.20    0.00    0.00    0.40
22:52:05       1   84.40    0.00   10.40    0.00    0.00    4.80    0.20    0.00    0.00    0.20
22:52:05       2   63.03    0.00   23.03    0.00    0.00   11.72    0.40    0.00    0.00    1.82
22:52:05       3   69.35    0.00   17.14    0.00    0.00   12.70    0.00    0.00    0.00    0.81

22:52:05     CPU    %usr   %nice    %sys %iowait    %irq   %soft  %steal  %guest  %gnice   %idle
22:52:10     all   72.14    0.00   16.67    0.00    0.00    9.59    0.25    0.00    0.00    1.36
22:52:10       0   76.34    0.00   12.52    0.00    0.00   10.14    0.40    0.00    0.00    0.60
22:52:10       1   72.27    0.00   19.43    0.00    0.00    5.26    0.20    0.00    0.00    2.83
22:52:10       2   72.58    0.00   15.73    0.00    0.00   10.48    0.20    0.00    0.00    1.01
22:52:10       3   67.33    0.00   19.04    0.00    0.00   12.42    0.20    0.00    0.00    1.00

22:52:10     CPU    %usr   %nice    %sys %iowait    %irq   %soft  %steal  %guest  %gnice   %idle
22:52:15     all   73.74    0.00   16.45    0.00    0.00    8.75    0.25    0.00    0.00    0.80
22:52:15       0   71.72    0.00   17.37    0.00    0.00    9.90    0.20    0.00    0.00    0.81
22:52:15       1   69.82    0.00   23.34    0.00    0.00    4.83    0.40    0.00    0.00    1.61
22:52:15       2   81.16    0.00    8.22    0.00    0.00   10.22    0.20    0.00    0.00    0.20
22:52:15       3   72.23    0.00   16.90    0.00    0.00   10.06    0.20    0.00    0.00    0.60

22:52:15     CPU    %usr   %nice    %sys %iowait    %irq   %soft  %steal  %guest  %gnice   %idle
22:52:20     all   72.14    0.00   18.59    0.00    0.00    8.56    0.15    0.00    0.00    0.55
22:52:20       0   66.27    0.00   23.69    0.00    0.00    9.24    0.20    0.00    0.00    0.60
22:52:20       1   78.43    0.00   15.73    0.00    0.00    5.04    0.20    0.00    0.00    0.60
22:52:20       2   67.21    0.00   22.87    0.00    0.00    8.91    0.20    0.00    0.00    0.81
22:52:20       3   76.66    0.00   12.07    0.00    0.00   11.07    0.00    0.00    0.00    0.20

22:52:20     CPU    %usr   %nice    %sys %iowait    %irq   %soft  %steal  %guest  %gnice   %idle
22:52:25     all   61.01    0.00   28.35    0.00    0.00    9.43    0.20    0.00    0.00    1.00
22:52:25       0   66.40    0.00   22.74    0.00    0.00   10.06    0.20    0.00    0.00    0.60
22:52:25       1   60.40    0.00   32.60    0.00    0.00    5.40    0.20    0.00    0.00    1.40
22:52:25       2   62.37    0.00   26.36    0.00    0.00    9.66    0.20    0.00    0.00    1.41
22:52:25       3   54.91    0.00   31.66    0.00    0.00   12.63    0.20    0.00    0.00    0.60

22:52:25     CPU    %usr   %nice    %sys %iowait    %irq   %soft  %steal  %guest  %gnice   %idle
22:52:30     all   60.43    0.00   28.44    0.00    0.00    9.58    0.20    0.00    0.00    1.35
22:52:30       0   65.26    0.00   22.89    0.00    0.00   10.44    0.20    0.00    0.00    1.20
22:52:30       1   54.91    0.00   38.08    0.00    0.00    5.41    0.20    0.00    0.00    1.40
22:52:30       2   63.18    0.00   25.96    0.00    0.00    8.45    0.20    0.00    0.00    2.21
22:52:30       3   58.40    0.00   26.80    0.00    0.00   14.00    0.20    0.00    0.00    0.60

22:52:30     CPU    %usr   %nice    %sys %iowait    %irq   %soft  %steal  %guest  %gnice   %idle
22:52:35     all   69.73    0.00   20.53    0.00    0.00    8.99    0.15    0.00    0.00    0.60
22:52:35       0   65.66    0.00   24.30    0.00    0.00    8.84    0.20    0.00    0.00    1.00
22:52:35       1   78.40    0.00   15.60    0.00    0.00    5.60    0.20    0.00    0.00    0.20
22:52:35       2   64.65    0.00   25.25    0.00    0.00    9.09    0.20    0.00    0.00    0.81
22:52:35       3   70.14    0.00   17.03    0.00    0.00   12.42    0.00    0.00    0.00    0.40

22:52:35     CPU    %usr   %nice    %sys %iowait    %irq   %soft  %steal  %guest  %gnice   %idle
22:52:40     all   71.17    0.00   18.32    0.00    0.00    8.88    0.25    0.00    0.00    1.37
22:52:40       0   72.78    0.00   17.34    0.00    0.00    8.67    0.20    0.00    0.00    1.01
22:52:40       1   69.40    0.00   22.38    0.00    0.00    5.13    0.41    0.00    0.00    2.67
22:52:40       2   66.80    0.00   22.00    0.00    0.00    9.78    0.20    0.00    0.00    1.22
22:52:40       3   75.60    0.00   11.69    0.00    0.00   11.90    0.20    0.00    0.00    0.60

22:52:40     CPU    %usr   %nice    %sys %iowait    %irq   %soft  %steal  %guest  %gnice   %idle
22:52:45     all   71.83    0.00   18.27    0.00    0.00    8.73    0.25    0.00    0.00    0.91
22:52:45       0   65.52    0.00   24.34    0.00    0.00    8.92    0.20    0.00    0.00    1.01
22:52:45       1   81.45    0.00   12.70    0.00    0.00    4.64    0.20    0.00    0.00    1.01
22:52:45       2   70.56    0.00   18.55    0.00    0.00    9.68    0.40    0.00    0.00    0.81
22:52:45       3   69.76    0.00   17.54    0.00    0.00   11.69    0.20    0.00    0.00    0.81

22:52:45     CPU    %usr   %nice    %sys %iowait    %irq   %soft  %steal  %guest  %gnice   %idle
22:52:50     all   67.76    0.00   21.09    0.00    0.00    9.54    0.20    0.00    0.00    1.41
22:52:50       0   67.21    0.00   20.24    0.00    0.00   10.73    0.20    0.00    0.00    1.62
22:52:50       1   70.42    0.00   22.33    0.00    0.00    5.23    0.20    0.00    0.00    1.81
22:52:50       2   65.32    0.00   23.19    0.00    0.00    9.88    0.20    0.00    0.00    1.41
22:52:50       3   68.08    0.00   18.59    0.00    0.00   12.32    0.20    0.00    0.00    0.81

22:52:50     CPU    %usr   %nice    %sys %iowait    %irq   %soft  %steal  %guest  %gnice   %idle
22:52:55     all   78.06    0.00   13.05    0.00    0.00    8.18    0.20    0.00    0.00    0.50
22:52:55       0   69.88    0.00   19.48    0.00    0.00    9.24    0.40    0.00    0.00    1.00
22:52:55       1   85.77    0.00    9.02    0.00    0.00    4.81    0.20    0.00    0.00    0.20
22:52:55       2   79.07    0.00   12.07    0.00    0.00    8.25    0.20    0.00    0.00    0.40
22:52:55       3   77.51    0.00   11.65    0.00    0.00   10.44    0.00    0.00    0.00    0.40

22:52:55     CPU    %usr   %nice    %sys %iowait    %irq   %soft  %steal  %guest  %gnice   %idle
22:53:00     all   79.27    0.00   12.08    0.00    0.00    7.80    0.25    0.00    0.00    0.60
22:53:00       0   79.32    0.00   10.84    0.00    0.00    9.24    0.20    0.00    0.00    0.40
22:53:00       1   81.45    0.00   12.70    0.00    0.00    4.23    0.40    0.00    0.00    1.21
22:53:00       2   76.92    0.00   12.75    0.00    0.00    9.31    0.20    0.00    0.00    0.81
22:53:00       3   79.36    0.00   12.02    0.00    0.00    8.42    0.20    0.00    0.00    0.00

22:53:00     CPU    %usr   %nice    %sys %iowait    %irq   %soft  %steal  %guest  %gnice   %idle
22:53:05     all   68.28    0.00   20.85    0.00    0.00    9.68    0.20    0.00    0.00    1.00
22:53:05       0   66.00    0.00   20.60    0.00    0.00   11.60    0.20    0.00    0.00    1.60
22:53:05       1   69.06    0.00   24.75    0.00    0.00    5.59    0.20    0.00    0.00    0.40
22:53:05       2   73.56    0.00   13.92    0.00    0.00   10.74    0.20    0.00    0.00    1.59
22:53:05       3   64.47    0.00   24.15    0.00    0.00   10.78    0.20    0.00    0.00    0.40

22:53:05     CPU    %usr   %nice    %sys %iowait    %irq   %soft  %steal  %guest  %gnice   %idle
22:53:10     all   65.07    0.00   24.04    0.00    0.00    9.55    0.20    0.00    0.00    1.15
22:53:10       0   59.96    0.00   28.88    0.00    0.00   10.16    0.20    0.00    0.00    0.80
22:53:10       1   64.20    0.00   27.80    0.00    0.00    5.80    0.20    0.00    0.00    2.00
22:53:10       2   69.48    0.00   19.48    0.00    0.00   10.24    0.20    0.00    0.00    0.60
22:53:10       3   66.67    0.00   19.96    0.00    0.00   11.98    0.20    0.00    0.00    1.20

22:53:10     CPU    %usr   %nice    %sys %iowait    %irq   %soft  %steal  %guest  %gnice   %idle
22:53:15     all   67.48    0.00   22.05    0.00    0.00    8.70    0.20    0.00    0.00    1.57
22:53:15       0   63.69    0.00   24.54    0.00    0.00    9.74    0.20    0.00    0.00    1.83
22:53:15       1   74.19    0.00   17.74    0.00    0.00    5.44    0.40    0.00    0.00    2.22
22:53:15       2   65.52    0.00   24.95    0.00    0.00    7.91    0.20    0.00    0.00    1.42
22:53:15       3   66.46    0.00   21.01    0.00    0.00   11.72    0.00    0.00    0.00    0.81

22:53:15     CPU    %usr   %nice    %sys %iowait    %irq   %soft  %steal  %guest  %gnice   %idle
22:53:20     all   63.18    0.00   18.61    0.10    0.00    7.35    0.15    0.00    0.00   10.60
22:53:20       0   69.65    0.00   17.52    0.00    0.00    7.74    0.00    0.00    0.00    5.09
22:53:20       1   58.82    0.00   18.46    0.20    0.00    4.06    0.20    0.00    0.00   18.26
22:53:20       2   54.36    0.00   19.88    0.20    0.00    7.30    0.20    0.00    0.00   18.05
22:53:20       3   69.90    0.00   18.59    0.00    0.00   10.30    0.20    0.00    0.00    1.01
