Linux 6.17.0-1015-aws (ip-172-31-3-246) 	05/27/26 	_x86_64_	(4 CPU)

19:28:48     CPU    %usr   %nice    %sys %iowait    %irq   %soft  %steal  %guest  %gnice   %idle
19:28:53     all   16.50    0.00    3.82    0.10    0.00    1.21    0.15    0.00    0.00   78.22
19:28:53       0   14.26    0.00    3.01    0.40    0.00    2.21    0.20    0.00    0.00   79.92
19:28:53       1   11.92    0.00    3.23    0.00    0.00    1.21    0.00    0.00    0.00   83.64
19:28:53       2   30.92    0.00    5.42    0.00    0.00    0.00    0.20    0.00    0.00   63.45
19:28:53       3    8.85    0.00    3.62    0.00    0.00    1.41    0.20    0.00    0.00   85.92

19:28:53     CPU    %usr   %nice    %sys %iowait    %irq   %soft  %steal  %guest  %gnice   %idle
19:28:58     all   67.47    0.00   20.76    0.00    0.00   10.15    0.20    0.00    0.00    1.41
19:28:58       0   69.09    0.00   19.60    0.00    0.00   10.10    0.20    0.00    0.00    1.01
19:28:58       1   69.29    0.00   18.18    0.00    0.00   10.51    0.20    0.00    0.00    1.82
19:28:58       2   65.18    0.00   24.49    0.00    0.00    8.30    0.20    0.00    0.00    1.82
19:28:58       3   66.33    0.00   20.77    0.00    0.00   11.69    0.20    0.00    0.00    1.01

19:28:58     CPU    %usr   %nice    %sys %iowait    %irq   %soft  %steal  %guest  %gnice   %idle
19:29:03     all   71.67    0.00   17.84    0.00    0.00    9.43    0.20    0.00    0.00    0.86
19:29:03       0   73.84    0.00   17.71    0.00    0.00    7.85    0.20    0.00    0.00    0.40
19:29:03       1   71.17    0.00   17.54    0.00    0.00    9.68    0.20    0.00    0.00    1.41
19:29:03       2   71.66    0.00   17.61    0.00    0.00    9.31    0.20    0.00    0.00    1.21
19:29:03       3   70.02    0.00   18.51    0.00    0.00   10.87    0.20    0.00    0.00    0.40

19:29:03     CPU    %usr   %nice    %sys %iowait    %irq   %soft  %steal  %guest  %gnice   %idle
19:29:08     all   75.79    0.00   15.96    0.00    0.00    7.90    0.25    0.00    0.00    0.10
19:29:08       0   69.40    0.00   22.60    0.00    0.00    7.80    0.20    0.00    0.00    0.00
19:29:08       1   81.76    0.00   10.62    0.00    0.00    7.21    0.40    0.00    0.00    0.00
19:29:08       2   79.64    0.00   11.78    0.00    0.00    7.98    0.20    0.00    0.00    0.40
19:29:08       3   72.34    0.00   18.84    0.00    0.00    8.62    0.20    0.00    0.00    0.00

19:29:08     CPU    %usr   %nice    %sys %iowait    %irq   %soft  %steal  %guest  %gnice   %idle
19:29:13     all   82.92    0.00    9.64    0.00    0.00    7.19    0.25    0.00    0.00    0.00
19:29:13       0   77.25    0.00   15.57    0.00    0.00    6.79    0.40    0.00    0.00    0.00
19:29:13       1   84.23    0.00    7.58    0.00    0.00    7.98    0.20    0.00    0.00    0.00
19:29:13       2   85.00    0.00    8.60    0.00    0.00    6.20    0.20    0.00    0.00    0.00
19:29:13       3   85.20    0.00    6.80    0.00    0.00    7.80    0.20    0.00    0.00    0.00

19:29:13     CPU    %usr   %nice    %sys %iowait    %irq   %soft  %steal  %guest  %gnice   %idle
19:29:18     all   73.06    0.00   16.46    0.00    0.00    9.58    0.25    0.00    0.00    0.65
19:29:18       0   72.09    0.00   19.48    0.00    0.00    8.03    0.20    0.00    0.00    0.20
19:29:18       1   74.35    0.00   14.63    0.00    0.00   10.22    0.20    0.00    0.00    0.60
19:29:18       2   70.77    0.00   18.55    0.00    0.00    9.48    0.40    0.00    0.00    0.81
19:29:18       3   75.00    0.00   13.20    0.00    0.00   10.60    0.20    0.00    0.00    1.00

19:29:18     CPU    %usr   %nice    %sys %iowait    %irq   %soft  %steal  %guest  %gnice   %idle
19:29:23     all   68.35    0.00   16.28    0.00    0.00    9.05    0.20    0.00    0.00    6.12
19:29:23       0   68.07    0.00   16.27    0.00    0.00    8.23    0.20    0.00    0.00    7.23
19:29:23       1   74.44    0.00   14.81    0.00    0.00    8.92    0.20    0.00    0.00    1.62
19:29:23       2   63.08    0.00   18.86    0.00    0.00    9.33    0.20    0.00    0.00    8.52
19:29:23       3   67.81    0.00   15.18    0.00    0.00    9.72    0.20    0.00    0.00    7.09

19:29:23     CPU    %usr   %nice    %sys %iowait    %irq   %soft  %steal  %guest  %gnice   %idle
19:29:28     all   55.30    0.00   23.76    0.00    0.00    8.47    0.27    0.00    0.00   12.20
19:29:28       0   57.69    0.00   20.30    0.00    0.00    7.69    0.21    0.00    0.00   14.10
19:29:28       1   59.02    0.00   19.96    0.00    0.00    7.01    0.42    0.00    0.00   13.59
19:29:28       2   50.96    0.00   27.41    0.00    0.00    8.57    0.21    0.00    0.00   12.85
19:29:28       3   53.50    0.00   27.39    0.00    0.00   10.62    0.21    0.00    0.00    8.28

19:29:28     CPU    %usr   %nice    %sys %iowait    %irq   %soft  %steal  %guest  %gnice   %idle
19:29:33     all   54.86    0.00   22.70    0.00    0.00    7.96    0.21    0.00    0.00   14.26
19:29:33       0   61.92    0.00   17.36    0.00    0.00    6.69    0.21    0.00    0.00   13.81
19:29:33       1   54.06    0.00   24.15    0.00    0.00    7.48    0.21    0.00    0.00   14.10
19:29:33       2   49.46    0.00   24.51    0.00    0.00    7.59    0.22    0.00    0.00   18.22
19:29:33       3   53.76    0.00   24.95    0.00    0.00   10.11    0.22    0.00    0.00   10.97

19:29:33     CPU    %usr   %nice    %sys %iowait    %irq   %soft  %steal  %guest  %gnice   %idle
19:29:38     all   54.22    0.00   23.00    0.00    0.00    7.95    0.27    0.00    0.00   14.57
19:29:38       0   59.28    0.00   19.41    0.00    0.00    6.33    0.21    0.00    0.00   14.77
19:29:38       1   53.66    0.00   20.69    0.00    0.00    8.19    0.43    0.00    0.00   17.03
19:29:38       2   51.40    0.00   25.16    0.00    0.00    7.31    0.22    0.00    0.00   15.91
19:29:38       3   52.44    0.00   26.75    0.00    0.00    9.98    0.21    0.00    0.00   10.62

19:29:38     CPU    %usr   %nice    %sys %iowait    %irq   %soft  %steal  %guest  %gnice   %idle
19:29:43     all   55.51    0.00   22.86    0.00    0.00    7.99    0.21    0.00    0.00   13.43
19:29:43       0   59.58    0.00   20.62    0.00    0.00    7.29    0.21    0.00    0.00   12.29
19:29:43       1   57.26    0.00   20.30    0.00    0.00    7.91    0.21    0.00    0.00   14.32
19:29:43       2   53.52    0.00   25.16    0.00    0.00    7.89    0.21    0.00    0.00   13.22
19:29:43       3   51.52    0.00   25.43    0.00    0.00    8.91    0.22    0.00    0.00   13.91

19:29:43     CPU    %usr   %nice    %sys %iowait    %irq   %soft  %steal  %guest  %gnice   %idle
19:29:48     all   55.34    0.00   23.45    0.00    0.00    7.96    0.21    0.00    0.00   13.03
19:29:48       0   58.69    0.00   20.13    0.00    0.00    6.36    0.21    0.00    0.00   14.62
19:29:48       1   55.27    0.00   22.37    0.00    0.00    7.74    0.22    0.00    0.00   14.41
19:29:48       2   53.94    0.00   26.87    0.00    0.00    7.25    0.21    0.00    0.00   11.73
19:29:48       3   53.43    0.00   24.46    0.00    0.00   10.52    0.21    0.00    0.00   11.37

19:29:48     CPU    %usr   %nice    %sys %iowait    %irq   %soft  %steal  %guest  %gnice   %idle
19:29:53     all   56.09    0.00   24.30    0.00    0.00    8.08    0.16    0.00    0.00   11.38
19:29:53       0   56.50    0.00   22.81    0.00    0.00    7.25    0.21    0.00    0.00   13.22
19:29:53       1   60.55    0.00   20.89    0.00    0.00    7.81    0.21    0.00    0.00   10.55
19:29:53       2   54.33    0.00   27.48    0.00    0.00    7.61    0.21    0.00    0.00   10.36
19:29:53       3   52.90    0.00   26.02    0.00    0.00    9.68    0.00    0.00    0.00   11.40

19:29:53     CPU    %usr   %nice    %sys %iowait    %irq   %soft  %steal  %guest  %gnice   %idle
19:29:58     all   56.74    0.00   23.00    0.00    0.00    8.36    0.37    0.00    0.00   11.53
19:29:58       0   58.70    0.00   23.69    0.00    0.00    6.50    0.21    0.00    0.00   10.90
19:29:58       1   57.89    0.00   22.11    0.00    0.00    8.21    0.42    0.00    0.00   11.37
19:29:58       2   50.54    0.00   26.45    0.00    0.00    8.39    0.43    0.00    0.00   14.19
19:29:58       3   59.70    0.00   19.83    0.00    0.00   10.34    0.42    0.00    0.00    9.70

19:29:58     CPU    %usr   %nice    %sys %iowait    %irq   %soft  %steal  %guest  %gnice   %idle
19:30:03     all   57.81    0.00   23.53    0.00    0.00    8.02    0.16    0.00    0.00   10.48
19:30:03       0   64.41    0.00   19.07    0.00    0.00    6.78    0.21    0.00    0.00    9.53
19:30:03       1   52.47    0.00   27.74    0.00    0.00    7.10    0.22    0.00    0.00   12.47
19:30:03       2   61.76    0.00   20.80    0.00    0.00    9.03    0.21    0.00    0.00    8.19
19:30:03       3   52.30    0.00   26.70    0.00    0.00    9.19    0.00    0.00    0.00   11.82

19:30:03     CPU    %usr   %nice    %sys %iowait    %irq   %soft  %steal  %guest  %gnice   %idle
19:30:08     all   56.74    0.00   23.83    0.00    0.00    8.33    0.21    0.00    0.00   10.88
19:30:08       0   60.21    0.00   21.47    0.00    0.00    8.42    0.21    0.00    0.00    9.68
19:30:08       1   57.59    0.00   21.73    0.00    0.00    7.59    0.21    0.00    0.00   12.87
19:30:08       2   53.83    0.00   27.02    0.00    0.00    8.72    0.21    0.00    0.00   10.21
19:30:08       3   55.27    0.00   25.16    0.00    0.00    8.60    0.22    0.00    0.00   10.75

19:30:08     CPU    %usr   %nice    %sys %iowait    %irq   %soft  %steal  %guest  %gnice   %idle
19:30:13     all   55.25    0.00   24.36    0.00    0.00    8.55    0.37    0.00    0.00   11.46
19:30:13       0   60.13    0.00   20.89    0.00    0.00    7.38    0.42    0.00    0.00   11.18
19:30:13       1   49.79    0.00   26.71    0.00    0.00    8.12    0.43    0.00    0.00   14.96
19:30:13       2   52.45    0.00   27.29    0.00    0.00    9.38    0.21    0.00    0.00   10.66
19:30:13       3   58.56    0.00   22.62    0.00    0.00    9.30    0.42    0.00    0.00    9.09

19:30:13     CPU    %usr   %nice    %sys %iowait    %irq   %soft  %steal  %guest  %gnice   %idle
19:30:18     all   54.63    0.00   25.15    0.00    0.00    8.03    0.11    0.00    0.00   12.09
19:30:18       0   53.39    0.00   26.06    0.00    0.00    8.05    0.00    0.00    0.00   12.50
19:30:18       1   53.12    0.00   24.95    0.00    0.00    7.10    0.22    0.00    0.00   14.62
19:30:18       2   50.22    0.00   28.73    0.00    0.00    7.24    0.00    0.00    0.00   13.82
19:30:18       3   61.55    0.00   21.01    0.00    0.00    9.66    0.21    0.00    0.00    7.56

19:30:18     CPU    %usr   %nice    %sys %iowait    %irq   %soft  %steal  %guest  %gnice   %idle
19:30:23     all   55.54    0.00   24.23    0.00    0.00    8.20    0.27    0.00    0.00   11.77
19:30:23       0   58.04    0.00   23.80    0.00    0.00    7.52    0.42    0.00    0.00   10.23
19:30:23       1   52.89    0.00   24.20    0.00    0.00    7.92    0.21    0.00    0.00   14.78
19:30:23       2   52.16    0.00   26.62    0.00    0.00    8.01    0.22    0.00    0.00   12.99
19:30:23       3   58.94    0.00   22.34    0.00    0.00    9.36    0.21    0.00    0.00    9.15

19:30:23     CPU    %usr   %nice    %sys %iowait    %irq   %soft  %steal  %guest  %gnice   %idle
19:30:28     all   55.60    0.00   24.59    0.00    0.00    8.50    0.16    0.00    0.00   11.15
19:30:28       0   61.15    0.00   20.17    0.00    0.00    7.64    0.21    0.00    0.00   10.83
19:30:28       1   49.57    0.00   28.33    0.00    0.00    7.73    0.21    0.00    0.00   14.16
19:30:28       2   62.26    0.00   20.96    0.00    0.00    8.60    0.21    0.00    0.00    7.97
19:30:28       3   49.25    0.00   29.00    0.00    0.00   10.02    0.00    0.00    0.00   11.73

19:30:28     CPU    %usr   %nice    %sys %iowait    %irq   %soft  %steal  %guest  %gnice   %idle
19:30:33     all   56.78    0.00   24.05    0.00    0.00    8.58    0.26    0.00    0.00   10.33
19:30:33       0   60.55    0.00   21.52    0.00    0.00    7.59    0.21    0.00    0.00   10.13
19:30:33       1   55.72    0.00   25.21    0.00    0.00    7.42    0.42    0.00    0.00   11.23
19:30:33       2   51.93    0.00   26.82    0.00    0.00    9.01    0.21    0.00    0.00   12.02
19:30:33       3   58.82    0.00   22.69    0.00    0.00   10.29    0.21    0.00    0.00    7.98

19:30:33     CPU    %usr   %nice    %sys %iowait    %irq   %soft  %steal  %guest  %gnice   %idle
19:30:38     all   61.71    0.00   21.44    0.00    0.00    8.03    0.26    0.00    0.00    8.56
19:30:38       0   59.71    0.00   22.76    0.00    0.00    7.31    0.42    0.00    0.00    9.81
19:30:38       1   69.57    0.00   15.53    0.00    0.00    7.25    0.21    0.00    0.00    7.45
19:30:38       2   59.62    0.00   23.43    0.00    0.00    7.32    0.21    0.00    0.00    9.41
19:30:38       3   57.86    0.00   24.11    0.00    0.00   10.27    0.21    0.00    0.00    7.55

19:30:38     CPU    %usr   %nice    %sys %iowait    %irq   %soft  %steal  %guest  %gnice   %idle
19:30:43     all   80.06    0.00   10.80    0.05    0.00    7.13    0.25    0.00    0.00    1.71
19:30:43       0   83.10    0.00    8.85    0.00    0.00    6.44    0.20    0.00    0.00    1.41
19:30:43       1   82.24    0.00    9.58    0.00    0.00    7.58    0.20    0.00    0.00    0.40
19:30:43       2   88.78    0.00    4.61    0.00    0.00    6.01    0.40    0.00    0.00    0.20
19:30:43       3   65.99    0.00   20.24    0.20    0.00    8.50    0.20    0.00    0.00    4.86

19:30:43     CPU    %usr   %nice    %sys %iowait    %irq   %soft  %steal  %guest  %gnice   %idle
19:30:48     all   68.21    0.00   17.69    0.00    0.00    8.17    0.16    0.00    0.00    5.78
19:30:48       0   69.28    0.00   16.10    0.00    0.00    6.14    0.21    0.00    0.00    8.26
19:30:48       1   53.00    0.00   30.69    0.00    0.00    6.01    0.21    0.00    0.00   10.09
19:30:48       2   76.21    0.00   13.51    0.00    0.00    8.87    0.00    0.00    0.00    1.41
19:30:48       3   73.57    0.00   11.07    0.00    0.00   11.48    0.20    0.00    0.00    3.69

19:30:48     CPU    %usr   %nice    %sys %iowait    %irq   %soft  %steal  %guest  %gnice   %idle
19:30:53     all   54.73    0.00   24.43    0.00    0.00    8.07    0.21    0.00    0.00   12.56
19:30:53       0   52.89    0.00   26.77    0.00    0.00    6.42    0.21    0.00    0.00   13.70
19:30:53       1   57.77    0.00   22.27    0.00    0.00    7.98    0.21    0.00    0.00   11.76
19:30:53       2   57.14    0.00   21.21    0.00    0.00    8.01    0.22    0.00    0.00   13.42
19:30:53       3   51.07    0.00   27.47    0.00    0.00    9.87    0.21    0.00    0.00   11.37

19:30:53     CPU    %usr   %nice    %sys %iowait    %irq   %soft  %steal  %guest  %gnice   %idle
19:30:58     all   55.43    0.00   24.31    0.00    0.00    8.19    0.27    0.00    0.00   11.81
19:30:58       0   61.52    0.00   20.51    0.00    0.00    6.98    0.21    0.00    0.00   10.78
19:30:58       1   50.43    0.00   27.68    0.00    0.00    6.65    0.43    0.00    0.00   14.81
19:30:58       2   57.05    0.00   21.37    0.00    0.00    9.40    0.21    0.00    0.00   11.97
19:30:58       3   52.64    0.00   27.70    0.00    0.00    9.73    0.21    0.00    0.00    9.73

19:30:58     CPU    %usr   %nice    %sys %iowait    %irq   %soft  %steal  %guest  %gnice   %idle
19:31:03     all   54.85    0.00   24.39    0.00    0.00    8.79    0.27    0.00    0.00   11.71
19:31:03       0   60.72    0.00   20.17    0.00    0.00    7.64    0.21    0.00    0.00   11.25
19:31:03       1   60.97    0.00   20.68    0.00    0.00    7.81    0.21    0.00    0.00   10.34
19:31:03       2   49.58    0.00   27.64    0.00    0.00    9.70    0.42    0.00    0.00   12.66
19:31:03       3   47.93    0.00   29.19    0.00    0.00   10.02    0.22    0.00    0.00   12.64

19:31:03     CPU    %usr   %nice    %sys %iowait    %irq   %soft  %steal  %guest  %gnice   %idle
19:31:08     all   56.67    0.00   23.32    0.00    0.00    8.96    0.21    0.00    0.00   10.83
19:31:08       0   50.76    0.00   25.70    0.00    0.00    7.99    0.22    0.00    0.00   15.33
19:31:08       1   61.65    0.00   21.40    0.00    0.00    8.26    0.21    0.00    0.00    8.47
19:31:08       2   51.40    0.00   27.31    0.00    0.00    9.03    0.22    0.00    0.00   12.04
19:31:08       3   62.66    0.00   18.99    0.00    0.00   10.55    0.21    0.00    0.00    7.59

19:31:08     CPU    %usr   %nice    %sys %iowait    %irq   %soft  %steal  %guest  %gnice   %idle
19:31:13     all   54.78    0.00   25.05    0.00    0.00    8.33    0.22    0.00    0.00   11.61
19:31:13       0   58.47    0.00   24.36    0.00    0.00    6.78    0.21    0.00    0.00   10.17
19:31:13       1   56.68    0.00   22.20    0.00    0.00    7.97    0.22    0.00    0.00   12.93
19:31:13       2   52.89    0.00   26.77    0.00    0.00    8.78    0.21    0.00    0.00   11.35
19:31:13       3   50.98    0.00   26.91    0.00    0.00    9.85    0.22    0.00    0.00   12.04

19:31:13     CPU    %usr   %nice    %sys %iowait    %irq   %soft  %steal  %guest  %gnice   %idle
19:31:18     all   54.42    0.00   25.15    0.00    0.00    8.42    0.21    0.00    0.00   11.80
19:31:18       0   65.34    0.00   17.65    0.00    0.00    7.14    0.21    0.00    0.00    9.66
19:31:18       1   49.89    0.00   29.16    0.00    0.00    7.13    0.22    0.00    0.00   13.61
19:31:18       2   52.56    0.00   26.50    0.00    0.00    9.19    0.21    0.00    0.00   11.54
19:31:18       3   49.56    0.00   27.51    0.00    0.00   10.26    0.22    0.00    0.00   12.45

19:31:18     CPU    %usr   %nice    %sys %iowait    %irq   %soft  %steal  %guest  %gnice   %idle
19:31:23     all   53.26    0.00   24.03    0.00    0.00    7.46    0.26    0.00    0.00   14.98
19:31:23       0   48.52    0.00   27.97    0.00    0.00    6.57    0.21    0.00    0.00   16.74
19:31:23       1   67.43    0.00   15.66    0.00    0.00    7.10    0.42    0.00    0.00    9.39
19:31:23       2   48.94    0.00   27.02    0.00    0.00    6.81    0.21    0.00    0.00   17.02
19:31:23       3   47.86    0.00   25.64    0.00    0.00    9.40    0.21    0.00    0.00   16.88
