Linux 6.17.0-1015-aws (ip-172-31-10-5) 	05/27/26 	_x86_64_	(4 CPU)

19:28:49     CPU    %usr   %nice    %sys %iowait    %irq   %soft  %steal  %guest  %gnice   %idle
19:28:54     all   32.71    0.00    9.48    0.00    0.00    3.68    0.10    0.00    0.00   54.03
19:28:54       0   26.11    0.00    9.31    0.00    0.00    5.47    0.00    0.00    0.00   59.11
19:28:54       1   44.20    0.00    5.40    0.00    0.00    3.60    0.20    0.00    0.00   46.60
19:28:54       2   24.65    0.00   12.12    0.00    0.00    2.83    0.00    0.00    0.00   60.40
19:28:54       3   35.76    0.00   11.11    0.00    0.00    2.83    0.20    0.00    0.00   50.10

19:28:54     CPU    %usr   %nice    %sys %iowait    %irq   %soft  %steal  %guest  %gnice   %idle
19:28:59     all   64.07    0.00   24.36    0.00    0.00    9.95    0.20    0.00    0.00    1.41
19:28:59       0   68.61    0.00   19.72    0.00    0.00   10.26    0.20    0.00    0.00    1.21
19:28:59       1   63.75    0.00   24.85    0.00    0.00    9.57    0.20    0.00    0.00    1.63
19:28:59       2   60.48    0.00   27.82    0.00    0.00    9.88    0.20    0.00    0.00    1.61
19:28:59       3   63.43    0.00   25.05    0.00    0.00   10.10    0.20    0.00    0.00    1.21

19:28:59     CPU    %usr   %nice    %sys %iowait    %irq   %soft  %steal  %guest  %gnice   %idle
19:29:04     all   62.29    0.00   27.19    0.05    0.00    9.36    0.20    0.00    0.00    0.90
19:29:04       0   76.85    0.00   11.98    0.00    0.00   10.38    0.20    0.00    0.00    0.60
19:29:04       1   53.21    0.00   37.15    0.00    0.00    7.83    0.40    0.00    0.00    1.41
19:29:04       2   56.71    0.00   33.27    0.20    0.00    9.02    0.00    0.00    0.00    0.80
19:29:04       3   62.32    0.00   26.45    0.00    0.00   10.22    0.20    0.00    0.00    0.80

19:29:04     CPU    %usr   %nice    %sys %iowait    %irq   %soft  %steal  %guest  %gnice   %idle
19:29:09     all   73.87    0.00   18.37    0.00    0.00    7.56    0.20    0.00    0.00    0.00
19:29:09       0   75.35    0.00   16.23    0.00    0.00    8.42    0.00    0.00    0.00    0.00
19:29:09       1   74.75    0.00   16.63    0.00    0.00    8.22    0.40    0.00    0.00    0.00
19:29:09       2   69.46    0.00   24.35    0.00    0.00    5.99    0.20    0.00    0.00    0.00
19:29:09       3   75.95    0.00   16.23    0.00    0.00    7.62    0.20    0.00    0.00    0.00

19:29:09     CPU    %usr   %nice    %sys %iowait    %irq   %soft  %steal  %guest  %gnice   %idle
19:29:14     all   67.74    0.00   22.80    0.00    0.00    8.87    0.25    0.00    0.00    0.35
19:29:14       0   55.62    0.00   33.13    0.00    0.00   10.44    0.20    0.00    0.00    0.60
19:29:14       1   65.00    0.00   25.20    0.00    0.00    9.40    0.40    0.00    0.00    0.00
19:29:14       2   76.15    0.00   15.83    0.00    0.00    8.02    0.00    0.00    0.00    0.00
19:29:14       3   74.15    0.00   17.03    0.00    0.00    7.62    0.40    0.00    0.00    0.80

19:29:14     CPU    %usr   %nice    %sys %iowait    %irq   %soft  %steal  %guest  %gnice   %idle
19:29:19     all   61.90    0.00   26.68    0.00    0.00   10.01    0.15    0.00    0.00    1.26
19:29:19       0   59.48    0.00   27.82    0.00    0.00   11.09    0.00    0.00    0.00    1.61
19:29:19       1   65.78    0.00   23.63    0.00    0.00    8.55    0.20    0.00    0.00    1.83
19:29:19       2   57.98    0.00   30.30    0.00    0.00   10.51    0.20    0.00    0.00    1.01
19:29:19       3   64.39    0.00   24.95    0.00    0.00    9.86    0.20    0.00    0.00    0.60

19:29:19     CPU    %usr   %nice    %sys %iowait    %irq   %soft  %steal  %guest  %gnice   %idle
19:29:24     all   59.11    0.00   22.71    0.05    0.00    8.86    0.20    0.00    0.00    9.06
19:29:24       0   57.89    0.00   23.48    0.00    0.00   10.32    0.20    0.00    0.00    8.10
19:29:24       1   60.33    0.00   23.31    0.20    0.00    6.34    0.41    0.00    0.00    9.41
19:29:24       2   61.59    0.00   19.31    0.00    0.00    9.35    0.00    0.00    0.00    9.76
19:29:24       3   56.65    0.00   24.74    0.00    0.00    9.41    0.20    0.00    0.00    9.00

19:29:24     CPU    %usr   %nice    %sys %iowait    %irq   %soft  %steal  %guest  %gnice   %idle
19:29:29     all   55.60    0.00   26.78    0.00    0.00    7.14    0.21    0.00    0.00   10.27
19:29:29       0   53.14    0.00   29.50    0.00    0.00    7.74    0.00    0.00    0.00    9.62
19:29:29       1   67.01    0.00   17.01    0.00    0.00    6.02    0.41    0.00    0.00    9.54
19:29:29       2   51.04    0.00   30.50    0.00    0.00    7.68    0.21    0.00    0.00   10.58
19:29:29       3   51.15    0.00   30.19    0.00    0.00    7.13    0.21    0.00    0.00   11.32

19:29:29     CPU    %usr   %nice    %sys %iowait    %irq   %soft  %steal  %guest  %gnice   %idle
19:29:34     all   55.89    0.00   25.29    0.00    0.00    7.09    0.16    0.00    0.00   11.57
19:29:34       0   53.77    0.00   28.66    0.00    0.00    7.32    0.00    0.00    0.00   10.25
19:29:34       1   49.89    0.00   27.81    0.00    0.00    5.52    0.21    0.00    0.00   16.56
19:29:34       2   59.88    0.00   22.84    0.00    0.00    7.82    0.00    0.00    0.00    9.47
19:29:34       3   59.83    0.00   21.95    0.00    0.00    7.66    0.41    0.00    0.00   10.14

19:29:34     CPU    %usr   %nice    %sys %iowait    %irq   %soft  %steal  %guest  %gnice   %idle
19:29:39     all   55.11    0.00   26.35    0.00    0.00    6.81    0.26    0.00    0.00   11.47
19:29:39       0   55.72    0.00   27.03    0.00    0.00    7.69    0.21    0.00    0.00    9.36
19:29:39       1   48.20    0.00   30.02    0.00    0.00    5.29    0.42    0.00    0.00   16.07
19:29:39       2   63.51    0.00   19.79    0.00    0.00    8.04    0.21    0.00    0.00    8.45
19:29:39       3   52.77    0.00   28.72    0.00    0.00    6.17    0.21    0.00    0.00   12.13

19:29:39     CPU    %usr   %nice    %sys %iowait    %irq   %soft  %steal  %guest  %gnice   %idle
19:29:44     all   56.02    0.00   26.34    0.00    0.00    6.86    0.21    0.00    0.00   10.58
19:29:44       0   52.78    0.00   29.07    0.00    0.00    7.42    0.21    0.00    0.00   10.52
19:29:44       1   60.25    0.00   22.59    0.00    0.00    6.28    0.42    0.00    0.00   10.46
19:29:44       2   50.21    0.00   30.80    0.00    0.00    6.96    0.00    0.00    0.00   12.03
19:29:44       3   60.89    0.00   22.83    0.00    0.00    6.77    0.21    0.00    0.00    9.30

19:29:44     CPU    %usr   %nice    %sys %iowait    %irq   %soft  %steal  %guest  %gnice   %idle
19:29:49     all   56.06    0.00   25.62    0.00    0.00    6.88    0.16    0.00    0.00   11.28
19:29:49       0   60.08    0.00   21.21    0.00    0.00    7.28    0.00    0.00    0.00   11.43
19:29:49       1   56.29    0.00   25.57    0.00    0.00    5.57    0.21    0.00    0.00   12.37
19:29:49       2   54.15    0.00   27.39    0.00    0.00    7.68    0.00    0.00    0.00   10.79
19:29:49       3   53.72    0.00   28.31    0.00    0.00    7.02    0.41    0.00    0.00   10.54

19:29:49     CPU    %usr   %nice    %sys %iowait    %irq   %soft  %steal  %guest  %gnice   %idle
19:29:54     all   55.77    0.00   26.15    0.00    0.00    6.97    0.21    0.00    0.00   10.90
19:29:54       0   54.55    0.00   27.48    0.00    0.00    6.34    0.00    0.00    0.00   11.63
19:29:54       1   50.95    0.00   27.91    0.00    0.00    7.61    0.42    0.00    0.00   13.11
19:29:54       2   57.76    0.00   25.67    0.00    0.00    6.42    0.21    0.00    0.00    9.94
19:29:54       3   59.71    0.00   23.59    0.00    0.00    7.52    0.21    0.00    0.00    8.98

19:29:54     CPU    %usr   %nice    %sys %iowait    %irq   %soft  %steal  %guest  %gnice   %idle
19:29:59     all   55.61    0.00   26.68    0.00    0.00    7.10    0.21    0.00    0.00   10.39
19:29:59       0   59.09    0.00   24.59    0.00    0.00    7.64    0.21    0.00    0.00    8.47
19:29:59       1   57.38    0.00   24.12    0.00    0.00    7.28    0.42    0.00    0.00   10.81
19:29:59       2   51.36    0.00   29.56    0.00    0.00    6.50    0.00    0.00    0.00   12.58
19:29:59       3   54.55    0.00   28.54    0.00    0.00    6.98    0.21    0.00    0.00    9.73

19:29:59     CPU    %usr   %nice    %sys %iowait    %irq   %soft  %steal  %guest  %gnice   %idle
19:30:04     all   54.62    0.00   26.37    0.00    0.00    7.21    0.26    0.00    0.00   11.54
19:30:04       0   48.74    0.00   30.54    0.00    0.00    7.32    0.00    0.00    0.00   13.39
19:30:04       1   52.33    0.00   27.97    0.00    0.00    7.63    0.42    0.00    0.00   11.65
19:30:04       2   59.13    0.00   23.03    0.00    0.00    6.64    0.21    0.00    0.00   11.00
19:30:04       3   58.18    0.00   24.02    0.00    0.00    7.25    0.41    0.00    0.00   10.14

19:30:04     CPU    %usr   %nice    %sys %iowait    %irq   %soft  %steal  %guest  %gnice   %idle
19:30:09     all   55.63    0.00   26.80    0.00    0.00    7.04    0.16    0.00    0.00   10.38
19:30:09       0   57.92    0.00   25.21    0.00    0.00    6.67    0.21    0.00    0.00   10.00
19:30:09       1   54.49    0.00   26.51    0.00    0.00    7.93    0.21    0.00    0.00   10.86
19:30:09       2   50.10    0.00   32.57    0.00    0.00    6.26    0.00    0.00    0.00   11.06
19:30:09       3   60.00    0.00   22.92    0.00    0.00    7.29    0.21    0.00    0.00    9.58

19:30:09     CPU    %usr   %nice    %sys %iowait    %irq   %soft  %steal  %guest  %gnice   %idle
19:30:14     all   56.21    0.00   26.35    0.00    0.00    7.07    0.21    0.00    0.00   10.16
19:30:14       0   54.72    0.00   27.25    0.00    0.00    7.13    0.00    0.00    0.00   10.90
19:30:14       1   60.25    0.00   22.38    0.00    0.00    8.16    0.42    0.00    0.00    8.79
19:30:14       2   55.42    0.00   27.71    0.00    0.00    6.67    0.21    0.00    0.00   10.00
19:30:14       3   54.43    0.00   28.06    0.00    0.00    6.33    0.21    0.00    0.00   10.97

19:30:14     CPU    %usr   %nice    %sys %iowait    %irq   %soft  %steal  %guest  %gnice   %idle
19:30:19     all   54.86    0.00   26.52    0.00    0.00    7.64    0.21    0.00    0.00   10.77
19:30:19       0   49.90    0.00   31.45    0.00    0.00    6.92    0.00    0.00    0.00   11.74
19:30:19       1   52.42    0.00   26.53    0.00    0.00    7.79    0.42    0.00    0.00   12.84
19:30:19       2   58.71    0.00   25.10    0.00    0.00    7.05    0.00    0.00    0.00    9.13
19:30:19       3   58.37    0.00   23.01    0.00    0.00    8.79    0.42    0.00    0.00    9.41

19:30:19     CPU    %usr   %nice    %sys %iowait    %irq   %soft  %steal  %guest  %gnice   %idle
19:30:24     all   56.41    0.00   26.05    0.00    0.00    7.06    0.21    0.00    0.00   10.28
19:30:24       0   58.87    0.00   24.84    0.00    0.00    7.10    0.00    0.00    0.00    9.19
19:30:24       1   59.79    0.00   21.67    0.00    0.00    6.88    0.42    0.00    0.00   11.25
19:30:24       2   54.02    0.00   29.48    0.00    0.00    6.19    0.21    0.00    0.00   10.10
19:30:24       3   53.00    0.00   28.16    0.00    0.00    8.07    0.21    0.00    0.00   10.56

19:30:24     CPU    %usr   %nice    %sys %iowait    %irq   %soft  %steal  %guest  %gnice   %idle
19:30:29     all   55.58    0.00   26.21    0.00    0.00    7.47    0.16    0.00    0.00   10.59
19:30:29       0   65.65    0.00   18.29    0.00    0.00    6.91    0.20    0.00    0.00    8.94
19:30:29       1   53.04    0.00   27.67    0.00    0.00    7.34    0.21    0.00    0.00   11.74
19:30:29       2   52.08    0.00   30.21    0.00    0.00    7.29    0.00    0.00    0.00   10.42
19:30:29       3   51.26    0.00   28.87    0.00    0.00    8.37    0.21    0.00    0.00   11.30

19:30:29     CPU    %usr   %nice    %sys %iowait    %irq   %soft  %steal  %guest  %gnice   %idle
19:30:34     all   56.63    0.00   26.00    0.00    0.00    7.54    0.21    0.00    0.00    9.62
19:30:34       0   52.30    0.00   29.92    0.00    0.00    7.32    0.00    0.00    0.00   10.46
19:30:34       1   57.68    0.00   24.48    0.00    0.00    7.47    0.41    0.00    0.00    9.96
19:30:34       2   53.73    0.00   29.05    0.00    0.00    7.05    0.21    0.00    0.00    9.96
19:30:34       3   62.79    0.00   20.58    0.00    0.00    8.32    0.21    0.00    0.00    8.11

19:30:34     CPU    %usr   %nice    %sys %iowait    %irq   %soft  %steal  %guest  %gnice   %idle
19:30:39     all   71.04    0.00   18.05    0.00    0.00    6.68    0.20    0.00    0.00    4.03
19:30:39       0   79.56    0.00   12.63    0.00    0.00    6.61    0.20    0.00    0.00    1.00
19:30:39       1   62.24    0.00   22.41    0.00    0.00    7.26    0.21    0.00    0.00    7.88
19:30:39       2   79.80    0.00   11.92    0.00    0.00    6.06    0.00    0.00    0.00    2.22
19:30:39       3   62.06    0.00   25.57    0.00    0.00    6.80    0.41    0.00    0.00    5.15

19:30:39     CPU    %usr   %nice    %sys %iowait    %irq   %soft  %steal  %guest  %gnice   %idle
19:30:44     all   73.12    0.00   17.70    0.05    0.00    5.90    0.20    0.00    0.00    3.03
19:30:44       0   78.36    0.00   15.03    0.20    0.00    5.41    0.00    0.00    0.00    1.00
19:30:44       1   69.78    0.00   19.27    0.00    0.00    4.26    0.41    0.00    0.00    6.29
19:30:44       2   69.76    0.00   21.77    0.00    0.00    6.45    0.20    0.00    0.00    1.81
19:30:44       3   74.55    0.00   14.75    0.00    0.00    7.47    0.20    0.00    0.00    3.03

19:30:44     CPU    %usr   %nice    %sys %iowait    %irq   %soft  %steal  %guest  %gnice   %idle
19:30:49     all   63.98    0.00   22.66    0.00    0.00    6.50    0.16    0.00    0.00    6.70
19:30:49       0   54.55    0.00   29.18    0.00    0.00    5.92    0.21    0.00    0.00   10.15
19:30:49       1   74.08    0.00   15.71    0.00    0.00    6.53    0.20    0.00    0.00    3.47
19:30:49       2   59.29    0.00   25.68    0.00    0.00    6.89    0.00    0.00    0.00    8.14
19:30:49       3   67.63    0.00   20.33    0.00    0.00    6.64    0.21    0.00    0.00    5.19

19:30:49     CPU    %usr   %nice    %sys %iowait    %irq   %soft  %steal  %guest  %gnice   %idle
19:30:54     all   55.22    0.00   26.43    0.00    0.00    6.82    0.26    0.00    0.00   11.27
19:30:54       0   52.40    0.00   29.85    0.00    0.00    6.89    0.00    0.00    0.00   10.86
19:30:54       1   56.72    0.00   23.74    0.00    0.00    6.09    0.42    0.00    0.00   13.03
19:30:54       2   58.87    0.00   24.43    0.00    0.00    6.47    0.21    0.00    0.00   10.02
19:30:54       3   52.85    0.00   27.70    0.00    0.00    7.82    0.42    0.00    0.00   11.21

19:30:54     CPU    %usr   %nice    %sys %iowait    %irq   %soft  %steal  %guest  %gnice   %idle
19:30:59     all   55.55    0.00   26.63    0.00    0.00    7.14    0.21    0.00    0.00   10.47
19:30:59       0   60.04    0.00   22.59    0.00    0.00    7.74    0.21    0.00    0.00    9.41
19:30:59       1   58.75    0.00   23.12    0.00    0.00    5.21    0.42    0.00    0.00   12.50
19:30:59       2   50.83    0.00   31.33    0.00    0.00    7.88    0.00    0.00    0.00    9.96
19:30:59       3   52.61    0.00   29.44    0.00    0.00    7.72    0.21    0.00    0.00   10.02

19:30:59     CPU    %usr   %nice    %sys %iowait    %irq   %soft  %steal  %guest  %gnice   %idle
19:31:04     all   55.56    0.00   26.30    0.00    0.00    6.91    0.16    0.00    0.00   11.07
19:31:04       0   55.62    0.00   28.54    0.00    0.00    7.50    0.00    0.00    0.00    8.33
19:31:04       1   52.24    0.00   27.29    0.00    0.00    5.12    0.21    0.00    0.00   15.14
19:31:04       2   61.59    0.00   21.71    0.00    0.00    7.31    0.21    0.00    0.00    9.19
19:31:04       3   52.67    0.00   27.72    0.00    0.00    7.68    0.21    0.00    0.00   11.73

19:31:04     CPU    %usr   %nice    %sys %iowait    %irq   %soft  %steal  %guest  %gnice   %idle
19:31:09     all   55.41    0.00   26.25    0.00    0.00    7.08    0.21    0.00    0.00   11.04
19:31:09       0   55.35    0.00   27.25    0.00    0.00    6.92    0.21    0.00    0.00   10.27
19:31:09       1   52.14    0.00   29.06    0.00    0.00    5.56    0.43    0.00    0.00   12.82
19:31:09       2   52.09    0.00   29.50    0.00    0.00    7.11    0.00    0.00    0.00   11.30
19:31:09       3   62.13    0.00   19.15    0.00    0.00    8.72    0.21    0.00    0.00    9.79

19:31:09     CPU    %usr   %nice    %sys %iowait    %irq   %soft  %steal  %guest  %gnice   %idle
19:31:14     all   55.50    0.00   26.41    0.00    0.00    7.00    0.21    0.00    0.00   10.89
19:31:14       0   66.39    0.00   20.54    0.00    0.00    6.64    0.00    0.00    0.00    6.43
19:31:14       1   51.27    0.00   28.06    0.00    0.00    6.96    0.21    0.00    0.00   13.50
19:31:14       2   49.37    0.00   31.22    0.00    0.00    6.54    0.21    0.00    0.00   12.66
19:31:14       3   54.78    0.00   25.90    0.00    0.00    7.86    0.42    0.00    0.00   11.04

19:31:14     CPU    %usr   %nice    %sys %iowait    %irq   %soft  %steal  %guest  %gnice   %idle
19:31:19     all   55.61    0.00   26.42    0.00    0.00    7.08    0.21    0.00    0.00   10.69
19:31:19       0   56.49    0.00   25.31    0.00    0.00    7.11    0.21    0.00    0.00   10.88
19:31:19       1   60.04    0.00   22.18    0.00    0.00    6.28    0.42    0.00    0.00   11.09
19:31:19       2   51.37    0.00   28.84    0.00    0.00    7.37    0.00    0.00    0.00   12.42
19:31:19       3   54.51    0.00   29.35    0.00    0.00    7.55    0.21    0.00    0.00    8.39

19:31:19     CPU    %usr   %nice    %sys %iowait    %irq   %soft  %steal  %guest  %gnice   %idle
19:31:24     all   41.61    0.00   17.51    0.00    0.00    4.89    0.15    0.00    0.00   35.84
19:31:24       0   38.60    0.00   17.66    0.00    0.00    4.93    0.00    0.00    0.00   38.81
19:31:24       1   35.15    0.00   19.25    0.00    0.00    5.02    0.21    0.00    0.00   40.38
19:31:24       2   39.06    0.00   17.59    0.00    0.00    4.29    0.20    0.00    0.00   38.85
19:31:24       3   53.48    0.00   15.57    0.00    0.00    5.33    0.20    0.00    0.00   25.41
