Linux 6.17.0-1010-aws (ip-172-31-4-206) 	04/20/26 	_x86_64_	(8 CPU)

21:12:57     CPU    %usr   %nice    %sys %iowait    %irq   %soft  %steal  %guest  %gnice   %idle
21:13:02     all    8.89    0.00    2.83    0.00    0.00    1.22    0.28    0.00    0.00   86.77
21:13:02       0    5.08    0.00    2.44    0.00    0.00    1.02    0.41    0.00    0.00   91.06
21:13:02       1    5.31    0.00    2.65    0.00    0.00    1.22    0.00    0.00    0.00   90.82
21:13:02       2    5.09    0.00    2.85    0.00    0.00    1.22    0.61    0.00    0.00   90.22
21:13:02       3    4.28    0.00    3.05    0.00    0.00    1.63    0.20    0.00    0.00   90.84
21:13:02       4   21.70    0.00    3.65    0.00    0.00    1.42    0.41    0.00    0.00   72.82
21:13:02       5   20.94    0.00    3.29    0.00    0.00    1.03    0.00    0.00    0.00   74.74
21:13:02       6    4.67    0.00    2.23    0.00    0.00    1.22    0.61    0.00    0.00   91.28
21:13:02       7    4.11    0.00    2.46    0.00    0.00    1.03    0.00    0.00    0.00   92.40

21:13:02     CPU    %usr   %nice    %sys %iowait    %irq   %soft  %steal  %guest  %gnice   %idle
21:13:07     all   46.09    0.00   13.89    0.00    0.00   14.65    0.81    0.00    0.00   24.56
21:13:07       0   39.83    0.00   15.93    0.00    0.00   13.63    1.05    0.00    0.00   29.56
21:13:07       1   39.01    0.00   15.95    0.00    0.00   14.87    0.22    0.00    0.00   29.96
21:13:07       2   41.16    0.00   15.38    0.00    0.00   15.38    1.66    0.00    0.00   26.40
21:13:07       3   47.16    0.00   12.42    0.00    0.00   16.63    0.21    0.00    0.00   23.58
21:13:07       4   40.97    0.00   15.55    0.00    0.00   13.66    1.47    0.00    0.00   28.36
21:13:07       5   68.64    0.00    7.74    0.00    0.00   13.24    0.20    0.00    0.00   10.18
21:13:07       6   41.16    0.00   15.38    0.00    0.00   14.35    1.46    0.00    0.00   27.65
21:13:07       7   50.00    0.00   12.97    0.00    0.00   15.48    0.21    0.00    0.00   21.34

21:13:07     CPU    %usr   %nice    %sys %iowait    %irq   %soft  %steal  %guest  %gnice   %idle
21:13:12     all   49.69    0.00   14.18    0.00    0.00   22.23    0.39    0.00    0.00   13.51
21:13:12       0   48.87    0.00   15.05    0.00    0.00   21.44    0.62    0.00    0.00   14.02
21:13:12       1   51.65    0.00   13.84    0.00    0.00   21.90    0.00    0.00    0.00   12.60
21:13:12       2   49.17    0.00   13.43    0.00    0.00   23.76    0.62    0.00    0.00   13.02
21:13:12       3   46.99    0.00   13.72    0.00    0.00   24.74    0.21    0.00    0.00   14.35
21:13:12       4   57.96    0.00   11.63    0.00    0.00   19.18    0.41    0.00    0.00   10.82
21:13:12       5   46.60    0.00   15.67    0.00    0.00   23.09    0.21    0.00    0.00   14.43
21:13:12       6   47.12    0.00   14.81    0.00    0.00   22.63    1.03    0.00    0.00   14.40
21:13:12       7   49.07    0.00   15.32    0.00    0.00   21.12    0.00    0.00    0.00   14.49

21:13:12     CPU    %usr   %nice    %sys %iowait    %irq   %soft  %steal  %guest  %gnice   %idle
21:13:17     all   55.61    0.00   11.73    0.00    0.00   29.16    0.10    0.00    0.00    3.40
21:13:17       0   54.97    0.00   12.78    0.00    0.00   28.40    0.20    0.00    0.00    3.65
21:13:17       1   58.50    0.00   10.32    0.00    0.00   28.14    0.00    0.00    0.00    3.04
21:13:17       2   54.07    0.00   11.18    0.00    0.00   31.30    0.20    0.00    0.00    3.25
21:13:17       3   56.91    0.00   10.16    0.00    0.00   30.08    0.00    0.00    0.00    2.85
21:13:17       4   53.46    0.00   13.41    0.00    0.00   28.86    0.20    0.00    0.00    4.07
21:13:17       5   56.39    0.00   11.36    0.00    0.00   29.01    0.00    0.00    0.00    3.25
21:13:17       6   55.58    0.00   12.37    0.00    0.00   28.19    0.20    0.00    0.00    3.65
21:13:17       7   54.99    0.00   12.22    0.00    0.00   29.33    0.00    0.00    0.00    3.46

21:13:17     CPU    %usr   %nice    %sys %iowait    %irq   %soft  %steal  %guest  %gnice   %idle
21:13:22     all   55.42    0.00   11.88    0.00    0.00   29.15    0.10    0.00    0.00    3.44
21:13:22       0   54.77    0.00   12.58    0.00    0.00   28.80    0.00    0.00    0.00    3.85
21:13:22       1   55.78    0.00   12.37    0.00    0.00   28.40    0.00    0.00    0.00    3.45
21:13:22       2   57.66    0.00    9.88    0.00    0.00   29.64    0.20    0.00    0.00    2.62
21:13:22       3   53.97    0.00   11.00    0.00    0.00   31.77    0.00    0.00    0.00    3.26
21:13:22       4   53.66    0.00   13.41    0.00    0.00   28.46    0.20    0.00    0.00    4.27
21:13:22       5   57.40    0.00   10.95    0.00    0.00   28.40    0.00    0.00    0.00    3.25
21:13:22       6   55.15    0.00   12.32    0.00    0.00   28.89    0.20    0.00    0.00    3.43
21:13:22       7   54.95    0.00   12.53    0.00    0.00   28.89    0.20    0.00    0.00    3.43

21:13:22     CPU    %usr   %nice    %sys %iowait    %irq   %soft  %steal  %guest  %gnice   %idle
21:13:27     all   57.86    0.00   10.69    0.00    0.00   28.09    0.13    0.00    0.00    3.23
21:13:27       0   54.08    0.00   13.47    0.00    0.00   28.57    0.20    0.00    0.00    3.67
21:13:27       1   59.43    0.00   10.95    0.00    0.00   26.77    0.00    0.00    0.00    2.84
21:13:27       2   54.27    0.00   11.79    0.00    0.00   30.28    0.20    0.00    0.00    3.46
21:13:27       3   52.64    0.00   11.59    0.00    0.00   31.91    0.00    0.00    0.00    3.86
21:13:27       4   60.73    0.00    9.72    0.00    0.00   27.13    0.20    0.00    0.00    2.23
21:13:27       5   56.53    0.00   11.63    0.00    0.00   27.76    0.20    0.00    0.00    3.88
21:13:27       6   63.36    0.00    7.89    0.00    0.00   25.71    0.20    0.00    0.00    2.83
21:13:27       7   61.79    0.00    8.54    0.00    0.00   26.63    0.00    0.00    0.00    3.05

21:13:27     CPU    %usr   %nice    %sys %iowait    %irq   %soft  %steal  %guest  %gnice   %idle
21:13:32     all   29.48    0.00    4.30    0.03    0.00   11.19    0.13    0.00    0.00   54.87
21:13:32       0   29.98    0.00    2.62    0.00    0.00    9.46    0.20    0.00    0.00   57.75
21:13:32       1   28.51    0.00    2.21    0.00    0.00   10.04    0.20    0.00    0.00   59.04
21:13:32       2   23.19    0.00    4.84    0.00    0.00   12.70    0.20    0.00    0.00   59.07
21:13:32       3   38.31    0.00    4.64    0.00    0.00   12.70    0.00    0.00    0.00   44.35
21:13:32       4   23.90    0.00    5.62    0.20    0.00   11.04    0.20    0.00    0.00   59.04
21:13:32       5   24.65    0.00    4.24    0.00    0.00   11.11    0.00    0.00    0.00   60.00
21:13:32       6   25.70    0.00    3.82    0.00    0.00   10.84    0.20    0.00    0.00   59.44
21:13:32       7   41.65    0.00    6.44    0.00    0.00   11.67    0.00    0.00    0.00   40.24

21:13:32     CPU    %usr   %nice    %sys %iowait    %irq   %soft  %steal  %guest  %gnice   %idle
21:13:37     all   25.98    0.00    9.89    0.00    0.00    7.38    0.73    0.00    0.00   56.01
21:13:37       0   21.29    0.00   10.65    0.00    0.00    6.68    0.84    0.00    0.00   60.54
21:13:37       1   33.19    0.00   10.50    0.00    0.00    7.98    0.00    0.00    0.00   48.32
21:13:37       2   22.45    0.00    9.36    0.00    0.00    8.32    1.46    0.00    0.00   58.42
21:13:37       3   38.56    0.00    6.80    0.00    0.00    8.66    0.21    0.00    0.00   45.77
21:13:37       4   22.04    0.00   10.19    0.00    0.00    7.48    1.25    0.00    0.00   59.04
21:13:37       5   26.47    0.00   10.71    0.00    0.00    7.14    0.21    0.00    0.00   55.46
21:13:37       6   21.04    0.00   10.62    0.00    0.00    5.42    1.67    0.00    0.00   61.25
21:13:37       7   22.74    0.00   10.32    0.00    0.00    7.37    0.21    0.00    0.00   59.37

21:13:37     CPU    %usr   %nice    %sys %iowait    %irq   %soft  %steal  %guest  %gnice   %idle
21:13:42     all   46.74    0.00   14.30    0.00    0.00   18.95    0.52    0.00    0.00   19.49
21:13:42       0   42.98    0.00   16.98    0.00    0.00   16.77    0.84    0.00    0.00   22.43
21:13:42       1   42.58    0.00   15.68    0.00    0.00   20.13    0.00    0.00    0.00   21.61
21:13:42       2   67.27    0.00    7.68    0.00    0.00   17.37    0.40    0.00    0.00    7.27
21:13:42       3   43.58    0.00   14.32    0.00    0.00   21.47    0.21    0.00    0.00   20.42
21:13:42       4   42.02    0.00   13.66    0.00    0.00   22.06    1.05    0.00    0.00   21.22
21:13:42       5   44.21    0.00   14.74    0.00    0.00   18.74    0.42    0.00    0.00   21.89
21:13:42       6   44.72    0.00   16.36    0.00    0.00   17.18    1.24    0.00    0.00   20.50
21:13:42       7   45.72    0.00   15.24    0.00    0.00   17.95    0.00    0.00    0.00   21.09

21:13:42     CPU    %usr   %nice    %sys %iowait    %irq   %soft  %steal  %guest  %gnice   %idle
21:13:47     all   53.75    0.00   12.38    0.00    0.00   26.82    0.23    0.00    0.00    6.81
21:13:47       0   60.65    0.00   10.75    0.00    0.00   22.92    0.20    0.00    0.00    5.48
21:13:47       1   50.92    0.00   12.22    0.00    0.00   29.33    0.20    0.00    0.00    7.33
21:13:47       2   52.03    0.00   12.80    0.00    0.00   27.85    0.41    0.00    0.00    6.91
21:13:47       3   51.93    0.00   12.42    0.00    0.00   28.72    0.00    0.00    0.00    6.92
21:13:47       4   52.33    0.00   11.76    0.00    0.00   29.41    0.20    0.00    0.00    6.29
21:13:47       5   51.43    0.00   13.93    0.00    0.00   27.05    0.00    0.00    0.00    7.58
21:13:47       6   56.50    0.00   13.41    0.00    0.00   22.36    0.61    0.00    0.00    7.11
21:13:47       7   54.16    0.00   11.76    0.00    0.00   26.98    0.20    0.00    0.00    6.90

21:13:47     CPU    %usr   %nice    %sys %iowait    %irq   %soft  %steal  %guest  %gnice   %idle
21:13:52     all   56.48    0.00   10.94    0.00    0.00   29.24    0.15    0.00    0.00    3.18
21:13:52       0   57.20    0.00   12.37    0.00    0.00   26.57    0.20    0.00    0.00    3.65
21:13:52       1   53.54    0.00   11.72    0.00    0.00   31.52    0.00    0.00    0.00    3.23
21:13:52       2   59.39    0.00    8.48    0.00    0.00   29.70    0.20    0.00    0.00    2.22
21:13:52       3   53.64    0.00   10.93    0.00    0.00   31.98    0.20    0.00    0.00    3.24
21:13:52       4   52.32    0.00   11.72    0.00    0.00   32.32    0.20    0.00    0.00    3.43
21:13:52       5   56.07    0.00   10.93    0.00    0.00   29.76    0.20    0.00    0.00    3.04
21:13:52       6   63.25    0.00   10.24    0.00    0.00   23.49    0.20    0.00    0.00    2.81
21:13:52       7   56.39    0.00   11.16    0.00    0.00   28.60    0.00    0.00    0.00    3.85

21:13:52     CPU    %usr   %nice    %sys %iowait    %irq   %soft  %steal  %guest  %gnice   %idle
21:13:57     all   56.32    0.00   11.24    0.00    0.00   29.15    0.10    0.00    0.00    3.19
21:13:57       0   57.78    0.00   12.53    0.00    0.00   26.26    0.20    0.00    0.00    3.23
21:13:57       1   54.07    0.00   11.99    0.00    0.00   30.69    0.00    0.00    0.00    3.25
21:13:57       2   55.56    0.00   10.10    0.00    0.00   30.91    0.20    0.00    0.00    3.23
21:13:57       3   57.29    0.00    9.31    0.00    0.00   30.97    0.00    0.00    0.00    2.43
21:13:57       4   52.73    0.00   10.91    0.00    0.00   32.73    0.20    0.00    0.00    3.43
21:13:57       5   54.97    0.00   11.97    0.00    0.00   29.61    0.00    0.00    0.00    3.45
21:13:57       6   58.45    0.00   12.83    0.00    0.00   25.05    0.20    0.00    0.00    3.46
21:13:57       7   59.72    0.00   10.32    0.00    0.00   26.92    0.00    0.00    0.00    3.04

21:13:57     CPU    %usr   %nice    %sys %iowait    %irq   %soft  %steal  %guest  %gnice   %idle
21:14:02     all   56.02    0.00   11.48    0.00    0.00   28.60    0.13    0.00    0.00    3.78
21:14:02       0   56.39    0.00   12.98    0.00    0.00   26.57    0.20    0.00    0.00    3.85
21:14:02       1   55.28    0.00   11.38    0.00    0.00   29.47    0.00    0.00    0.00    3.86
21:14:02       2   57.61    0.00    9.74    0.00    0.00   28.80    0.20    0.00    0.00    3.65
21:14:02       3   54.25    0.00   10.93    0.00    0.00   31.17    0.00    0.00    0.00    3.64
21:14:02       4   52.33    0.00   12.17    0.00    0.00   31.85    0.20    0.00    0.00    3.45
21:14:02       5   54.05    0.00   12.35    0.00    0.00   29.55    0.00    0.00    0.00    4.05
21:14:02       6   58.50    0.00   12.55    0.00    0.00   24.49    0.40    0.00    0.00    4.05
21:14:02       7   59.72    0.00    9.72    0.00    0.00   26.92    0.00    0.00    0.00    3.64

21:14:02     CPU    %usr   %nice    %sys %iowait    %irq   %soft  %steal  %guest  %gnice   %idle
21:14:07     all   57.56    0.00   11.00    0.00    0.00   28.69    0.08    0.00    0.00    2.68
21:14:07       0   62.22    0.00   10.91    0.00    0.00   24.44    0.00    0.00    0.00    2.42
21:14:07       1   55.96    0.00   11.72    0.00    0.00   29.09    0.00    0.00    0.00    3.23
21:14:07       2   58.06    0.00    9.68    0.00    0.00   30.04    0.00    0.00    0.00    2.22
21:14:07       3   54.66    0.00   10.53    0.00    0.00   32.39    0.00    0.00    0.00    2.43
21:14:07       4   57.29    0.00    9.31    0.00    0.00   30.97    0.20    0.00    0.00    2.23
21:14:07       5   55.08    0.00   11.38    0.00    0.00   30.08    0.20    0.00    0.00    3.25
21:14:07       6   58.47    0.00   13.51    0.00    0.00   24.80    0.20    0.00    0.00    3.02
21:14:07       7   58.70    0.00   10.93    0.00    0.00   27.73    0.00    0.00    0.00    2.63

21:14:07     CPU    %usr   %nice    %sys %iowait    %irq   %soft  %steal  %guest  %gnice   %idle
21:14:12     all   56.93    0.00   11.22    0.00    0.00   28.97    0.10    0.00    0.00    2.79
21:14:12       0   58.47    0.00   11.90    0.00    0.00   26.41    0.20    0.00    0.00    3.02
21:14:12       1   58.82    0.00    9.94    0.00    0.00   29.01    0.00    0.00    0.00    2.23
21:14:12       2   57.37    0.00    9.90    0.00    0.00   30.30    0.20    0.00    0.00    2.22
21:14:12       3   53.77    0.00   11.41    0.00    0.00   31.98    0.00    0.00    0.00    2.85
21:14:12       4   56.07    0.00   10.12    0.00    0.00   30.97    0.00    0.00    0.00    2.83
21:14:12       5   54.99    0.00   12.22    0.00    0.00   29.74    0.00    0.00    0.00    3.05
21:14:12       6   60.12    0.00   12.35    0.00    0.00   24.09    0.40    0.00    0.00    3.04
21:14:12       7   55.76    0.00   11.92    0.00    0.00   29.29    0.00    0.00    0.00    3.03

21:14:12     CPU    %usr   %nice    %sys %iowait    %irq   %soft  %steal  %guest  %gnice   %idle
21:14:17     all   55.88    0.00   11.13    0.00    0.00   29.25    0.13    0.00    0.00    3.62
21:14:17       0   61.66    0.00   10.55    0.00    0.00   24.54    0.00    0.00    0.00    3.25
21:14:17       1   53.96    0.00   11.36    0.00    0.00   31.03    0.00    0.00    0.00    3.65
21:14:17       2   54.34    0.00   10.91    0.00    0.00   30.91    0.20    0.00    0.00    3.64
21:14:17       3   56.48    0.00    9.72    0.00    0.00   30.16    0.20    0.00    0.00    3.44
21:14:17       4   53.24    0.00   10.73    0.00    0.00   32.39    0.20    0.00    0.00    3.44
21:14:17       5   55.15    0.00   11.31    0.00    0.00   29.70    0.00    0.00    0.00    3.84
21:14:17       6   57.46    0.00   12.50    0.00    0.00   25.81    0.20    0.00    0.00    4.03
21:14:17       7   54.75    0.00   11.92    0.00    0.00   29.49    0.20    0.00    0.00    3.64

21:14:17     CPU    %usr   %nice    %sys %iowait    %irq   %soft  %steal  %guest  %gnice   %idle
21:14:22     all   57.85    0.00   11.23    0.00    0.00   28.41    0.10    0.00    0.00    2.42
21:14:22       0   58.38    0.00   12.53    0.00    0.00   26.26    0.20    0.00    0.00    2.63
21:14:22       1   55.15    0.00   11.92    0.00    0.00   30.71    0.00    0.00    0.00    2.22
21:14:22       2   55.96    0.00   10.71    0.00    0.00   30.51    0.20    0.00    0.00    2.63
21:14:22       3   55.24    0.00   10.48    0.00    0.00   31.65    0.00    0.00    0.00    2.62
21:14:22       4   53.23    0.00   11.49    0.00    0.00   32.46    0.20    0.00    0.00    2.62
21:14:22       5   56.07    0.00   12.75    0.00    0.00   28.54    0.00    0.00    0.00    2.63
21:14:22       6   66.80    0.00    9.86    0.00    0.00   21.33    0.20    0.00    0.00    1.81
21:14:22       7   61.90    0.00   10.08    0.00    0.00   25.81    0.00    0.00    0.00    2.22

21:14:22     CPU    %usr   %nice    %sys %iowait    %irq   %soft  %steal  %guest  %gnice   %idle
21:14:27     all   57.40    0.00   11.06    0.00    0.00   28.85    0.13    0.00    0.00    2.57
21:14:27       0   57.86    0.00   11.69    0.00    0.00   27.22    0.20    0.00    0.00    3.02
21:14:27       1   54.33    0.00   11.47    0.00    0.00   31.39    0.20    0.00    0.00    2.62
21:14:27       2   56.48    0.00   10.73    0.00    0.00   30.36    0.20    0.00    0.00    2.23
21:14:27       3   54.14    0.00   11.72    0.00    0.00   31.52    0.00    0.00    0.00    2.63
21:14:27       4   55.04    0.00   10.69    0.00    0.00   31.45    0.20    0.00    0.00    2.62
21:14:27       5   62.83    0.00    7.88    0.00    0.00   27.27    0.00    0.00    0.00    2.02
21:14:27       6   59.31    0.00   13.36    0.00    0.00   24.09    0.20    0.00    0.00    3.04
21:14:27       7   59.19    0.00   10.91    0.00    0.00   27.47    0.00    0.00    0.00    2.42

21:14:27     CPU    %usr   %nice    %sys %iowait    %irq   %soft  %steal  %guest  %gnice   %idle
21:14:32     all   56.14    0.00   11.09    0.00    0.00   29.26    0.08    0.00    0.00    3.44
21:14:32       0   56.21    0.00   12.42    0.00    0.00   27.70    0.00    0.00    0.00    3.67
21:14:32       1   54.88    0.00   10.98    0.00    0.00   30.69    0.00    0.00    0.00    3.46
21:14:32       2   53.52    0.00   11.47    0.00    0.00   31.39    0.20    0.00    0.00    3.42
21:14:32       3   54.38    0.00   10.39    0.00    0.00   31.77    0.00    0.00    0.00    3.46
21:14:32       4   53.96    0.00   11.16    0.00    0.00   31.44    0.00    0.00    0.00    3.45
21:14:32       5   55.76    0.00   11.11    0.00    0.00   29.49    0.20    0.00    0.00    3.43
21:14:32       6   58.27    0.00   12.50    0.00    0.00   25.20    0.20    0.00    0.00    3.83
21:14:32       7   62.10    0.00    8.67    0.00    0.00   26.41    0.00    0.00    0.00    2.82

21:14:32     CPU    %usr   %nice    %sys %iowait    %irq   %soft  %steal  %guest  %gnice   %idle
21:14:37     all   57.42    0.00   11.09    0.00    0.00   28.83    0.08    0.00    0.00    2.58
21:14:37       0   57.75    0.00   12.47    0.00    0.00   26.76    0.20    0.00    0.00    2.82
21:14:37       1   55.47    0.00   11.54    0.00    0.00   30.36    0.00    0.00    0.00    2.63
21:14:37       2   55.78    0.00   11.36    0.00    0.00   30.43    0.00    0.00    0.00    2.43
21:14:37       3   54.05    0.00   11.13    0.00    0.00   32.19    0.00    0.00    0.00    2.63
21:14:37       4   53.64    0.00   11.34    0.00    0.00   32.19    0.20    0.00    0.00    2.63
21:14:37       5   65.53    0.00    6.61    0.00    0.00   26.05    0.00    0.00    0.00    1.80
21:14:37       6   59.43    0.00   12.78    0.00    0.00   24.75    0.20    0.00    0.00    2.84
21:14:37       7   57.61    0.00   11.56    0.00    0.00   27.99    0.00    0.00    0.00    2.84

21:14:37     CPU    %usr   %nice    %sys %iowait    %irq   %soft  %steal  %guest  %gnice   %idle
21:14:42     all   58.23    0.00   10.52    0.00    0.00   28.72    0.10    0.00    0.00    2.42
21:14:42       0   58.01    0.00   12.17    0.00    0.00   26.77    0.20    0.00    0.00    2.84
21:14:42       1   59.56    0.00    9.46    0.00    0.00   28.77    0.00    0.00    0.00    2.21
21:14:42       2   55.15    0.00   10.51    0.00    0.00   31.72    0.20    0.00    0.00    2.42
21:14:42       3   54.64    0.00   11.29    0.00    0.00   31.45    0.00    0.00    0.00    2.62
21:14:42       4   55.15    0.00   10.91    0.00    0.00   31.11    0.20    0.00    0.00    2.63
21:14:42       5   63.77    0.00    6.88    0.00    0.00   27.73    0.00    0.00    0.00    1.62
21:14:42       6   61.77    0.00   11.67    0.00    0.00   23.74    0.20    0.00    0.00    2.62
21:14:42       7   57.78    0.00   11.31    0.00    0.00   28.48    0.00    0.00    0.00    2.42

21:14:42     CPU    %usr   %nice    %sys %iowait    %irq   %soft  %steal  %guest  %gnice   %idle
21:14:47     all   56.68    0.00   11.23    0.00    0.00   28.96    0.13    0.00    0.00    3.01
21:14:47       0   57.11    0.00   13.41    0.00    0.00   26.02    0.00    0.00    0.00    3.46
21:14:47       1   56.07    0.00   10.32    0.00    0.00   30.77    0.00    0.00    0.00    2.83
21:14:47       2   53.94    0.00   11.11    0.00    0.00   31.52    0.20    0.00    0.00    3.23
21:14:47       3   54.64    0.00   11.09    0.00    0.00   31.25    0.20    0.00    0.00    2.82
21:14:47       4   52.93    0.00   11.31    0.00    0.00   32.53    0.20    0.00    0.00    3.03
21:14:47       5   55.89    0.00   11.38    0.00    0.00   29.67    0.00    0.00    0.00    3.05
21:14:47       6   58.38    0.00   13.33    0.00    0.00   24.44    0.40    0.00    0.00    3.43
21:14:47       7   64.44    0.00    7.88    0.00    0.00   25.45    0.00    0.00    0.00    2.22

21:14:47     CPU    %usr   %nice    %sys %iowait    %irq   %soft  %steal  %guest  %gnice   %idle
21:14:52     all   60.49    0.00   10.78    0.00    0.00   27.85    0.03    0.00    0.00    0.85
21:14:52       0   61.29    0.00   11.49    0.00    0.00   25.81    0.20    0.00    0.00    1.21
21:14:52       1   58.43    0.00   10.44    0.00    0.00   30.12    0.00    0.00    0.00    1.00
21:14:52       2   57.95    0.00   11.27    0.00    0.00   29.98    0.00    0.00    0.00    0.80
21:14:52       3   58.95    0.00   11.07    0.00    0.00   29.18    0.00    0.00    0.00    0.80
21:14:52       4   62.25    0.00    8.03    0.00    0.00   29.12    0.00    0.00    0.00    0.60
21:14:52       5   59.36    0.00   11.07    0.00    0.00   28.77    0.00    0.00    0.00    0.80
21:14:52       6   60.76    0.00   12.07    0.00    0.00   25.96    0.00    0.00    0.00    1.21
21:14:52       7   64.93    0.00   10.82    0.00    0.00   23.85    0.00    0.00    0.00    0.40

21:14:52     CPU    %usr   %nice    %sys %iowait    %irq   %soft  %steal  %guest  %gnice   %idle
21:14:57     all   59.19    0.00   10.05    0.00    0.00   28.70    0.08    0.00    0.00    1.99
21:14:57       0   58.91    0.00   11.74    0.00    0.00   27.13    0.00    0.00    0.00    2.23
21:14:57       1   58.91    0.00   10.53    0.00    0.00   28.74    0.00    0.00    0.00    1.82
21:14:57       2   56.74    0.00   10.46    0.00    0.00   30.58    0.20    0.00    0.00    2.01
21:14:57       3   54.34    0.00   10.91    0.00    0.00   32.53    0.00    0.00    0.00    2.22
21:14:57       4   64.04    0.00    6.06    0.00    0.00   28.28    0.00    0.00    0.00    1.62
21:14:57       5   57.83    0.00    9.64    0.00    0.00   30.32    0.20    0.00    0.00    2.01
21:14:57       6   61.46    0.00   11.97    0.00    0.00   23.94    0.20    0.00    0.00    2.43
21:14:57       7   61.29    0.00    9.07    0.00    0.00   28.02    0.00    0.00    0.00    1.61

21:14:57     CPU    %usr   %nice    %sys %iowait    %irq   %soft  %steal  %guest  %gnice   %idle
21:15:02     all   60.38    0.00    9.91    0.00    0.00   27.69    0.10    0.00    0.00    1.92
21:15:02       0   61.49    0.00   10.08    0.00    0.00   26.21    0.20    0.00    0.00    2.02
21:15:02       1   57.00    0.00   10.95    0.00    0.00   29.82    0.00    0.00    0.00    2.23
21:15:02       2   58.18    0.00   10.51    0.00    0.00   29.29    0.20    0.00    0.00    1.82
21:15:02       3   59.39    0.00    9.49    0.00    0.00   29.29    0.00    0.00    0.00    1.82
21:15:02       4   58.67    0.00    8.67    0.00    0.00   30.44    0.20    0.00    0.00    2.02
21:15:02       5   57.09    0.00   12.35    0.00    0.00   28.14    0.00    0.00    0.00    2.43
21:15:02       6   69.00    0.00    8.20    0.00    0.00   21.40    0.20    0.00    0.00    1.20
21:15:02       7   62.10    0.00    9.07    0.00    0.00   27.02    0.00    0.00    0.00    1.81

21:15:02     CPU    %usr   %nice    %sys %iowait    %irq   %soft  %steal  %guest  %gnice   %idle
21:15:07     all   58.23    0.00   10.57    0.00    0.00   28.16    0.05    0.00    0.00    2.99
21:15:07       0   58.13    0.00   11.59    0.00    0.00   26.63    0.00    0.00    0.00    3.66
21:15:07       1   55.06    0.00   11.34    0.00    0.00   29.96    0.00    0.00    0.00    3.64
21:15:07       2   66.13    0.00    6.61    0.00    0.00   26.65    0.00    0.00    0.00    0.60
21:15:07       3   54.07    0.00   10.57    0.00    0.00   31.91    0.00    0.00    0.00    3.46
21:15:07       4   52.54    0.00   11.76    0.00    0.00   32.25    0.00    0.00    0.00    3.45
21:15:07       5   55.31    0.00   11.43    0.00    0.00   29.80    0.00    0.00    0.00    3.47
21:15:07       6   60.00    0.00   12.93    0.00    0.00   23.84    0.20    0.00    0.00    3.03
21:15:07       7   64.46    0.00    8.43    0.00    0.00   24.30    0.20    0.00    0.00    2.61

21:15:07     CPU    %usr   %nice    %sys %iowait    %irq   %soft  %steal  %guest  %gnice   %idle
21:15:12     all   59.35    0.00   10.38    0.00    0.00   28.35    0.10    0.00    0.00    1.81
21:15:12       0   55.06    0.00   13.97    0.00    0.00   28.74    0.20    0.00    0.00    2.02
21:15:12       1   65.05    0.00    7.07    0.00    0.00   26.46    0.00    0.00    0.00    1.41
21:15:12       2   55.82    0.00   10.84    0.00    0.00   31.12    0.20    0.00    0.00    2.01
21:15:12       3   59.32    0.00    8.42    0.00    0.00   31.26    0.00    0.00    0.00    1.00
21:15:12       4   56.65    0.00   10.08    0.00    0.00   30.85    0.20    0.00    0.00    2.22
21:15:12       5   57.17    0.00   11.52    0.00    0.00   29.09    0.00    0.00    0.00    2.22
21:15:12       6   64.52    0.00   10.69    0.00    0.00   22.38    0.20    0.00    0.00    2.22
21:15:12       7   61.21    0.00   10.51    0.00    0.00   26.87    0.00    0.00    0.00    1.41

21:15:12     CPU    %usr   %nice    %sys %iowait    %irq   %soft  %steal  %guest  %gnice   %idle
21:15:17     all   56.95    0.00   11.96    0.00    0.00   29.42    0.05    0.00    0.00    1.61
21:15:17       0   58.18    0.00   12.32    0.00    0.00   27.47    0.00    0.00    0.00    2.02
21:15:17       1   56.16    0.00   11.31    0.00    0.00   30.71    0.00    0.00    0.00    1.82
21:15:17       2   56.85    0.00   10.69    0.00    0.00   30.65    0.00    0.00    0.00    1.81
21:15:17       3   58.95    0.00    9.86    0.00    0.00   30.18    0.00    0.00    0.00    1.01
21:15:17       4   54.73    0.00   10.87    0.00    0.00   32.19    0.20    0.00    0.00    2.01
21:15:17       5   58.67    0.00   11.09    0.00    0.00   28.23    0.00    0.00    0.00    2.02
21:15:17       6   64.78    0.00   10.32    0.00    0.00   22.87    0.20    0.00    0.00    1.82
21:15:17       7   47.40    0.00   19.20    0.00    0.00   33.00    0.00    0.00    0.00    0.40

21:15:17     CPU    %usr   %nice    %sys %iowait    %irq   %soft  %steal  %guest  %gnice   %idle
21:15:22     all   56.88    0.00   12.03    0.00    0.00   29.58    0.10    0.00    0.00    1.41
21:15:22       0   58.52    0.00   11.42    0.00    0.00   27.66    0.20    0.00    0.00    2.20
21:15:22       1   60.04    0.00    9.84    0.00    0.00   29.52    0.00    0.00    0.00    0.60
21:15:22       2   51.50    0.00   13.83    0.00    0.00   33.47    0.20    0.00    0.00    1.00
21:15:22       3   53.13    0.00   12.32    0.00    0.00   33.13    0.00    0.00    0.00    1.41
21:15:22       4   60.40    0.00    8.48    0.00    0.00   29.70    0.00    0.00    0.00    1.41
21:15:22       5   58.79    0.00   10.71    0.00    0.00   28.89    0.20    0.00    0.00    1.41
21:15:22       6   57.26    0.00   15.73    0.00    0.00   24.40    0.20    0.00    0.00    2.42
21:15:22       7   55.42    0.00   13.86    0.00    0.00   29.92    0.00    0.00    0.00    0.80

21:15:22     CPU    %usr   %nice    %sys %iowait    %irq   %soft  %steal  %guest  %gnice   %idle
21:15:27     all   57.21    0.00   11.43    0.00    0.00   29.65    0.08    0.00    0.00    1.64
21:15:27       0   53.83    0.00   14.31    0.00    0.00   29.64    0.20    0.00    0.00    2.02
21:15:27       1   57.63    0.00   10.64    0.00    0.00   30.32    0.00    0.00    0.00    1.41
21:15:27       2   55.02    0.00   11.04    0.00    0.00   32.53    0.00    0.00    0.00    1.41
21:15:27       3   55.51    0.00   10.82    0.00    0.00   32.06    0.20    0.00    0.00    1.40
21:15:27       4   54.86    0.00   11.34    0.00    0.00   31.58    0.20    0.00    0.00    2.02
21:15:27       5   57.78    0.00   11.11    0.00    0.00   28.89    0.00    0.00    0.00    2.22
21:15:27       6   63.38    0.00   11.47    0.00    0.00   24.35    0.00    0.00    0.00    0.80
21:15:27       7   59.68    0.00   10.69    0.00    0.00   27.82    0.00    0.00    0.00    1.81

21:15:27     CPU    %usr   %nice    %sys %iowait    %irq   %soft  %steal  %guest  %gnice   %idle
21:15:32     all   56.39    0.00   10.90    0.00    0.00   26.08    0.05    0.00    0.00    6.57
21:15:32       0   58.06    0.00   11.09    0.00    0.00   25.20    0.00    0.00    0.00    5.65
21:15:32       1   64.11    0.00   10.08    0.00    0.00   24.60    0.00    0.00    0.00    1.21
21:15:32       2   57.72    0.00   10.82    0.00    0.00   27.45    0.20    0.00    0.00    3.81
21:15:32       3   55.17    0.00    9.94    0.00    0.00   26.37    0.00    0.00    0.00    8.52
21:15:32       4   54.22    0.00    8.84    0.00    0.00   29.12    0.00    0.00    0.00    7.83
21:15:32       5   49.70    0.00   11.27    0.00    0.00   26.36    0.00    0.00    0.00   12.68
21:15:32       6   57.17    0.00   11.92    0.00    0.00   22.22    0.20    0.00    0.00    8.48
21:15:32       7   55.02    0.00   13.25    0.00    0.00   27.31    0.00    0.00    0.00    4.42
