Linux 6.17.0-1015-aws (ip-172-31-0-14) 	05/29/26 	_x86_64_	(16 CPU)

04:14:28     CPU    %usr   %nice    %sys %iowait    %irq   %soft  %steal  %guest  %gnice   %idle
04:14:33     all    3.15    0.00    0.87    0.08    0.00    0.10    0.00    0.00    0.00   95.81
04:14:33       0    4.43    0.00    0.80    0.00    0.00    0.00    0.00    0.00    0.00   94.77
04:14:33       1    2.41    0.00    0.60    0.20    0.00    0.00    0.00    0.00    0.00   96.79
04:14:33       2    1.81    0.00    0.40    0.20    0.00    0.00    0.00    0.00    0.00   97.59
04:14:33       3    3.21    0.00    1.00    0.00    0.00    0.00    0.00    0.00    0.00   95.79
04:14:33       4    2.00    0.00    0.40    0.20    0.00    0.00    0.00    0.00    0.00   97.40
04:14:33       5    3.43    0.00    1.01    0.00    0.00    0.20    0.00    0.00    0.00   95.35
04:14:33       6    3.64    0.00    1.21    0.20    0.00    0.00    0.00    0.00    0.00   94.95
04:14:33       7    1.01    0.00    0.40    0.00    0.00    0.00    0.00    0.00    0.00   98.59
04:14:33       8    3.43    0.00    1.01    0.00    0.00    0.40    0.00    0.00    0.00   95.16
04:14:33       9    3.62    0.00    0.80    0.00    0.00    0.20    0.00    0.00    0.00   95.37
04:14:33      10    4.23    0.00    1.21    0.00    0.00    0.20    0.00    0.00    0.00   94.35
04:14:33      11    4.66    0.00    1.62    0.40    0.00    0.20    0.00    0.00    0.00   93.12
04:14:33      12    3.62    0.00    1.01    0.00    0.00    0.20    0.00    0.00    0.00   95.17
04:14:33      13    3.21    0.00    0.80    0.00    0.00    0.00    0.00    0.00    0.00   95.98
04:14:33      14    2.43    0.00    0.81    0.00    0.00    0.20    0.00    0.00    0.00   96.56
04:14:33      15    3.21    0.00    0.80    0.00    0.00    0.00    0.00    0.00    0.00   95.99

04:14:33     CPU    %usr   %nice    %sys %iowait    %irq   %soft  %steal  %guest  %gnice   %idle
04:14:38     all    5.70    0.00    1.19    0.00    0.00    0.16    0.00    0.00    0.00   92.95
04:14:38       0    7.55    0.00    1.84    0.00    0.00    0.00    0.00    0.00    0.00   90.61
04:14:38       1    4.83    0.00    0.80    0.00    0.00    0.00    0.00    0.00    0.00   94.37
04:14:38       2    6.68    0.00    1.21    0.00    0.00    0.00    0.00    0.00    0.00   92.11
04:14:38       3    3.41    0.00    0.80    0.00    0.00    0.00    0.00    0.00    0.00   95.79
04:14:38       4    5.65    0.00    1.01    0.00    0.00    0.00    0.00    0.00    0.00   93.35
04:14:38       5    6.92    0.00    1.22    0.00    0.00    0.61    0.00    0.00    0.00   91.24
04:14:38       6    7.04    0.00    1.21    0.00    0.00    0.00    0.00    0.00    0.00   91.75
04:14:38       7    2.41    0.00    0.80    0.00    0.00    0.40    0.00    0.00    0.00   96.39
04:14:38       8    6.91    0.00    1.42    0.00    0.00    0.41    0.00    0.00    0.00   91.26
04:14:38       9    6.87    0.00    1.82    0.00    0.00    0.40    0.00    0.00    0.00   90.91
04:14:38      10    6.54    0.00    1.23    0.00    0.00    0.20    0.00    0.00    0.00   92.02
04:14:38      11    5.88    0.00    1.22    0.00    0.00    0.20    0.00    0.00    0.00   92.70
04:14:38      12    4.85    0.00    1.21    0.00    0.00    0.20    0.00    0.00    0.00   93.74
04:14:38      13    7.03    0.00    1.61    0.00    0.00    0.00    0.00    0.00    0.00   91.37
04:14:38      14    3.45    0.00    0.81    0.00    0.00    0.20    0.00    0.00    0.00   95.54
04:14:38      15    5.23    0.00    0.80    0.00    0.00    0.00    0.00    0.00    0.00   93.96

04:14:38     CPU    %usr   %nice    %sys %iowait    %irq   %soft  %steal  %guest  %gnice   %idle
04:14:43     all    5.96    0.00    1.21    0.00    0.00    0.19    0.00    0.00    0.00   92.64
04:14:43       0    6.25    0.00    1.41    0.00    0.00    0.00    0.00    0.00    0.00   92.34
04:14:43       1    3.60    0.00    0.80    0.00    0.00    0.00    0.00    0.00    0.00   95.60
04:14:43       2    6.05    0.00    1.41    0.00    0.00    0.00    0.00    0.00    0.00   92.54
04:14:43       3    5.02    0.00    1.00    0.00    0.00    0.00    0.00    0.00    0.00   93.98
04:14:43       4    7.85    0.00    1.41    0.00    0.00    0.00    0.00    0.00    0.00   90.74
04:14:43       5    4.28    0.00    0.81    0.00    0.00    0.20    0.00    0.00    0.00   94.70
04:14:43       6    7.83    0.00    1.81    0.00    0.00    0.00    0.00    0.00    0.00   90.36
04:14:43       7    5.08    0.00    0.81    0.00    0.00    0.20    0.00    0.00    0.00   93.90
04:14:43       8    4.87    0.00    0.81    0.00    0.00    0.41    0.00    0.00    0.00   93.91
04:14:43       9    7.30    0.00    1.42    0.00    0.00    0.61    0.00    0.00    0.00   90.67
04:14:43      10    5.87    0.00    1.21    0.00    0.00    0.40    0.00    0.00    0.00   92.51
04:14:43      11    6.91    0.00    1.63    0.00    0.00    0.41    0.00    0.00    0.00   91.06
04:14:43      12    7.72    0.00    1.63    0.00    0.00    0.20    0.00    0.00    0.00   90.45
04:14:43      13    6.65    0.00    1.61    0.00    0.00    0.00    0.00    0.00    0.00   91.73
04:14:43      14    7.94    0.00    1.02    0.00    0.00    0.61    0.00    0.00    0.00   90.43
04:14:43      15    2.20    0.00    0.60    0.00    0.00    0.00    0.00    0.00    0.00   97.19

04:14:43     CPU    %usr   %nice    %sys %iowait    %irq   %soft  %steal  %guest  %gnice   %idle
04:14:48     all    5.72    0.00    1.23    0.00    0.00    0.18    0.01    0.00    0.00   92.87
04:14:48       0    7.01    0.00    1.40    0.00    0.00    0.00    0.00    0.00    0.00   91.58
04:14:48       1    0.00    0.00    0.00    0.00    0.00    0.00    0.00    0.00    0.00  100.00
04:14:48       2    6.63    0.00    1.61    0.00    0.00    0.00    0.20    0.00    0.00   91.57
04:14:48       3    7.30    0.00    1.83    0.00    0.00    0.00    0.00    0.00    0.00   90.87
04:14:48       4    8.33    0.00    1.63    0.00    0.00    0.00    0.00    0.00    0.00   90.04
04:14:48       5    4.46    0.00    0.81    0.00    0.00    0.41    0.00    0.00    0.00   94.32
04:14:48       6    7.93    0.00    1.42    0.00    0.00    0.00    0.00    0.00    0.00   90.65
04:14:48       7    7.46    0.00    1.61    0.00    0.00    0.40    0.00    0.00    0.00   90.52
04:14:48       8    6.95    0.00    1.43    0.00    0.00    0.41    0.00    0.00    0.00   91.21
04:14:48       9    5.89    0.00    1.02    0.00    0.00    0.20    0.00    0.00    0.00   92.89
04:14:48      10    2.63    0.00    0.61    0.00    0.00    0.20    0.00    0.00    0.00   96.56
04:14:48      11    5.30    0.00    1.22    0.00    0.00    0.41    0.00    0.00    0.00   93.08
04:14:48      12    6.49    0.00    1.42    0.00    0.00    0.20    0.00    0.00    0.00   91.89
04:14:48      13    6.06    0.00    1.62    0.00    0.00    0.00    0.00    0.00    0.00   92.32
04:14:48      14    7.71    0.00    1.62    0.00    0.00    0.61    0.00    0.00    0.00   90.06
04:14:48      15    1.40    0.00    0.40    0.00    0.00    0.00    0.00    0.00    0.00   98.20

04:14:48     CPU    %usr   %nice    %sys %iowait    %irq   %soft  %steal  %guest  %gnice   %idle
04:14:53     all    5.73    0.00    1.22    0.00    0.00    0.16    0.01    0.00    0.00   92.87
04:14:53       0    2.41    0.00    0.60    0.00    0.00    0.00    0.00    0.00    0.00   96.98
04:14:53       1    0.00    0.00    0.00    0.00    0.00    0.00    0.00    0.00    0.00  100.00
04:14:53       2    8.91    0.00    2.23    0.00    0.00    0.00    0.00    0.00    0.00   88.87
04:14:53       3    7.63    0.00    1.81    0.00    0.00    0.00    0.00    0.00    0.00   90.56
04:14:53       4    6.88    0.00    1.62    0.00    0.00    0.00    0.00    0.00    0.00   91.50
04:14:53       5    7.13    0.00    1.22    0.00    0.00    0.61    0.00    0.00    0.00   91.04
04:14:53       6    8.25    0.00    1.61    0.00    0.00    0.00    0.00    0.00    0.00   90.14
04:14:53       7    4.46    0.00    1.01    0.00    0.00    0.41    0.20    0.00    0.00   93.91
04:14:53       8    5.48    0.00    1.22    0.00    0.00    0.20    0.00    0.00    0.00   93.10
04:14:53       9    6.28    0.00    0.81    0.00    0.00    0.20    0.00    0.00    0.00   92.71
04:14:53      10    4.85    0.00    1.01    0.00    0.00    0.40    0.00    0.00    0.00   93.74
04:14:53      11    7.47    0.00    1.41    0.00    0.00    0.20    0.00    0.00    0.00   90.91
04:14:53      12    5.24    0.00    1.41    0.00    0.00    0.20    0.00    0.00    0.00   93.15
04:14:53      13    2.20    0.00    0.80    0.00    0.00    0.00    0.00    0.00    0.00   97.00
04:14:53      14    7.10    0.00    1.42    0.00    0.00    0.41    0.00    0.00    0.00   91.08
04:14:53      15    7.51    0.00    1.42    0.00    0.00    0.00    0.00    0.00    0.00   91.08

04:14:53     CPU    %usr   %nice    %sys %iowait    %irq   %soft  %steal  %guest  %gnice   %idle
04:14:58     all    5.74    0.00    1.16    0.00    0.00    0.18    0.00    0.00    0.00   92.92
04:14:58       0    3.23    0.00    0.61    0.00    0.00    0.00    0.00    0.00    0.00   96.16
04:14:58       1    4.63    0.00    1.01    0.00    0.00    0.00    0.00    0.00    0.00   94.37
04:14:58       2    3.81    0.00    0.80    0.00    0.00    0.00    0.00    0.00    0.00   95.39
04:14:58       3    7.68    0.00    1.41    0.00    0.00    0.00    0.00    0.00    0.00   90.91
04:14:58       4    5.68    0.00    0.81    0.00    0.00    0.00    0.00    0.00    0.00   93.51
04:14:58       5    5.69    0.00    1.02    0.00    0.00    0.20    0.00    0.00    0.00   93.09
04:14:58       6    7.69    0.00    1.42    0.00    0.00    0.00    0.00    0.00    0.00   90.89
04:14:58       7    6.07    0.00    1.42    0.00    0.00    0.20    0.00    0.00    0.00   92.31
04:14:58       8    7.07    0.00    1.62    0.00    0.00    0.40    0.00    0.00    0.00   90.91
04:14:58       9    6.52    0.00    1.63    0.00    0.00    0.41    0.00    0.00    0.00   91.45
04:14:58      10    5.48    0.00    1.22    0.00    0.00    0.20    0.00    0.00    0.00   93.10
04:14:58      11    5.49    0.00    1.22    0.00    0.00    0.61    0.00    0.00    0.00   92.68
04:14:58      12    6.69    0.00    1.42    0.00    0.00    0.41    0.00    0.00    0.00   91.48
04:14:58      13    9.05    0.00    1.61    0.00    0.00    0.00    0.00    0.00    0.00   89.34
04:14:58      14    5.48    0.00    1.01    0.00    0.00    0.41    0.00    0.00    0.00   93.10
04:14:58      15    1.61    0.00    0.40    0.00    0.00    0.00    0.00    0.00    0.00   97.99

04:14:58     CPU    %usr   %nice    %sys %iowait    %irq   %soft  %steal  %guest  %gnice   %idle
04:15:03     all    5.88    0.00    1.11    0.00    0.00    0.13    0.00    0.00    0.00   92.89
04:15:03       0    0.80    0.00    0.00    0.00    0.00    0.00    0.00    0.00    0.00   99.20
04:15:03       1    2.81    0.00    0.60    0.00    0.00    0.00    0.00    0.00    0.00   96.59
04:15:03       2    5.25    0.00    1.01    0.00    0.00    0.00    0.00    0.00    0.00   93.74
04:15:03       3   10.71    0.00    1.21    0.00    0.00    0.00    0.00    0.00    0.00   88.08
04:15:03       4    2.00    0.00    0.40    0.00    0.00    0.00    0.00    0.00    0.00   97.60
04:15:03       5    6.31    0.00    1.43    0.00    0.00    0.41    0.00    0.00    0.00   91.85
04:15:03       6    8.42    0.00    1.60    0.00    0.00    0.00    0.00    0.00    0.00   89.98
04:15:03       7    6.46    0.00    1.21    0.00    0.00    0.40    0.00    0.00    0.00   91.92
04:15:03       8    4.86    0.00    1.01    0.00    0.00    0.20    0.00    0.00    0.00   93.93
04:15:03       9    6.68    0.00    1.42    0.00    0.00    0.20    0.00    0.00    0.00   91.70
04:15:03      10    6.29    0.00    1.22    0.00    0.00    0.41    0.00    0.00    0.00   92.09
04:15:03      11    9.48    0.00    1.21    0.00    0.00    0.00    0.00    0.00    0.00   89.31
04:15:03      12    5.26    0.00    1.42    0.00    0.00    0.00    0.00    0.00    0.00   93.32
04:15:03      13    6.65    0.00    1.41    0.00    0.00    0.00    0.00    0.00    0.00   91.94
04:15:03      14    6.29    0.00    1.01    0.00    0.00    0.41    0.00    0.00    0.00   92.29
04:15:03      15    5.82    0.00    1.61    0.00    0.00    0.00    0.00    0.00    0.00   92.57

04:15:03     CPU    %usr   %nice    %sys %iowait    %irq   %soft  %steal  %guest  %gnice   %idle
04:15:08     all    5.59    0.00    1.10    0.00    0.00    0.20    0.00    0.00    0.00   93.10
04:15:08       0    4.45    0.00    1.01    0.00    0.00    0.00    0.00    0.00    0.00   94.53
04:15:08       1    4.04    0.00    1.01    0.00    0.00    0.00    0.00    0.00    0.00   94.95
04:15:08       2    7.11    0.00    1.22    0.00    0.00    0.00    0.00    0.00    0.00   91.67
04:15:08       3    6.06    0.00    1.41    0.00    0.00    0.00    0.00    0.00    0.00   92.53
04:15:08       4    6.06    0.00    1.01    0.00    0.00    0.00    0.00    0.00    0.00   92.93
04:15:08       5    5.08    0.00    0.81    0.00    0.00    0.41    0.00    0.00    0.00   93.70
04:15:08       6    3.84    0.00    0.81    0.00    0.00    0.00    0.00    0.00    0.00   95.35
04:15:08       7    5.47    0.00    1.21    0.00    0.00    0.40    0.00    0.00    0.00   92.91
04:15:08       8    4.67    0.00    1.01    0.00    0.00    0.20    0.00    0.00    0.00   94.12
04:15:08       9    6.52    0.00    1.22    0.00    0.00    0.41    0.00    0.00    0.00   91.85
04:15:08      10    3.24    0.00    0.61    0.00    0.00    0.40    0.00    0.00    0.00   95.75
04:15:08      11    7.07    0.00    1.62    0.00    0.00    0.40    0.00    0.00    0.00   90.91
04:15:08      12    4.47    0.00    0.81    0.00    0.00    0.41    0.00    0.00    0.00   94.31
04:15:08      13    6.87    0.00    1.21    0.00    0.00    0.00    0.00    0.00    0.00   91.92
04:15:08      14    6.69    0.00    1.22    0.00    0.00    0.61    0.00    0.00    0.00   91.48
04:15:08      15    7.88    0.00    1.41    0.00    0.00    0.00    0.00    0.00    0.00   90.71

04:15:08     CPU    %usr   %nice    %sys %iowait    %irq   %soft  %steal  %guest  %gnice   %idle
04:15:13     all    5.89    0.00    1.28    0.00    0.00    0.16    0.01    0.00    0.00   92.66
04:15:13       0    3.23    0.00    0.61    0.00    0.00    0.00    0.00    0.00    0.00   96.16
04:15:13       1    6.24    0.00    1.41    0.00    0.00    0.00    0.00    0.00    0.00   92.35
04:15:13       2    6.67    0.00    1.82    0.00    0.00    0.00    0.00    0.00    0.00   91.52
04:15:13       3    4.43    0.00    0.60    0.00    0.00    0.00    0.00    0.00    0.00   94.97
04:15:13       4    3.82    0.00    0.80    0.00    0.00    0.00    0.00    0.00    0.00   95.38
04:15:13       5    5.48    0.00    1.01    0.00    0.00    0.41    0.00    0.00    0.00   93.10
04:15:13       6    7.49    0.00    1.62    0.00    0.00    0.00    0.00    0.00    0.00   90.89
04:15:13       7    8.10    0.00    1.62    0.00    0.00    0.20    0.00    0.00    0.00   90.08
04:15:13       8    6.48    0.00    1.42    0.00    0.00    0.40    0.00    0.00    0.00   91.70
04:15:13       9    5.47    0.00    1.21    0.00    0.00    0.20    0.00    0.00    0.00   93.12
04:15:13      10    1.82    0.00    0.40    0.00    0.00    0.20    0.00    0.00    0.00   97.57
04:15:13      11    6.30    0.00    1.42    0.00    0.00    0.20    0.00    0.00    0.00   92.07
04:15:13      12    6.07    0.00    1.42    0.00    0.00    0.40    0.20    0.00    0.00   91.90
04:15:13      13    8.06    0.00    1.81    0.00    0.00    0.00    0.00    0.00    0.00   90.12
04:15:13      14    6.92    0.00    1.63    0.00    0.00    0.61    0.00    0.00    0.00   90.84
04:15:13      15    7.68    0.00    1.62    0.00    0.00    0.00    0.00    0.00    0.00   90.71

04:15:13     CPU    %usr   %nice    %sys %iowait    %irq   %soft  %steal  %guest  %gnice   %idle
04:15:18     all    5.85    0.00    1.21    0.00    0.00    0.18    0.00    0.00    0.00   92.76
04:15:18       0    7.88    0.00    1.82    0.00    0.00    0.00    0.00    0.00    0.00   90.30
04:15:18       1    6.46    0.00    1.01    0.00    0.00    0.00    0.00    0.00    0.00   92.53
04:15:18       2    6.45    0.00    1.41    0.00    0.00    0.00    0.00    0.00    0.00   92.14
04:15:18       3    4.44    0.00    0.81    0.00    0.00    0.00    0.00    0.00    0.00   94.76
04:15:18       4    2.00    0.00    0.40    0.00    0.00    0.00    0.00    0.00    0.00   97.60
04:15:18       5    7.33    0.00    1.83    0.00    0.00    0.41    0.00    0.00    0.00   90.43
04:15:18       6    3.41    0.00    0.60    0.00    0.00    0.00    0.00    0.00    0.00   95.99
04:15:18       7    8.32    0.00    1.83    0.00    0.00    0.20    0.00    0.00    0.00   89.66
04:15:18       8    5.30    0.00    1.22    0.00    0.00    0.41    0.00    0.00    0.00   93.08
04:15:18       9    6.10    0.00    1.22    0.00    0.00    0.41    0.00    0.00    0.00   92.28
04:15:18      10    5.86    0.00    1.21    0.00    0.00    0.20    0.00    0.00    0.00   92.73
04:15:18      11    7.26    0.00    1.61    0.00    0.00    0.60    0.00    0.00    0.00   90.52
04:15:18      12    5.67    0.00    1.01    0.00    0.00    0.20    0.00    0.00    0.00   93.12
04:15:18      13    8.15    0.00    1.22    0.00    0.00    0.00    0.00    0.00    0.00   90.63
04:15:18      14    3.02    0.00    0.80    0.00    0.00    0.40    0.00    0.00    0.00   95.77
04:15:18      15    6.04    0.00    1.41    0.00    0.00    0.00    0.00    0.00    0.00   92.56

04:15:18     CPU    %usr   %nice    %sys %iowait    %irq   %soft  %steal  %guest  %gnice   %idle
04:15:23     all    5.93    0.00    1.26    0.00    0.00    0.18    0.00    0.00    0.00   92.63
04:15:23       0    1.01    0.00    0.20    0.00    0.00    0.00    0.00    0.00    0.00   98.79
04:15:23       1    6.84    0.00    1.41    0.00    0.00    0.00    0.00    0.00    0.00   91.75
04:15:23       2    6.01    0.00    1.40    0.00    0.00    0.00    0.00    0.00    0.00   92.59
04:15:23       3    8.05    0.00    2.01    0.00    0.00    0.00    0.00    0.00    0.00   89.94
04:15:23       4    5.82    0.00    1.20    0.00    0.00    0.00    0.00    0.00    0.00   92.97
04:15:23       5    8.62    0.00    2.00    0.00    0.00    0.40    0.00    0.00    0.00   88.98
04:15:23       6    5.65    0.00    1.41    0.00    0.00    0.00    0.00    0.00    0.00   92.94
04:15:23       7    6.87    0.00    1.62    0.00    0.00    0.40    0.00    0.00    0.00   91.11
04:15:23       8    7.27    0.00    1.41    0.00    0.00    0.40    0.00    0.00    0.00   90.91
04:15:23       9    6.26    0.00    1.21    0.00    0.00    0.40    0.00    0.00    0.00   92.12
04:15:23      10    7.13    0.00    1.02    0.00    0.00    0.20    0.00    0.00    0.00   91.65
04:15:23      11    4.44    0.00    1.01    0.00    0.00    0.20    0.00    0.00    0.00   94.35
04:15:23      12    6.29    0.00    1.42    0.00    0.00    0.20    0.00    0.00    0.00   92.09
04:15:23      13    7.83    0.00    1.61    0.00    0.00    0.00    0.00    0.00    0.00   90.56
04:15:23      14    6.90    0.00    1.22    0.00    0.00    0.61    0.00    0.00    0.00   91.28
04:15:23      15    0.00    0.00    0.00    0.00    0.00    0.00    0.00    0.00    0.00  100.00

04:15:23     CPU    %usr   %nice    %sys %iowait    %irq   %soft  %steal  %guest  %gnice   %idle
04:15:28     all    5.91    0.00    1.28    0.00    0.00    0.15    0.00    0.00    0.00   92.67
04:15:28       0    7.26    0.00    1.41    0.00    0.00    0.00    0.00    0.00    0.00   91.33
04:15:28       1    8.48    0.00    2.02    0.00    0.00    0.00    0.00    0.00    0.00   89.49
04:15:28       2    5.63    0.00    1.21    0.00    0.00    0.00    0.00    0.00    0.00   93.16
04:15:28       3    7.89    0.00    1.42    0.00    0.00    0.00    0.00    0.00    0.00   90.69
04:15:28       4    4.82    0.00    1.00    0.00    0.00    0.00    0.00    0.00    0.00   94.18
04:15:28       5    4.24    0.00    1.01    0.00    0.00    0.20    0.00    0.00    0.00   94.55
04:15:28       6    7.89    0.00    1.62    0.00    0.00    0.00    0.00    0.00    0.00   90.49
04:15:28       7    6.72    0.00    1.43    0.00    0.00    0.20    0.00    0.00    0.00   91.65
04:15:28       8    3.42    0.00    0.60    0.00    0.00    0.40    0.00    0.00    0.00   95.57
04:15:28       9    7.11    0.00    1.42    0.00    0.00    0.20    0.00    0.00    0.00   91.26
04:15:28      10    8.32    0.00    1.62    0.00    0.00    0.41    0.00    0.00    0.00   89.66
04:15:28      11    0.20    0.00    0.00    0.00    0.00    0.20    0.00    0.00    0.00   99.60
04:15:28      12    2.61    0.00    0.80    0.00    0.00    0.40    0.00    0.00    0.00   96.19
04:15:28      13    6.45    0.00    1.41    0.00    0.00    0.00    0.00    0.00    0.00   92.14
04:15:28      14    6.50    0.00    1.63    0.00    0.00    0.41    0.00    0.00    0.00   91.46
04:15:28      15    7.04    0.00    1.81    0.00    0.00    0.00    0.00    0.00    0.00   91.15

04:15:28     CPU    %usr   %nice    %sys %iowait    %irq   %soft  %steal  %guest  %gnice   %idle
04:15:33     all    5.60    0.00    1.11    0.00    0.00    0.18    0.00    0.00    0.00   93.11
04:15:33       0    4.62    0.00    0.80    0.00    0.00    0.00    0.00    0.00    0.00   94.58
04:15:33       1    5.89    0.00    1.22    0.00    0.00    0.00    0.00    0.00    0.00   92.89
04:15:33       2    6.44    0.00    1.41    0.00    0.00    0.00    0.00    0.00    0.00   92.15
04:15:33       3    6.65    0.00    1.41    0.00    0.00    0.00    0.00    0.00    0.00   91.94
04:15:33       4    6.87    0.00    1.41    0.00    0.00    0.00    0.00    0.00    0.00   91.72
04:15:33       5    4.69    0.00    1.22    0.00    0.00    0.41    0.00    0.00    0.00   93.67
04:15:33       6    6.28    0.00    1.01    0.00    0.00    0.00    0.00    0.00    0.00   92.71
04:15:33       7    6.68    0.00    1.42    0.00    0.00    0.40    0.00    0.00    0.00   91.50
04:15:33       8    6.88    0.00    1.21    0.00    0.00    0.61    0.00    0.00    0.00   91.30
04:15:33       9    7.09    0.00    1.42    0.00    0.00    0.40    0.00    0.00    0.00   91.09
04:15:33      10    5.70    0.00    1.22    0.00    0.00    0.41    0.00    0.00    0.00   92.67
04:15:33      11    3.82    0.00    0.80    0.00    0.00    0.20    0.00    0.00    0.00   95.17
04:15:33      12    2.63    0.00    0.40    0.00    0.00    0.00    0.00    0.00    0.00   96.97
04:15:33      13    7.66    0.00    1.61    0.00    0.00    0.00    0.00    0.00    0.00   90.73
04:15:33      14    5.25    0.00    0.81    0.00    0.00    0.40    0.00    0.00    0.00   93.54
04:15:33      15    2.42    0.00    0.40    0.00    0.00    0.00    0.00    0.00    0.00   97.18

04:15:33     CPU    %usr   %nice    %sys %iowait    %irq   %soft  %steal  %guest  %gnice   %idle
04:15:38     all    5.43    0.00    1.20    0.00    0.00    0.16    0.00    0.00    0.00   93.21
04:15:38       0    6.72    0.00    1.63    0.00    0.00    0.00    0.00    0.00    0.00   91.65
04:15:38       1    0.00    0.00    0.00    0.00    0.00    0.00    0.00    0.00    0.00  100.00
04:15:38       2    7.66    0.00    1.41    0.00    0.00    0.00    0.00    0.00    0.00   90.93
04:15:38       3    8.22    0.00    1.80    0.00    0.00    0.00    0.00    0.00    0.00   89.98
04:15:38       4    7.69    0.00    1.82    0.00    0.00    0.00    0.00    0.00    0.00   90.49
04:15:38       5    5.45    0.00    1.21    0.00    0.00    0.40    0.00    0.00    0.00   92.93
04:15:38       6    7.26    0.00    1.61    0.00    0.00    0.00    0.00    0.00    0.00   91.13
04:15:38       7    6.67    0.00    1.41    0.00    0.00    0.20    0.00    0.00    0.00   91.72
04:15:38       8    5.69    0.00    1.63    0.00    0.00    0.41    0.00    0.00    0.00   92.28
04:15:38       9    6.84    0.00    1.21    0.00    0.00    0.40    0.00    0.00    0.00   91.55
04:15:38      10    7.11    0.00    1.63    0.00    0.00    0.41    0.00    0.00    0.00   90.85
04:15:38      11    3.85    0.00    0.41    0.00    0.00    0.00    0.00    0.00    0.00   95.74
04:15:38      12    6.69    0.00    1.83    0.00    0.00    0.41    0.00    0.00    0.00   91.08
04:15:38      13    3.61    0.00    0.80    0.00    0.00    0.00    0.00    0.00    0.00   95.59
04:15:38      14    3.46    0.00    0.81    0.00    0.00    0.41    0.00    0.00    0.00   95.33
04:15:38      15    0.00    0.00    0.00    0.00    0.00    0.00    0.00    0.00    0.00  100.00

04:15:38     CPU    %usr   %nice    %sys %iowait    %irq   %soft  %steal  %guest  %gnice   %idle
04:15:43     all    5.85    0.00    1.25    0.00    0.00    0.16    0.00    0.00    0.00   92.73
04:15:43       0    4.65    0.00    1.01    0.00    0.00    0.00    0.00    0.00    0.00   94.34
04:15:43       1    1.20    0.00    0.20    0.00    0.00    0.00    0.00    0.00    0.00   98.60
04:15:43       2    5.44    0.00    1.21    0.00    0.00    0.00    0.00    0.00    0.00   93.35
04:15:43       3    8.50    0.00    1.82    0.00    0.00    0.00    0.00    0.00    0.00   89.68
04:15:43       4    7.82    0.00    1.80    0.00    0.00    0.00    0.00    0.00    0.00   90.38
04:15:43       5    6.29    0.00    1.22    0.00    0.00    0.41    0.00    0.00    0.00   92.09
04:15:43       6    6.01    0.00    1.20    0.00    0.00    0.00    0.00    0.00    0.00   92.79
04:15:43       7    7.27    0.00    1.62    0.00    0.00    0.20    0.00    0.00    0.00   90.91
04:15:43       8    7.29    0.00    1.62    0.00    0.00    0.40    0.00    0.00    0.00   90.69
04:15:43       9    6.67    0.00    1.41    0.00    0.00    0.20    0.00    0.00    0.00   91.72
04:15:43      10    6.91    0.00    1.83    0.00    0.00    0.41    0.00    0.00    0.00   90.85
04:15:43      11    8.54    0.00    1.42    0.00    0.00    0.61    0.00    0.00    0.00   89.43
04:15:43      12    6.30    0.00    1.22    0.00    0.00    0.20    0.00    0.00    0.00   92.28
04:15:43      13    6.44    0.00    1.41    0.00    0.00    0.00    0.00    0.00    0.00   92.15
04:15:43      14    3.43    0.00    0.81    0.00    0.00    0.20    0.00    0.00    0.00   95.56
04:15:43      15    1.00    0.00    0.20    0.00    0.00    0.00    0.00    0.00    0.00   98.80

04:15:43     CPU    %usr   %nice    %sys %iowait    %irq   %soft  %steal  %guest  %gnice   %idle
04:15:48     all    6.11    0.00    1.24    0.00    0.00    0.20    0.00    0.00    0.00   92.45
04:15:48       0    8.10    0.00    1.82    0.00    0.00    0.00    0.00    0.00    0.00   90.08
04:15:48       1    4.61    0.00    0.80    0.00    0.00    0.00    0.00    0.00    0.00   94.59
04:15:48       2    1.60    0.00    0.40    0.00    0.00    0.00    0.00    0.00    0.00   98.00
04:15:48       3    4.42    0.00    0.80    0.00    0.00    0.00    0.00    0.00    0.00   94.78
04:15:48       4    8.47    0.00    1.61    0.00    0.00    0.00    0.00    0.00    0.00   89.92
04:15:48       5    5.27    0.00    1.01    0.00    0.00    0.41    0.00    0.00    0.00   93.31
04:15:48       6    9.70    0.00    2.02    0.00    0.00    0.00    0.00    0.00    0.00   88.28
04:15:48       7    6.46    0.00    1.21    0.00    0.00    0.20    0.00    0.00    0.00   92.12
04:15:48       8    6.88    0.00    1.21    0.00    0.00    0.61    0.00    0.00    0.00   91.30
04:15:48       9    6.07    0.00    1.21    0.00    0.00    0.40    0.00    0.00    0.00   92.31
04:15:48      10    8.27    0.00    1.61    0.00    0.00    0.40    0.00    0.00    0.00   89.72
04:15:48      11    5.04    0.00    0.81    0.00    0.00    0.40    0.00    0.00    0.00   93.75
04:15:48      12    3.02    0.00    0.81    0.00    0.00    0.40    0.00    0.00    0.00   95.77
04:15:48      13    9.46    0.00    2.41    0.00    0.00    0.00    0.00    0.00    0.00   88.13
04:15:48      14    7.11    0.00    1.22    0.00    0.00    0.41    0.00    0.00    0.00   91.26
04:15:48      15    3.41    0.00    0.80    0.00    0.00    0.00    0.00    0.00    0.00   95.78

04:15:48     CPU    %usr   %nice    %sys %iowait    %irq   %soft  %steal  %guest  %gnice   %idle
04:15:53     all    5.73    0.00    1.18    0.00    0.00    0.19    0.00    0.00    0.00   92.90
04:15:53       0    5.68    0.00    1.22    0.00    0.00    0.00    0.00    0.00    0.00   93.10
04:15:53       1    8.70    0.00    1.62    0.00    0.00    0.00    0.00    0.00    0.00   89.68
04:15:53       2    0.20    0.00    0.20    0.00    0.00    0.00    0.00    0.00    0.00   99.60
04:15:53       3    6.46    0.00    1.01    0.00    0.00    0.00    0.00    0.00    0.00   92.53
04:15:53       4    4.23    0.00    0.81    0.00    0.00    0.00    0.00    0.00    0.00   94.96
04:15:53       5    3.63    0.00    0.60    0.00    0.00    0.40    0.00    0.00    0.00   95.36
04:15:53       6    8.47    0.00    2.22    0.00    0.00    0.00    0.00    0.00    0.00   89.31
04:15:53       7    5.09    0.00    1.02    0.00    0.00    0.41    0.00    0.00    0.00   93.48
04:15:53       8    6.06    0.00    1.21    0.00    0.00    0.40    0.00    0.00    0.00   92.32
04:15:53       9    4.87    0.00    1.01    0.00    0.00    0.41    0.00    0.00    0.00   93.71
04:15:53      10    7.33    0.00    1.43    0.00    0.00    0.41    0.00    0.00    0.00   90.84
04:15:53      11    7.32    0.00    1.42    0.00    0.00    0.20    0.00    0.00    0.00   91.06
04:15:53      12    4.69    0.00    1.22    0.00    0.00    0.20    0.00    0.00    0.00   93.88
04:15:53      13    7.09    0.00    1.42    0.00    0.00    0.00    0.00    0.00    0.00   91.50
04:15:53      14    7.55    0.00    1.43    0.00    0.00    0.61    0.00    0.00    0.00   90.41
04:15:53      15    4.42    0.00    1.00    0.00    0.00    0.00    0.00    0.00    0.00   94.58

04:15:53     CPU    %usr   %nice    %sys %iowait    %irq   %soft  %steal  %guest  %gnice   %idle
04:15:58     all    6.04    0.00    1.22    0.00    0.00    0.15    0.00    0.00    0.00   92.58
04:15:58       0    4.23    0.00    1.21    0.00    0.00    0.00    0.00    0.00    0.00   94.57
04:15:58       1    6.45    0.00    1.41    0.00    0.00    0.00    0.00    0.00    0.00   92.14
04:15:58       2    8.70    0.00    1.62    0.00    0.00    0.00    0.00    0.00    0.00   89.68
04:15:58       3    6.24    0.00    1.61    0.00    0.00    0.00    0.00    0.00    0.00   92.15
04:15:58       4    9.26    0.00    1.61    0.00    0.00    0.00    0.00    0.00    0.00   89.13
04:15:58       5    3.85    0.00    0.81    0.00    0.00    0.20    0.00    0.00    0.00   95.14
04:15:58       6    7.85    0.00    1.61    0.00    0.00    0.00    0.00    0.00    0.00   90.54
04:15:58       7    1.42    0.00    0.20    0.00    0.00    0.20    0.00    0.00    0.00   98.17
04:15:58       8    6.25    0.00    0.81    0.00    0.00    0.40    0.00    0.00    0.00   92.54
04:15:58       9    7.26    0.00    1.41    0.00    0.00    0.40    0.00    0.00    0.00   90.93
04:15:58      10    8.32    0.00    1.42    0.00    0.00    0.41    0.00    0.00    0.00   89.86
04:15:58      11    2.21    0.00    0.40    0.00    0.00    0.20    0.00    0.00    0.00   97.18
04:15:58      12    5.84    0.00    1.61    0.00    0.00    0.20    0.00    0.00    0.00   92.35
04:15:58      13    8.06    0.00    1.41    0.00    0.00    0.00    0.00    0.00    0.00   90.52
04:15:58      14    3.44    0.00    1.01    0.00    0.00    0.40    0.00    0.00    0.00   95.14
04:15:58      15    7.27    0.00    1.41    0.00    0.00    0.00    0.00    0.00    0.00   91.31

04:15:58     CPU    %usr   %nice    %sys %iowait    %irq   %soft  %steal  %guest  %gnice   %idle
04:16:03     all    6.01    0.00    1.22    0.00    0.00    0.18    0.00    0.00    0.00   92.59
04:16:03       0    3.45    0.00    0.61    0.00    0.00    0.00    0.00    0.00    0.00   95.94
04:16:03       1    3.82    0.00    0.60    0.00    0.00    0.00    0.00    0.00    0.00   95.57
04:16:03       2    5.85    0.00    1.41    0.00    0.00    0.00    0.00    0.00    0.00   92.74
04:16:03       3    8.45    0.00    1.41    0.00    0.00    0.00    0.00    0.00    0.00   90.14
04:16:03       4    8.82    0.00    1.80    0.00    0.00    0.00    0.00    0.00    0.00   89.38
04:16:03       5    5.65    0.00    1.01    0.00    0.00    0.60    0.00    0.00    0.00   92.74
04:16:03       6    8.00    0.00    1.60    0.00    0.00    0.00    0.00    0.00    0.00   90.40
04:16:03       7    2.21    0.00    0.40    0.00    0.00    0.20    0.00    0.00    0.00   97.18
04:16:03       8    7.06    0.00    1.61    0.00    0.00    0.40    0.00    0.00    0.00   90.93
04:16:03       9    9.46    0.00    2.21    0.00    0.00    0.40    0.00    0.00    0.00   87.93
04:16:03      10    7.27    0.00    1.82    0.00    0.00    0.40    0.00    0.00    0.00   90.51
04:16:03      11    0.20    0.00    0.00    0.00    0.00    0.00    0.00    0.00    0.00   99.80
04:16:03      12    6.88    0.00    1.21    0.00    0.00    0.40    0.00    0.00    0.00   91.50
04:16:03      13    6.46    0.00    1.21    0.00    0.00    0.00    0.00    0.00    0.00   92.32
04:16:03      14    4.85    0.00    1.01    0.00    0.00    0.40    0.00    0.00    0.00   93.74
04:16:03      15    7.69    0.00    1.62    0.00    0.00    0.00    0.00    0.00    0.00   90.69

04:16:03     CPU    %usr   %nice    %sys %iowait    %irq   %soft  %steal  %guest  %gnice   %idle
04:16:08     all    5.91    0.00    1.17    0.00    0.00    0.18    0.00    0.00    0.00   92.74
04:16:08       0    4.23    0.00    1.21    0.00    0.00    0.00    0.00    0.00    0.00   94.57
04:16:08       1    3.00    0.00    0.60    0.00    0.00    0.00    0.00    0.00    0.00   96.40
04:16:08       2    6.24    0.00    1.01    0.00    0.00    0.00    0.00    0.00    0.00   92.76
04:16:08       3    7.86    0.00    2.02    0.00    0.00    0.00    0.00    0.00    0.00   90.12
04:16:08       4    7.27    0.00    1.21    0.00    0.00    0.00    0.00    0.00    0.00   91.52
04:16:08       5    8.70    0.00    1.82    0.00    0.00    0.40    0.00    0.00    0.00   89.07
04:16:08       6    6.46    0.00    1.21    0.00    0.00    0.00    0.00    0.00    0.00   92.32
04:16:08       7    4.24    0.00    0.61    0.00    0.00    0.40    0.00    0.00    0.00   94.75
04:16:08       8    6.73    0.00    1.43    0.00    0.00    0.41    0.00    0.00    0.00   91.43
04:16:08       9    5.10    0.00    0.82    0.00    0.00    0.20    0.00    0.00    0.00   93.88
04:16:08      10    4.84    0.00    0.81    0.00    0.00    0.20    0.00    0.00    0.00   94.15
04:16:08      11    3.43    0.00    0.81    0.00    0.00    0.40    0.00    0.00    0.00   95.35
04:16:08      12    5.43    0.00    1.41    0.00    0.00    0.40    0.00    0.00    0.00   92.76
04:16:08      13    6.81    0.00    1.40    0.00    0.00    0.00    0.00    0.00    0.00   91.78
04:16:08      14    7.13    0.00    1.22    0.00    0.00    0.41    0.00    0.00    0.00   91.24
04:16:08      15    7.04    0.00    1.21    0.00    0.00    0.00    0.00    0.00    0.00   91.75

04:16:08     CPU    %usr   %nice    %sys %iowait    %irq   %soft  %steal  %guest  %gnice   %idle
04:16:13     all    5.84    0.00    1.23    0.00    0.00    0.19    0.01    0.00    0.00   92.73
04:16:13       0    7.35    0.00    1.63    0.00    0.00    0.00    0.00    0.00    0.00   91.02
04:16:13       1    7.06    0.00    1.41    0.00    0.00    0.00    0.00    0.00    0.00   91.53
04:16:13       2    6.45    0.00    1.61    0.00    0.00    0.00    0.00    0.00    0.00   91.94
04:16:13       3    6.85    0.00    1.61    0.00    0.00    0.00    0.00    0.00    0.00   91.53
04:16:13       4    6.28    0.00    1.21    0.00    0.00    0.00    0.00    0.00    0.00   92.51
04:16:13       5    7.83    0.00    1.61    0.00    0.00    0.60    0.00    0.00    0.00   89.96
04:16:13       6    7.07    0.00    1.62    0.00    0.00    0.00    0.20    0.00    0.00   91.11
04:16:13       7    0.40    0.00    0.20    0.00    0.00    0.20    0.00    0.00    0.00   99.19
04:16:13       8    3.64    0.00    0.81    0.00    0.00    0.61    0.00    0.00    0.00   94.94
04:16:13       9    3.03    0.00    0.61    0.00    0.00    0.40    0.00    0.00    0.00   95.96
04:16:13      10    5.27    0.00    1.01    0.00    0.00    0.20    0.00    0.00    0.00   93.51
04:16:13      11    8.32    0.00    1.42    0.00    0.00    0.20    0.00    0.00    0.00   90.06
04:16:13      12    5.48    0.00    1.22    0.00    0.00    0.20    0.00    0.00    0.00   93.10
04:16:13      13    6.69    0.00    1.22    0.00    0.00    0.00    0.00    0.00    0.00   92.09
04:16:13      14    5.48    0.00    1.01    0.00    0.00    0.61    0.00    0.00    0.00   92.90
04:16:13      15    6.28    0.00    1.42    0.00    0.00    0.00    0.00    0.00    0.00   92.31

04:16:13     CPU    %usr   %nice    %sys %iowait    %irq   %soft  %steal  %guest  %gnice   %idle
04:16:18     all    5.89    0.00    1.21    0.00    0.00    0.20    0.00    0.00    0.00   92.69
04:16:18       0    7.10    0.00    1.42    0.00    0.00    0.00    0.00    0.00    0.00   91.48
04:16:18       1    4.63    0.00    1.01    0.00    0.00    0.00    0.00    0.00    0.00   94.37
04:16:18       2    4.44    0.00    0.81    0.00    0.00    0.00    0.00    0.00    0.00   94.76
04:16:18       3    7.26    0.00    1.41    0.00    0.00    0.00    0.00    0.00    0.00   91.33
04:16:18       4    2.01    0.00    0.20    0.00    0.00    0.00    0.00    0.00    0.00   97.79
04:16:18       5    4.65    0.00    1.01    0.00    0.00    0.40    0.00    0.00    0.00   93.94
04:16:18       6    5.84    0.00    1.21    0.00    0.00    0.00    0.00    0.00    0.00   92.96
04:16:18       7    5.47    0.00    1.62    0.00    0.00    0.40    0.00    0.00    0.00   92.51
04:16:18       8    7.91    0.00    1.83    0.00    0.00    0.41    0.00    0.00    0.00   89.86
04:16:18       9    3.46    0.00    0.61    0.00    0.00    0.20    0.00    0.00    0.00   95.73
04:16:18      10    5.91    0.00    1.02    0.00    0.00    0.41    0.00    0.00    0.00   92.67
04:16:18      11    6.90    0.00    1.62    0.00    0.00    0.41    0.00    0.00    0.00   91.08
04:16:18      12    7.30    0.00    1.01    0.00    0.00    0.41    0.00    0.00    0.00   91.28
04:16:18      13    6.09    0.00    1.42    0.00    0.00    0.00    0.00    0.00    0.00   92.49
04:16:18      14    7.29    0.00    1.42    0.00    0.00    0.61    0.00    0.00    0.00   90.69
04:16:18      15    8.05    0.00    1.81    0.00    0.00    0.00    0.00    0.00    0.00   90.14

04:16:18     CPU    %usr   %nice    %sys %iowait    %irq   %soft  %steal  %guest  %gnice   %idle
04:16:23     all    5.98    0.00    1.24    0.00    0.00    0.23    0.00    0.00    0.00   92.55
04:16:23       0    7.09    0.00    1.21    0.00    0.00    0.00    0.00    0.00    0.00   91.70
04:16:23       1    6.90    0.00    1.62    0.00    0.00    0.00    0.00    0.00    0.00   91.48
04:16:23       2    1.60    0.00    0.20    0.00    0.00    0.00    0.00    0.00    0.00   98.20
04:16:23       3    8.87    0.00    1.61    0.00    0.00    0.00    0.00    0.00    0.00   89.52
04:16:23       4    5.61    0.00    1.20    0.00    0.00    0.00    0.00    0.00    0.00   93.19
04:16:23       5    7.71    0.00    1.62    0.00    0.00    0.61    0.00    0.00    0.00   90.06
04:16:23       6    6.05    0.00    1.41    0.00    0.00    0.00    0.00    0.00    0.00   92.54
04:16:23       7    7.52    0.00    1.63    0.00    0.00    0.41    0.00    0.00    0.00   90.45
04:16:23       8    6.31    0.00    1.02    0.00    0.00    0.41    0.00    0.00    0.00   92.26
04:16:23       9    7.65    0.00    2.01    0.00    0.00    0.60    0.00    0.00    0.00   89.74
04:16:23      10    5.65    0.00    1.01    0.00    0.00    0.40    0.00    0.00    0.00   92.94
04:16:23      11    3.85    0.00    0.61    0.00    0.00    0.20    0.00    0.00    0.00   95.34
04:16:23      12    6.67    0.00    1.01    0.00    0.00    0.61    0.00    0.00    0.00   91.72
04:16:23      13    7.46    0.00    1.81    0.00    0.00    0.00    0.00    0.00    0.00   90.73
04:16:23      14    0.00    0.00    0.00    0.00    0.00    0.40    0.00    0.00    0.00   99.60
04:16:23      15    6.84    0.00    1.81    0.00    0.00    0.00    0.00    0.00    0.00   91.35

04:16:23     CPU    %usr   %nice    %sys %iowait    %irq   %soft  %steal  %guest  %gnice   %idle
04:16:28     all    5.89    0.00    1.25    0.00    0.00    0.15    0.00    0.00    0.00   92.71
04:16:28       0    7.51    0.00    1.42    0.00    0.00    0.00    0.00    0.00    0.00   91.08
04:16:28       1    5.43    0.00    1.21    0.00    0.00    0.00    0.00    0.00    0.00   93.36
04:16:28       2    7.26    0.00    1.61    0.00    0.00    0.00    0.00    0.00    0.00   91.13
04:16:28       3    7.69    0.00    1.82    0.00    0.00    0.00    0.00    0.00    0.00   90.49
04:16:28       4    7.51    0.00    1.62    0.00    0.00    0.00    0.00    0.00    0.00   90.87
04:16:28       5    8.32    0.00    1.83    0.00    0.00    0.20    0.00    0.00    0.00   89.66
04:16:28       6    3.02    0.00    0.60    0.00    0.00    0.00    0.00    0.00    0.00   96.37
04:16:28       7    4.25    0.00    0.81    0.00    0.00    0.20    0.00    0.00    0.00   94.74
04:16:28       8    6.09    0.00    1.01    0.00    0.00    0.41    0.00    0.00    0.00   92.49
04:16:28       9    5.44    0.00    1.01    0.00    0.00    0.40    0.00    0.00    0.00   93.15
04:16:28      10    7.29    0.00    1.62    0.00    0.00    0.20    0.00    0.00    0.00   90.89
04:16:28      11    6.67    0.00    1.21    0.00    0.00    0.40    0.00    0.00    0.00   91.72
04:16:28      12    2.42    0.00    0.61    0.00    0.00    0.20    0.00    0.00    0.00   96.77
04:16:28      13    8.48    0.00    1.82    0.00    0.00    0.00    0.00    0.00    0.00   89.70
04:16:28      14    6.90    0.00    1.83    0.00    0.00    0.41    0.00    0.00    0.00   90.87
04:16:28      15    0.00    0.00    0.00    0.00    0.00    0.00    0.00    0.00    0.00  100.00

04:16:28     CPU    %usr   %nice    %sys %iowait    %irq   %soft  %steal  %guest  %gnice   %idle
04:16:33     all    5.83    0.00    1.14    0.01    0.00    0.18    0.00    0.00    0.00   92.85
04:16:33       0    7.26    0.00    1.41    0.00    0.00    0.00    0.00    0.00    0.00   91.33
04:16:33       1    4.24    0.00    1.01    0.00    0.00    0.00    0.00    0.00    0.00   94.75
04:16:33       2    5.04    0.00    1.21    0.00    0.00    0.00    0.00    0.00    0.00   93.75
04:16:33       3    8.65    0.00    1.61    0.00    0.00    0.00    0.00    0.00    0.00   89.74
04:16:33       4    7.10    0.00    1.22    0.00    0.00    0.00    0.00    0.00    0.00   91.68
04:16:33       5    4.26    0.00    0.61    0.00    0.00    0.20    0.00    0.00    0.00   94.93
04:16:33       6    5.63    0.00    1.21    0.00    0.00    0.00    0.00    0.00    0.00   93.16
04:16:33       7    3.04    0.00    0.61    0.00    0.00    0.20    0.00    0.00    0.00   96.15
04:16:33       8    6.07    0.00    1.42    0.00    0.00    0.61    0.00    0.00    0.00   91.90
04:16:33       9    5.45    0.00    0.81    0.00    0.00    0.61    0.00    0.00    0.00   93.13
04:16:33      10    2.84    0.00    0.61    0.00    0.00    0.20    0.00    0.00    0.00   96.35
04:16:33      11    7.32    0.00    1.22    0.20    0.00    0.20    0.00    0.00    0.00   91.06
04:16:33      12    7.93    0.00    1.42    0.00    0.00    0.20    0.00    0.00    0.00   90.45
04:16:33      13    7.85    0.00    1.61    0.00    0.00    0.00    0.00    0.00    0.00   90.54
04:16:33      14    6.11    0.00    1.22    0.00    0.00    0.61    0.00    0.00    0.00   92.06
04:16:33      15    4.43    0.00    1.01    0.00    0.00    0.00    0.00    0.00    0.00   94.57

04:16:33     CPU    %usr   %nice    %sys %iowait    %irq   %soft  %steal  %guest  %gnice   %idle
04:16:38     all    5.72    0.00    1.20    0.00    0.00    0.16    0.00    0.00    0.00   92.92
04:16:38       0    8.10    0.00    1.82    0.00    0.00    0.00    0.00    0.00    0.00   90.08
04:16:38       1    5.25    0.00    0.81    0.00    0.00    0.00    0.00    0.00    0.00   93.94
04:16:38       2    7.09    0.00    1.62    0.00    0.00    0.00    0.00    0.00    0.00   91.30
04:16:38       3    8.22    0.00    1.60    0.00    0.00    0.00    0.00    0.00    0.00   90.18
04:16:38       4    1.40    0.00    0.40    0.00    0.00    0.00    0.00    0.00    0.00   98.20
04:16:38       5    5.88    0.00    1.22    0.00    0.00    0.61    0.00    0.00    0.00   92.29
04:16:38       6    7.89    0.00    1.82    0.00    0.00    0.00    0.00    0.00    0.00   90.28
04:16:38       7    3.24    0.00    0.81    0.00    0.00    0.40    0.00    0.00    0.00   95.55
04:16:38       8    5.67    0.00    1.42    0.00    0.00    0.40    0.00    0.00    0.00   92.51
04:16:38       9    5.10    0.00    0.82    0.00    0.00    0.20    0.00    0.00    0.00   93.88
04:16:38      10    4.03    0.00    1.01    0.00    0.00    0.20    0.00    0.00    0.00   94.76
04:16:38      11    7.13    0.00    1.63    0.00    0.00    0.20    0.00    0.00    0.00   91.04
04:16:38      12    6.91    0.00    1.22    0.00    0.00    0.20    0.00    0.00    0.00   91.67
04:16:38      13    7.27    0.00    1.41    0.00    0.00    0.00    0.00    0.00    0.00   91.31
04:16:38      14    2.84    0.00    0.41    0.00    0.00    0.41    0.00    0.00    0.00   96.35
04:16:38      15    5.45    0.00    1.21    0.00    0.00    0.00    0.00    0.00    0.00   93.33

04:16:38     CPU    %usr   %nice    %sys %iowait    %irq   %soft  %steal  %guest  %gnice   %idle
04:16:43     all    6.02    0.00    1.21    0.00    0.00    0.20    0.00    0.00    0.00   92.57
04:16:43       0    5.66    0.00    1.62    0.00    0.00    0.00    0.00    0.00    0.00   92.73
04:16:43       1    0.00    0.00    0.00    0.00    0.00    0.00    0.00    0.00    0.00  100.00
04:16:43       2    6.65    0.00    1.21    0.00    0.00    0.00    0.00    0.00    0.00   92.14
04:16:43       3    5.84    0.00    1.21    0.00    0.00    0.00    0.00    0.00    0.00   92.96
04:16:43       4    7.66    0.00    1.61    0.00    0.00    0.00    0.00    0.00    0.00   90.73
04:16:43       5    3.64    0.00    0.81    0.00    0.00    0.40    0.00    0.00    0.00   95.15
04:16:43       6    6.61    0.00    1.60    0.00    0.00    0.00    0.00    0.00    0.00   91.78
04:16:43       7    4.66    0.00    0.81    0.00    0.00    0.40    0.00    0.00    0.00   94.13
04:16:43       8    3.24    0.00    0.40    0.00    0.00    0.20    0.00    0.00    0.00   96.15
04:16:43       9    8.47    0.00    2.02    0.00    0.00    0.40    0.00    0.00    0.00   89.11
04:16:43      10    7.66    0.00    1.21    0.00    0.00    0.60    0.00    0.00    0.00   90.52
04:16:43      11    8.85    0.00    1.81    0.00    0.00    0.40    0.00    0.00    0.00   88.93
04:16:43      12    7.62    0.00    1.60    0.00    0.00    0.40    0.00    0.00    0.00   90.38
04:16:43      13    7.89    0.00    1.42    0.00    0.00    0.00    0.00    0.00    0.00   90.69
04:16:43      14    4.26    0.00    1.01    0.00    0.00    0.41    0.00    0.00    0.00   94.32
04:16:43      15    7.66    0.00    1.01    0.00    0.00    0.00    0.00    0.00    0.00   91.33

04:16:43     CPU    %usr   %nice    %sys %iowait    %irq   %soft  %steal  %guest  %gnice   %idle
04:16:48     all    5.87    0.00    1.25    0.00    0.00    0.18    0.00    0.00    0.00   92.70
04:16:48       0    7.91    0.00    1.83    0.00    0.00    0.00    0.00    0.00    0.00   90.26
04:16:48       1    0.80    0.00    0.40    0.00    0.00    0.00    0.00    0.00    0.00   98.80
04:16:48       2    6.29    0.00    1.42    0.00    0.00    0.00    0.00    0.00    0.00   92.29
04:16:48       3    1.81    0.00    0.40    0.00    0.00    0.00    0.00    0.00    0.00   97.79
04:16:48       4    4.63    0.00    1.01    0.00    0.00    0.00    0.00    0.00    0.00   94.37
04:16:48       5    3.87    0.00    0.81    0.00    0.00    0.20    0.00    0.00    0.00   95.11
04:16:48       6    8.43    0.00    1.81    0.00    0.00    0.00    0.00    0.00    0.00   89.76
04:16:48       7    5.87    0.00    1.42    0.00    0.00    0.20    0.00    0.00    0.00   92.51
04:16:48       8    5.88    0.00    1.22    0.00    0.00    0.61    0.00    0.00    0.00   92.29
04:16:48       9    8.10    0.00    1.62    0.00    0.00    0.40    0.00    0.00    0.00   89.88
04:16:48      10    7.88    0.00    1.41    0.00    0.00    0.40    0.00    0.00    0.00   90.30
04:16:48      11    7.68    0.00    1.41    0.00    0.00    0.20    0.00    0.00    0.00   90.71
04:16:48      12    7.94    0.00    1.63    0.00    0.00    0.41    0.00    0.00    0.00   90.02
04:16:48      13    5.61    0.00    1.20    0.00    0.00    0.00    0.00    0.00    0.00   93.19
04:16:48      14    5.66    0.00    1.62    0.00    0.00    0.40    0.00    0.00    0.00   92.32
04:16:48      15    5.65    0.00    0.81    0.00    0.00    0.00    0.00    0.00    0.00   93.55

04:16:48     CPU    %usr   %nice    %sys %iowait    %irq   %soft  %steal  %guest  %gnice   %idle
04:16:53     all    5.83    0.00    1.19    0.00    0.00    0.19    0.00    0.00    0.00   92.79
04:16:53       0    6.29    0.00    1.22    0.00    0.00    0.00    0.00    0.00    0.00   92.49
04:16:53       1    5.85    0.00    1.01    0.00    0.00    0.00    0.00    0.00    0.00   93.15
04:16:53       2    7.80    0.00    2.00    0.00    0.00    0.00    0.00    0.00    0.00   90.20
04:16:53       3    6.65    0.00    1.61    0.00    0.00    0.00    0.00    0.00    0.00   91.73
04:16:53       4    7.30    0.00    1.42    0.00    0.00    0.00    0.00    0.00    0.00   91.28
04:16:53       5    3.04    0.00    0.40    0.00    0.00    0.40    0.00    0.00    0.00   96.15
04:16:53       6    7.27    0.00    1.41    0.00    0.00    0.00    0.00    0.00    0.00   91.31
04:16:53       7    2.21    0.00    0.40    0.00    0.00    0.40    0.00    0.00    0.00   96.98
04:16:53       8    5.88    0.00    1.22    0.00    0.00    0.41    0.00    0.00    0.00   92.49
04:16:53       9    0.81    0.00    0.20    0.00    0.00    0.20    0.00    0.00    0.00   98.79
04:16:53      10    7.69    0.00    1.42    0.00    0.00    0.40    0.00    0.00    0.00   90.49
04:16:53      11    5.45    0.00    1.21    0.00    0.00    0.40    0.00    0.00    0.00   92.93
04:16:53      12    6.26    0.00    1.41    0.00    0.00    0.20    0.00    0.00    0.00   92.12
04:16:53      13    8.06    0.00    1.41    0.00    0.00    0.00    0.00    0.00    0.00   90.52
04:16:53      14    5.70    0.00    0.81    0.00    0.00    0.61    0.00    0.00    0.00   92.87
04:16:53      15    7.07    0.00    1.82    0.00    0.00    0.00    0.00    0.00    0.00   91.11

04:16:53     CPU    %usr   %nice    %sys %iowait    %irq   %soft  %steal  %guest  %gnice   %idle
04:16:58     all    6.02    0.00    1.24    0.00    0.00    0.14    0.00    0.00    0.00   92.61
04:16:58       0    7.09    0.00    1.42    0.00    0.00    0.00    0.00    0.00    0.00   91.50
04:16:58       1    5.44    0.00    0.81    0.00    0.00    0.00    0.00    0.00    0.00   93.75
04:16:58       2    6.45    0.00    1.41    0.00    0.00    0.00    0.00    0.00    0.00   92.14
04:16:58       3    7.83    0.00    1.61    0.00    0.00    0.00    0.00    0.00    0.00   90.56
04:16:58       4    6.45    0.00    1.61    0.00    0.00    0.00    0.00    0.00    0.00   91.94
04:16:58       5    6.33    0.00    1.43    0.00    0.00    0.20    0.00    0.00    0.00   92.04
04:16:58       6    5.99    0.00    1.20    0.00    0.00    0.00    0.00    0.00    0.00   92.81
04:16:58       7    5.86    0.00    1.21    0.00    0.00    0.40    0.00    0.00    0.00   92.53
04:16:58       8    6.67    0.00    1.41    0.00    0.00    0.40    0.00    0.00    0.00   91.52
04:16:58       9    1.61    0.00    0.20    0.00    0.00    0.20    0.00    0.00    0.00   97.98
04:16:58      10    7.49    0.00    1.82    0.00    0.00    0.20    0.00    0.00    0.00   90.49
04:16:58      11    5.67    0.00    1.21    0.00    0.00    0.20    0.00    0.00    0.00   92.91
04:16:58      12    3.03    0.00    0.40    0.00    0.00    0.20    0.00    0.00    0.00   96.36
04:16:58      13    5.85    0.00    1.21    0.00    0.00    0.00    0.00    0.00    0.00   92.94
04:16:58      14    7.51    0.00    1.42    0.00    0.00    0.41    0.00    0.00    0.00   90.67
04:16:58      15    7.06    0.00    1.41    0.00    0.00    0.00    0.00    0.00    0.00   91.53

04:16:58     CPU    %usr   %nice    %sys %iowait    %irq   %soft  %steal  %guest  %gnice   %idle
04:17:03     all    4.47    0.00    0.94    0.08    0.00    0.09    0.00    0.00    0.00   94.42
04:17:03       0    9.26    0.00    1.81    0.00    0.00    0.00    0.00    0.00    0.00   88.93
04:17:03       1   14.03    0.00    1.60    0.00    0.00    0.00    0.00    0.00    0.00   84.37
04:17:03       2    4.83    0.00    1.01    0.20    0.00    0.00    0.00    0.00    0.00   93.96
04:17:03       3    2.01    0.00    0.60    0.00    0.00    0.00    0.00    0.00    0.00   97.39
04:17:03       4    4.23    0.00    1.01    0.00    0.00    0.00    0.00    0.00    0.00   94.77
04:17:03       5    2.42    0.00    0.60    0.00    0.00    0.20    0.00    0.00    0.00   96.77
04:17:03       6    3.63    0.00    1.01    0.00    0.00    0.00    0.00    0.00    0.00   95.36
04:17:03       7    3.04    0.00    0.61    0.20    0.00    0.00    0.00    0.00    0.00   96.15
04:17:03       8    2.82    0.00    0.60    0.40    0.00    0.20    0.00    0.00    0.00   95.97
04:17:03       9    3.85    0.00    0.61    0.00    0.00    0.00    0.00    0.00    0.00   95.55
04:17:03      10    3.84    0.00    1.21    0.00    0.00    0.20    0.00    0.00    0.00   94.75
04:17:03      11    3.85    0.00    1.01    0.20    0.00    0.20    0.00    0.00    0.00   94.74
04:17:03      12    4.66    0.00    1.01    0.00    0.00    0.20    0.00    0.00    0.00   94.13
04:17:03      13    3.21    0.00    0.80    0.00    0.00    0.00    0.00    0.00    0.00   95.99
04:17:03      14    2.01    0.00    0.60    0.20    0.00    0.40    0.00    0.00    0.00   96.79
04:17:03      15    3.83    0.00    1.01    0.00    0.00    0.00    0.00    0.00    0.00   95.16
