Linux 6.17.0-1015-aws (ip-172-31-5-230) 	05/26/26 	_x86_64_	(4 CPU)

23:31:06     CPU    %usr   %nice    %sys %iowait    %irq   %soft  %steal  %guest  %gnice   %idle
23:31:11     all   16.55    0.00    5.21    0.00    0.00    0.46    0.05    0.00    0.00   77.73
23:31:11       0   14.87    0.00    5.09    0.00    0.00    0.61    0.00    0.00    0.00   79.43
23:31:11       1   13.18    0.00    4.87    0.00    0.00    1.01    0.00    0.00    0.00   80.93
23:31:11       2    7.29    0.00    5.06    0.00    0.00    0.20    0.00    0.00    0.00   87.45
23:31:11       3   30.72    0.00    5.82    0.00    0.00    0.00    0.20    0.00    0.00   63.25

23:31:11     CPU    %usr   %nice    %sys %iowait    %irq   %soft  %steal  %guest  %gnice   %idle
23:31:16     all   40.58    0.00   15.81    0.00    0.00    1.78    0.21    0.00    0.00   41.62
23:31:16       0   48.53    0.00   14.29    0.00    0.00    2.31    0.21    0.00    0.00   34.66
23:31:16       1   42.46    0.00   14.86    0.00    0.00    2.55    0.21    0.00    0.00   39.92
23:31:16       2   38.60    0.00   17.25    0.00    0.00    1.03    0.21    0.00    0.00   42.92
23:31:16       3   32.77    0.00   16.81    0.00    0.00    1.26    0.21    0.00    0.00   48.95

23:31:16     CPU    %usr   %nice    %sys %iowait    %irq   %soft  %steal  %guest  %gnice   %idle
23:31:21     all   41.04    0.00   15.92    0.00    0.00    1.80    0.15    0.00    0.00   41.09
23:31:21       0   48.54    0.00   13.54    0.00    0.00    2.50    0.21    0.00    0.00   35.21
23:31:21       1   38.59    0.00   16.80    0.00    0.00    1.24    0.21    0.00    0.00   43.15
23:31:21       2   34.75    0.00   17.98    0.00    0.00    1.01    0.20    0.00    0.00   46.06
23:31:21       3   42.45    0.00   15.31    0.00    0.00    2.45    0.00    0.00    0.00   39.80

23:31:21     CPU    %usr   %nice    %sys %iowait    %irq   %soft  %steal  %guest  %gnice   %idle
23:31:26     all   39.15    0.00   16.44    0.00    0.00    1.70    0.16    0.00    0.00   42.55
23:31:26       0   41.59    0.00   15.95    0.00    0.00    1.72    0.22    0.00    0.00   40.52
23:31:26       1   44.09    0.00   15.61    0.00    0.00    1.48    0.00    0.00    0.00   38.82
23:31:26       2   33.61    0.00   17.23    0.00    0.00    1.47    0.21    0.00    0.00   47.48
23:31:26       3   37.34    0.00   16.95    0.00    0.00    2.15    0.21    0.00    0.00   43.35

23:31:26     CPU    %usr   %nice    %sys %iowait    %irq   %soft  %steal  %guest  %gnice   %idle
23:31:31     all   42.98    0.00   17.51    0.00    0.00    1.89    0.16    0.00    0.00   37.47
23:31:31       0   44.54    0.00   17.13    0.00    0.00    2.36    0.21    0.00    0.00   35.76
23:31:31       1   42.02    0.00   18.70    0.00    0.00    1.47    0.21    0.00    0.00   37.61
23:31:31       2   37.71    0.00   17.92    0.00    0.00    0.83    0.00    0.00    0.00   43.54
23:31:31       3   47.63    0.00   16.29    0.00    0.00    2.89    0.21    0.00    0.00   32.99

23:31:31     CPU    %usr   %nice    %sys %iowait    %irq   %soft  %steal  %guest  %gnice   %idle
23:31:36     all   44.55    0.00   15.95    0.05    0.00    1.75    0.15    0.00    0.00   37.55
23:31:36       0   47.93    0.00   15.56    0.00    0.00    2.28    0.21    0.00    0.00   34.02
23:31:36       1   39.29    0.00   16.63    0.00    0.00    1.66    0.21    0.00    0.00   42.20
23:31:36       2   47.46    0.00   15.62    0.20    0.00    0.81    0.20    0.00    0.00   35.70
23:31:36       3   43.44    0.00   15.98    0.00    0.00    2.25    0.00    0.00    0.00   38.32

23:31:36     CPU    %usr   %nice    %sys %iowait    %irq   %soft  %steal  %guest  %gnice   %idle
23:31:41     all   35.90    0.00   14.23    0.05    0.00    1.49    0.15    0.00    0.00   48.18
23:31:41       0   29.85    0.00   16.08    0.00    0.00    1.67    0.21    0.00    0.00   52.19
23:31:41       1   39.92    0.00   13.03    0.00    0.00    1.43    0.00    0.00    0.00   45.62
23:31:41       2   27.87    0.00   14.96    0.00    0.00    0.61    0.20    0.00    0.00   56.35
23:31:41       3   45.81    0.00   12.88    0.20    0.00    2.25    0.20    0.00    0.00   38.65

23:31:41     CPU    %usr   %nice    %sys %iowait    %irq   %soft  %steal  %guest  %gnice   %idle
23:31:46     all   35.36    0.00   14.26    0.00    0.00    1.56    0.21    0.00    0.00   48.63
23:31:46       0   29.26    0.00   16.21    0.00    0.00    1.47    0.21    0.00    0.00   52.84
23:31:46       1   54.10    0.00   10.04    0.00    0.00    1.64    0.20    0.00    0.00   34.02
23:31:46       2   28.45    0.00   15.05    0.00    0.00    0.82    0.21    0.00    0.00   55.46
23:31:46       3   29.31    0.00   15.80    0.00    0.00    2.29    0.21    0.00    0.00   52.39

23:31:46     CPU    %usr   %nice    %sys %iowait    %irq   %soft  %steal  %guest  %gnice   %idle
23:31:51     all   37.26    0.00   14.36    0.00    0.00    1.47    0.16    0.00    0.00   46.75
23:31:51       0   44.75    0.00   13.87    0.00    0.00    2.10    0.21    0.00    0.00   39.08
23:31:51       1   34.03    0.00   14.92    0.00    0.00    1.47    0.21    0.00    0.00   49.37
23:31:51       2   41.94    0.00   12.40    0.00    0.00    1.24    0.21    0.00    0.00   44.21
23:31:51       3   28.18    0.00   16.31    0.00    0.00    1.06    0.00    0.00    0.00   54.45

23:31:51     CPU    %usr   %nice    %sys %iowait    %irq   %soft  %steal  %guest  %gnice   %idle
23:31:56     all   35.71    0.00   13.92    0.00    0.00    1.52    0.11    0.00    0.00   48.74
23:31:56       0   41.60    0.00   12.82    0.00    0.00    2.31    0.21    0.00    0.00   43.07
23:31:56       1   43.70    0.00   11.76    0.00    0.00    1.68    0.00    0.00    0.00   42.86
23:31:56       2   28.60    0.00   15.24    0.00    0.00    0.63    0.00    0.00    0.00   55.53
23:31:56       3   28.96    0.00   15.86    0.00    0.00    1.48    0.21    0.00    0.00   53.49

23:31:56     CPU    %usr   %nice    %sys %iowait    %irq   %soft  %steal  %guest  %gnice   %idle
23:32:01     all   32.29    0.00   13.47    0.00    0.00    1.43    0.16    0.00    0.00   52.65
23:32:01       0   36.89    0.00   13.22    0.00    0.00    1.49    0.00    0.00    0.00   48.40
23:32:01       1   39.28    0.00   11.68    0.00    0.00    1.49    0.21    0.00    0.00   47.35
23:32:01       2   26.42    0.00   15.09    0.00    0.00    0.84    0.21    0.00    0.00   57.44
23:32:01       3   26.65    0.00   13.86    0.00    0.00    1.92    0.21    0.00    0.00   57.36

23:32:01     CPU    %usr   %nice    %sys %iowait    %irq   %soft  %steal  %guest  %gnice   %idle
23:32:06     all   37.85    0.00   14.71    0.00    0.00    1.86    0.20    0.00    0.00   45.38
23:32:06       0   50.30    0.00   12.18    0.00    0.00    2.59    0.20    0.00    0.00   34.73
23:32:06       1   29.59    0.00   16.53    0.00    0.00    1.84    0.20    0.00    0.00   51.84
23:32:06       2   29.64    0.00   16.33    0.00    0.00    0.60    0.20    0.00    0.00   53.23
23:32:06       3   41.58    0.00   13.86    0.00    0.00    2.38    0.20    0.00    0.00   41.98

23:32:06     CPU    %usr   %nice    %sys %iowait    %irq   %soft  %steal  %guest  %gnice   %idle
23:32:11     all   34.22    0.00   14.13    0.00    0.00    1.52    0.05    0.00    0.00   50.08
23:32:11       0   30.64    0.00   15.11    0.00    0.00    1.49    0.21    0.00    0.00   52.55
23:32:11       1   28.06    0.00   15.82    0.00    0.00    1.48    0.00    0.00    0.00   54.64
23:32:11       2   28.10    0.00   15.08    0.00    0.00    0.62    0.00    0.00    0.00   56.20
23:32:11       3   49.90    0.00   10.56    0.00    0.00    2.48    0.00    0.00    0.00   37.06

23:32:11     CPU    %usr   %nice    %sys %iowait    %irq   %soft  %steal  %guest  %gnice   %idle
23:32:16     all   33.76    0.00   14.00    0.00    0.00    1.60    0.15    0.00    0.00   50.49
23:32:16       0   40.25    0.00   13.35    0.00    0.00    2.05    0.00    0.00    0.00   44.35
23:32:16       1   41.70    0.00   11.41    0.00    0.00    1.66    0.21    0.00    0.00   45.02
23:32:16       2   26.08    0.00   15.20    0.00    0.00    0.62    0.21    0.00    0.00   57.91
23:32:16       3   27.10    0.00   16.02    0.00    0.00    2.05    0.21    0.00    0.00   54.62

23:32:16     CPU    %usr   %nice    %sys %iowait    %irq   %soft  %steal  %guest  %gnice   %idle
23:32:21     all   35.05    0.00   13.57    0.00    0.00    1.46    0.16    0.00    0.00   49.77
23:32:21       0   37.82    0.00   13.03    0.00    0.00    2.10    0.21    0.00    0.00   46.85
23:32:21       1   42.71    0.00   11.91    0.00    0.00    1.44    0.21    0.00    0.00   43.74
23:32:21       2   32.71    0.00   13.54    0.00    0.00    0.62    0.21    0.00    0.00   52.92
23:32:21       3   26.88    0.00   15.83    0.00    0.00    1.67    0.00    0.00    0.00   55.62

23:32:21     CPU    %usr   %nice    %sys %iowait    %irq   %soft  %steal  %guest  %gnice   %idle
23:32:26     all   31.31    0.00   13.83    0.00    0.00    1.53    0.16    0.00    0.00   53.17
23:32:26       0   26.61    0.00   14.38    0.00    0.00    1.50    0.21    0.00    0.00   57.30
23:32:26       1   26.77    0.00   15.20    0.00    0.00    1.50    0.00    0.00    0.00   56.53
23:32:26       2   24.27    0.00   15.15    0.00    0.00    1.04    0.21    0.00    0.00   59.34
23:32:26       3   47.39    0.00   10.65    0.00    0.00    2.09    0.21    0.00    0.00   39.67

23:32:26     CPU    %usr   %nice    %sys %iowait    %irq   %soft  %steal  %guest  %gnice   %idle
23:32:31     all   35.24    0.00   14.17    0.00    0.00    1.79    0.15    0.00    0.00   48.64
23:32:31       0   38.97    0.00   13.61    0.00    0.00    2.47    0.21    0.00    0.00   44.74
23:32:31       1   37.17    0.00   13.76    0.00    0.00    1.85    0.21    0.00    0.00   47.02
23:32:31       2   25.92    0.00   15.51    0.00    0.00    0.61    0.00    0.00    0.00   57.96
23:32:31       3   38.95    0.00   13.79    0.00    0.00    2.23    0.20    0.00    0.00   44.83

23:32:31     CPU    %usr   %nice    %sys %iowait    %irq   %soft  %steal  %guest  %gnice   %idle
23:32:36     all   34.43    0.00   14.24    0.05    0.00    1.69    0.10    0.00    0.00   49.49
23:32:36       0   36.02    0.00   14.29    0.00    0.00    2.07    0.00    0.00    0.00   47.62
23:32:36       1   36.76    0.00   13.76    0.21    0.00    1.85    0.21    0.00    0.00   47.23
23:32:36       2   26.26    0.00   15.56    0.00    0.00    1.01    0.20    0.00    0.00   56.97
23:32:36       3   38.81    0.00   13.35    0.00    0.00    1.85    0.00    0.00    0.00   46.00

23:32:36     CPU    %usr   %nice    %sys %iowait    %irq   %soft  %steal  %guest  %gnice   %idle
23:32:41     all   32.05    0.00   13.39    0.00    0.00    1.48    0.16    0.00    0.00   52.93
23:32:41       0   31.77    0.00   13.43    0.00    0.00    1.71    0.21    0.00    0.00   52.88
23:32:41       1   36.13    0.00   12.82    0.00    0.00    1.47    0.00    0.00    0.00   49.58
23:32:41       2   23.85    0.00   14.85    0.00    0.00    0.63    0.21    0.00    0.00   60.46
23:32:41       3   36.50    0.00   12.45    0.00    0.00    2.11    0.21    0.00    0.00   48.73

23:32:41     CPU    %usr   %nice    %sys %iowait    %irq   %soft  %steal  %guest  %gnice   %idle
23:32:46     all   35.75    0.00   13.57    0.00    0.00    1.62    0.21    0.00    0.00   48.85
23:32:46       0   39.54    0.00   12.97    0.00    0.00    2.30    0.21    0.00    0.00   44.98
23:32:46       1   37.58    0.00   12.53    0.00    0.00    1.70    0.21    0.00    0.00   47.98
23:32:46       2   27.10    0.00   15.61    0.00    0.00    0.62    0.21    0.00    0.00   56.47
23:32:46       3   38.96    0.00   13.12    0.00    0.00    1.88    0.21    0.00    0.00   45.83

23:32:46     CPU    %usr   %nice    %sys %iowait    %irq   %soft  %steal  %guest  %gnice   %idle
23:32:51     all   31.83    0.00   12.77    0.00    0.00    1.61    0.10    0.00    0.00   53.69
23:32:51       0   35.91    0.00   12.73    0.00    0.00    2.30    0.21    0.00    0.00   48.85
23:32:51       1   37.45    0.00   11.93    0.00    0.00    1.65    0.21    0.00    0.00   48.77
23:32:51       2   28.75    0.00   12.94    0.00    0.00    0.82    0.00    0.00    0.00   57.49
23:32:51       3   25.11    0.00   13.50    0.00    0.00    1.69    0.00    0.00    0.00   59.70

23:32:51     CPU    %usr   %nice    %sys %iowait    %irq   %soft  %steal  %guest  %gnice   %idle
23:32:56     all   35.64    0.00   14.00    0.00    0.00    1.50    0.10    0.00    0.00   48.76
23:32:56       0   35.76    0.00   15.38    0.00    0.00    2.08    0.00    0.00    0.00   46.78
23:32:56       1   33.19    0.00   13.57    0.00    0.00    1.67    0.00    0.00    0.00   51.57
23:32:56       2   45.12    0.00   11.79    0.00    0.00    0.81    0.20    0.00    0.00   42.07
23:32:56       3   28.31    0.00   15.29    0.00    0.00    1.45    0.21    0.00    0.00   54.75

23:32:56     CPU    %usr   %nice    %sys %iowait    %irq   %soft  %steal  %guest  %gnice   %idle
23:33:01     all   33.79    0.00   13.79    0.00    0.00    1.69    0.21    0.00    0.00   50.51
23:33:01       0   29.23    0.00   15.24    0.00    0.00    2.30    0.21    0.00    0.00   53.03
23:33:01       1   36.68    0.00   13.73    0.00    0.00    1.84    0.20    0.00    0.00   47.54
23:33:01       2   42.68    0.00   10.77    0.00    0.00    1.02    0.20    0.00    0.00   45.33
23:33:01       3   26.48    0.00   15.48    0.00    0.00    1.63    0.20    0.00    0.00   56.21

23:33:01     CPU    %usr   %nice    %sys %iowait    %irq   %soft  %steal  %guest  %gnice   %idle
23:33:06     all   33.40    0.00   13.92    0.05    0.00    1.84    0.16    0.00    0.00   50.63
23:33:06       0   39.83    0.00   11.86    0.21    0.00    2.75    0.21    0.00    0.00   45.13
23:33:06       1   37.11    0.00   13.00    0.00    0.00    2.31    0.21    0.00    0.00   47.38
23:33:06       2   26.67    0.00   15.62    0.00    0.00    0.83    0.21    0.00    0.00   56.67
23:33:06       3   30.11    0.00   15.16    0.00    0.00    1.47    0.00    0.00    0.00   53.26

23:33:06     CPU    %usr   %nice    %sys %iowait    %irq   %soft  %steal  %guest  %gnice   %idle
23:33:11     all   35.55    0.00   13.31    0.00    0.00    1.87    0.10    0.00    0.00   49.17
23:33:11       0   35.34    0.00   14.14    0.00    0.00    2.91    0.21    0.00    0.00   47.40
23:33:11       1   51.98    0.00    8.94    0.00    0.00    2.29    0.00    0.00    0.00   36.80
23:33:11       2   27.07    0.00   15.29    0.00    0.00    0.62    0.00    0.00    0.00   57.02
23:33:11       3   27.82    0.00   14.85    0.00    0.00    1.67    0.21    0.00    0.00   55.44

23:33:11     CPU    %usr   %nice    %sys %iowait    %irq   %soft  %steal  %guest  %gnice   %idle
23:33:16     all   32.20    0.00   13.83    0.00    0.00    1.72    0.16    0.00    0.00   52.09
23:33:16       0   38.95    0.00   12.00    0.00    0.00    2.53    0.00    0.00    0.00   46.53
23:33:16       1   32.85    0.00   13.60    0.00    0.00    2.09    0.21    0.00    0.00   51.26
23:33:16       2   30.72    0.00   14.43    0.00    0.00    1.03    0.21    0.00    0.00   53.61
23:33:16       3   26.36    0.00   15.27    0.00    0.00    1.26    0.21    0.00    0.00   56.90

23:33:16     CPU    %usr   %nice    %sys %iowait    %irq   %soft  %steal  %guest  %gnice   %idle
23:33:21     all   33.87    0.00   13.34    0.00    0.00    1.67    0.16    0.00    0.00   50.96
23:33:21       0   40.67    0.00   14.05    0.00    0.00    2.31    0.21    0.00    0.00   42.77
23:33:21       1   27.27    0.00   13.84    0.00    0.00    1.65    0.21    0.00    0.00   57.02
23:33:21       2   42.92    0.00   11.70    0.00    0.00    0.82    0.21    0.00    0.00   44.35
23:33:21       3   24.42    0.00   13.80    0.00    0.00    1.91    0.00    0.00    0.00   59.87

23:33:21     CPU    %usr   %nice    %sys %iowait    %irq   %soft  %steal  %guest  %gnice   %idle
23:33:26     all   33.75    0.00   13.62    0.00    0.00    1.62    0.16    0.00    0.00   50.86
23:33:26       0   28.78    0.00   15.55    0.00    0.00    2.10    0.21    0.00    0.00   53.36
23:33:26       1   35.50    0.00   13.45    0.00    0.00    1.68    0.00    0.00    0.00   49.37
23:33:26       2   41.77    0.00   11.32    0.00    0.00    1.03    0.21    0.00    0.00   45.68
23:33:26       3   28.81    0.00   14.20    0.00    0.00    1.67    0.21    0.00    0.00   55.11

23:33:26     CPU    %usr   %nice    %sys %iowait    %irq   %soft  %steal  %guest  %gnice   %idle
23:33:31     all   32.37    0.00   13.67    0.00    0.00    1.89    0.10    0.00    0.00   51.96
23:33:31       0   31.92    0.00   14.80    0.00    0.00    2.75    0.21    0.00    0.00   50.32
23:33:31       1   31.86    0.00   13.08    0.00    0.00    2.11    0.21    0.00    0.00   52.74
23:33:31       2   37.58    0.00   12.73    0.00    0.00    1.03    0.00    0.00    0.00   48.67
23:33:31       3   28.00    0.00   14.11    0.00    0.00    1.68    0.00    0.00    0.00   56.21

23:33:31     CPU    %usr   %nice    %sys %iowait    %irq   %soft  %steal  %guest  %gnice   %idle
23:33:36     all   38.55    0.00   13.33    0.05    0.00    1.96    0.10    0.00    0.00   45.99
23:33:36       0   41.96    0.00   12.94    0.21    0.00    3.34    0.00    0.00    0.00   41.54
23:33:36       1   28.33    0.00   15.22    0.00    0.00    2.11    0.00    0.00    0.00   54.33
23:33:36       2   33.95    0.00   13.91    0.00    0.00    0.61    0.20    0.00    0.00   51.33
23:33:36       3   49.60    0.00   11.34    0.00    0.00    1.82    0.20    0.00    0.00   37.04

23:33:36     CPU    %usr   %nice    %sys %iowait    %irq   %soft  %steal  %guest  %gnice   %idle
23:33:41     all   27.08    0.00   11.23    0.00    0.00    1.59    0.21    0.00    0.00   59.90
23:33:41       0   21.58    0.00   12.86    0.00    0.00    2.07    0.21    0.00    0.00   63.28
23:33:41       1   34.69    0.00   10.20    0.00    0.00    1.84    0.20    0.00    0.00   53.06
23:33:41       2   20.58    0.00   11.32    0.00    0.00    0.82    0.21    0.00    0.00   67.08
23:33:41       3   31.30    0.00   10.57    0.00    0.00    1.63    0.20    0.00    0.00   56.30
