Linux 6.17.0-1015-aws (ip-172-31-10-5) 	05/27/26 	_x86_64_	(4 CPU)

19:19:31     CPU    %usr   %nice    %sys %iowait    %irq   %soft  %steal  %guest  %gnice   %idle
19:19:36     all   30.26    0.00   11.59    0.00    0.00    4.66    0.15    0.00    0.00   53.34
19:19:36       0   19.92    0.00    7.24    0.00    0.00   14.08    0.00    0.00    0.00   58.75
19:19:36       1   37.07    0.00   12.63    0.00    0.00    4.48    0.20    0.00    0.00   45.62
19:19:36       2   21.10    0.00   16.63    0.00    0.00    0.00    0.20    0.00    0.00   62.07
19:19:36       3   43.03    0.00    9.90    0.00    0.00    0.00    0.20    0.00    0.00   46.87

19:19:36     CPU    %usr   %nice    %sys %iowait    %irq   %soft  %steal  %guest  %gnice   %idle
19:19:41     all   58.95    0.00   26.18    0.00    0.00   10.65    0.20    0.00    0.00    4.01
19:19:41       0   51.41    0.00   16.06    0.00    0.00   32.13    0.20    0.00    0.00    0.20
19:19:41       1   63.77    0.00   23.89    0.00    0.00   10.12    0.20    0.00    0.00    2.02
19:19:41       2   55.80    0.00   37.47    0.00    0.00    0.00    0.20    0.00    0.00    6.52
19:19:41       3   64.96    0.00   27.46    0.00    0.00    0.00    0.20    0.00    0.00    7.38

19:19:41     CPU    %usr   %nice    %sys %iowait    %irq   %soft  %steal  %guest  %gnice   %idle
19:19:46     all   60.49    0.00   26.10    0.00    0.00    9.55    0.15    0.00    0.00    3.71
19:19:46       0   58.63    0.00   18.67    0.00    0.00   22.29    0.00    0.00    0.00    0.40
19:19:46       1   58.66    0.00   29.33    0.00    0.00    8.96    0.41    0.00    0.00    2.65
19:19:46       2   67.61    0.00   25.30    0.00    0.00    0.00    0.00    0.00    0.00    7.09
19:19:46       3   57.00    0.00   31.28    0.00    0.00    6.79    0.21    0.00    0.00    4.73

19:19:46     CPU    %usr   %nice    %sys %iowait    %irq   %soft  %steal  %guest  %gnice   %idle
19:19:51     all   61.40    0.00   26.31    0.00    0.00    9.60    0.20    0.00    0.00    2.49
19:19:51       0   58.95    0.00   20.93    0.00    0.00   19.52    0.00    0.00    0.00    0.60
19:19:51       1   62.04    0.00   25.31    0.00    0.00   10.20    0.20    0.00    0.00    2.24
19:19:51       2   66.13    0.00   29.01    0.00    0.00    0.00    0.20    0.00    0.00    4.67
19:19:51       3   58.49    0.00   30.06    0.00    0.00    8.59    0.41    0.00    0.00    2.45

19:19:51     CPU    %usr   %nice    %sys %iowait    %irq   %soft  %steal  %guest  %gnice   %idle
19:19:56     all   73.92    0.00   16.95    0.00    0.00    7.67    0.20    0.00    0.00    1.26
19:19:56       0   80.08    0.00    7.24    0.00    0.00   12.47    0.00    0.00    0.00    0.20
19:19:56       1   77.02    0.00   13.91    0.00    0.00    7.66    0.40    0.00    0.00    1.01
19:19:56       2   76.61    0.00   20.36    0.00    0.00    0.00    0.20    0.00    0.00    2.82
19:19:56       3   61.87    0.00   26.37    0.00    0.00   10.55    0.20    0.00    0.00    1.01

19:19:56     CPU    %usr   %nice    %sys %iowait    %irq   %soft  %steal  %guest  %gnice   %idle
19:20:01     all   83.45    0.00    9.15    0.00    0.00    6.34    0.15    0.00    0.00    0.91
19:20:01       0   88.40    0.00    5.40    0.00    0.00    5.80    0.20    0.00    0.00    0.20
19:20:01       1   78.82    0.00   13.24    0.00    0.00    6.11    0.20    0.00    0.00    1.63
19:20:01       2   85.08    0.00   13.31    0.00    0.00    0.00    0.00    0.00    0.00    1.61
19:20:01       3   81.44    0.00    4.79    0.00    0.00   13.37    0.20    0.00    0.00    0.20

19:20:01     CPU    %usr   %nice    %sys %iowait    %irq   %soft  %steal  %guest  %gnice   %idle
19:20:06     all   58.53    0.00   23.77    0.05    0.00    7.91    0.21    0.00    0.00    9.53
19:20:06       0   65.57    0.00   17.11    0.00    0.00    7.22    0.00    0.00    0.00   10.10
19:20:06       1   52.56    0.00   27.14    0.00    0.00    7.05    0.43    0.00    0.00   12.82
19:20:06       2   48.23    0.00   34.45    0.21    0.00    5.85    0.21    0.00    0.00   11.06
19:20:06       3   67.57    0.00   16.53    0.00    0.00   11.51    0.21    0.00    0.00    4.18

19:20:06     CPU    %usr   %nice    %sys %iowait    %irq   %soft  %steal  %guest  %gnice   %idle
19:20:11     all   54.49    0.00   26.31    0.00    0.00    8.50    0.21    0.00    0.00   10.48
19:20:11       0   69.57    0.00   15.32    0.00    0.00    8.07    0.21    0.00    0.00    6.83
19:20:11       1   49.78    0.00   28.82    0.00    0.00    7.86    0.44    0.00    0.00   13.10
19:20:11       2   48.61    0.00   31.98    0.00    0.00    8.10    0.00    0.00    0.00   11.30
19:20:11       3   49.35    0.00   29.57    0.00    0.00   10.00    0.22    0.00    0.00   10.87

19:20:11     CPU    %usr   %nice    %sys %iowait    %irq   %soft  %steal  %guest  %gnice   %idle
19:20:16     all   54.56    0.00   26.21    0.00    0.00    8.15    0.21    0.00    0.00   10.88
19:20:16       0   61.13    0.00   22.48    0.00    0.00    7.98    0.00    0.00    0.00    8.40
19:20:16       1   53.70    0.00   26.52    0.00    0.00    7.39    0.43    0.00    0.00   11.96
19:20:16       2   46.02    0.00   32.26    0.00    0.00    7.10    0.22    0.00    0.00   14.41
19:20:16       3   57.20    0.00   23.66    0.00    0.00   10.11    0.22    0.00    0.00    8.82

19:20:16     CPU    %usr   %nice    %sys %iowait    %irq   %soft  %steal  %guest  %gnice   %idle
19:20:21     all   54.90    0.00   26.08    0.00    0.00    7.87    0.22    0.00    0.00   10.94
19:20:21       0   50.32    0.00   31.37    0.00    0.00    7.79    0.21    0.00    0.00   10.32
19:20:21       1   49.44    0.00   29.40    0.00    0.00    5.79    0.22    0.00    0.00   15.14
19:20:21       2   69.46    0.00   15.06    0.00    0.00    8.58    0.00    0.00    0.00    6.90
19:20:21       3   49.78    0.00   28.85    0.00    0.00    9.25    0.44    0.00    0.00   11.67

19:20:21     CPU    %usr   %nice    %sys %iowait    %irq   %soft  %steal  %guest  %gnice   %idle
19:20:26     all   54.83    0.00   26.43    0.00    0.00    8.17    0.21    0.00    0.00   10.36
19:20:26       0   58.44    0.00   24.89    0.00    0.00    7.38    0.00    0.00    0.00    9.28
19:20:26       1   53.90    0.00   26.62    0.00    0.00    7.14    0.43    0.00    0.00   11.90
19:20:26       2   49.79    0.00   30.30    0.00    0.00    8.26    0.21    0.00    0.00   11.44
19:20:26       3   57.20    0.00   23.87    0.00    0.00    9.89    0.22    0.00    0.00    8.82

19:20:26     CPU    %usr   %nice    %sys %iowait    %irq   %soft  %steal  %guest  %gnice   %idle
19:20:31     all   54.82    0.00   26.19    0.00    0.00    8.17    0.16    0.00    0.00   10.66
19:20:31       0   60.39    0.00   22.91    0.00    0.00    7.07    0.00    0.00    0.00    9.64
19:20:31       1   49.67    0.00   28.35    0.00    0.00    8.35    0.44    0.00    0.00   13.19
19:20:31       2   50.11    0.00   31.67    0.00    0.00    7.16    0.00    0.00    0.00   11.06
19:20:31       3   58.92    0.00   21.94    0.00    0.00   10.11    0.22    0.00    0.00    8.82

19:20:31     CPU    %usr   %nice    %sys %iowait    %irq   %soft  %steal  %guest  %gnice   %idle
19:20:36     all   54.67    0.00   26.26    0.00    0.00    8.16    0.27    0.00    0.00   10.63
19:20:36       0   70.60    0.00   16.36    0.00    0.00    7.45    0.21    0.00    0.00    5.38
19:20:36       1   50.88    0.00   29.30    0.00    0.00    6.83    0.22    0.00    0.00   12.78
19:20:36       2   47.35    0.00   31.21    0.00    0.00    9.13    0.21    0.00    0.00   12.10
19:20:36       3   49.12    0.00   28.63    0.00    0.00    9.25    0.44    0.00    0.00   12.56

19:20:36     CPU    %usr   %nice    %sys %iowait    %irq   %soft  %steal  %guest  %gnice   %idle
19:20:41     all   54.26    0.00   26.70    0.00    0.00    7.98    0.16    0.00    0.00   10.91
19:20:41       0   60.17    0.00   22.91    0.00    0.00    7.71    0.00    0.00    0.00    9.21
19:20:41       1   49.67    0.00   29.93    0.00    0.00    6.21    0.44    0.00    0.00   13.75
19:20:41       2   58.32    0.00   23.79    0.00    0.00    9.26    0.00    0.00    0.00    8.63
19:20:41       3   48.44    0.00   30.44    0.00    0.00    8.67    0.22    0.00    0.00   12.22

19:20:41     CPU    %usr   %nice    %sys %iowait    %irq   %soft  %steal  %guest  %gnice   %idle
19:20:46     all   55.35    0.00   26.33    0.00    0.00    8.60    0.16    0.00    0.00    9.56
19:20:46       0   52.35    0.00   29.70    0.00    0.00    7.48    0.21    0.00    0.00   10.26
19:20:46       1   57.73    0.00   22.88    0.00    0.00    8.50    0.22    0.00    0.00   10.68
19:20:46       2   50.85    0.00   31.41    0.00    0.00    7.91    0.00    0.00    0.00    9.83
19:20:46       3   60.52    0.00   21.24    0.00    0.00   10.52    0.21    0.00    0.00    7.51

19:20:46     CPU    %usr   %nice    %sys %iowait    %irq   %soft  %steal  %guest  %gnice   %idle
19:20:51     all   54.19    0.00   26.42    0.00    0.00    8.59    0.27    0.00    0.00   10.53
19:20:51       0   49.67    0.00   31.45    0.00    0.00    7.81    0.00    0.00    0.00   11.06
19:20:51       1   51.42    0.00   27.02    0.00    0.00    7.63    0.44    0.00    0.00   13.51
19:20:51       2   56.60    0.00   26.17    0.00    0.00    8.30    0.21    0.00    0.00    8.72
19:20:51       3   58.90    0.00   21.19    0.00    0.00   10.59    0.42    0.00    0.00    8.90

19:20:51     CPU    %usr   %nice    %sys %iowait    %irq   %soft  %steal  %guest  %gnice   %idle
19:20:56     all   54.33    0.00   26.74    0.00    0.00    8.02    0.21    0.00    0.00   10.70
19:20:56       0   49.89    0.00   30.62    0.00    0.00    7.07    0.21    0.00    0.00   12.21
19:20:56       1   61.37    0.00   20.17    0.00    0.00    7.73    0.43    0.00    0.00   10.30
19:20:56       2   57.98    0.00   25.42    0.00    0.00    7.77    0.00    0.00    0.00    8.82
19:20:56       3   47.94    0.00   30.80    0.00    0.00    9.54    0.22    0.00    0.00   11.50

19:20:56     CPU    %usr   %nice    %sys %iowait    %irq   %soft  %steal  %guest  %gnice   %idle
19:21:01     all   54.80    0.00   26.75    0.00    0.00    7.77    0.22    0.00    0.00   10.46
19:21:01       0   51.29    0.00   30.90    0.00    0.00    6.87    0.00    0.00    0.00   10.94
19:21:01       1   59.00    0.00   22.56    0.00    0.00    7.16    0.43    0.00    0.00   10.85
19:21:01       2   59.37    0.00   23.58    0.00    0.00    8.42    0.21    0.00    0.00    8.42
19:21:01       3   49.34    0.00   30.09    0.00    0.00    8.63    0.22    0.00    0.00   11.73

19:21:01     CPU    %usr   %nice    %sys %iowait    %irq   %soft  %steal  %guest  %gnice   %idle
19:21:06     all   54.34    0.00   26.23    0.00    0.00    8.42    0.16    0.00    0.00   10.85
19:21:06       0   50.00    0.00   31.03    0.00    0.00    7.33    0.00    0.00    0.00   11.64
19:21:06       1   52.08    0.00   26.48    0.00    0.00    8.97    0.22    0.00    0.00   12.25
19:21:06       2   59.14    0.00   22.37    0.00    0.00    8.17    0.00    0.00    0.00   10.32
19:21:06       3   56.10    0.00   25.05    0.00    0.00    9.21    0.43    0.00    0.00    9.21

19:21:06     CPU    %usr   %nice    %sys %iowait    %irq   %soft  %steal  %guest  %gnice   %idle
19:21:11     all   54.31    0.00   26.27    0.00    0.00    8.20    0.27    0.00    0.00   10.95
19:21:11       0   57.75    0.00   25.27    0.00    0.00    7.64    0.21    0.00    0.00    9.13
19:21:11       1   49.34    0.00   28.07    0.00    0.00    8.33    0.44    0.00    0.00   13.82
19:21:11       2   49.35    0.00   30.95    0.00    0.00    7.36    0.22    0.00    0.00   12.12
19:21:11       3   60.65    0.00   20.86    0.00    0.00    9.46    0.22    0.00    0.00    8.82

19:21:11     CPU    %usr   %nice    %sys %iowait    %irq   %soft  %steal  %guest  %gnice   %idle
19:21:16     all   53.99    0.00   27.29    0.00    0.00    7.65    0.16    0.00    0.00   10.91
19:21:16       0   57.76    0.00   24.78    0.00    0.00    6.90    0.22    0.00    0.00   10.34
19:21:16       1   58.53    0.00   23.97    0.00    0.00    7.56    0.22    0.00    0.00    9.72
19:21:16       2   49.14    0.00   31.47    0.00    0.00    8.62    0.00    0.00    0.00   10.78
19:21:16       3   50.44    0.00   28.98    0.00    0.00    7.52    0.22    0.00    0.00   12.83

19:21:16     CPU    %usr   %nice    %sys %iowait    %irq   %soft  %steal  %guest  %gnice   %idle
19:21:21     all   55.19    0.00   25.85    0.00    0.00    8.38    0.21    0.00    0.00   10.37
19:21:21       0   57.87    0.00   24.89    0.00    0.00    7.87    0.00    0.00    0.00    9.36
19:21:21       1   56.03    0.00   24.57    0.00    0.00    7.97    0.43    0.00    0.00   10.99
19:21:21       2   49.35    0.00   31.30    0.00    0.00    6.74    0.22    0.00    0.00   12.39
19:21:21       3   57.39    0.00   22.70    0.00    0.00   10.92    0.21    0.00    0.00    8.78

19:21:21     CPU    %usr   %nice    %sys %iowait    %irq   %soft  %steal  %guest  %gnice   %idle
19:21:26     all   54.66    0.00   26.27    0.00    0.00    7.64    0.22    0.00    0.00   11.21
19:21:26       0   51.20    0.00   30.50    0.00    0.00    7.19    0.00    0.00    0.00   11.11
19:21:26       1   49.45    0.00   29.01    0.00    0.00    7.47    0.44    0.00    0.00   13.63
19:21:26       2   51.41    0.00   30.59    0.00    0.00    6.94    0.00    0.00    0.00   11.06
19:21:26       3   66.24    0.00   15.29    0.00    0.00    8.92    0.42    0.00    0.00    9.13

19:21:26     CPU    %usr   %nice    %sys %iowait    %irq   %soft  %steal  %guest  %gnice   %idle
19:21:31     all   54.93    0.00   26.29    0.00    0.00    7.79    0.21    0.00    0.00   10.77
19:21:31       0   67.50    0.00   17.50    0.00    0.00    7.92    0.21    0.00    0.00    6.88
19:21:31       1   49.89    0.00   29.81    0.00    0.00    6.05    0.22    0.00    0.00   14.04
19:21:31       2   50.32    0.00   30.84    0.00    0.00    7.28    0.21    0.00    0.00   11.35
19:21:31       3   51.61    0.00   27.31    0.00    0.00    9.89    0.22    0.00    0.00   10.97

19:21:31     CPU    %usr   %nice    %sys %iowait    %irq   %soft  %steal  %guest  %gnice   %idle
19:21:36     all   54.70    0.00   26.44    0.00    0.00    8.22    0.21    0.00    0.00   10.42
19:21:36       0   58.90    0.00   23.09    0.00    0.00    8.47    0.00    0.00    0.00    9.53
19:21:36       1   50.11    0.00   29.32    0.00    0.00    7.00    0.44    0.00    0.00   13.13
19:21:36       2   49.79    0.00   31.97    0.00    0.00    7.51    0.00    0.00    0.00   10.73
19:21:36       3   59.87    0.00   21.46    0.00    0.00    9.87    0.43    0.00    0.00    8.37

19:21:36     CPU    %usr   %nice    %sys %iowait    %irq   %soft  %steal  %guest  %gnice   %idle
19:21:41     all   55.12    0.00   26.29    0.00    0.00    7.80    0.27    0.00    0.00   10.51
19:21:41       0   58.58    0.00   25.11    0.00    0.00    7.30    0.21    0.00    0.00    8.80
19:21:41       1   60.94    0.00   21.89    0.00    0.00    6.01    0.43    0.00    0.00   10.73
19:21:41       2   51.84    0.00   29.93    0.00    0.00    7.59    0.22    0.00    0.00   10.41
19:21:41       3   48.89    0.00   28.32    0.00    0.00   10.40    0.22    0.00    0.00   12.17

19:21:41     CPU    %usr   %nice    %sys %iowait    %irq   %soft  %steal  %guest  %gnice   %idle
19:21:46     all   55.12    0.00   26.54    0.05    0.00    7.61    0.11    0.00    0.00   10.57
19:21:46       0   51.52    0.00   30.30    0.22    0.00    6.93    0.00    0.00    0.00   11.04
19:21:46       1   62.53    0.00   19.91    0.00    0.00    7.28    0.21    0.00    0.00   10.06
19:21:46       2   54.04    0.00   27.87    0.00    0.00    8.30    0.00    0.00    0.00    9.79
19:21:46       3   52.31    0.00   28.13    0.00    0.00    7.91    0.22    0.00    0.00   11.43

19:21:46     CPU    %usr   %nice    %sys %iowait    %irq   %soft  %steal  %guest  %gnice   %idle
19:21:51     all   70.73    0.00   17.58    0.00    0.00    7.33    0.26    0.00    0.00    4.10
19:21:51       0   70.06    0.00   20.37    0.00    0.00    6.72    0.00    0.00    0.00    2.85
19:21:51       1   70.27    0.00   16.63    0.00    0.00    7.07    0.42    0.00    0.00    5.61
19:21:51       2   80.48    0.00   11.27    0.00    0.00    6.84    0.20    0.00    0.00    1.21
19:21:51       3   61.83    0.00   22.20    0.00    0.00    8.71    0.41    0.00    0.00    6.85

19:21:51     CPU    %usr   %nice    %sys %iowait    %irq   %soft  %steal  %guest  %gnice   %idle
19:21:56     all   81.86    0.00   10.88    0.00    0.00    6.15    0.15    0.00    0.00    0.96
19:21:56       0   74.49    0.00   17.00    0.00    0.00    6.68    0.20    0.00    0.00    1.62
19:21:56       1   82.15    0.00   10.55    0.00    0.00    5.48    0.20    0.00    0.00    1.62
19:21:56       2   84.77    0.00    8.82    0.00    0.00    6.01    0.00    0.00    0.00    0.40
19:21:56       3   85.97    0.00    7.21    0.00    0.00    6.41    0.20    0.00    0.00    0.20

19:21:56     CPU    %usr   %nice    %sys %iowait    %irq   %soft  %steal  %guest  %gnice   %idle
19:22:01     all   58.69    0.00   24.46    0.00    0.00    7.87    0.16    0.00    0.00    8.83
19:22:01       0   61.49    0.00   21.91    0.00    0.00    7.02    0.00    0.00    0.00    9.57
19:22:01       1   53.86    0.00   27.68    0.00    0.00    7.73    0.43    0.00    0.00   10.30
19:22:01       2   62.16    0.00   23.70    0.00    0.00    8.32    0.00    0.00    0.00    5.82
19:22:01       3   57.11    0.00   24.57    0.00    0.00    8.41    0.22    0.00    0.00    9.70

19:22:01     CPU    %usr   %nice    %sys %iowait    %irq   %soft  %steal  %guest  %gnice   %idle
19:22:06     all   38.94    0.00   17.28    0.00    0.00    4.85    0.26    0.00    0.00   38.67
19:22:06       0   35.71    0.00   17.86    0.00    0.00    3.99    0.21    0.00    0.00   42.23
19:22:06       1   36.31    0.00   15.07    0.00    0.00    4.46    0.42    0.00    0.00   43.74
19:22:06       2   50.73    0.00   17.46    0.00    0.00    5.61    0.21    0.00    0.00   25.99
19:22:06       3   32.77    0.00   18.72    0.00    0.00    5.32    0.21    0.00    0.00   42.98
