Linux 6.17.0-1015-aws (ip-172-31-3-246) 	05/27/26 	_x86_64_	(4 CPU)

19:19:30     CPU    %usr   %nice    %sys %iowait    %irq   %soft  %steal  %guest  %gnice   %idle
19:19:35     all   16.28    0.00    4.70    0.00    0.00    1.42    0.10    0.00    0.00   77.50
19:19:35       0   13.59    0.00    5.48    0.00    0.00    0.00    0.00    0.00    0.00   80.93
19:19:35       1   14.52    0.00    4.64    0.00    0.00    1.21    0.20    0.00    0.00   79.44
19:19:35       2   21.10    0.00    6.09    0.00    0.00    0.00    0.20    0.00    0.00   72.62
19:19:35       3   15.93    0.00    2.62    0.00    0.00    4.44    0.00    0.00    0.00   77.02

19:19:35     CPU    %usr   %nice    %sys %iowait    %irq   %soft  %steal  %guest  %gnice   %idle
19:19:40     all   60.57    0.00   23.73    0.00    0.00   10.42    0.25    0.00    0.00    5.03
19:19:40       0   62.63    0.00   28.13    0.00    0.00    0.00    0.41    0.00    0.00    8.83
19:19:40       1   63.67    0.00   22.86    0.00    0.00   10.82    0.20    0.00    0.00    2.45
19:19:40       2   58.98    0.00   32.04    0.00    0.00    0.00    0.20    0.00    0.00    8.78
19:19:40       3   57.09    0.00   12.18    0.00    0.00   30.34    0.20    0.00    0.00    0.20

19:19:40     CPU    %usr   %nice    %sys %iowait    %irq   %soft  %steal  %guest  %gnice   %idle
19:19:45     all   61.60    0.00   24.01    0.00    0.00    9.72    0.20    0.00    0.00    4.48
19:19:45       0   69.80    0.00   23.47    0.00    0.00    0.00    0.20    0.00    0.00    6.53
19:19:45       1   60.12    0.00   27.40    0.00    0.00    9.20    0.41    0.00    0.00    2.86
19:19:45       2   61.63    0.00   26.73    0.00    0.00    3.27    0.20    0.00    0.00    8.16
19:19:45       3   54.93    0.00   18.51    0.00    0.00   26.16    0.00    0.00    0.00    0.40

19:19:45     CPU    %usr   %nice    %sys %iowait    %irq   %soft  %steal  %guest  %gnice   %idle
19:19:50     all   62.47    0.00   24.69    0.00    0.00    9.56    0.20    0.00    0.00    3.07
19:19:50       0   67.70    0.00   26.54    0.00    0.00    0.00    0.21    0.00    0.00    5.56
19:19:50       1   60.49    0.00   25.72    0.00    0.00   10.08    0.21    0.00    0.00    3.50
19:19:50       2   63.14    0.00   23.83    0.00    0.00   10.59    0.20    0.00    0.00    2.24
19:19:50       3   58.62    0.00   22.72    0.00    0.00   17.44    0.20    0.00    0.00    1.01

19:19:50     CPU    %usr   %nice    %sys %iowait    %irq   %soft  %steal  %guest  %gnice   %idle
19:19:55     all   69.53    0.00   19.30    0.00    0.00    8.53    0.25    0.00    0.00    2.39
19:19:55       0   75.35    0.00   19.60    0.00    0.00    1.62    0.20    0.00    0.00    3.23
19:19:55       1   65.24    0.00   22.70    0.00    0.00    9.20    0.20    0.00    0.00    2.66
19:19:55       2   74.55    0.00   15.15    0.00    0.00    8.48    0.40    0.00    0.00    1.41
19:19:55       3   62.86    0.00   19.80    0.00    0.00   14.90    0.20    0.00    0.00    2.24

19:19:55     CPU    %usr   %nice    %sys %iowait    %irq   %soft  %steal  %guest  %gnice   %idle
19:20:00     all   88.58    0.00    5.16    0.00    0.00    5.96    0.20    0.00    0.00    0.10
19:20:00       0   89.38    0.00    6.01    0.00    0.00    4.41    0.20    0.00    0.00    0.00
19:20:00       1   89.40    0.00    6.20    0.00    0.00    4.00    0.20    0.00    0.00    0.20
19:20:00       2   84.94    0.00    3.41    0.00    0.00   11.45    0.20    0.00    0.00    0.00
19:20:00       3   90.60    0.00    5.00    0.00    0.00    4.00    0.20    0.00    0.00    0.20

19:20:00     CPU    %usr   %nice    %sys %iowait    %irq   %soft  %steal  %guest  %gnice   %idle
19:20:05     all   74.73    0.00   12.38    0.05    0.00    8.51    0.20    0.00    0.00    4.13
19:20:05       0   78.43    0.00    8.06    0.00    0.00    8.27    0.20    0.00    0.00    5.04
19:20:05       1   68.54    0.00   19.58    0.00    0.00    7.92    0.21    0.00    0.00    3.75
19:20:05       2   83.57    0.00    6.21    0.00    0.00    9.62    0.20    0.00    0.00    0.40
19:20:05       3   68.03    0.00   15.98    0.20    0.00    8.20    0.20    0.00    0.00    7.38

19:20:05     CPU    %usr   %nice    %sys %iowait    %irq   %soft  %steal  %guest  %gnice   %idle
19:20:10     all   54.20    0.00   25.74    0.00    0.00    7.38    0.21    0.00    0.00   12.47
19:20:10       0   53.43    0.00   27.04    0.00    0.00    5.79    0.21    0.00    0.00   13.52
19:20:10       1   57.45    0.00   23.62    0.00    0.00    8.51    0.21    0.00    0.00   10.21
19:20:10       2   49.25    0.00   29.12    0.00    0.00    7.49    0.21    0.00    0.00   13.92
19:20:10       3   56.65    0.00   23.18    0.00    0.00    7.73    0.21    0.00    0.00   12.23

19:20:10     CPU    %usr   %nice    %sys %iowait    %irq   %soft  %steal  %guest  %gnice   %idle
19:20:15     all   55.72    0.00   25.52    0.00    0.00    6.93    0.32    0.00    0.00   11.50
19:20:15       0   54.45    0.00   27.55    0.00    0.00    5.86    0.22    0.00    0.00   11.93
19:20:15       1   59.40    0.00   22.01    0.00    0.00    7.69    0.21    0.00    0.00   10.68
19:20:15       2   58.56    0.00   24.52    0.00    0.00    7.19    0.42    0.00    0.00    9.30
19:20:15       3   50.33    0.00   28.10    0.00    0.00    6.97    0.44    0.00    0.00   14.16

19:20:15     CPU    %usr   %nice    %sys %iowait    %irq   %soft  %steal  %guest  %gnice   %idle
19:20:20     all   57.35    0.00   24.71    0.00    0.00    7.30    0.26    0.00    0.00   10.37
19:20:20       0   71.60    0.00   14.40    0.00    0.00    6.38    0.41    0.00    0.00    7.20
19:20:20       1   51.82    0.00   28.69    0.00    0.00    7.71    0.21    0.00    0.00   11.56
19:20:20       2   53.93    0.00   27.18    0.00    0.00    7.22    0.21    0.00    0.00   11.46
19:20:20       3   51.50    0.00   28.97    0.00    0.00    7.94    0.21    0.00    0.00   11.37

19:20:20     CPU    %usr   %nice    %sys %iowait    %irq   %soft  %steal  %guest  %gnice   %idle
19:20:25     all   55.97    0.00   25.25    0.00    0.00    7.28    0.21    0.00    0.00   11.29
19:20:25       0   52.05    0.00   29.16    0.00    0.00    6.05    0.22    0.00    0.00   12.53
19:20:25       1   63.29    0.00   19.62    0.00    0.00    8.23    0.21    0.00    0.00    8.65
19:20:25       2   49.57    0.00   29.65    0.00    0.00    7.36    0.22    0.00    0.00   13.20
19:20:25       3   58.72    0.00   22.77    0.00    0.00    7.45    0.21    0.00    0.00   10.85

19:20:25     CPU    %usr   %nice    %sys %iowait    %irq   %soft  %steal  %guest  %gnice   %idle
19:20:30     all   54.78    0.00   25.77    0.00    0.00    6.96    0.16    0.00    0.00   12.33
19:20:30       0   51.17    0.00   29.00    0.00    0.00    5.97    0.21    0.00    0.00   13.65
19:20:30       1   59.66    0.00   23.74    0.00    0.00    7.98    0.00    0.00    0.00    8.61
19:20:30       2   49.89    0.00   28.36    0.00    0.00    6.18    0.21    0.00    0.00   15.35
19:20:30       3   58.33    0.00   22.01    0.00    0.00    7.69    0.21    0.00    0.00   11.75

19:20:30     CPU    %usr   %nice    %sys %iowait    %irq   %soft  %steal  %guest  %gnice   %idle
19:20:35     all   54.82    0.00   26.02    0.00    0.00    7.07    0.27    0.00    0.00   11.83
19:20:35       0   53.78    0.00   27.65    0.00    0.00    5.83    0.22    0.00    0.00   12.53
19:20:35       1   54.85    0.00   26.79    0.00    0.00    8.02    0.21    0.00    0.00   10.13
19:20:35       2   60.04    0.00   21.79    0.00    0.00    6.62    0.21    0.00    0.00   11.32
19:20:35       3   50.54    0.00   27.86    0.00    0.00    7.78    0.43    0.00    0.00   13.39

19:20:35     CPU    %usr   %nice    %sys %iowait    %irq   %soft  %steal  %guest  %gnice   %idle
19:20:40     all   54.51    0.00   26.26    0.00    0.00    7.24    0.22    0.00    0.00   11.78
19:20:40       0   53.15    0.00   29.07    0.00    0.00    5.64    0.22    0.00    0.00   11.93
19:20:40       1   59.75    0.00   22.25    0.00    0.00    7.84    0.21    0.00    0.00    9.96
19:20:40       2   57.54    0.00   23.92    0.00    0.00    7.97    0.22    0.00    0.00   10.34
19:20:40       3   47.36    0.00   29.96    0.00    0.00    7.49    0.22    0.00    0.00   14.98

19:20:40     CPU    %usr   %nice    %sys %iowait    %irq   %soft  %steal  %guest  %gnice   %idle
19:20:45     all   55.68    0.00   26.01    0.00    0.00    7.22    0.22    0.00    0.00   10.88
19:20:45       0   60.60    0.00   21.84    0.00    0.00    5.57    0.21    0.00    0.00   11.78
19:20:45       1   49.46    0.00   31.15    0.00    0.00    7.84    0.22    0.00    0.00   11.33
19:20:45       2   62.21    0.00   20.38    0.00    0.00    8.28    0.21    0.00    0.00    8.92
19:20:45       3   50.22    0.00   30.87    0.00    0.00    7.17    0.22    0.00    0.00   11.52

19:20:45     CPU    %usr   %nice    %sys %iowait    %irq   %soft  %steal  %guest  %gnice   %idle
19:20:50     all   56.27    0.00   25.62    0.00    0.00    7.18    0.27    0.00    0.00   10.66
19:20:50       0   57.17    0.00   25.05    0.00    0.00    6.21    0.21    0.00    0.00   11.35
19:20:50       1   54.29    0.00   26.82    0.00    0.00    7.94    0.21    0.00    0.00   10.73
19:20:50       2   54.51    0.00   27.04    0.00    0.00    7.51    0.21    0.00    0.00   10.73
19:20:50       3   59.10    0.00   23.55    0.00    0.00    7.07    0.43    0.00    0.00    9.85

19:20:50     CPU    %usr   %nice    %sys %iowait    %irq   %soft  %steal  %guest  %gnice   %idle
19:20:55     all   57.07    0.00   24.85    0.00    0.00    7.26    0.21    0.00    0.00   10.60
19:20:55       0   51.94    0.00   29.09    0.00    0.00    6.03    0.22    0.00    0.00   12.72
19:20:55       1   57.81    0.00   24.47    0.00    0.00    8.02    0.21    0.00    0.00    9.49
19:20:55       2   62.47    0.00   20.55    0.00    0.00    7.34    0.21    0.00    0.00    9.43
19:20:55       3   55.93    0.00   25.42    0.00    0.00    7.63    0.21    0.00    0.00   10.81

19:20:55     CPU    %usr   %nice    %sys %iowait    %irq   %soft  %steal  %guest  %gnice   %idle
19:21:00     all   54.77    0.00   25.99    0.00    0.00    7.45    0.32    0.00    0.00   11.47
19:21:00       0   49.24    0.00   30.28    0.00    0.00    6.32    0.22    0.00    0.00   13.94
19:21:00       1   50.96    0.00   29.85    0.00    0.00    8.10    0.21    0.00    0.00   10.87
19:21:00       2   67.92    0.00   15.21    0.00    0.00    8.54    0.42    0.00    0.00    7.92
19:21:00       3   50.44    0.00   29.04    0.00    0.00    6.77    0.44    0.00    0.00   13.32

19:21:00     CPU    %usr   %nice    %sys %iowait    %irq   %soft  %steal  %guest  %gnice   %idle
19:21:05     all   55.18    0.00   25.86    0.00    0.00    7.34    0.27    0.00    0.00   11.34
19:21:05       0   49.67    0.00   29.98    0.00    0.00    6.56    0.44    0.00    0.00   13.35
19:21:05       1   62.10    0.00   20.99    0.00    0.00    7.92    0.21    0.00    0.00    8.78
19:21:05       2   57.91    0.00   23.50    0.00    0.00    7.48    0.21    0.00    0.00   10.90
19:21:05       3   50.87    0.00   29.13    0.00    0.00    7.39    0.22    0.00    0.00   12.39

19:21:05     CPU    %usr   %nice    %sys %iowait    %irq   %soft  %steal  %guest  %gnice   %idle
19:21:10     all   55.60    0.00   25.66    0.00    0.00    7.23    0.21    0.00    0.00   11.30
19:21:10       0   50.32    0.00   30.19    0.00    0.00    6.42    0.00    0.00    0.00   13.06
19:21:10       1   53.08    0.00   27.39    0.00    0.00    8.07    0.21    0.00    0.00   11.25
19:21:10       2   67.98    0.00   16.74    0.00    0.00    7.02    0.21    0.00    0.00    8.06
19:21:10       3   50.64    0.00   28.60    0.00    0.00    7.42    0.42    0.00    0.00   12.92

19:21:10     CPU    %usr   %nice    %sys %iowait    %irq   %soft  %steal  %guest  %gnice   %idle
19:21:15     all   55.87    0.00   25.13    0.05    0.00    7.31    0.27    0.00    0.00   11.37
19:21:15       0   52.16    0.00   28.66    0.00    0.00    6.03    0.43    0.00    0.00   12.72
19:21:15       1   59.79    0.00   22.95    0.00    0.00    8.21    0.21    0.00    0.00    8.84
19:21:15       2   60.63    0.00   20.84    0.21    0.00    6.95    0.21    0.00    0.00   11.16
19:21:15       3   50.65    0.00   28.26    0.00    0.00    8.04    0.22    0.00    0.00   12.83

19:21:15     CPU    %usr   %nice    %sys %iowait    %irq   %soft  %steal  %guest  %gnice   %idle
19:21:20     all   56.92    0.00   25.33    0.00    0.00    7.37    0.21    0.00    0.00   10.17
19:21:20       0   62.95    0.00   21.89    0.00    0.00    6.53    0.21    0.00    0.00    8.42
19:21:20       1   62.03    0.00   21.52    0.00    0.00    8.02    0.21    0.00    0.00    8.23
19:21:20       2   51.60    0.00   29.42    0.00    0.00    7.25    0.21    0.00    0.00   11.51
19:21:20       3   50.96    0.00   28.57    0.00    0.00    7.68    0.21    0.00    0.00   12.58

19:21:20     CPU    %usr   %nice    %sys %iowait    %irq   %soft  %steal  %guest  %gnice   %idle
19:21:25     all   57.44    0.00   24.68    0.00    0.00    7.33    0.26    0.00    0.00   10.28
19:21:25       0   52.75    0.00   29.66    0.00    0.00    5.51    0.21    0.00    0.00   11.86
19:21:25       1   62.42    0.00   20.25    0.00    0.00    9.39    0.21    0.00    0.00    7.72
19:21:25       2   52.97    0.00   27.97    0.00    0.00    6.99    0.42    0.00    0.00   11.65
19:21:25       3   61.52    0.00   20.93    0.00    0.00    7.40    0.21    0.00    0.00    9.94

19:21:25     CPU    %usr   %nice    %sys %iowait    %irq   %soft  %steal  %guest  %gnice   %idle
19:21:30     all   55.32    0.00   25.79    0.00    0.00    7.06    0.27    0.00    0.00   11.56
19:21:30       0   57.05    0.00   25.68    0.00    0.00    6.11    0.21    0.00    0.00   10.95
19:21:30       1   49.89    0.00   29.85    0.00    0.00    7.84    0.22    0.00    0.00   12.20
19:21:30       2   65.04    0.00   18.86    0.00    0.00    6.78    0.21    0.00    0.00    9.11
19:21:30       3   49.03    0.00   28.94    0.00    0.00    7.56    0.43    0.00    0.00   14.04

19:21:30     CPU    %usr   %nice    %sys %iowait    %irq   %soft  %steal  %guest  %gnice   %idle
19:21:35     all   55.60    0.00   25.62    0.00    0.00    7.53    0.16    0.00    0.00   11.09
19:21:35       0   59.15    0.00   23.19    0.00    0.00    6.81    0.21    0.00    0.00   10.64
19:21:35       1   51.60    0.00   28.36    0.00    0.00    8.53    0.21    0.00    0.00   11.30
19:21:35       2   60.00    0.00   21.88    0.00    0.00    7.29    0.21    0.00    0.00   10.62
19:21:35       3   51.50    0.00   29.18    0.00    0.00    7.51    0.00    0.00    0.00   11.80

19:21:35     CPU    %usr   %nice    %sys %iowait    %irq   %soft  %steal  %guest  %gnice   %idle
19:21:40     all   55.69    0.00   26.30    0.05    0.00    7.27    0.27    0.00    0.00   10.42
19:21:40       0   58.28    0.00   25.38    0.00    0.00    5.81    0.22    0.00    0.00   10.32
19:21:40       1   50.54    0.00   30.19    0.21    0.00    7.92    0.21    0.00    0.00   10.92
19:21:40       2   61.68    0.00   21.89    0.00    0.00    7.58    0.21    0.00    0.00    8.63
19:21:40       3   52.16    0.00   27.80    0.00    0.00    7.76    0.43    0.00    0.00   11.85

19:21:40     CPU    %usr   %nice    %sys %iowait    %irq   %soft  %steal  %guest  %gnice   %idle
19:21:45     all   55.72    0.00   25.47    0.00    0.00    7.44    0.21    0.00    0.00   11.16
19:21:45       0   57.26    0.00   24.15    0.00    0.00    6.20    0.21    0.00    0.00   12.18
19:21:45       1   51.91    0.00   28.72    0.00    0.00    8.51    0.21    0.00    0.00   10.64
19:21:45       2   61.15    0.00   21.23    0.00    0.00    7.43    0.21    0.00    0.00    9.98
19:21:45       3   52.54    0.00   27.75    0.00    0.00    7.63    0.21    0.00    0.00   11.86

19:21:45     CPU    %usr   %nice    %sys %iowait    %irq   %soft  %steal  %guest  %gnice   %idle
19:21:50     all   66.39    0.00   19.19    0.00    0.00    6.85    0.26    0.00    0.00    7.31
19:21:50       0   68.52    0.00   19.34    0.00    0.00    4.53    0.41    0.00    0.00    7.20
19:21:50       1   66.39    0.00   18.16    0.00    0.00    8.35    0.21    0.00    0.00    6.89
19:21:50       2   65.15    0.00   20.33    0.00    0.00    6.64    0.21    0.00    0.00    7.68
19:21:50       3   65.49    0.00   18.92    0.00    0.00    7.90    0.21    0.00    0.00    7.48

19:21:50     CPU    %usr   %nice    %sys %iowait    %irq   %soft  %steal  %guest  %gnice   %idle
19:21:55     all   74.62    0.00   18.20    0.00    0.00    6.42    0.25    0.00    0.00    0.50
19:21:55       0   80.44    0.00   14.77    0.00    0.00    4.59    0.20    0.00    0.00    0.00
19:21:55       1   52.13    0.00   36.71    0.00    0.00    8.92    0.20    0.00    0.00    2.03
19:21:55       2   88.20    0.00    5.00    0.00    0.00    6.40    0.40    0.00    0.00    0.00
19:21:55       3   77.40    0.00   16.60    0.00    0.00    5.80    0.20    0.00    0.00    0.00

19:21:55     CPU    %usr   %nice    %sys %iowait    %irq   %soft  %steal  %guest  %gnice   %idle
19:22:00     all   64.41    0.00   22.07    0.00    0.00    7.12    0.21    0.00    0.00    6.19
19:22:00       0   58.63    0.00   25.36    0.00    0.00    5.61    0.21    0.00    0.00   10.19
19:22:00       1   64.62    0.00   23.93    0.00    0.00    7.57    0.20    0.00    0.00    3.68
19:22:00       2   57.32    0.00   26.15    0.00    0.00    7.11    0.21    0.00    0.00    9.21
19:22:00       3   76.78    0.00   13.03    0.00    0.00    8.15    0.20    0.00    0.00    1.83

19:22:00     CPU    %usr   %nice    %sys %iowait    %irq   %soft  %steal  %guest  %gnice   %idle
19:22:05     all   52.00    0.00   24.27    0.00    0.00    6.51    0.27    0.00    0.00   16.96
19:22:05       0   58.90    0.00   18.86    0.00    0.00    4.66    0.21    0.00    0.00   17.37
19:22:05       1   47.65    0.00   27.78    0.00    0.00    7.48    0.21    0.00    0.00   16.88
19:22:05       2   56.17    0.00   23.40    0.00    0.00    7.02    0.21    0.00    0.00   13.19
19:22:05       3   45.16    0.00   27.10    0.00    0.00    6.88    0.43    0.00    0.00   20.43
