Linux 6.17.0-1015-aws (ip-172-31-15-213) 	05/25/26 	_x86_64_	(4 CPU)

18:50:59     CPU    %usr   %nice    %sys %iowait    %irq   %soft  %steal  %guest  %gnice   %idle
18:51:04     all   20.95    0.00    8.68    0.00    0.00    2.18    0.00    0.00    0.00   68.19
18:51:04       0   15.85    0.00    8.13    0.00    0.00    0.00    0.00    0.00    0.00   76.02
18:51:04       1   27.97    0.00    6.84    0.00    0.00    6.04    0.00    0.00    0.00   59.15
18:51:04       2   26.12    0.00    8.37    0.00    0.00    2.65    0.00    0.00    0.00   62.86
18:51:04       3   13.82    0.00   11.38    0.00    0.00    0.00    0.00    0.00    0.00   74.80

18:51:04     CPU    %usr   %nice    %sys %iowait    %irq   %soft  %steal  %guest  %gnice   %idle
18:51:09     all   54.24    0.00   26.79    0.05    0.00    9.54    0.20    0.00    0.00    9.18
18:51:09       0   65.09    0.00   22.18    0.21    0.00    0.00    0.21    0.00    0.00   12.32
18:51:09       1   51.00    0.00   17.87    0.00    0.00   25.90    0.00    0.00    0.00    5.22
18:51:09       2   54.16    0.00   25.96    0.00    0.00   11.97    0.41    0.00    0.00    7.51
18:51:09       3   46.86    0.00   41.18    0.00    0.00    0.00    0.20    0.00    0.00   11.76

18:51:09     CPU    %usr   %nice    %sys %iowait    %irq   %soft  %steal  %guest  %gnice   %idle
18:51:14     all   58.14    0.00   26.90    0.05    0.00    9.09    0.26    0.00    0.00    5.56
18:51:14       0   58.81    0.00   28.28    0.00    0.00    4.71    0.41    0.00    0.00    7.79
18:51:14       1   56.54    0.00   20.93    0.00    0.00   21.33    0.20    0.00    0.00    1.01
18:51:14       2   55.69    0.00   29.19    0.00    0.00   10.14    0.21    0.00    0.00    4.76
18:51:14       3   61.51    0.00   29.33    0.20    0.00    0.00    0.20    0.00    0.00    8.76

18:51:14     CPU    %usr   %nice    %sys %iowait    %irq   %soft  %steal  %guest  %gnice   %idle
18:51:19     all   58.28    0.00   28.17    0.00    0.00    8.74    0.15    0.00    0.00    4.65
18:51:19       0   56.73    0.00   28.78    0.00    0.00    9.73    0.21    0.00    0.00    4.55
18:51:19       1   61.38    0.00   22.36    0.00    0.00   14.23    0.00    0.00    0.00    2.03
18:51:19       2   64.49    0.00   21.22    0.00    0.00   11.02    0.20    0.00    0.00    3.06
18:51:19       3   50.51    0.00   40.33    0.00    0.00    0.00    0.20    0.00    0.00    8.96

18:51:19     CPU    %usr   %nice    %sys %iowait    %irq   %soft  %steal  %guest  %gnice   %idle
18:51:24     all   58.02    0.00   27.73    0.05    0.00    8.90    0.21    0.00    0.00    5.09
18:51:24       0   57.61    0.00   27.78    0.21    0.00    9.67    0.21    0.00    0.00    4.53
18:51:24       1   61.76    0.00   23.52    0.00    0.00   11.04    0.20    0.00    0.00    3.48
18:51:24       2   59.71    0.00   26.45    0.00    0.00    9.92    0.21    0.00    0.00    3.72
18:51:24       3   52.99    0.00   33.20    0.00    0.00    4.95    0.21    0.00    0.00    8.66

18:51:24     CPU    %usr   %nice    %sys %iowait    %irq   %soft  %steal  %guest  %gnice   %idle
18:51:29     all   58.13    0.00   27.52    0.00    0.00    9.21    0.15    0.00    0.00    4.99
18:51:29       0   56.22    0.00   28.42    0.00    0.00    9.75    0.41    0.00    0.00    5.19
18:51:29       1   61.55    0.00   25.36    0.00    0.00    7.16    0.00    0.00    0.00    5.93
18:51:29       2   60.29    0.00   24.07    0.00    0.00   11.73    0.21    0.00    0.00    3.70
18:51:29       3   54.41    0.00   32.24    0.00    0.00    8.21    0.00    0.00    0.00    5.13

18:51:29     CPU    %usr   %nice    %sys %iowait    %irq   %soft  %steal  %guest  %gnice   %idle
18:51:34     all   58.63    0.00   27.82    0.05    0.00    8.29    0.15    0.00    0.00    5.05
18:51:34       0   57.26    0.00   28.63    0.00    0.00    8.92    0.21    0.00    0.00    4.98
18:51:34       1   61.22    0.00   27.96    0.20    0.00    4.90    0.20    0.00    0.00    5.51
18:51:34       2   56.70    0.00   27.63    0.00    0.00   10.93    0.21    0.00    0.00    4.54
18:51:34       3   59.30    0.00   27.07    0.00    0.00    8.47    0.00    0.00    0.00    5.17

18:51:34     CPU    %usr   %nice    %sys %iowait    %irq   %soft  %steal  %guest  %gnice   %idle
18:51:39     all   48.73    0.00   22.38    0.00    0.00    6.93    0.25    0.00    0.00   21.71
18:51:39       0   48.47    0.00   22.40    0.00    0.00    7.33    0.41    0.00    0.00   21.38
18:51:39       1   45.33    0.00   27.44    0.00    0.00    4.67    0.00    0.00    0.00   22.56
18:51:39       2   51.74    0.00   17.79    0.00    0.00    8.59    0.41    0.00    0.00   21.47
18:51:39       3   49.39    0.00   21.84    0.00    0.00    7.14    0.20    0.00    0.00   21.43
