Linux 6.17.0-1015-aws (ip-172-31-15-155) 	05/25/26 	_x86_64_	(4 CPU)

18:50:58     CPU    %usr   %nice    %sys %iowait    %irq   %soft  %steal  %guest  %gnice   %idle
18:51:03     all   12.99    0.00    3.12    0.05    0.00    0.50    0.05    0.00    0.00   83.28
18:51:03       0   10.44    0.00    2.21    0.20    0.00    0.60    0.00    0.00    0.00   86.55
18:51:03       1    6.67    0.00    2.42    0.00    0.00    1.01    0.00    0.00    0.00   89.90
18:51:03       2    9.22    0.00    3.61    0.00    0.00    0.00    0.20    0.00    0.00   86.97
18:51:03       3   25.71    0.00    4.25    0.00    0.00    0.40    0.00    0.00    0.00   69.64

18:51:03     CPU    %usr   %nice    %sys %iowait    %irq   %soft  %steal  %guest  %gnice   %idle
18:51:08     all   57.28    0.00   25.78    0.00    0.00    7.46    0.21    0.00    0.00    9.26
18:51:08       0   59.30    0.00   22.09    0.00    0.00    8.38    0.41    0.00    0.00    9.82
18:51:08       1   49.17    0.00   32.23    0.00    0.00    5.99    0.00    0.00    0.00   12.60
18:51:08       2   59.63    0.00   21.74    0.00    0.00    7.45    0.21    0.00    0.00   10.97
18:51:08       3   60.99    0.00   27.10    0.00    0.00    8.01    0.21    0.00    0.00    3.70

18:51:08     CPU    %usr   %nice    %sys %iowait    %irq   %soft  %steal  %guest  %gnice   %idle
18:51:13     all   56.64    0.00   26.38    0.00    0.00    7.47    0.16    0.00    0.00    9.35
18:51:13       0   62.99    0.00   23.28    0.00    0.00    7.48    0.21    0.00    0.00    6.03
18:51:13       1   52.59    0.00   31.68    0.00    0.00    0.00    0.21    0.00    0.00   15.53
18:51:13       2   50.85    0.00   26.50    0.00    0.00   13.89    0.00    0.00    0.00    8.76
18:51:13       3   59.96    0.00   24.07    0.00    0.00    8.71    0.21    0.00    0.00    7.05

18:51:13     CPU    %usr   %nice    %sys %iowait    %irq   %soft  %steal  %guest  %gnice   %idle
18:51:18     all   56.61    0.00   27.11    0.05    0.00    7.21    0.21    0.00    0.00    8.81
18:51:18       0   55.93    0.00   28.07    0.00    0.00    8.32    0.42    0.00    0.00    7.28
18:51:18       1   63.19    0.00   21.06    0.00    0.00    6.95    0.00    0.00    0.00    8.79
18:51:18       2   50.63    0.00   31.30    0.00    0.00    5.25    0.21    0.00    0.00   12.61
18:51:18       3   56.52    0.00   28.16    0.21    0.00    8.28    0.21    0.00    0.00    6.63

18:51:18     CPU    %usr   %nice    %sys %iowait    %irq   %soft  %steal  %guest  %gnice   %idle
18:51:23     all   56.32    0.00   26.98    0.10    0.00    7.05    0.16    0.00    0.00    9.39
18:51:23       0   53.80    0.00   29.11    0.21    0.00    8.23    0.21    0.00    0.00    8.44
18:51:23       1   48.95    0.00   29.75    0.00    0.00   12.66    0.21    0.00    0.00    8.44
18:51:23       2   68.16    0.00   18.57    0.20    0.00    0.00    0.20    0.00    0.00   12.86
18:51:23       3   53.97    0.00   30.75    0.00    0.00    7.53    0.00    0.00    0.00    7.74

18:51:23     CPU    %usr   %nice    %sys %iowait    %irq   %soft  %steal  %guest  %gnice   %idle
18:51:28     all   56.98    0.00   26.56    0.05    0.00    7.24    0.21    0.00    0.00    8.96
18:51:28       0   56.21    0.00   27.16    0.00    0.00    7.79    0.21    0.00    0.00    8.63
18:51:28       1   57.38    0.00   25.36    0.21    0.00    6.03    0.00    0.00    0.00   11.02
18:51:28       2   51.46    0.00   30.00    0.00    0.00    7.92    0.42    0.00    0.00   10.21
18:51:28       3   62.81    0.00   23.76    0.00    0.00    7.23    0.21    0.00    0.00    5.99

18:51:28     CPU    %usr   %nice    %sys %iowait    %irq   %soft  %steal  %guest  %gnice   %idle
18:51:33     all   55.90    0.00   27.12    0.05    0.00    7.37    0.21    0.00    0.00    9.35
18:51:33       0   63.07    0.00   22.20    0.00    0.00    6.85    0.41    0.00    0.00    7.47
18:51:33       1   57.08    0.00   29.57    0.21    0.00    0.00    0.21    0.00    0.00   12.94
18:51:33       2   49.57    0.00   26.71    0.00    0.00   14.74    0.00    0.00    0.00    8.97
18:51:33       3   53.67    0.00   29.98    0.00    0.00    8.18    0.21    0.00    0.00    7.97

18:51:33     CPU    %usr   %nice    %sys %iowait    %irq   %soft  %steal  %guest  %gnice   %idle
18:51:38     all   57.35    0.00   26.07    0.00    0.00    6.88    0.10    0.00    0.00    9.59
18:51:38       0   62.60    0.00   20.45    0.00    0.00    8.06    0.21    0.00    0.00    8.68
18:51:38       1   49.37    0.00   31.30    0.00    0.00    6.93    0.00    0.00    0.00   12.39
18:51:38       2   62.42    0.00   22.96    0.00    0.00    5.22    0.21    0.00    0.00    9.19
18:51:38       3   54.91    0.00   29.65    0.00    0.00    7.31    0.00    0.00    0.00    8.14
