Linux 6.17.0-1015-aws (ip-172-31-15-155) 	05/25/26 	_x86_64_	(4 CPU)

18:53:17     CPU    %usr   %nice    %sys %iowait    %irq   %soft  %steal  %guest  %gnice   %idle
18:53:22     all   15.76    0.00    3.68    0.05    0.00    0.70    0.10    0.00    0.00   79.71
18:53:22       0   12.73    0.00    3.84    0.20    0.00    0.00    0.00    0.00    0.00   83.23
18:53:22       1    7.46    0.00    2.42    0.00    0.00    1.61    0.20    0.00    0.00   88.31
18:53:22       2    6.43    0.00    4.42    0.00    0.00    0.00    0.20    0.00    0.00   88.96
18:53:22       3   36.42    0.00    4.02    0.00    0.00    1.21    0.00    0.00    0.00   58.35

18:53:22     CPU    %usr   %nice    %sys %iowait    %irq   %soft  %steal  %guest  %gnice   %idle
18:53:27     all   55.91    0.00   24.06    0.00    0.00    7.64    0.26    0.00    0.00   12.13
18:53:27       0   56.70    0.00   24.12    0.00    0.00    1.24    0.41    0.00    0.00   17.53
18:53:27       1   54.81    0.00   22.09    0.00    0.00   14.93    0.20    0.00    0.00    7.98
18:53:27       2   57.62    0.00   25.47    0.00    0.00    1.46    0.21    0.00    0.00   15.24
18:53:27       3   54.55    0.00   24.59    0.00    0.00   12.81    0.21    0.00    0.00    7.85

18:53:27     CPU    %usr   %nice    %sys %iowait    %irq   %soft  %steal  %guest  %gnice   %idle
18:53:32     all   58.42    0.00   26.22    0.00    0.00    8.08    0.21    0.00    0.00    7.08
18:53:32       0   63.10    0.00   21.38    0.00    0.00    7.13    0.21    0.00    0.00    8.18
18:53:32       1   56.25    0.00   30.00    0.00    0.00    7.08    0.21    0.00    0.00    6.46
18:53:32       2   59.45    0.00   23.95    0.00    0.00    9.45    0.21    0.00    0.00    6.93
18:53:32       3   54.85    0.00   29.54    0.00    0.00    8.65    0.21    0.00    0.00    6.75

18:53:32     CPU    %usr   %nice    %sys %iowait    %irq   %soft  %steal  %guest  %gnice   %idle
18:53:37     all   59.57    0.00   25.36    0.00    0.00    7.96    0.11    0.00    0.00    7.01
18:53:37       0   62.47    0.00   22.64    0.00    0.00    6.92    0.21    0.00    0.00    7.76
18:53:37       1   57.51    0.00   28.54    0.00    0.00    7.19    0.00    0.00    0.00    6.77
18:53:37       2   62.97    0.00   21.13    0.00    0.00    8.58    0.21    0.00    0.00    7.11
18:53:37       3   55.22    0.00   29.21    0.00    0.00    9.17    0.00    0.00    0.00    6.40

18:53:37     CPU    %usr   %nice    %sys %iowait    %irq   %soft  %steal  %guest  %gnice   %idle
18:53:42     all   59.99    0.00   25.62    0.00    0.00    7.43    0.21    0.00    0.00    6.75
18:53:42       0   61.52    0.00   24.52    0.00    0.00    5.50    0.21    0.00    0.00    8.25
18:53:42       1   61.30    0.00   25.31    0.00    0.00    7.95    0.21    0.00    0.00    5.23
18:53:42       2   59.87    0.00   24.42    0.00    0.00    7.43    0.21    0.00    0.00    8.07
18:53:42       3   57.26    0.00   28.21    0.00    0.00    8.84    0.21    0.00    0.00    5.47

18:53:42     CPU    %usr   %nice    %sys %iowait    %irq   %soft  %steal  %guest  %gnice   %idle
18:53:47     all   58.79    0.00   25.84    0.00    0.00    8.42    0.16    0.00    0.00    6.79
18:53:47       0   57.89    0.00   26.53    0.00    0.00    7.58    0.21    0.00    0.00    7.79
18:53:47       1   62.26    0.00   24.74    0.00    0.00    6.92    0.21    0.00    0.00    5.87
18:53:47       2   59.37    0.00   22.74    0.00    0.00    9.47    0.21    0.00    0.00    8.21
18:53:47       3   55.60    0.00   29.39    0.00    0.00    9.73    0.00    0.00    0.00    5.29

18:53:47     CPU    %usr   %nice    %sys %iowait    %irq   %soft  %steal  %guest  %gnice   %idle
18:53:52     all   58.93    0.00   26.37    0.00    0.00    7.24    0.21    0.00    0.00    7.24
18:53:52       0   53.65    0.00   29.61    0.00    0.00    6.44    0.21    0.00    0.00   10.09
18:53:52       1   60.87    0.00   26.50    0.00    0.00    7.45    0.21    0.00    0.00    4.97
18:53:52       2   61.32    0.00   22.65    0.00    0.00    7.05    0.21    0.00    0.00    8.76
18:53:52       3   59.79    0.00   26.74    0.00    0.00    8.00    0.21    0.00    0.00    5.26

18:53:52     CPU    %usr   %nice    %sys %iowait    %irq   %soft  %steal  %guest  %gnice   %idle
18:53:57     all   57.84    0.00   25.54    0.00    0.00    6.91    0.21    0.00    0.00    9.50
18:53:57       0   50.85    0.00   30.13    0.00    0.00    5.13    0.21    0.00    0.00   13.68
18:53:57       1   54.11    0.00   28.84    0.00    0.00    7.16    0.21    0.00    0.00    9.68
18:53:57       2   60.17    0.00   24.63    0.00    0.00    6.85    0.21    0.00    0.00    8.14
18:53:57       3   65.98    0.00   18.76    0.00    0.00    8.45    0.21    0.00    0.00    6.60
