Linux 6.17.0-1015-aws (ip-172-31-3-246) 	05/27/26 	_x86_64_	(4 CPU)

20:00:18     CPU    %usr   %nice    %sys %iowait    %irq   %soft  %steal  %guest  %gnice   %idle
20:00:23     all   18.97    0.00    3.62    0.10    0.00    1.11    0.10    0.00    0.00   76.09
20:00:23       0   37.95    0.00    4.02    0.00    0.00    1.00    0.00    0.00    0.00   57.03
20:00:23       1   15.32    0.00    3.83    0.00    0.00    1.21    0.20    0.00    0.00   79.44
20:00:23       2   11.67    0.00    3.42    0.40    0.00    1.21    0.20    0.00    0.00   83.10
20:00:23       3   10.89    0.00    3.23    0.00    0.00    1.01    0.00    0.00    0.00   84.88

20:00:23     CPU    %usr   %nice    %sys %iowait    %irq   %soft  %steal  %guest  %gnice   %idle
20:00:28     all   73.06    0.00   15.97    0.00    0.00   10.62    0.25    0.00    0.00    0.10
20:00:28       0   75.95    0.00   14.63    0.00    0.00    8.82    0.40    0.00    0.00    0.20
20:00:28       1   71.00    0.00   16.60    0.00    0.00   12.00    0.20    0.00    0.00    0.20
20:00:28       2   73.95    0.00   15.23    0.00    0.00   10.62    0.20    0.00    0.00    0.00
20:00:28       3   71.34    0.00   17.43    0.00    0.00   11.02    0.20    0.00    0.00    0.00

20:00:28     CPU    %usr   %nice    %sys %iowait    %irq   %soft  %steal  %guest  %gnice   %idle
20:00:33     all   70.31    0.00   18.73    0.00    0.00   10.57    0.15    0.00    0.00    0.25
20:00:33       0   71.40    0.00   18.80    0.00    0.00    9.40    0.20    0.00    0.00    0.20
20:00:33       1   69.22    0.00   18.51    0.00    0.00   12.07    0.00    0.00    0.00    0.20
20:00:33       2   69.60    0.00   19.80    0.00    0.00   10.20    0.20    0.00    0.00    0.20
20:00:33       3   71.00    0.00   17.80    0.00    0.00   10.60    0.20    0.00    0.00    0.40

20:00:33     CPU    %usr   %nice    %sys %iowait    %irq   %soft  %steal  %guest  %gnice   %idle
20:00:38     all   72.41    0.00   16.37    0.00    0.00   10.72    0.30    0.00    0.00    0.20
20:00:38       0   74.40    0.00   15.20    0.00    0.00   10.00    0.20    0.00    0.00    0.20
20:00:38       1   72.26    0.00   15.97    0.00    0.00   11.38    0.40    0.00    0.00    0.00
20:00:38       2   71.69    0.00   17.07    0.00    0.00   10.64    0.20    0.00    0.00    0.40
20:00:38       3   71.29    0.00   17.27    0.00    0.00   10.84    0.40    0.00    0.00    0.20

20:00:38     CPU    %usr   %nice    %sys %iowait    %irq   %soft  %steal  %guest  %gnice   %idle
20:00:43     all   72.44    0.00   17.08    0.00    0.00   10.12    0.20    0.00    0.00    0.15
20:00:43       0   76.20    0.00   14.80    0.00    0.00    8.80    0.20    0.00    0.00    0.00
20:00:43       1   69.74    0.00   18.24    0.00    0.00   11.42    0.20    0.00    0.00    0.40
20:00:43       2   72.55    0.00   17.23    0.00    0.00   10.02    0.20    0.00    0.00    0.00
20:00:43       3   71.29    0.00   18.07    0.00    0.00   10.24    0.20    0.00    0.00    0.20

20:00:43     CPU    %usr   %nice    %sys %iowait    %irq   %soft  %steal  %guest  %gnice   %idle
20:00:48     all   72.27    0.00   16.82    0.00    0.00   10.56    0.20    0.00    0.00    0.15
20:00:48       0   72.09    0.00   18.67    0.00    0.00    8.84    0.20    0.00    0.00    0.20
20:00:48       1   73.35    0.00   14.83    0.00    0.00   11.62    0.20    0.00    0.00    0.00
20:00:48       2   71.66    0.00   17.37    0.00    0.00   10.58    0.20    0.00    0.00    0.20
20:00:48       3   72.00    0.00   16.40    0.00    0.00   11.20    0.20    0.00    0.00    0.20

20:00:48     CPU    %usr   %nice    %sys %iowait    %irq   %soft  %steal  %guest  %gnice   %idle
20:00:53     all   68.65    0.00   16.73    0.00    0.00    9.86    0.25    0.00    0.00    4.51
20:00:53       0   66.53    0.00   18.24    0.00    0.00    9.02    0.20    0.00    0.00    6.01
20:00:53       1   73.00    0.00   16.40    0.00    0.00   10.40    0.20    0.00    0.00    0.00
20:00:53       2   67.33    0.00   17.03    0.00    0.00    9.42    0.20    0.00    0.00    6.01
20:00:53       3   67.74    0.00   15.23    0.00    0.00   10.62    0.40    0.00    0.00    6.01

20:00:53     CPU    %usr   %nice    %sys %iowait    %irq   %soft  %steal  %guest  %gnice   %idle
20:00:58     all   69.36    0.00   19.64    0.00    0.00   10.35    0.20    0.00    0.00    0.45
20:00:58       0   72.55    0.00   18.24    0.00    0.00    8.62    0.20    0.00    0.00    0.40
20:00:58       1   68.54    0.00   19.04    0.00    0.00   11.82    0.20    0.00    0.00    0.40
20:00:58       2   66.53    0.00   21.77    0.00    0.00   10.89    0.20    0.00    0.00    0.60
20:00:58       3   69.82    0.00   19.52    0.00    0.00   10.06    0.20    0.00    0.00    0.40

20:00:58     CPU    %usr   %nice    %sys %iowait    %irq   %soft  %steal  %guest  %gnice   %idle
20:01:03     all   71.15    0.00   18.92    0.00    0.00    9.38    0.20    0.00    0.00    0.35
20:01:03       0   65.12    0.00   25.81    0.00    0.00    8.06    0.20    0.00    0.00    0.81
20:01:03       1   70.48    0.00   19.28    0.00    0.00    9.84    0.20    0.00    0.00    0.20
20:01:03       2   70.60    0.00   19.60    0.00    0.00    9.40    0.20    0.00    0.00    0.20
20:01:03       3   78.36    0.00   11.02    0.00    0.00   10.22    0.20    0.00    0.00    0.20

20:01:03     CPU    %usr   %nice    %sys %iowait    %irq   %soft  %steal  %guest  %gnice   %idle
20:01:08     all   70.12    0.00   18.88    0.00    0.00   10.40    0.20    0.00    0.00    0.40
20:01:08       0   68.21    0.00   21.73    0.00    0.00    9.46    0.20    0.00    0.00    0.40
20:01:08       1   73.09    0.00   14.86    0.00    0.00   11.85    0.00    0.00    0.00    0.20
20:01:08       2   69.08    0.00   19.88    0.00    0.00   10.44    0.20    0.00    0.00    0.40
20:01:08       3   70.08    0.00   19.08    0.00    0.00    9.84    0.40    0.00    0.00    0.60

20:01:08     CPU    %usr   %nice    %sys %iowait    %irq   %soft  %steal  %guest  %gnice   %idle
20:01:13     all   70.83    0.00   18.98    0.00    0.00    9.74    0.20    0.00    0.00    0.25
20:01:13       0   74.65    0.00   17.10    0.00    0.00    7.85    0.20    0.00    0.00    0.20
20:01:13       1   67.87    0.00   21.49    0.00    0.00   10.04    0.20    0.00    0.00    0.40
20:01:13       2   71.74    0.00   17.84    0.00    0.00   10.02    0.20    0.00    0.00    0.20
20:01:13       3   69.08    0.00   19.48    0.00    0.00   11.04    0.20    0.00    0.00    0.20

20:01:13     CPU    %usr   %nice    %sys %iowait    %irq   %soft  %steal  %guest  %gnice   %idle
20:01:18     all   70.92    0.00   17.68    0.05    0.00   10.75    0.20    0.00    0.00    0.40
20:01:18       0   69.90    0.00   19.39    0.00    0.00    9.70    0.20    0.00    0.00    0.81
20:01:18       1   72.40    0.00   15.40    0.00    0.00   11.80    0.20    0.00    0.00    0.20
20:01:18       2   71.69    0.00   17.47    0.00    0.00   10.44    0.20    0.00    0.00    0.20
20:01:18       3   69.68    0.00   18.47    0.20    0.00   11.04    0.20    0.00    0.00    0.40

20:01:18     CPU    %usr   %nice    %sys %iowait    %irq   %soft  %steal  %guest  %gnice   %idle
20:01:23     all   71.40    0.00   17.76    0.00    0.00   10.34    0.20    0.00    0.00    0.30
20:01:23       0   71.34    0.00   18.84    0.00    0.00    9.22    0.20    0.00    0.00    0.40
20:01:23       1   70.02    0.00   18.91    0.00    0.00   10.66    0.20    0.00    0.00    0.20
20:01:23       2   73.55    0.00   15.43    0.00    0.00   10.42    0.20    0.00    0.00    0.40
20:01:23       3   70.68    0.00   17.87    0.00    0.00   11.04    0.20    0.00    0.00    0.20

20:01:23     CPU    %usr   %nice    %sys %iowait    %irq   %soft  %steal  %guest  %gnice   %idle
20:01:28     all   70.63    0.00   18.37    0.00    0.00   10.24    0.25    0.00    0.00    0.50
20:01:28       0   71.69    0.00   18.27    0.00    0.00    8.84    0.20    0.00    0.00    1.00
20:01:28       1   66.60    0.00   21.73    0.00    0.00   10.87    0.20    0.00    0.00    0.60
20:01:28       2   70.08    0.00   18.47    0.00    0.00   10.84    0.20    0.00    0.00    0.40
20:01:28       3   74.15    0.00   15.03    0.00    0.00   10.42    0.40    0.00    0.00    0.00

20:01:28     CPU    %usr   %nice    %sys %iowait    %irq   %soft  %steal  %guest  %gnice   %idle
20:01:33     all   71.25    0.00   18.23    0.00    0.00   10.02    0.20    0.00    0.00    0.30
20:01:33       0   75.76    0.00   15.96    0.00    0.00    7.68    0.20    0.00    0.00    0.40
20:01:33       1   69.28    0.00   18.88    0.00    0.00   11.45    0.20    0.00    0.00    0.20
20:01:33       2   67.88    0.00   21.21    0.00    0.00   10.30    0.20    0.00    0.00    0.40
20:01:33       3   72.09    0.00   16.87    0.00    0.00   10.64    0.20    0.00    0.00    0.20

20:01:33     CPU    %usr   %nice    %sys %iowait    %irq   %soft  %steal  %guest  %gnice   %idle
20:01:38     all   71.64    0.00   17.47    0.00    0.00   10.24    0.20    0.00    0.00    0.45
20:01:38       0   68.95    0.00   21.17    0.00    0.00    8.67    0.20    0.00    0.00    1.01
20:01:38       1   70.88    0.00   16.67    0.00    0.00   11.85    0.20    0.00    0.00    0.40
20:01:38       2   74.15    0.00   15.23    0.00    0.00   10.22    0.20    0.00    0.00    0.20
20:01:38       3   72.55    0.00   16.83    0.00    0.00   10.22    0.20    0.00    0.00    0.20

20:01:38     CPU    %usr   %nice    %sys %iowait    %irq   %soft  %steal  %guest  %gnice   %idle
20:01:43     all   70.00    0.00   19.25    0.00    0.00   10.20    0.25    0.00    0.00    0.30
20:01:43       0   69.82    0.00   20.12    0.00    0.00    9.46    0.20    0.00    0.00    0.40
20:01:43       1   71.74    0.00   16.63    0.00    0.00   11.22    0.20    0.00    0.00    0.20
20:01:43       2   65.73    0.00   23.99    0.00    0.00    9.48    0.40    0.00    0.00    0.40
20:01:43       3   72.69    0.00   16.27    0.00    0.00   10.64    0.20    0.00    0.00    0.20

20:01:43     CPU    %usr   %nice    %sys %iowait    %irq   %soft  %steal  %guest  %gnice   %idle
20:01:48     all   72.30    0.00   16.85    0.00    0.00   10.35    0.25    0.00    0.00    0.25
20:01:48       0   71.34    0.00   18.84    0.00    0.00    9.22    0.20    0.00    0.00    0.40
20:01:48       1   69.74    0.00   18.64    0.00    0.00   11.22    0.20    0.00    0.00    0.20
20:01:48       2   70.66    0.00   18.76    0.00    0.00   10.18    0.20    0.00    0.00    0.20
20:01:48       3   77.45    0.00   11.18    0.00    0.00   10.78    0.40    0.00    0.00    0.20

20:01:48     CPU    %usr   %nice    %sys %iowait    %irq   %soft  %steal  %guest  %gnice   %idle
20:01:53     all   70.10    0.00   18.69    0.00    0.00   10.65    0.20    0.00    0.00    0.35
20:01:53       0   75.60    0.00   14.60    0.00    0.00    9.40    0.20    0.00    0.00    0.20
20:01:53       1   65.59    0.00   22.13    0.00    0.00   11.47    0.20    0.00    0.00    0.60
20:01:53       2   71.63    0.00   17.30    0.00    0.00   10.66    0.20    0.00    0.00    0.20
20:01:53       3   67.54    0.00   20.77    0.00    0.00   11.09    0.20    0.00    0.00    0.40

20:01:53     CPU    %usr   %nice    %sys %iowait    %irq   %soft  %steal  %guest  %gnice   %idle
20:01:58     all   72.70    0.00   16.81    0.00    0.00    9.98    0.20    0.00    0.00    0.30
20:01:58       0   72.58    0.00   18.55    0.00    0.00    8.47    0.20    0.00    0.00    0.20
20:01:58       1   76.15    0.00   12.22    0.00    0.00   11.22    0.20    0.00    0.00    0.20
20:01:58       2   70.00    0.00   19.80    0.00    0.00    9.40    0.20    0.00    0.00    0.60
20:01:58       3   72.09    0.00   16.67    0.00    0.00   10.84    0.20    0.00    0.00    0.20

20:01:58     CPU    %usr   %nice    %sys %iowait    %irq   %soft  %steal  %guest  %gnice   %idle
20:02:03     all   70.90    0.00   18.44    0.00    0.00   10.05    0.30    0.00    0.00    0.30
20:02:03       0   76.40    0.00   13.80    0.00    0.00    9.20    0.40    0.00    0.00    0.20
20:02:03       1   69.22    0.00   18.91    0.00    0.00   11.47    0.20    0.00    0.00    0.20
20:02:03       2   72.03    0.00   17.91    0.00    0.00    9.46    0.20    0.00    0.00    0.40
20:02:03       3   65.93    0.00   23.19    0.00    0.00   10.08    0.40    0.00    0.00    0.40

20:02:03     CPU    %usr   %nice    %sys %iowait    %irq   %soft  %steal  %guest  %gnice   %idle
20:02:08     all   71.06    0.00   18.46    0.00    0.00   10.03    0.15    0.00    0.00    0.30
20:02:08       0   72.34    0.00   18.44    0.00    0.00    8.82    0.20    0.00    0.00    0.20
20:02:08       1   70.88    0.00   17.47    0.00    0.00   11.45    0.00    0.00    0.00    0.20
20:02:08       2   69.74    0.00   19.44    0.00    0.00   10.22    0.20    0.00    0.00    0.40
20:02:08       3   71.29    0.00   18.47    0.00    0.00    9.64    0.20    0.00    0.00    0.40

20:02:08     CPU    %usr   %nice    %sys %iowait    %irq   %soft  %steal  %guest  %gnice   %idle
20:02:13     all   69.75    0.00   19.35    0.00    0.00   10.30    0.20    0.00    0.00    0.40
20:02:13       0   71.89    0.00   18.27    0.00    0.00    9.44    0.20    0.00    0.00    0.20
20:02:13       1   71.60    0.00   17.00    0.00    0.00   11.00    0.20    0.00    0.00    0.20
20:02:13       2   65.45    0.00   23.23    0.00    0.00   10.30    0.20    0.00    0.00    0.81
20:02:13       3   70.02    0.00   18.91    0.00    0.00   10.46    0.20    0.00    0.00    0.40

20:02:13     CPU    %usr   %nice    %sys %iowait    %irq   %soft  %steal  %guest  %gnice   %idle
20:02:18     all   71.66    0.00   17.60    0.00    0.00   10.18    0.20    0.00    0.00    0.35
20:02:18       0   75.00    0.00   16.40    0.00    0.00    8.00    0.20    0.00    0.00    0.40
20:02:18       1   73.75    0.00   14.83    0.00    0.00   11.02    0.20    0.00    0.00    0.20
20:02:18       2   65.79    0.00   23.34    0.00    0.00   10.06    0.20    0.00    0.00    0.60
20:02:18       3   72.09    0.00   15.86    0.00    0.00   11.65    0.20    0.00    0.00    0.20

20:02:18     CPU    %usr   %nice    %sys %iowait    %irq   %soft  %steal  %guest  %gnice   %idle
20:02:23     all   71.49    0.00   17.89    0.00    0.00   10.02    0.30    0.00    0.00    0.30
20:02:23       0   69.22    0.00   20.72    0.00    0.00    9.26    0.20    0.00    0.00    0.60
20:02:23       1   71.26    0.00   17.96    0.00    0.00   10.38    0.20    0.00    0.00    0.20
20:02:23       2   72.75    0.00   16.23    0.00    0.00   10.62    0.40    0.00    0.00    0.00
20:02:23       3   72.75    0.00   16.63    0.00    0.00    9.82    0.40    0.00    0.00    0.40

20:02:23     CPU    %usr   %nice    %sys %iowait    %irq   %soft  %steal  %guest  %gnice   %idle
20:02:28     all   70.27    0.00   19.24    0.00    0.00    9.89    0.20    0.00    0.00    0.40
20:02:28       0   72.69    0.00   17.87    0.00    0.00    8.84    0.20    0.00    0.00    0.40
20:02:28       1   69.22    0.00   19.52    0.00    0.00   10.87    0.20    0.00    0.00    0.20
20:02:28       2   68.88    0.00   20.28    0.00    0.00    9.84    0.20    0.00    0.00    0.80
20:02:28       3   70.28    0.00   19.28    0.00    0.00   10.04    0.20    0.00    0.00    0.20

20:02:28     CPU    %usr   %nice    %sys %iowait    %irq   %soft  %steal  %guest  %gnice   %idle
20:02:33     all   71.39    0.00   17.75    0.00    0.00   10.36    0.15    0.00    0.00    0.35
20:02:33       0   70.97    0.00   19.56    0.00    0.00    8.67    0.20    0.00    0.00    0.60
20:02:33       1   71.69    0.00   17.07    0.00    0.00   11.04    0.00    0.00    0.00    0.20
20:02:33       2   73.24    0.00   16.30    0.00    0.00   10.06    0.20    0.00    0.00    0.20
20:02:33       3   69.68    0.00   18.07    0.00    0.00   11.65    0.20    0.00    0.00    0.40

20:02:33     CPU    %usr   %nice    %sys %iowait    %irq   %soft  %steal  %guest  %gnice   %idle
20:02:38     all   70.07    0.00   19.44    0.00    0.00    9.79    0.20    0.00    0.00    0.50
20:02:38       0   67.81    0.00   22.94    0.00    0.00    8.25    0.20    0.00    0.00    0.80
20:02:38       1   71.34    0.00   17.23    0.00    0.00   11.02    0.20    0.00    0.00    0.20
20:02:38       2   72.09    0.00   17.67    0.00    0.00    9.64    0.20    0.00    0.00    0.40
20:02:38       3   69.01    0.00   19.92    0.00    0.00   10.26    0.20    0.00    0.00    0.60

20:02:38     CPU    %usr   %nice    %sys %iowait    %irq   %soft  %steal  %guest  %gnice   %idle
20:02:43     all   72.02    0.00   17.68    0.00    0.00    9.84    0.20    0.00    0.00    0.25
20:02:43       0   71.29    0.00   19.88    0.00    0.00    8.43    0.20    0.00    0.00    0.20
20:02:43       1   69.88    0.00   18.27    0.00    0.00   11.24    0.20    0.00    0.00    0.40
20:02:43       2   71.23    0.00   18.91    0.00    0.00    9.46    0.20    0.00    0.00    0.20
20:02:43       3   75.70    0.00   13.65    0.00    0.00   10.24    0.20    0.00    0.00    0.20

20:02:43     CPU    %usr   %nice    %sys %iowait    %irq   %soft  %steal  %guest  %gnice   %idle
20:02:48     all   70.08    0.00   18.98    0.00    0.00   10.29    0.25    0.00    0.00    0.40
20:02:48       0   67.67    0.00   23.49    0.00    0.00    7.63    0.40    0.00    0.00    0.80
20:02:48       1   69.01    0.00   18.51    0.00    0.00   11.87    0.20    0.00    0.00    0.40
20:02:48       2   70.14    0.00   18.64    0.00    0.00   10.82    0.20    0.00    0.00    0.20
20:02:48       3   73.49    0.00   15.26    0.00    0.00   10.84    0.20    0.00    0.00    0.20

20:02:48     CPU    %usr   %nice    %sys %iowait    %irq   %soft  %steal  %guest  %gnice   %idle
20:02:53     all   68.76    0.00   17.18    0.00    0.00    9.04    0.25    0.00    0.00    4.77
20:02:53       0   65.93    0.00   19.76    0.00    0.00    7.66    0.20    0.00    0.00    6.45
20:02:53       1   74.50    0.00   14.46    0.00    0.00   10.64    0.20    0.00    0.00    0.20
20:02:53       2   68.07    0.00   17.27    0.00    0.00    8.23    0.20    0.00    0.00    6.22
20:02:53       3   66.53    0.00   17.23    0.00    0.00    9.62    0.40    0.00    0.00    6.21
