Linux 6.17.0-1017-aws (ip-172-31-0-121) 	05/29/26 	_x86_64_	(4 CPU)

14:19:00     CPU    %usr   %nice    %sys %iowait    %irq   %soft  %steal  %guest  %gnice   %idle
14:19:05     all   23.23    0.00    5.41    0.05    0.00    0.56    0.05    0.00    0.00   70.70
14:19:05       0   17.86    0.00    5.75    0.21    0.00    0.62    0.21    0.00    0.00   75.36
14:19:05       1   27.55    0.00    6.12    0.00    0.00    1.02    0.00    0.00    0.00   65.31
14:19:05       2   33.20    0.00    3.44    0.00    0.00    0.61    0.00    0.00    0.00   62.75
14:19:05       3   14.14    0.00    6.35    0.00    0.00    0.00    0.00    0.00    0.00   79.51

14:19:05     CPU    %usr   %nice    %sys %iowait    %irq   %soft  %steal  %guest  %gnice   %idle
14:19:10     all   46.85    0.00   18.11    0.00    0.00    2.05    0.22    0.00    0.00   32.78
14:19:10       0   44.47    0.00   19.09    0.00    0.00    1.95    0.22    0.00    0.00   34.27
14:19:10       1   51.82    0.00   16.70    0.00    0.00    4.07    0.21    0.00    0.00   27.19
14:19:10       2   52.14    0.00   14.32    0.00    0.00    2.14    0.21    0.00    0.00   31.20
14:19:10       3   38.78    0.00   22.44    0.00    0.00    0.00    0.22    0.00    0.00   38.56

14:19:10     CPU    %usr   %nice    %sys %iowait    %irq   %soft  %steal  %guest  %gnice   %idle
14:19:15     all   46.84    0.00   18.51    0.00    0.00    2.00    0.16    0.00    0.00   32.49
14:19:15       0   51.81    0.00   14.93    0.00    0.00    2.77    0.21    0.00    0.00   30.28
14:19:15       1   50.43    0.00   19.23    0.00    0.00    3.85    0.00    0.00    0.00   26.50
14:19:15       2   46.00    0.00   17.71    0.00    0.00    0.00    0.22    0.00    0.00   36.07
14:19:15       3   38.85    0.00   22.30    0.00    0.00    1.32    0.22    0.00    0.00   37.31

14:19:15     CPU    %usr   %nice    %sys %iowait    %irq   %soft  %steal  %guest  %gnice   %idle
14:19:20     all   49.78    0.00   19.27    0.00    0.00    2.05    0.16    0.00    0.00   28.74
14:19:20       0   55.96    0.00   16.60    0.00    0.00    2.55    0.21    0.00    0.00   24.68
14:19:20       1   46.02    0.00   20.22    0.00    0.00    3.87    0.22    0.00    0.00   29.68
14:19:20       2   54.97    0.00   17.12    0.00    0.00    0.00    0.21    0.00    0.00   27.70
14:19:20       3   41.78    0.00   23.33    0.00    0.00    1.78    0.00    0.00    0.00   33.11

14:19:20     CPU    %usr   %nice    %sys %iowait    %irq   %soft  %steal  %guest  %gnice   %idle
14:19:25     all   49.54    0.00   19.04    0.00    0.00    2.24    0.16    0.00    0.00   29.02
14:19:25       0   52.47    0.00   17.63    0.00    0.00    1.72    0.22    0.00    0.00   27.96
14:19:25       1   52.94    0.00   18.08    0.00    0.00    3.92    0.00    0.00    0.00   25.05
14:19:25       2   48.00    0.00   20.89    0.00    0.00    3.11    0.22    0.00    0.00   27.78
14:19:25       3   44.66    0.00   19.61    0.00    0.00    0.22    0.22    0.00    0.00   35.29

14:19:25     CPU    %usr   %nice    %sys %iowait    %irq   %soft  %steal  %guest  %gnice   %idle
14:19:30     all   47.84    0.00   18.03    0.00    0.00    2.27    0.22    0.00    0.00   31.64
14:19:30       0   50.64    0.00   17.16    0.00    0.00    1.48    0.21    0.00    0.00   30.51
14:19:30       1   50.98    0.00   16.63    0.00    0.00    3.94    0.22    0.00    0.00   28.23
14:19:30       2   49.89    0.00   18.38    0.00    0.00    3.72    0.22    0.00    0.00   27.79
14:19:30       3   39.91    0.00   19.96    0.00    0.00    0.00    0.21    0.00    0.00   39.91

14:19:30     CPU    %usr   %nice    %sys %iowait    %irq   %soft  %steal  %guest  %gnice   %idle
14:19:35     all   42.37    0.00   16.28    0.05    0.00    1.62    0.22    0.00    0.00   39.46
14:19:35       0   53.73    0.00   14.07    0.21    0.00    1.71    0.21    0.00    0.00   30.06
14:19:35       1   43.13    0.00   14.81    0.00    0.00    2.79    0.21    0.00    0.00   39.06
14:19:35       2   37.93    0.00   17.46    0.00    0.00    0.22    0.22    0.00    0.00   44.18
14:19:35       3   34.43    0.00   18.86    0.00    0.00    1.75    0.22    0.00    0.00   44.74

14:19:35     CPU    %usr   %nice    %sys %iowait    %irq   %soft  %steal  %guest  %gnice   %idle
14:19:40     all   37.88    0.00   16.31    0.00    0.00    1.84    0.06    0.00    0.00   43.91
14:19:40       0   40.31    0.00   14.32    0.00    0.00    1.54    0.00    0.00    0.00   43.83
14:19:40       1   47.45    0.00   13.53    0.00    0.00    3.55    0.00    0.00    0.00   35.48
14:19:40       2   29.60    0.00   19.28    0.00    0.00    0.00    0.22    0.00    0.00   50.90
14:19:40       3   33.94    0.00   18.22    0.00    0.00    2.28    0.00    0.00    0.00   45.56

14:19:40     CPU    %usr   %nice    %sys %iowait    %irq   %soft  %steal  %guest  %gnice   %idle
14:19:45     all   40.04    0.00   17.05    0.00    0.00    1.87    0.22    0.00    0.00   40.81
14:19:45       0   41.21    0.00   16.49    0.00    0.00    1.08    0.22    0.00    0.00   41.00
14:19:45       1   46.49    0.00   15.35    0.00    0.00    3.73    0.22    0.00    0.00   34.21
14:19:45       2   38.10    0.00   19.05    0.00    0.00    2.72    0.23    0.00    0.00   39.91
14:19:45       3   34.35    0.00   17.39    0.00    0.00    0.00    0.22    0.00    0.00   48.04

14:19:45     CPU    %usr   %nice    %sys %iowait    %irq   %soft  %steal  %guest  %gnice   %idle
14:19:50     all   40.64    0.00   16.96    0.00    0.00    1.93    0.17    0.00    0.00   40.31
14:19:50       0   43.29    0.00   15.80    0.00    0.00    1.52    0.22    0.00    0.00   39.18
14:19:50       1   55.41    0.00   11.90    0.00    0.00    3.68    0.00    0.00    0.00   29.00
14:19:50       2   32.34    0.00   20.87    0.00    0.00    2.52    0.23    0.00    0.00   44.04
14:19:50       3   30.92    0.00   19.52    0.00    0.00    0.00    0.22    0.00    0.00   49.34

14:19:50     CPU    %usr   %nice    %sys %iowait    %irq   %soft  %steal  %guest  %gnice   %idle
14:19:55     all   39.73    0.00   16.82    0.00    0.00    1.83    0.22    0.00    0.00   41.39
14:19:55       0   37.56    0.00   16.89    0.00    0.00    1.78    0.22    0.00    0.00   43.56
14:19:55       1   51.20    0.00   14.22    0.00    0.00    3.28    0.22    0.00    0.00   31.07
14:19:55       2   32.74    0.00   19.51    0.00    0.00    0.22    0.22    0.00    0.00   47.31
14:19:55       3   37.22    0.00   16.74    0.00    0.00    1.98    0.22    0.00    0.00   43.83

14:19:55     CPU    %usr   %nice    %sys %iowait    %irq   %soft  %steal  %guest  %gnice   %idle
14:20:00     all   38.54    0.00   16.91    0.00    0.00    1.84    0.17    0.00    0.00   42.55
14:20:00       0   41.87    0.00   15.81    0.00    0.00    2.45    0.22    0.00    0.00   39.64
14:20:00       1   41.24    0.00   16.41    0.00    0.00    3.10    0.22    0.00    0.00   39.02
14:20:00       2   41.58    0.00   17.94    0.00    0.00    0.00    0.22    0.00    0.00   40.26
14:20:00       3   29.25    0.00   17.46    0.00    0.00    1.81    0.00    0.00    0.00   51.47

14:20:00     CPU    %usr   %nice    %sys %iowait    %irq   %soft  %steal  %guest  %gnice   %idle
14:20:05     all   40.27    0.00   16.99    0.05    0.00    1.97    0.16    0.00    0.00   40.55
14:20:05       0   37.00    0.00   16.08    0.00    0.00    0.66    0.22    0.00    0.00   46.04
14:20:05       1   53.56    0.00   13.61    0.00    0.00    3.89    0.00    0.00    0.00   28.94
14:20:05       2   38.88    0.00   19.10    0.00    0.00    3.37    0.22    0.00    0.00   38.43
14:20:05       3   31.53    0.00   19.22    0.22    0.00    0.00    0.22    0.00    0.00   48.81

14:20:05     CPU    %usr   %nice    %sys %iowait    %irq   %soft  %steal  %guest  %gnice   %idle
14:20:10     all   38.69    0.00   17.52    0.00    0.00    2.05    0.17    0.00    0.00   41.57
14:20:10       0   32.81    0.00   18.30    0.00    0.00    0.45    0.22    0.00    0.00   48.21
14:20:10       1   52.62    0.00   13.54    0.00    0.00    3.71    0.22    0.00    0.00   29.91
14:20:10       2   38.55    0.00   19.27    0.00    0.00    4.08    0.23    0.00    0.00   37.87
14:20:10       3   30.63    0.00   19.04    0.00    0.00    0.00    0.00    0.00    0.00   50.33

14:20:10     CPU    %usr   %nice    %sys %iowait    %irq   %soft  %steal  %guest  %gnice   %idle
14:20:15     all   41.02    0.00   17.19    0.00    0.00    1.93    0.11    0.00    0.00   39.75
14:20:15       0   37.16    0.00   17.12    0.00    0.00    2.70    0.00    0.00    0.00   43.02
14:20:15       1   43.78    0.00   16.89    0.00    0.00    3.56    0.00    0.00    0.00   35.78
14:20:15       2   44.76    0.00   17.47    0.00    0.00    0.22    0.22    0.00    0.00   37.34
14:20:15       3   38.29    0.00   17.29    0.00    0.00    1.31    0.22    0.00    0.00   42.89

14:20:15     CPU    %usr   %nice    %sys %iowait    %irq   %soft  %steal  %guest  %gnice   %idle
14:20:20     all   40.40    0.00   17.04    0.00    0.00    1.72    0.22    0.00    0.00   40.62
14:20:20       0   31.74    0.00   18.04    0.00    0.00    1.83    0.23    0.00    0.00   48.17
14:20:20       1   47.92    0.00   14.66    0.00    0.00    3.28    0.22    0.00    0.00   33.92
14:20:20       2   41.79    0.00   17.94    0.00    0.00    0.00    0.22    0.00    0.00   40.04
14:20:20       3   39.78    0.00   17.58    0.00    0.00    1.76    0.22    0.00    0.00   40.66

14:20:20     CPU    %usr   %nice    %sys %iowait    %irq   %soft  %steal  %guest  %gnice   %idle
14:20:25     all   39.50    0.00   16.75    0.00    0.00    2.13    0.11    0.00    0.00   41.52
14:20:25       0   32.32    0.00   17.79    0.00    0.00    0.22    0.22    0.00    0.00   49.46
14:20:25       1   51.51    0.00   12.93    0.00    0.00    4.09    0.00    0.00    0.00   31.47
14:20:25       2   39.32    0.00   18.86    0.00    0.00    4.32    0.23    0.00    0.00   37.27
14:20:25       3   34.83    0.00   17.52    0.00    0.00    0.00    0.00    0.00    0.00   47.65

14:20:25     CPU    %usr   %nice    %sys %iowait    %irq   %soft  %steal  %guest  %gnice   %idle
14:20:30     all   38.24    0.00   17.11    0.00    0.00    2.06    0.22    0.00    0.00   42.36
14:20:30       0   33.04    0.00   17.96    0.00    0.00    0.00    0.22    0.00    0.00   48.78
14:20:30       1   40.81    0.00   16.59    0.00    0.00    3.81    0.22    0.00    0.00   38.57
14:20:30       2   46.49    0.00   16.78    0.00    0.00    4.54    0.23    0.00    0.00   31.97
14:20:30       3   32.89    0.00   17.11    0.00    0.00    0.00    0.22    0.00    0.00   49.78

14:20:30     CPU    %usr   %nice    %sys %iowait    %irq   %soft  %steal  %guest  %gnice   %idle
14:20:35     all   39.40    0.00   17.32    0.00    0.00    1.97    0.22    0.00    0.00   41.09
14:20:35       0   35.02    0.00   16.74    0.00    0.00    2.64    0.22    0.00    0.00   45.37
14:20:35       1   47.49    0.00   15.03    0.00    0.00    3.27    0.22    0.00    0.00   33.99
14:20:35       2   41.65    0.00   18.22    0.00    0.00    0.00    0.22    0.00    0.00   39.91
14:20:35       3   33.33    0.00   19.30    0.00    0.00    1.97    0.22    0.00    0.00   45.18

14:20:35     CPU    %usr   %nice    %sys %iowait    %irq   %soft  %steal  %guest  %gnice   %idle
14:20:40     all   40.06    0.00   16.53    0.00    0.00    1.87    0.11    0.00    0.00   41.43
14:20:40       0   42.86    0.00   13.85    0.00    0.00    2.64    0.22    0.00    0.00   40.44
14:20:40       1   38.84    0.00   17.19    0.00    0.00    3.12    0.00    0.00    0.00   40.85
14:20:40       2   41.36    0.00   17.72    0.00    0.00    0.00    0.22    0.00    0.00   40.70
14:20:40       3   37.14    0.00   17.36    0.00    0.00    1.76    0.00    0.00    0.00   43.74

14:20:40     CPU    %usr   %nice    %sys %iowait    %irq   %soft  %steal  %guest  %gnice   %idle
14:20:45     all   39.76    0.00   16.98    0.00    0.00    2.14    0.22    0.00    0.00   40.91
14:20:45       0   35.65    0.00   17.39    0.00    0.00    0.22    0.22    0.00    0.00   46.52
14:20:45       1   52.99    0.00   11.97    0.00    0.00    4.06    0.21    0.00    0.00   30.77
14:20:45       2   39.27    0.00   19.41    0.00    0.00    4.11    0.23    0.00    0.00   36.99
14:20:45       3   30.87    0.00   19.35    0.00    0.00    0.22    0.22    0.00    0.00   49.35

14:20:45     CPU    %usr   %nice    %sys %iowait    %irq   %soft  %steal  %guest  %gnice   %idle
14:20:50     all   39.98    0.00   17.00    0.00    0.00    1.94    0.06    0.00    0.00   41.03
14:20:50       0   31.42    0.00   17.48    0.00    0.00    0.00    0.00    0.00    0.00   51.11
14:20:50       1   59.00    0.00   11.93    0.00    0.00    3.90    0.00    0.00    0.00   25.16
14:20:50       2   34.72    0.00   20.37    0.00    0.00    3.94    0.23    0.00    0.00   40.74
14:20:50       3   34.27    0.00   18.44    0.00    0.00    0.00    0.00    0.00    0.00   47.29

14:20:50     CPU    %usr   %nice    %sys %iowait    %irq   %soft  %steal  %guest  %gnice   %idle
14:20:55     all   40.98    0.00   17.00    0.11    0.00    2.30    0.16    0.00    0.00   39.44
14:20:55       0   37.17    0.00   17.04    0.22    0.00    1.99    0.22    0.00    0.00   43.36
14:20:55       1   54.72    0.00   13.52    0.21    0.00    4.94    0.21    0.00    0.00   26.39
14:20:55       2   32.07    0.00   20.94    0.00    0.00    0.00    0.00    0.00    0.00   46.99
14:20:55       3   39.47    0.00   16.67    0.00    0.00    2.19    0.22    0.00    0.00   41.45

14:20:55     CPU    %usr   %nice    %sys %iowait    %irq   %soft  %steal  %guest  %gnice   %idle
14:21:00     all   38.52    0.00   17.32    0.00    0.00    1.64    0.22    0.00    0.00   42.30
14:21:00       0   32.37    0.00   19.07    0.00    0.00    1.33    0.22    0.00    0.00   47.01
14:21:00       1   54.09    0.00   13.15    0.00    0.00    3.45    0.00    0.00    0.00   29.31
14:21:00       2   32.89    0.00   19.43    0.00    0.00    0.00    0.44    0.00    0.00   47.24
14:21:00       3   34.35    0.00   17.72    0.00    0.00    1.75    0.22    0.00    0.00   45.95

14:21:00     CPU    %usr   %nice    %sys %iowait    %irq   %soft  %steal  %guest  %gnice   %idle
14:21:05     all   40.04    0.00   17.42    0.00    0.00    1.94    0.17    0.00    0.00   40.43
14:21:05       0   37.78    0.00   16.22    0.00    0.00    0.89    0.22    0.00    0.00   44.89
14:21:05       1   45.15    0.00   16.08    0.00    0.00    3.30    0.22    0.00    0.00   35.24
14:21:05       2   39.28    0.00   20.32    0.00    0.00    3.61    0.23    0.00    0.00   36.57
14:21:05       3   37.96    0.00   17.14    0.00    0.00    0.00    0.00    0.00    0.00   44.90

14:21:05     CPU    %usr   %nice    %sys %iowait    %irq   %soft  %steal  %guest  %gnice   %idle
14:21:10     all   40.09    0.00   17.41    0.00    0.00    1.92    0.16    0.00    0.00   40.42
14:21:10       0   36.14    0.00   17.07    0.00    0.00    0.67    0.22    0.00    0.00   45.90
14:21:10       1   52.27    0.00   14.47    0.00    0.00    3.67    0.00    0.00    0.00   29.59
14:21:10       2   34.62    0.00   21.04    0.00    0.00    3.39    0.23    0.00    0.00   40.72
14:21:10       3   36.99    0.00   17.20    0.00    0.00    0.00    0.22    0.00    0.00   45.59

14:21:10     CPU    %usr   %nice    %sys %iowait    %irq   %soft  %steal  %guest  %gnice   %idle
14:21:15     all   40.12    0.00   16.95    0.00    0.00    1.87    0.17    0.00    0.00   40.89
14:21:15       0   33.33    0.00   17.00    0.00    0.00    2.46    0.22    0.00    0.00   46.98
14:21:15       1   50.43    0.00   14.94    0.00    0.00    3.46    0.22    0.00    0.00   30.95
14:21:15       2   37.31    0.00   17.66    0.00    0.00    0.22    0.00    0.00    0.00   44.81
14:21:15       3   39.12    0.00   18.24    0.00    0.00    1.32    0.22    0.00    0.00   41.10

14:21:15     CPU    %usr   %nice    %sys %iowait    %irq   %soft  %steal  %guest  %gnice   %idle
14:21:20     all   38.17    0.00   16.92    0.00    0.00    2.06    0.11    0.00    0.00   42.74
14:21:20       0   39.87    0.00   15.37    0.00    0.00    3.12    0.22    0.00    0.00   41.43
14:21:20       1   44.64    0.00   15.18    0.00    0.00    3.57    0.00    0.00    0.00   36.61
14:21:20       2   37.17    0.00   18.58    0.00    0.00    0.00    0.22    0.00    0.00   44.03
14:21:20       3   31.03    0.00   18.53    0.00    0.00    1.56    0.00    0.00    0.00   48.88

14:21:20     CPU    %usr   %nice    %sys %iowait    %irq   %soft  %steal  %guest  %gnice   %idle
14:21:25     all   37.76    0.00   16.39    0.00    0.00    2.21    0.22    0.00    0.00   43.41
14:21:25       0   31.35    0.00   16.34    0.00    0.00    0.22    0.22    0.00    0.00   51.88
14:21:25       1   45.73    0.00   15.54    0.00    0.00    4.16    0.22    0.00    0.00   34.35
14:21:25       2   31.15    0.00   20.37    0.00    0.00    4.68    0.23    0.00    0.00   43.56
14:21:25       3   42.22    0.00   13.65    0.00    0.00    0.00    0.21    0.00    0.00   43.92

14:21:25     CPU    %usr   %nice    %sys %iowait    %irq   %soft  %steal  %guest  %gnice   %idle
14:21:30     all   40.01    0.00   16.90    0.00    0.00    2.15    0.06    0.00    0.00   40.89
14:21:30       0   35.16    0.00   18.24    0.00    0.00    0.00    0.00    0.00    0.00   46.59
14:21:30       1   52.38    0.00   12.55    0.00    0.00    4.11    0.00    0.00    0.00   30.95
14:21:30       2   36.78    0.00   20.92    0.00    0.00    4.60    0.23    0.00    0.00   37.47
14:21:30       3   35.48    0.00   16.13    0.00    0.00    0.00    0.00    0.00    0.00   48.39

14:21:30     CPU    %usr   %nice    %sys %iowait    %irq   %soft  %steal  %guest  %gnice   %idle
14:21:35     all   36.62    0.00   14.56    0.00    0.00    1.53    0.22    0.00    0.00   47.07
14:21:35       0   46.56    0.00   14.63    0.00    0.00    1.33    0.22    0.00    0.00   37.25
14:21:35       1   35.22    0.00   14.13    0.00    0.00    2.83    0.22    0.00    0.00   47.61
14:21:35       2   31.28    0.00   15.86    0.00    0.00    0.44    0.22    0.00    0.00   52.20
14:21:35       3   33.55    0.00   13.64    0.00    0.00    1.52    0.22    0.00    0.00   51.08
