info: Loading workload script /workload/hot_partition.rn...
info: Connecting to ["http://172.31.15.155:8000", "http://172.31.15.213:8000", "http://172.31.13.152:8000"]... 
info: Connected to '' cluster running ScyllaDB 2026.1.0~dev-0.20251003.20aeed160740 with build-id d177add4e6a23f71d527ca6e182d27a1f9ad74b4
info: Preparing...
info: Warming up...
info: Running benchmark...
CONFIG ═════════════════════════════════════════════════════════════════════════════════════════════════════════════════════
            Date            Mon, 25 May 2026                                                          
            Time            18:54:30 +0000                                                            
         Cluster                                                                                      
      Datacenter                                                                                      
            Rack                                                                                      
      DB version            ScyllaDB 2026.1.0~dev-0.20251003.20aeed160740 with build-id d177add4e6a23f71d527ca6e182d27a1f9ad74b4                                            
        Workload            hot_partition.rn                                                          
     Function(s)            get:0.3, update:0.7                                                       
Request compression            Off                                                                       
Header whitelist            default                                                                   
 Active interval            default                                                                   
   Idle interval            default                                                                   
Routing fallback            default                                                                   
Key route affinity            Rmw                                                                       
Key route affinity tables            latte_hot_partition=pk                                                    
            Tags                                                                                      
────────────────────────────────────────────────────────────────────────────────────────────────────────────────────────────
-P alternator.consistentReads            false                                                                     
-P cold_partitions            90016                                                                     
   -P fieldcount            10                                                                        
  -P fieldlength            512                                                                       
-P hot_items_per_partition            312                                                                       
-P hot_partitions            32                                                                        
-P hot_traffic_ratio            0.99                                                                      
-P requestdistribution            "uniform"                                                                 
    -P row_count            100000                                                                    
        -P table            "latte_hot_partition"                                                     
────────────────────────────────────────────────────────────────────────────────────────────────────────────────────────────
         Threads                   16                                                                 
     Concurrency     [req]          8                                                                 
        Max rate    [op/s]      40000                                                                 
          Warmup       [s]          5                                                                 
              └─      [op]                                                                            
        Run time       [s]       30.0                                                                 
              └─      [op]                                                                            
        Sampling       [s]        1.0                                                                 
              └─      [op]                                                                            
 Request timeout       [s]          5                                                                 
         Retries                                                                                      
  ┌──────┴number                   10                                                                 
  ├─min interval      [ms]        100                                                                 
  └─max interval      [ms]       5000                                                                 

LOG ════════════════════════════════════════════════════════════════════════════════════════════════════════════════════════
    Time    Cycles    Errors    Thrpt.     ────────────────────────────────── Latency [ms/op] ──────────────────────────────
     [s]      [op]      [op]    [op/s]             Min        50        75        90        95        99      99.9       Max
   1.002     39941         0     39888           0.401     2.734     3.611     4.903     5.997     8.274    11.059    16.359
   2.001     39952         0     39963           0.389     3.340     4.686     6.775     8.258    11.174    15.016    19.137
   3.001     40039         0     40046           0.411     2.820     3.723     4.911     5.874     7.991    10.830    14.959
   4.001     39940         0     39932           0.345     2.875     3.828     5.005     5.890     7.905    10.781    15.786
   5.001     40044         0     40054           0.407     2.793     3.623     4.653     5.534     7.598    10.404    13.132
   6.001     39983         0     39978           0.402     2.693     3.453     4.370     5.165     6.894    10.240    20.611
   7.001     40012         0     40009           0.382     3.133     4.452     6.537     8.602    14.328    19.005    24.412
   8.001     40023         0     40022           0.404     2.920     4.108     6.382     8.057    10.904    14.950    21.709
   9.001     39967         0     39972           0.400     3.422     6.234    10.494    13.222    17.940    21.414    26.362
  10.001     40025         0     40025           0.377     2.892     3.912     5.333     6.545     9.511    12.673    16.974
  11.001     39934         0     39933           0.384     2.757     3.561     4.637     5.571     7.643    10.633    13.214
  12.001     40040         0     40042           0.468     3.867     5.501     7.475     8.954    11.969    16.359    21.316
  13.001     39870         0     39872           0.405     2.529     3.224     4.108     4.915     7.107    11.346    20.398
  14.002     40137         0     40131           0.435     4.768     7.786    12.345    15.327    19.235    23.003    28.213
  15.001     40025         0     40026           0.374     2.626     3.455     4.948     6.463    10.052    13.754    18.842
  16.002     39943         0     39946           0.402     3.975     6.734     9.609    11.682    15.876    19.775    22.954
  17.001     40067         0     40070           0.374     2.892     4.145     6.021     7.397    10.740    13.746    17.531
  18.001     39886         0     39883           0.377     2.966     4.289     6.636     8.397    11.657    15.557    21.463
  19.002     40112         0     40103           0.389     5.173     9.552    14.328    17.203    23.134    26.690    31.818
  20.001     39972         0     39975           0.405     2.521     3.222     4.151     5.005     7.234    10.797    20.890
  21.001     39921         0     39920           0.386     3.746     5.341     7.184     8.446    11.076    14.549    23.020
  22.001     40116         0     40113           0.385     2.583     3.285     4.215     5.054     7.385    10.494    17.383
  23.001     39956         0     39965           0.406     2.843     3.760     4.968     5.865     7.873    10.650    13.550
  24.002     40009         0     40006           0.375     3.230     4.559     6.160     7.266     9.765    12.681    16.171
  25.001     40004         0     40000           0.363     2.550     3.246     4.127     4.837     6.611     9.839    20.103
  26.002     39951         0     39961           0.424     3.076     4.096     5.341     6.222     8.208    11.223    15.876
  27.001     40064         0     40060           0.405     2.591     3.285     4.235     5.194     7.303    10.002    12.370
  28.001     39962         0     39953           0.414     2.925     3.897     5.083     5.947     7.786    10.387    15.532
  29.001     40033         0     40044           0.426     3.355     4.989     7.463     9.601    12.812    16.105    19.644
  30.000     39940         0     39973           0.461     2.769     3.871     5.566     6.689     8.790    11.100    15.188
  30.002        18         0     19016           2.443     3.697     4.461     4.923     6.435     6.435     6.435     6.435

SUMMARY STATS ══════════════════════════════════════════════════════════════════════════════════════════════════════════════
    Elapsed time       [s]     30.008                                                                 
        CPU time       [s]    284.917                                                                 
 CPU utilisation       [%]       59.3                                                                 
          Cycles      [op]    1199886                                                                 
          Errors      [op]          0                                                                 
              └─       [%]        0.0                                                                 
        Requests     [req]    1199886                                                                 
              └─  [req/op]        1.0                                                                 
         Retries     [ret]          0                                                                 
              └─ [ret/req]    0.00000                                                                 
            Rows     [row]     357736                                                                 
              └─ [row/req]        0.3                                                                 
     Concurrency     [req]          6 ± 0                                                             
              └─       [%]         72                                                                 
      Throughput    [op/s]      39986 ± 116                                                           
              ├─   [req/s]      39986 ± 116                                                           
              └─   [row/s]      11921 ± 34                                                            
   Cycle latency      [ms]      3.612 ± 0.614                                                         
 Request latency      [ms]      2.598 ± 0.005                                                         

CYCLE LATENCY for update [ms]  ═════════════════════════════════════════════════════════════════════════════════════════════
          Min                   0.766 ± 0.430                                                         
           25                   2.503 ± 0.246                                                         
           50                   3.199 ± 0.313                                                         
           75                   4.407 ± 0.708                                                         
           90                   6.513 ± 1.758                                                         
           95                   8.462 ± 2.879                                                         
           98                  11.395 ± 5.640                                                         
           99                  13.853 ± 9.339                                                         
           99.9                20.873 ± 11.702                                                        
           99.99               25.395 ± 11.702                                                        
          Max                  31.818 ± 11.702                                                        

CYCLE LATENCY for get [ms]  ════════════════════════════════════════════════════════════════════════════════════════════════
          Min                   0.345 ± 0.286                                                         
           25                   1.523 ± 0.264                                                         
           50                   2.179 ± 0.429                                                         
           75                   3.455 ± 0.919                                                         
           90                   5.624 ± 1.793                                                         
           95                   7.512 ± 3.134                                                         
           98                  10.404 ± 5.153                                                         
           99                  12.878 ± 8.500                                                         
           99.9                19.677 ± 12.304                                                        
           99.99               25.133 ± 12.304                                                        
          Max                  28.328 ± 12.304                                                        

info: Saved report to /output/latte_1.json
TIMEFORMAT 35.575 293.642 43.503
