info: Loading workload script /workload/hot_partition.rn...
info: Connecting to ["http://172.31.15.155:8000", "http://172.31.15.213:8000", "http://172.31.13.152:8000"]... 
info: Connected to '' cluster running ScyllaDB 2026.1.0~dev-0.20251003.20aeed160740 with build-id d177add4e6a23f71d527ca6e182d27a1f9ad74b4
info: Preparing...
info: Warming up...
info: Running benchmark...
CONFIG ═════════════════════════════════════════════════════════════════════════════════════════════════════════════════════
            Date            Mon, 25 May 2026                                                          
            Time            18:47:38 +0000                                                            
         Cluster                                                                                      
      Datacenter                                                                                      
            Rack                                                                                      
      DB version            ScyllaDB 2026.1.0~dev-0.20251003.20aeed160740 with build-id d177add4e6a23f71d527ca6e182d27a1f9ad74b4                                            
        Workload            hot_partition.rn                                                          
     Function(s)            get:0.3, update:0.7                                                       
Request compression            Off                                                                       
Header whitelist            default                                                                   
 Active interval            default                                                                   
   Idle interval            default                                                                   
Routing fallback            default                                                                   
Key route affinity            Rmw                                                                       
Key route affinity tables            latte_hot_partition=pk                                                    
            Tags                                                                                      
────────────────────────────────────────────────────────────────────────────────────────────────────────────────────────────
-P alternator.consistentReads            false                                                                     
-P cold_partitions            90016                                                                     
   -P fieldcount            10                                                                        
  -P fieldlength            512                                                                       
-P hot_items_per_partition            312                                                                       
-P hot_partitions            32                                                                        
-P hot_traffic_ratio            0.99                                                                      
-P requestdistribution            "uniform"                                                                 
    -P row_count            100000                                                                    
        -P table            "latte_hot_partition"                                                     
────────────────────────────────────────────────────────────────────────────────────────────────────────────────────────────
         Threads                   16                                                                 
     Concurrency     [req]          8                                                                 
        Max rate    [op/s]      30000                                                                 
          Warmup       [s]          5                                                                 
              └─      [op]                                                                            
        Run time       [s]       30.0                                                                 
              └─      [op]                                                                            
        Sampling       [s]        1.0                                                                 
              └─      [op]                                                                            
 Request timeout       [s]          5                                                                 
         Retries                                                                                      
  ┌──────┴number                   10                                                                 
  ├─min interval      [ms]        100                                                                 
  └─max interval      [ms]       5000                                                                 

LOG ════════════════════════════════════════════════════════════════════════════════════════════════════════════════════════
    Time    Cycles    Errors    Thrpt.     ────────────────────────────────── Latency [ms/op] ──────────────────────────────
     [s]      [op]      [op]    [op/s]             Min        50        75        90        95        99      99.9       Max
   1.001     29943         0     29917           0.410     2.341     2.972     3.686     4.256     5.603     7.619    11.649
   2.001     29998         0     29997           0.388     2.511     3.215     4.127     4.751     6.201     8.651    11.698
   3.001     29994         0     29996           0.376     2.247     2.830     3.508     4.073     5.648     8.040    12.468
   4.001     29994         0     29996           0.391     2.542     3.269     4.186     4.858     6.357     8.741    17.596
   5.001     30034         0     30031           0.364     2.241     2.816     3.457     4.010     5.460     7.422     9.912
   6.001     29971         0     29969           0.391     2.361     3.015     3.774     4.420     6.021     9.265    15.679
   7.001     30015         0     30020           0.409     2.439     3.109     3.899     4.489     5.861     7.791    10.813
   8.001     29975         0     29973           0.392     2.177     2.730     3.316     3.785     5.218     7.287    11.223
   9.001     30026         0     30027           0.356     2.570     3.310     4.243     4.936     6.529    10.011    13.459
  10.001     29994         0     29992           0.372     2.218     2.773     3.359     3.832     5.145     7.221     9.224
  11.001     29999         0     29998           0.381     2.521     3.265     4.231     4.973     6.590     8.831    21.004
  12.001     30012         0     30012           0.388     2.349     2.988     3.731     4.358     5.943     8.282    11.018
  13.001     29973         0     29977           0.361     2.218     2.791     3.453     4.022     5.595     7.692     9.896
  14.001     30003         0     30001           0.445     2.521     3.248     4.172     4.862     6.377     9.028    14.655
  15.001     30016         0     30014           0.415     2.193     2.742     3.357     3.895     5.607     8.126    12.526
  16.001     29983         0     29984           0.395     2.552     3.314     4.325     5.120     6.709     9.454    17.416
  17.001     30022         0     30019           0.395     2.304     2.912     3.623     4.207     5.587     7.565    12.280
  18.001     29979         0     29985           0.429     2.304     2.945     3.682     4.297     5.788     7.668     9.142
  19.001     30006         0     30002           0.449     2.535     3.238     4.123     4.747     6.259     8.176    12.304
  20.001     30001         0     30001           0.396     2.267     2.845     3.502     4.049     5.698     8.495    13.484
  21.001     30007         0     30002           0.356     2.562     3.271     4.172     4.825     6.365     8.913    14.017
  22.001     29999         0     30004           0.336     2.355     2.972     3.670     4.260     5.738     7.995    12.567
  23.001     30003         0     30004           0.367     2.421     3.084     3.885     4.559     6.193     8.913    16.474
  24.002     30005         0     30005           0.360     2.374     3.004     3.711     4.289     5.681     7.541    10.592
  25.001     29996         0     29997           0.348     2.245     2.853     3.533     4.164     5.964     8.929    12.394
  26.001     29999         0     30000           0.380     2.378     3.033     3.754     4.329     5.714     7.574    11.289
  27.001     29982         0     29980           0.409     2.392     3.041     3.813     4.465     5.886     8.462    12.345
  28.001     30006         0     30008           0.365     2.404     3.082     3.963     4.669     6.283    10.060    17.908
  29.001     30006         0     30005           0.396     2.384     3.031     3.783     4.428     5.976     8.757    13.222
  29.999     29973         0     30020           0.383     2.271     2.869     3.543     4.112     5.583     7.414    10.387
  30.002         6         0      6537           1.426     3.195     3.346     4.272     4.272     4.272     4.272     4.272

SUMMARY STATS ══════════════════════════════════════════════════════════════════════════════════════════════════════════════
    Elapsed time       [s]     30.007                                                                 
        CPU time       [s]    209.299                                                                 
 CPU utilisation       [%]       43.6                                                                 
          Cycles      [op]     899920                                                                 
          Errors      [op]          0                                                                 
              └─       [%]        0.0                                                                 
        Requests     [req]     899920                                                                 
              └─  [req/op]        1.0                                                                 
         Retries     [ret]          0                                                                 
              └─ [ret/req]    0.00000                                                                 
            Rows     [row]     267871                                                                 
              └─ [row/req]        0.3                                                                 
     Concurrency     [req]          3 ± 0                                                             
              └─       [%]         43                                                                 
      Throughput    [op/s]      29991 ± 79                                                            
              ├─   [req/s]      29991 ± 79                                                            
              └─   [row/s]       8927 ± 23                                                            
   Cycle latency      [ms]      2.508 ± 0.010                                                         
 Request latency      [ms]      2.137 ± 0.004                                                         

CYCLE LATENCY for get [ms]  ════════════════════════════════════════════════════════════════════════════════════════════════
          Min                   0.336 ± 0.028                                                         
           25                   1.240 ± 0.006                                                         
           50                   1.657 ± 0.006                                                         
           75                   2.263 ± 0.011                                                         
           90                   3.160 ± 0.019                                                         
           95                   3.912 ± 0.039                                                         
           98                   4.870 ± 0.047                                                         
           99                   5.607 ± 0.065                                                         
           99.9                 8.380 ± 0.276                                                         
           99.99               12.820 ± 2.144                                                         
          Max                  21.004 ± 4.945                                                         

CYCLE LATENCY for update [ms]  ═════════════════════════════════════════════════════════════════════════════════════════════
          Min                   0.706 ± 0.112                                                         
           25                   2.114 ± 0.004                                                         
           50                   2.591 ± 0.005                                                         
           75                   3.178 ± 0.007                                                         
           90                   3.965 ± 0.015                                                         
           95                   4.608 ± 0.017                                                         
           98                   5.464 ± 0.038                                                         
           99                   6.099 ± 0.052                                                         
           99.9                 8.413 ± 0.176                                                         
           99.99               12.394 ± 1.258                                                         
          Max                  20.759 ± 2.931                                                         

info: Saved report to /output/latte_1.json
TIMEFORMAT 35.613 225.688 36.560
