Linux 6.17.0-1015-aws (ip-172-31-15-213) 	05/25/26 	_x86_64_	(4 CPU)

18:47:34     CPU    %usr   %nice    %sys %iowait    %irq   %soft  %steal  %guest  %gnice   %idle
18:47:39     all   21.39    0.00    7.47    0.05    0.00    2.02    0.15    0.00    0.00   68.92
18:47:39       0   15.56    0.00    6.06    0.00    0.00    2.02    0.20    0.00    0.00   76.16
18:47:39       1   26.46    0.00    9.90    0.00    0.00    0.00    0.20    0.00    0.00   63.43
18:47:39       2   29.78    0.00    6.04    0.20    0.00    3.82    0.00    0.00    0.00   60.16
18:47:39       3   13.74    0.00    7.88    0.00    0.00    2.22    0.20    0.00    0.00   75.96

18:47:39     CPU    %usr   %nice    %sys %iowait    %irq   %soft  %steal  %guest  %gnice   %idle
18:47:44     all   56.11    0.00   25.50    0.00    0.00    8.09    0.10    0.00    0.00   10.20
18:47:44       0   59.67    0.00   22.04    0.00    0.00    8.52    0.21    0.00    0.00    9.56
18:47:44       1   53.91    0.00   29.22    0.00    0.00    4.32    0.00    0.00    0.00   12.55
18:47:44       2   52.87    0.00   25.82    0.00    0.00   11.68    0.20    0.00    0.00    9.43
18:47:44       3   58.02    0.00   24.90    0.00    0.00    7.82    0.00    0.00    0.00    9.26

18:47:44     CPU    %usr   %nice    %sys %iowait    %irq   %soft  %steal  %guest  %gnice   %idle
18:47:49     all   55.75    0.00   27.19    0.00    0.00    7.09    0.26    0.00    0.00    9.71
18:47:49       0   55.93    0.00   26.69    0.00    0.00    8.05    0.21    0.00    0.00    9.11
18:47:49       1   48.74    0.00   32.22    0.00    0.00    9.21    0.21    0.00    0.00    9.62
18:47:49       2   53.80    0.00   29.75    0.00    0.00    4.22    0.42    0.00    0.00   11.81
18:47:49       3   64.45    0.00   20.17    0.00    0.00    6.86    0.21    0.00    0.00    8.32

18:47:49     CPU    %usr   %nice    %sys %iowait    %irq   %soft  %steal  %guest  %gnice   %idle
18:47:54     all   56.43    0.00   27.20    0.10    0.00    7.01    0.16    0.00    0.00    9.10
18:47:54       0   54.97    0.00   26.85    0.00    0.00    8.67    0.42    0.00    0.00    9.09
18:47:54       1   51.37    0.00   30.11    0.21    0.00    9.68    0.00    0.00    0.00    8.63
18:47:54       2   66.80    0.00   20.75    0.00    0.00    3.94    0.21    0.00    0.00    8.30
18:47:54       3   52.49    0.00   31.12    0.21    0.00    5.81    0.00    0.00    0.00   10.37

18:47:54     CPU    %usr   %nice    %sys %iowait    %irq   %soft  %steal  %guest  %gnice   %idle
18:47:59     all   56.08    0.00   27.20    0.05    0.00    6.92    0.21    0.00    0.00    9.54
18:47:59       0   58.91    0.00   23.27    0.21    0.00    8.39    0.42    0.00    0.00    8.81
18:47:59       1   54.18    0.00   28.45    0.00    0.00    8.58    0.00    0.00    0.00    8.79
18:47:59       2   58.66    0.00   26.51    0.00    0.00    5.01    0.21    0.00    0.00    9.60
18:47:59       3   52.53    0.00   30.59    0.00    0.00    5.70    0.21    0.00    0.00   10.97

18:47:59     CPU    %usr   %nice    %sys %iowait    %irq   %soft  %steal  %guest  %gnice   %idle
18:48:04     all   55.26    0.00   27.60    0.00    0.00    6.94    0.16    0.00    0.00   10.04
18:48:04       0   59.02    0.00   23.78    0.00    0.00    8.28    0.21    0.00    0.00    8.70
18:48:04       1   55.02    0.00   27.20    0.00    0.00    8.79    0.21    0.00    0.00    8.79
18:48:04       2   58.04    0.00   25.47    0.00    0.00    5.01    0.21    0.00    0.00   11.27
18:48:04       3   48.95    0.00   33.97    0.00    0.00    5.70    0.00    0.00    0.00   11.39

18:48:04     CPU    %usr   %nice    %sys %iowait    %irq   %soft  %steal  %guest  %gnice   %idle
18:48:09     all   56.27    0.00   26.67    0.10    0.00    6.93    0.21    0.00    0.00    9.82
18:48:09       0   56.21    0.00   26.95    0.00    0.00    8.21    0.21    0.00    0.00    8.42
18:48:09       1   60.42    0.00   22.71    0.00    0.00    9.58    0.00    0.00    0.00    7.29
18:48:09       2   58.95    0.00   24.84    0.21    0.00    4.42    0.42    0.00    0.00   11.16
18:48:09       3   49.47    0.00   32.21    0.21    0.00    5.47    0.21    0.00    0.00   12.42

18:48:09     CPU    %usr   %nice    %sys %iowait    %irq   %soft  %steal  %guest  %gnice   %idle
18:48:14     all   48.59    0.00   22.93    0.05    0.00    5.50    0.16    0.00    0.00   22.77
18:48:14       0   55.30    0.00   25.42    0.00    0.00    6.57    0.42    0.00    0.00   12.29
18:48:14       1   42.80    0.00   24.01    0.00    0.00    7.31    0.00    0.00    0.00   25.89
18:48:14       2   54.68    0.00   15.80    0.00    0.00    3.74    0.21    0.00    0.00   25.57
18:48:14       3   41.63    0.00   26.57    0.21    0.00    4.39    0.00    0.00    0.00   27.20
