Linux 6.17.0-1015-aws (ip-172-31-15-77) 	05/29/26 	_x86_64_	(4 CPU)

03:55:46     CPU    %usr   %nice    %sys %iowait    %irq   %soft  %steal  %guest  %gnice   %idle
03:55:51     all   24.85    0.00    8.33    0.00    0.00    0.77    0.15    0.00    0.00   65.90
03:55:51       0   22.13    0.00    8.61    0.00    0.00    0.00    0.20    0.00    0.00   69.06
03:55:51       1   24.43    0.00    9.94    0.00    0.00    2.07    0.21    0.00    0.00   63.35
03:55:51       2   31.10    0.00    5.28    0.00    0.00    0.00    0.00    0.00    0.00   63.62
03:55:51       3   21.62    0.00    9.56    0.00    0.00    1.04    0.21    0.00    0.00   67.57

03:55:51     CPU    %usr   %nice    %sys %iowait    %irq   %soft  %steal  %guest  %gnice   %idle
03:55:56     all   49.97    0.00   21.11    0.00    0.00    1.83    0.22    0.00    0.00   26.87
03:55:56       0   57.05    0.00   17.68    0.00    0.00    0.00    0.21    0.00    0.00   25.05
03:55:56       1   50.66    0.00   22.81    0.00    0.00    4.82    0.22    0.00    0.00   21.49
03:55:56       2   47.36    0.00   20.93    0.00    0.00    0.63    0.21    0.00    0.00   30.87
03:55:56       3   44.59    0.00   23.18    0.00    0.00    1.99    0.22    0.00    0.00   30.02

03:55:56     CPU    %usr   %nice    %sys %iowait    %irq   %soft  %steal  %guest  %gnice   %idle
03:56:01     all   52.78    0.00   20.30    0.00    0.00    2.28    0.21    0.00    0.00   24.43
03:56:01       0   54.41    0.00   20.80    0.00    0.00    3.15    0.21    0.00    0.00   21.43
03:56:01       1   50.54    0.00   21.38    0.00    0.00    1.94    0.22    0.00    0.00   25.92
03:56:01       2   54.76    0.00   19.87    0.00    0.00    4.02    0.21    0.00    0.00   21.14
03:56:01       3   51.37    0.00   19.16    0.00    0.00    0.00    0.21    0.00    0.00   29.26

03:56:01     CPU    %usr   %nice    %sys %iowait    %irq   %soft  %steal  %guest  %gnice   %idle
03:56:06     all   55.40    0.00   19.67    0.11    0.00    1.91    0.21    0.00    0.00   22.70
03:56:06       0   54.29    0.00   21.67    0.00    0.00    1.50    0.21    0.00    0.00   22.32
03:56:06       1   52.43    0.00   20.93    0.21    0.00    1.69    0.21    0.00    0.00   24.52
03:56:06       2   56.65    0.00   19.96    0.00    0.00    4.08    0.21    0.00    0.00   19.10
03:56:06       3   58.19    0.00   16.18    0.21    0.00    0.42    0.21    0.00    0.00   24.79

03:56:06     CPU    %usr   %nice    %sys %iowait    %irq   %soft  %steal  %guest  %gnice   %idle
03:56:11     all   51.84    0.00   20.99    0.00    0.00    2.40    0.16    0.00    0.00   24.61
03:56:11       0   56.90    0.00   19.25    0.00    0.00    0.63    0.00    0.00    0.00   23.22
03:56:11       1   46.82    0.00   23.09    0.00    0.00    0.00    0.21    0.00    0.00   29.87
03:56:11       2   59.07    0.00   18.78    0.00    0.00    5.06    0.21    0.00    0.00   16.88
03:56:11       3   44.15    0.00   22.96    0.00    0.00    3.97    0.22    0.00    0.00   28.70

03:56:11     CPU    %usr   %nice    %sys %iowait    %irq   %soft  %steal  %guest  %gnice   %idle
03:56:16     all   51.91    0.00   20.52    0.00    0.00    2.10    0.27    0.00    0.00   25.20
03:56:16       0   61.09    0.00   17.57    0.00    0.00    0.42    0.21    0.00    0.00   20.71
03:56:16       1   45.71    0.00   21.46    0.00    0.00    0.43    0.21    0.00    0.00   32.19
03:56:16       2   57.96    0.00   20.17    0.00    0.00    4.25    0.42    0.00    0.00   17.20
03:56:16       3   42.08    0.00   23.08    0.00    0.00    3.39    0.23    0.00    0.00   31.22

03:56:16     CPU    %usr   %nice    %sys %iowait    %irq   %soft  %steal  %guest  %gnice   %idle
03:56:21     all   50.64    0.00   20.53    0.00    0.00    2.07    0.21    0.00    0.00   26.54
03:56:21       0   56.37    0.00   19.21    0.00    0.00    0.42    0.21    0.00    0.00   23.80
03:56:21       1   41.45    0.00   22.81    0.00    0.00    3.51    0.22    0.00    0.00   32.02
03:56:21       2   54.32    0.00   18.74    0.00    0.00    4.42    0.21    0.00    0.00   22.32
03:56:21       3   50.00    0.00   21.49    0.00    0.00    0.00    0.21    0.00    0.00   28.30

03:56:21     CPU    %usr   %nice    %sys %iowait    %irq   %soft  %steal  %guest  %gnice   %idle
03:56:26     all   51.58    0.00   20.35    0.00    0.00    2.09    0.16    0.00    0.00   25.82
03:56:26       0   51.17    0.00   22.29    0.00    0.00    0.21    0.21    0.00    0.00   26.11
03:56:26       1   49.45    0.00   20.35    0.00    0.00    3.28    0.22    0.00    0.00   26.70
03:56:26       2   57.54    0.00   18.10    0.00    0.00    4.53    0.22    0.00    0.00   19.61
03:56:26       3   48.21    0.00   20.63    0.00    0.00    0.42    0.00    0.00    0.00   30.74

03:56:26     CPU    %usr   %nice    %sys %iowait    %irq   %soft  %steal  %guest  %gnice   %idle
03:56:31     all   49.20    0.00   20.06    0.00    0.00    2.20    0.27    0.00    0.00   28.27
03:56:31       0   44.95    0.00   23.66    0.00    0.00    0.43    0.22    0.00    0.00   30.75
03:56:31       1   51.06    0.00   17.58    0.00    0.00    0.00    0.21    0.00    0.00   31.14
03:56:31       2   47.74    0.00   21.72    0.00    0.00    4.09    0.22    0.00    0.00   26.24
03:56:31       3   53.03    0.00   17.32    0.00    0.00    4.33    0.43    0.00    0.00   24.89

03:56:31     CPU    %usr   %nice    %sys %iowait    %irq   %soft  %steal  %guest  %gnice   %idle
03:56:36     all   50.54    0.00   19.86    0.00    0.00    2.37    0.16    0.00    0.00   27.07
03:56:36       0   51.70    0.00   22.98    0.00    0.00    0.85    0.00    0.00    0.00   24.47
03:56:36       1   40.39    0.00   21.60    0.00    0.00    0.22    0.22    0.00    0.00   37.58
03:56:36       2   66.74    0.00   13.35    0.00    0.00    4.66    0.21    0.00    0.00   15.04
03:56:36       3   42.83    0.00   21.63    0.00    0.00    3.75    0.22    0.00    0.00   31.57

03:56:36     CPU    %usr   %nice    %sys %iowait    %irq   %soft  %steal  %guest  %gnice   %idle
03:56:41     all   49.97    0.00   21.73    0.05    0.00    2.40    0.21    0.00    0.00   25.63
03:56:41       0   48.29    0.00   23.29    0.00    0.00    2.35    0.21    0.00    0.00   25.85
03:56:41       1   50.64    0.00   19.28    0.00    0.00    3.18    0.21    0.00    0.00   26.69
03:56:41       2   49.46    0.00   23.23    0.22    0.00    4.09    0.22    0.00    0.00   22.80
03:56:41       3   51.50    0.00   21.15    0.00    0.00    0.00    0.21    0.00    0.00   27.14

03:56:41     CPU    %usr   %nice    %sys %iowait    %irq   %soft  %steal  %guest  %gnice   %idle
03:56:46     all   51.65    0.00   20.84    0.00    0.00    2.35    0.27    0.00    0.00   24.89
03:56:46       0   53.83    0.00   21.70    0.00    0.00    2.34    0.21    0.00    0.00   21.91
03:56:46       1   51.07    0.00   18.38    0.00    0.00    2.56    0.21    0.00    0.00   27.78
03:56:46       2   52.98    0.00   21.28    0.00    0.00    4.04    0.43    0.00    0.00   21.28
03:56:46       3   48.72    0.00   22.01    0.00    0.00    0.43    0.21    0.00    0.00   28.63

03:56:46     CPU    %usr   %nice    %sys %iowait    %irq   %soft  %steal  %guest  %gnice   %idle
03:56:51     all   50.56    0.00   19.47    0.00    0.00    1.94    0.16    0.00    0.00   27.86
03:56:51       0   47.44    0.00   22.65    0.00    0.00    1.28    0.21    0.00    0.00   28.42
03:56:51       1   55.44    0.00   14.85    0.00    0.00    0.00    0.00    0.00    0.00   29.71
03:56:51       2   53.55    0.00   19.57    0.00    0.00    4.09    0.22    0.00    0.00   22.58
03:56:51       3   45.54    0.00   20.98    0.00    0.00    2.46    0.22    0.00    0.00   30.80

03:56:51     CPU    %usr   %nice    %sys %iowait    %irq   %soft  %steal  %guest  %gnice   %idle
03:56:56     all   49.54    0.00   19.16    0.00    0.00    2.27    0.32    0.00    0.00   28.71
03:56:56       0   60.38    0.00   15.72    0.00    0.00    1.68    0.21    0.00    0.00   22.01
03:56:56       1   43.28    0.00   19.40    0.00    0.00    0.21    0.43    0.00    0.00   36.67
03:56:56       2   53.48    0.00   19.13    0.00    0.00    5.00    0.22    0.00    0.00   22.17
03:56:56       3   40.49    0.00   22.60    0.00    0.00    2.24    0.45    0.00    0.00   34.23

03:56:56     CPU    %usr   %nice    %sys %iowait    %irq   %soft  %steal  %guest  %gnice   %idle
03:57:01     all   51.55    0.00   20.32    0.00    0.00    2.19    0.21    0.00    0.00   25.72
03:57:01       0   55.81    0.00   19.03    0.00    0.00    1.69    0.21    0.00    0.00   23.26
03:57:01       1   44.23    0.00   22.22    0.00    0.00    2.40    0.22    0.00    0.00   30.94
03:57:01       2   51.08    0.00   20.91    0.00    0.00    4.74    0.43    0.00    0.00   22.84
03:57:01       3   54.85    0.00   19.20    0.00    0.00    0.00    0.00    0.00    0.00   25.95

03:57:01     CPU    %usr   %nice    %sys %iowait    %irq   %soft  %steal  %guest  %gnice   %idle
03:57:06     all   52.93    0.00   20.84    0.00    0.00    2.37    0.21    0.00    0.00   23.64
03:57:06       0   50.00    0.00   24.47    0.00    0.00    1.48    0.21    0.00    0.00   23.84
03:57:06       1   51.69    0.00   18.86    0.00    0.00    2.75    0.21    0.00    0.00   26.48
03:57:06       2   58.56    0.00   18.60    0.00    0.00    4.86    0.21    0.00    0.00   17.76
03:57:06       3   51.47    0.00   21.43    0.00    0.00    0.42    0.21    0.00    0.00   26.47

03:57:06     CPU    %usr   %nice    %sys %iowait    %irq   %soft  %steal  %guest  %gnice   %idle
03:57:11     all   51.78    0.00   20.15    0.00    0.00    2.29    0.21    0.00    0.00   25.57
03:57:11       0   48.73    0.00   22.67    0.00    0.00    1.69    0.21    0.00    0.00   26.69
03:57:11       1   55.04    0.00   16.81    0.00    0.00    0.00    0.00    0.00    0.00   28.15
03:57:11       2   53.60    0.00   19.92    0.00    0.00    4.66    0.21    0.00    0.00   21.61
03:57:11       3   49.67    0.00   21.26    0.00    0.00    2.82    0.43    0.00    0.00   25.81

03:57:11     CPU    %usr   %nice    %sys %iowait    %irq   %soft  %steal  %guest  %gnice   %idle
03:57:16     all   51.63    0.00   18.53    0.05    0.00    2.24    0.21    0.00    0.00   27.34
03:57:16       0   54.87    0.00   18.64    0.21    0.00    2.12    0.00    0.00    0.00   24.15
03:57:16       1   49.47    0.00   17.34    0.00    0.00    0.21    0.42    0.00    0.00   32.56
03:57:16       2   52.46    0.00   19.49    0.00    0.00    4.71    0.21    0.00    0.00   23.13
03:57:16       3   49.67    0.00   18.66    0.00    0.00    1.95    0.22    0.00    0.00   29.50

03:57:16     CPU    %usr   %nice    %sys %iowait    %irq   %soft  %steal  %guest  %gnice   %idle
03:57:21     all   48.37    0.00   20.87    0.00    0.00    2.23    0.22    0.00    0.00   28.32
03:57:21       0   55.32    0.00   20.64    0.00    0.00    1.70    0.21    0.00    0.00   22.13
03:57:21       1   40.22    0.00   22.47    0.00    0.00    2.47    0.22    0.00    0.00   34.61
03:57:21       2   57.39    0.00   18.20    0.00    0.00    4.71    0.21    0.00    0.00   19.49
03:57:21       3   39.96    0.00   22.27    0.00    0.00    0.00    0.22    0.00    0.00   37.55

03:57:21     CPU    %usr   %nice    %sys %iowait    %irq   %soft  %steal  %guest  %gnice   %idle
03:57:26     all   48.25    0.00   20.63    0.00    0.00    2.15    0.16    0.00    0.00   28.80
03:57:26       0   50.21    0.00   21.89    0.00    0.00    1.50    0.21    0.00    0.00   26.18
03:57:26       1   44.98    0.00   20.31    0.00    0.00    2.40    0.22    0.00    0.00   32.10
03:57:26       2   52.90    0.00   19.78    0.00    0.00    4.30    0.22    0.00    0.00   22.80
03:57:26       3   44.92    0.00   20.55    0.00    0.00    0.42    0.00    0.00    0.00   34.11

03:57:26     CPU    %usr   %nice    %sys %iowait    %irq   %soft  %steal  %guest  %gnice   %idle
03:57:31     all   50.96    0.00   20.07    0.00    0.00    2.02    0.21    0.00    0.00   26.73
03:57:31       0   51.58    0.00   21.47    0.00    0.00    1.89    0.21    0.00    0.00   24.84
03:57:31       1   48.73    0.00   18.43    0.00    0.00    0.00    0.21    0.00    0.00   32.63
03:57:31       2   56.20    0.00   18.38    0.00    0.00    3.85    0.21    0.00    0.00   21.37
03:57:31       3   47.30    0.00   22.03    0.00    0.00    2.38    0.22    0.00    0.00   28.08

03:57:31     CPU    %usr   %nice    %sys %iowait    %irq   %soft  %steal  %guest  %gnice   %idle
03:57:36     all   51.58    0.00   19.83    0.05    0.00    2.30    0.27    0.00    0.00   25.98
03:57:36       0   63.07    0.00   15.15    0.00    0.00    2.07    0.21    0.00    0.00   19.50
03:57:36       1   44.30    0.00   21.08    0.00    0.00    0.22    0.22    0.00    0.00   34.19
03:57:36       2   54.41    0.00   20.22    0.00    0.00    4.30    0.22    0.00    0.00   20.86
03:57:36       3   44.01    0.00   23.09    0.22    0.00    2.61    0.44    0.00    0.00   29.63

03:57:36     CPU    %usr   %nice    %sys %iowait    %irq   %soft  %steal  %guest  %gnice   %idle
03:57:41     all   49.11    0.00   21.11    0.00    0.00    2.42    0.22    0.00    0.00   27.14
03:57:41       0   61.26    0.00   17.68    0.00    0.00    1.89    0.21    0.00    0.00   18.95
03:57:41       1   40.31    0.00   22.49    0.00    0.00    2.67    0.22    0.00    0.00   34.30
03:57:41       2   53.30    0.00   21.54    0.00    0.00    5.12    0.43    0.00    0.00   19.62
03:57:41       3   40.95    0.00   22.84    0.00    0.00    0.00    0.00    0.00    0.00   36.21

03:57:41     CPU    %usr   %nice    %sys %iowait    %irq   %soft  %steal  %guest  %gnice   %idle
03:57:46     all   47.97    0.00   20.80    0.00    0.00    2.05    0.22    0.00    0.00   28.96
03:57:46       0   45.67    0.00   23.16    0.00    0.00    1.52    0.22    0.00    0.00   29.44
03:57:46       1   45.32    0.00   20.92    0.00    0.00    2.18    0.22    0.00    0.00   31.37
03:57:46       2   49.13    0.00   20.96    0.00    0.00    4.37    0.22    0.00    0.00   25.33
03:57:46       3   51.69    0.00   18.22    0.00    0.00    0.21    0.21    0.00    0.00   29.66

03:57:46     CPU    %usr   %nice    %sys %iowait    %irq   %soft  %steal  %guest  %gnice   %idle
03:57:51     all   50.08    0.00   20.65    0.00    0.00    2.03    0.16    0.00    0.00   27.07
03:57:51       0   44.54    0.00   25.27    0.00    0.00    1.71    0.21    0.00    0.00   28.27
03:57:51       1   53.03    0.00   18.58    0.00    0.00    0.00    0.00    0.00    0.00   28.39
03:57:51       2   56.47    0.00   17.24    0.00    0.00    4.09    0.22    0.00    0.00   21.98
03:57:51       3   46.19    0.00   21.57    0.00    0.00    2.40    0.22    0.00    0.00   29.63

03:57:51     CPU    %usr   %nice    %sys %iowait    %irq   %soft  %steal  %guest  %gnice   %idle
03:57:56     all   51.92    0.00   18.58    0.00    0.00    2.05    0.27    0.00    0.00   27.17
03:57:56       0   58.42    0.00   17.70    0.00    0.00    1.92    0.21    0.00    0.00   21.75
03:57:56       1   44.11    0.00   20.56    0.00    0.00    0.21    0.21    0.00    0.00   34.90
03:57:56       2   59.91    0.00   17.03    0.00    0.00    3.88    0.43    0.00    0.00   18.75
03:57:56       3   45.01    0.00   19.07    0.00    0.00    2.22    0.22    0.00    0.00   33.48

03:57:56     CPU    %usr   %nice    %sys %iowait    %irq   %soft  %steal  %guest  %gnice   %idle
03:58:01     all   49.95    0.00   21.27    0.00    0.00    2.26    0.21    0.00    0.00   26.32
03:58:01       0   50.21    0.00   22.22    0.00    0.00    1.92    0.21    0.00    0.00   25.43
03:58:01       1   55.17    0.00   19.18    0.00    0.00    3.23    0.22    0.00    0.00   22.20
03:58:01       2   50.43    0.00   21.52    0.00    0.00    3.91    0.22    0.00    0.00   23.91
03:58:01       3   44.04    0.00   22.13    0.00    0.00    0.00    0.21    0.00    0.00   33.62

03:58:01     CPU    %usr   %nice    %sys %iowait    %irq   %soft  %steal  %guest  %gnice   %idle
03:58:06     all   53.07    0.00   20.11    0.00    0.00    2.24    0.21    0.00    0.00   24.37
03:58:06       0   54.06    0.00   21.37    0.00    0.00    1.28    0.00    0.00    0.00   23.29
03:58:06       1   55.79    0.00   18.24    0.00    0.00    3.00    0.43    0.00    0.00   22.53
03:58:06       2   51.72    0.00   21.46    0.00    0.00    4.29    0.21    0.00    0.00   22.32
03:58:06       3   50.74    0.00   19.37    0.00    0.00    0.42    0.21    0.00    0.00   29.26

03:58:06     CPU    %usr   %nice    %sys %iowait    %irq   %soft  %steal  %guest  %gnice   %idle
03:58:11     all   48.39    0.00   21.18    0.00    0.00    2.17    0.16    0.00    0.00   28.11
03:58:11       0   46.23    0.00   23.64    0.00    0.00    1.46    0.21    0.00    0.00   28.45
03:58:11       1   49.16    0.00   20.08    0.00    0.00    0.00    0.00    0.00    0.00   30.75
03:58:11       2   57.96    0.00   16.35    0.00    0.00    4.67    0.21    0.00    0.00   20.81
03:58:11       3   40.04    0.00   24.68    0.00    0.00    2.60    0.22    0.00    0.00   32.47

03:58:11     CPU    %usr   %nice    %sys %iowait    %irq   %soft  %steal  %guest  %gnice   %idle
03:58:16     all   50.81    0.00   19.25    0.00    0.00    1.88    0.27    0.00    0.00   27.80
03:58:16       0   50.00    0.00   20.39    0.00    0.00    1.29    0.21    0.00    0.00   28.11
03:58:16       1   50.42    0.00   18.57    0.00    0.00    0.42    0.42    0.00    0.00   30.17
03:58:16       2   54.98    0.00   18.83    0.00    0.00    3.68    0.22    0.00    0.00   22.29
03:58:16       3   47.82    0.00   19.21    0.00    0.00    2.18    0.22    0.00    0.00   30.57

03:58:16     CPU    %usr   %nice    %sys %iowait    %irq   %soft  %steal  %guest  %gnice   %idle
03:58:21     all   38.89    0.00   15.07    0.00    0.00    1.67    0.16    0.00    0.00   44.21
03:58:21       0   32.78    0.00   16.91    0.00    0.00    1.46    0.21    0.00    0.00   48.64
03:58:21       1   51.77    0.00   14.55    0.00    0.00    1.87    0.21    0.00    0.00   31.60
03:58:21       2   33.96    0.00   15.51    0.00    0.00    3.35    0.21    0.00    0.00   46.96
03:58:21       3   37.01    0.00   13.31    0.00    0.00    0.00    0.00    0.00    0.00   49.69
