Linux 6.17.0-1015-aws (ip-172-31-13-152) 	05/25/26 	_x86_64_	(4 CPU)

18:49:53     CPU    %usr   %nice    %sys %iowait    %irq   %soft  %steal  %guest  %gnice   %idle
18:49:58     all   21.54    0.00    7.56    0.21    0.00    0.78    0.16    0.00    0.00   69.74
18:49:58       0   12.00    0.00    7.16    0.21    0.00    0.42    0.00    0.00    0.00   80.21
18:49:58       1   23.52    0.00    6.95    0.20    0.00    0.00    0.20    0.00    0.00   69.12
18:49:58       2   26.77    0.00    8.78    0.21    0.00    2.78    0.21    0.00    0.00   61.24
18:49:58       3   23.87    0.00    7.41    0.21    0.00    0.00    0.21    0.00    0.00   68.31

18:49:58     CPU    %usr   %nice    %sys %iowait    %irq   %soft  %steal  %guest  %gnice   %idle
18:50:03     all   27.91    0.00   12.51    0.11    0.00    1.58    0.16    0.00    0.00   57.73
18:50:03       0   30.95    0.00   12.77    0.22    0.00    1.30    0.22    0.00    0.00   54.55
18:50:03       1   18.88    0.00   12.45    0.00    0.00    0.00    0.00    0.00    0.00   68.67
18:50:03       2   25.17    0.00   15.38    0.23    0.00    5.36    0.23    0.00    0.00   53.61
18:50:03       3   36.29    0.00    9.70    0.00    0.00    0.00    0.21    0.00    0.00   53.80

18:50:03     CPU    %usr   %nice    %sys %iowait    %irq   %soft  %steal  %guest  %gnice   %idle
18:50:08     all   32.34    0.00   13.95    0.22    0.00    1.70    0.16    0.00    0.00   51.62
18:50:08       0   33.70    0.00   13.30    0.22    0.00    1.11    0.22    0.00    0.00   51.44
18:50:08       1   36.74    0.00   13.26    0.22    0.00    2.61    0.22    0.00    0.00   46.96
18:50:08       2   37.47    0.00   13.75    0.22    0.00    2.22    0.22    0.00    0.00   46.12
18:50:08       3   21.57    0.00   15.47    0.22    0.00    0.87    0.00    0.00    0.00   61.87

18:50:08     CPU    %usr   %nice    %sys %iowait    %irq   %soft  %steal  %guest  %gnice   %idle
18:50:13     all   28.17    0.00   13.67    0.17    0.00    1.72    0.06    0.00    0.00   56.23
18:50:13       0   45.22    0.00   10.62    0.21    0.00    1.91    0.21    0.00    0.00   41.83
18:50:13       1   22.50    0.00   15.45    0.23    0.00    2.73    0.00    0.00    0.00   59.09
18:50:13       2   21.49    0.00   14.48    0.23    0.00    1.58    0.00    0.00    0.00   62.22
18:50:13       3   22.47    0.00   14.32    0.00    0.00    0.66    0.00    0.00    0.00   62.56

18:50:13     CPU    %usr   %nice    %sys %iowait    %irq   %soft  %steal  %guest  %gnice   %idle
18:50:18     all   30.84    0.00   14.29    0.43    0.00    1.84    0.22    0.00    0.00   52.38
18:50:18       0   42.74    0.00   11.79    0.42    0.00    1.89    0.21    0.00    0.00   42.95
18:50:18       1   36.04    0.00   13.19    0.44    0.00    3.30    0.22    0.00    0.00   46.81
18:50:18       2   21.68    0.00   16.15    0.44    0.00    1.33    0.22    0.00    0.00   60.18
18:50:18       3   22.53    0.00   16.09    0.43    0.00    0.86    0.21    0.00    0.00   59.87

18:50:18     CPU    %usr   %nice    %sys %iowait    %irq   %soft  %steal  %guest  %gnice   %idle
18:50:23     all   30.30    0.00   13.32    0.17    0.00    1.55    0.11    0.00    0.00   54.55
18:50:23       0   27.19    0.00   13.48    0.22    0.00    1.35    0.00    0.00    0.00   57.75
18:50:23       1   36.10    0.00   12.56    0.00    0.00    3.14    0.00    0.00    0.00   48.21
18:50:23       2   36.76    0.00   11.82    0.22    0.00    1.31    0.22    0.00    0.00   49.67
18:50:23       3   21.15    0.00   15.42    0.22    0.00    0.44    0.22    0.00    0.00   62.56

18:50:23     CPU    %usr   %nice    %sys %iowait    %irq   %soft  %steal  %guest  %gnice   %idle
18:50:28     all   28.67    0.00   14.11    0.27    0.00    1.75    0.16    0.00    0.00   55.03
18:50:28       0   38.66    0.00   11.45    0.00    0.00    1.51    0.22    0.00    0.00   48.16
18:50:28       1   33.05    0.00   13.82    0.22    0.00    3.24    0.22    0.00    0.00   49.46
18:50:28       2   21.44    0.00   15.58    0.45    0.00    1.35    0.23    0.00    0.00   60.95
18:50:28       3   21.13    0.00   15.69    0.44    0.00    0.87    0.00    0.00    0.00   61.87

18:50:28     CPU    %usr   %nice    %sys %iowait    %irq   %soft  %steal  %guest  %gnice   %idle
18:50:33     all   25.33    0.00    8.98    0.05    0.00    0.85    0.05    0.00    0.00   64.74
18:50:33       0   17.66    0.00    8.51    0.21    0.00    0.43    0.21    0.00    0.00   72.98
18:50:33       1   31.78    0.00    7.84    0.00    0.00    1.91    0.00    0.00    0.00   58.47
18:50:33       2   14.66    0.00    9.70    0.00    0.00    0.65    0.00    0.00    0.00   75.00
18:50:33       3   36.90    0.00    9.85    0.00    0.00    0.42    0.00    0.00    0.00   52.83
