Linux 6.17.0-1015-aws (ip-172-31-15-155) 	05/25/26 	_x86_64_	(4 CPU)

18:49:51     CPU    %usr   %nice    %sys %iowait    %irq   %soft  %steal  %guest  %gnice   %idle
18:49:56     all   16.77    0.00    3.93    0.05    0.00    0.96    0.05    0.00    0.00   78.25
18:49:56       0   19.68    0.00    3.61    0.00    0.00    1.61    0.20    0.00    0.00   74.90
18:49:56       1   20.72    0.00    4.63    0.00    0.00    0.20    0.00    0.00    0.00   74.45
18:49:56       2   19.76    0.00    4.03    0.00    0.00    1.01    0.00    0.00    0.00   75.20
18:49:56       3    6.87    0.00    3.43    0.20    0.00    1.01    0.00    0.00    0.00   88.48

18:49:56     CPU    %usr   %nice    %sys %iowait    %irq   %soft  %steal  %guest  %gnice   %idle
18:50:01     all   61.80    0.00   23.39    0.00    0.00    9.84    0.30    0.00    0.00    4.67
18:50:01       0   59.00    0.00   19.40    0.00    0.00   17.40    0.20    0.00    0.00    4.00
18:50:01       1   66.60    0.00   28.77    0.00    0.00    0.00    0.40    0.00    0.00    4.23
18:50:01       2   60.69    0.00   23.19    0.00    0.00   10.28    0.40    0.00    0.00    5.44
18:50:01       3   60.92    0.00   22.24    0.00    0.00   11.62    0.20    0.00    0.00    5.01

18:50:01     CPU    %usr   %nice    %sys %iowait    %irq   %soft  %steal  %guest  %gnice   %idle
18:50:06     all   65.18    0.00   22.89    0.05    0.00   10.56    0.10    0.00    0.00    1.21
18:50:06       0   61.41    0.00   20.20    0.00    0.00   17.98    0.00    0.00    0.00    0.40
18:50:06       1   67.47    0.00   29.49    0.20    0.00    0.61    0.00    0.00    0.00    2.22
18:50:06       2   67.14    0.00   19.88    0.00    0.00   11.16    0.20    0.00    0.00    1.62
18:50:06       3   64.72    0.00   21.98    0.00    0.00   12.50    0.20    0.00    0.00    0.60

18:50:06     CPU    %usr   %nice    %sys %iowait    %irq   %soft  %steal  %guest  %gnice   %idle
18:50:11     all   66.67    0.00   22.39    0.00    0.00    9.94    0.20    0.00    0.00    0.80
18:50:11       0   66.07    0.00   22.55    0.00    0.00   10.38    0.40    0.00    0.00    0.60
18:50:11       1   64.92    0.00   26.61    0.00    0.00    7.06    0.20    0.00    0.00    1.21
18:50:11       2   71.43    0.00   16.70    0.00    0.00   10.66    0.20    0.00    0.00    1.01
18:50:11       3   64.26    0.00   23.69    0.00    0.00   11.65    0.00    0.00    0.00    0.40

18:50:11     CPU    %usr   %nice    %sys %iowait    %irq   %soft  %steal  %guest  %gnice   %idle
18:50:16     all   67.12    0.00   21.79    0.05    0.00   10.04    0.15    0.00    0.00    0.85
18:50:16       0   68.54    0.00   20.04    0.00    0.00   10.82    0.20    0.00    0.00    0.40
18:50:16       1   66.73    0.00   24.80    0.00    0.00    7.06    0.00    0.00    0.00    1.41
18:50:16       2   67.87    0.00   20.28    0.20    0.00   10.44    0.20    0.00    0.00    1.00
18:50:16       3   65.33    0.00   22.04    0.00    0.00   11.82    0.20    0.00    0.00    0.60

18:50:16     CPU    %usr   %nice    %sys %iowait    %irq   %soft  %steal  %guest  %gnice   %idle
18:50:21     all   67.22    0.00   21.40    0.00    0.00   10.57    0.15    0.00    0.00    0.65
18:50:21       0   64.46    0.00   22.49    0.00    0.00   12.25    0.20    0.00    0.00    0.60
18:50:21       1   70.02    0.00   21.33    0.00    0.00    7.44    0.20    0.00    0.00    1.01
18:50:21       2   68.48    0.00   19.80    0.00    0.00   10.91    0.20    0.00    0.00    0.61
18:50:21       3   65.93    0.00   21.98    0.00    0.00   11.69    0.00    0.00    0.00    0.40

18:50:21     CPU    %usr   %nice    %sys %iowait    %irq   %soft  %steal  %guest  %gnice   %idle
18:50:26     all   66.63    0.00   22.36    0.00    0.00    9.90    0.25    0.00    0.00    0.85
18:50:26       0   70.74    0.00   18.24    0.00    0.00   10.22    0.40    0.00    0.00    0.40
18:50:26       1   62.78    0.00   28.37    0.00    0.00    7.24    0.20    0.00    0.00    1.41
18:50:26       2   68.15    0.00   20.36    0.00    0.00   10.28    0.20    0.00    0.00    1.01
18:50:26       3   64.86    0.00   22.49    0.00    0.00   11.85    0.20    0.00    0.00    0.60

18:50:26     CPU    %usr   %nice    %sys %iowait    %irq   %soft  %steal  %guest  %gnice   %idle
18:50:31     all   65.49    0.00   20.82    0.00    0.00    9.91    0.10    0.00    0.00    3.67
18:50:31       0   68.61    0.00   19.52    0.00    0.00   11.07    0.20    0.00    0.00    0.60
18:50:31       1   61.77    0.00   25.96    0.00    0.00    7.04    0.00    0.00    0.00    5.23
18:50:31       2   66.06    0.00   18.38    0.00    0.00   10.51    0.20    0.00    0.00    4.85
18:50:31       3   65.53    0.00   19.44    0.00    0.00   11.02    0.00    0.00    0.00    4.01
