Linux 6.17.0-1010-aws (ip-172-31-15-179) 	04/20/26 	_x86_64_	(8 CPU)

11:09:51      UID       PID    %usr %system  %guest   %wait    %CPU   CPU  Command
11:09:56        0         1    0.00    0.20    0.00    0.00    0.20     3  systemd
11:09:56        0        15    0.00    0.20    0.00    0.20    0.20     2  rcu_sched
11:09:56        0       168    0.00    0.20    0.00    0.00    0.20     1  systemd-journal
11:09:56        0      1991    0.40    0.40    0.00    0.00    0.80     4  containerd
11:09:56        0      2232    0.40    0.20    0.00    0.00    0.60     0  dockerd
11:09:56        0     14179    0.20    0.00    0.00    0.00    0.20     7  docker
11:09:56        0     14223    0.20    0.00    0.00    0.00    0.20     0  bash
11:09:56        0     14253  541.72   43.51    0.00    0.00  585.23     5  java

11:09:56      UID       PID    %usr %system  %guest   %wait    %CPU   CPU  Command
11:10:01        0      1991    0.20    0.00    0.00    0.00    0.20     4  containerd
11:10:01        0      6639    0.00    0.20    0.00    0.00    0.20     3  kworker/3:2-events
11:10:01     1000     14106    0.00    0.20    0.00    0.00    0.20     5  pidstat
11:10:01        0     14253  664.60   88.00    0.00    0.00  752.60     5  java

11:10:01      UID       PID    %usr %system  %guest   %wait    %CPU   CPU  Command
11:10:06        0        14    0.00    0.20    0.00    0.00    0.20     0  ksoftirqd/0
11:10:06        0        36    0.00    0.20    0.00    0.00    0.20     3  ksoftirqd/3
11:10:06        0        48    0.00    0.20    0.00    0.00    0.20     5  ksoftirqd/5
11:10:06        0        54    0.00    0.20    0.00    0.00    0.20     6  ksoftirqd/6
11:10:06        0     10955    0.00    0.20    0.00    0.00    0.20     1  kworker/u32:0-kvfree_rcu_reclaim
11:10:06        0     11145    0.00    0.20    0.00    0.00    0.20     2  kworker/u32:1-kvfree_rcu_reclaim
11:10:06     1000     14106    0.00    0.20    0.00    0.00    0.20     5  pidstat
11:10:06        0     14253  637.20  103.60    0.00    0.00  740.80     5  java

11:10:06      UID       PID    %usr %system  %guest   %wait    %CPU   CPU  Command
11:10:11        0        15    0.00    0.20    0.00    0.00    0.20     0  rcu_sched
11:10:11        0        30    0.00    0.20    0.00    0.00    0.20     2  ksoftirqd/2
11:10:11        0        60    0.00    0.20    0.00    0.00    0.20     7  ksoftirqd/7
11:10:11        0       309    0.00    0.20    0.00    0.00    0.20     4  kworker/4:2-events
11:10:11        0       951    0.00    0.20    0.00    0.00    0.20     6  kworker/6:2-events
11:10:11        0     11708    0.00    0.20    0.00    0.20    0.20     6  kworker/u32:4-events_power_efficient
11:10:11     1000     14106    0.20    0.00    0.00    0.00    0.20     5  pidstat
11:10:11        0     14253  605.60  122.60    0.00    0.00  728.20     5  java

11:10:11      UID       PID    %usr %system  %guest   %wait    %CPU   CPU  Command
11:10:16        0        24    0.00    0.20    0.00    0.00    0.20     1  ksoftirqd/1
11:10:16        0        42    0.00    0.20    0.00    0.00    0.20     4  ksoftirqd/4
11:10:16        0      1991    0.20    0.00    0.00    0.00    0.20     4  containerd
11:10:16        0      8455    0.00    0.20    0.00    0.00    0.20     5  kworker/5:2-events
11:10:16        0     11708    0.00    0.20    0.00    0.00    0.20     6  kworker/u32:4-events_power_efficient
11:10:16     1000     14106    0.00    0.20    0.00    0.00    0.20     1  pidstat
11:10:16        0     14253  577.40  133.60    0.00    0.00  711.00     5  java

11:10:16      UID       PID    %usr %system  %guest   %wait    %CPU   CPU  Command
11:10:21        0         1    0.20    0.00    0.00    0.00    0.20     1  systemd
11:10:21        0        14    0.00    0.20    0.00    0.00    0.20     0  ksoftirqd/0
11:10:21        0     11145    0.00    0.40    0.00    0.20    0.40     5  kworker/u32:1-kvfree_rcu_reclaim
11:10:21        0     14253  463.20  170.60    0.00    0.00  633.80     5  java

11:10:21      UID       PID    %usr %system  %guest   %wait    %CPU   CPU  Command
11:10:26        0        54    0.00    0.20    0.00    0.00    0.20     6  ksoftirqd/6
11:10:26        0       121    0.00    0.20    0.00    0.00    0.20     3  jbd2/nvme0n1p1-8
11:10:26        0       231    0.20    0.00    0.00    0.00    0.20     3  multipathd
11:10:26        0      2232    0.00    0.20    0.00    0.00    0.20     0  dockerd
11:10:26        0     10955    0.00    0.20    0.00    0.00    0.20     7  kworker/u32:0-events_power_efficient
11:10:26     1000     14106    0.00    0.20    0.00    0.00    0.20     1  pidstat
11:10:26        0     14394  214.20   14.60    0.00    0.00  228.80     3  java

11:10:26      UID       PID    %usr %system  %guest   %wait    %CPU   CPU  Command
11:10:31        0        15    0.00    0.20    0.00    0.00    0.20     2  rcu_sched
11:10:31        0        48    0.00    0.20    0.00    0.00    0.20     5  ksoftirqd/5
11:10:31        0      1991    0.00    0.20    0.00    0.00    0.20     4  containerd
11:10:31        0     11148    0.00    0.20    0.00    0.00    0.20     0  kworker/0:1-events
11:10:31     1000     14106    0.20    0.00    0.00    0.00    0.20     1  pidstat
11:10:31        0     14394  690.20   73.20    0.00    0.00  763.40     3  java

11:10:31      UID       PID    %usr %system  %guest   %wait    %CPU   CPU  Command
11:10:36        0        30    0.00    0.20    0.00    0.00    0.20     2  ksoftirqd/2
11:10:36        0        36    0.00    0.20    0.00    0.00    0.20     3  ksoftirqd/3
11:10:36        0      2232    0.20    0.00    0.00    0.00    0.20     0  dockerd
11:10:36        0     11708    0.00    0.20    0.00    0.00    0.20     0  kworker/u32:4-events_power_efficient
11:10:36     1000     14106    0.00    0.20    0.00    0.20    0.20     1  pidstat
11:10:36        0     14394  650.80   96.20    0.00    0.00  747.00     3  java

11:10:36      UID       PID    %usr %system  %guest   %wait    %CPU   CPU  Command
11:10:41        0       105    0.00    0.20    0.00    0.00    0.20     2  kworker/2:1-events
11:10:41        0      1991    0.20    0.00    0.00    0.00    0.20     4  containerd
11:10:41        0     10650    0.00    0.20    0.00    0.00    0.20     7  kworker/7:2-events
11:10:41     1000     14106    0.00    0.20    0.00    0.00    0.20     1  pidstat
11:10:41        0     14394  618.40  115.20    0.00    0.00  733.60     3  java

11:10:41      UID       PID    %usr %system  %guest   %wait    %CPU   CPU  Command
11:10:46        0        24    0.00    0.20    0.00    0.00    0.20     1  ksoftirqd/1
11:10:46        0        42    0.00    0.20    0.00    0.00    0.20     4  ksoftirqd/4
11:10:46        0      6639    0.00    0.20    0.00    0.00    0.20     3  kworker/3:2-events
11:10:46        0     11145    0.00    0.20    0.00    0.00    0.20     4  kworker/u32:1-kvfree_rcu_reclaim
11:10:46        0     11708    0.00    0.20    0.00    0.00    0.20     6  kworker/u32:4-kvfree_rcu_reclaim
11:10:46        0     14394  588.00  128.00    0.00    0.00  716.00     3  java

11:10:46      UID       PID    %usr %system  %guest   %wait    %CPU   CPU  Command
11:10:51        0        15    0.00    0.20    0.00    0.20    0.20     4  rcu_sched
11:10:51        0        92    0.00    0.20    0.00    0.00    0.20     1  kworker/1:1-events
11:10:51        0      1122    0.20    0.00    0.00    0.00    0.20     7  amazon-ssm-agen
11:10:51        0      4791    0.00    0.20    0.00    0.20    0.20     7  kworker/u32:6-kvfree_rcu_reclaim
11:10:51        0     11145    0.00    0.20    0.00    0.20    0.20     7  kworker/u32:1-kvfree_rcu_reclaim
11:10:51     1000     14106    0.00    0.20    0.00    0.00    0.20     2  pidstat
11:10:51        0     14394  513.40  151.20    0.00    0.00  664.60     3  java

11:10:51      UID       PID    %usr %system  %guest   %wait    %CPU   CPU  Command
11:10:56        0        14    0.00    0.20    0.00    0.00    0.20     0  ksoftirqd/0
11:10:56        0        24    0.00    0.20    0.00    0.20    0.20     1  ksoftirqd/1
11:10:56        0        30    0.00    0.20    0.00    0.00    0.20     2  ksoftirqd/2
11:10:56        0        36    0.00    0.20    0.00    0.00    0.20     3  ksoftirqd/3
11:10:56        0        42    0.00    0.20    0.00    0.20    0.20     4  ksoftirqd/4
11:10:56        0        48    0.00    0.20    0.00    0.00    0.20     5  ksoftirqd/5
11:10:56        0        54    0.00    0.20    0.00    0.00    0.20     6  ksoftirqd/6
11:10:56        0        60    0.00    0.20    0.00    0.00    0.20     7  ksoftirqd/7
11:10:56        0       951    0.00    0.20    0.00    0.00    0.20     6  kworker/6:2-events
11:10:56        0      1991    0.00    0.20    0.00    0.00    0.20     4  containerd
11:10:56        0      4791    0.00    0.20    0.00    0.00    0.20     1  kworker/u32:6-kvfree_rcu_reclaim
11:10:56        0      8455    0.00    0.20    0.00    0.00    0.20     5  kworker/5:2-events
11:10:56        0     11145    0.00    0.20    0.00    0.00    0.20     5  kworker/u32:1-kvfree_rcu_reclaim
11:10:56     1000     14106    0.20    0.00    0.00    0.00    0.20     6  pidstat
11:10:56        0     14199    0.20    0.00    0.00    0.00    0.20     7  containerd-shim
11:10:56        0     14394  438.40  176.20    0.00    0.00  614.60     3  java

11:10:56      UID       PID    %usr %system  %guest   %wait    %CPU   CPU  Command
11:11:01        0        36    0.00    0.20    0.00    0.00    0.20     3  ksoftirqd/3
11:11:01        0        42    0.00    0.20    0.00    0.00    0.20     4  ksoftirqd/4
11:11:01        0      4791    0.00    0.20    0.00    0.20    0.20     2  kworker/u32:6+kvfree_rcu_reclaim
11:11:01     1000     14106    0.00    0.20    0.00    0.00    0.20     6  pidstat
11:11:01        0     14394  435.80  180.80    0.00    0.00  616.60     3  java

11:11:01      UID       PID    %usr %system  %guest   %wait    %CPU   CPU  Command
11:11:06        0        24    0.00    0.20    0.00    0.00    0.20     1  ksoftirqd/1
11:11:06        0        30    0.00    0.20    0.00    0.00    0.20     2  ksoftirqd/2
11:11:06        0        48    0.00    0.20    0.00    0.00    0.20     5  ksoftirqd/5
11:11:06        0        54    0.00    0.20    0.00    0.00    0.20     6  ksoftirqd/6
11:11:06        0       309    0.00    0.20    0.00    0.00    0.20     4  kworker/4:2-events
11:11:06        0      4791    0.00    0.20    0.00    0.00    0.20     7  kworker/u32:6-kvfree_rcu_reclaim
11:11:06        0     11708    0.00    0.20    0.00    0.00    0.20     0  kworker/u32:4-kvfree_rcu_reclaim
11:11:06        0     14394  432.20  174.60    0.00    0.00  606.80     3  java

11:11:06      UID       PID    %usr %system  %guest   %wait    %CPU   CPU  Command
11:11:11        0        14    0.00    0.20    0.00    0.00    0.20     0  ksoftirqd/0
11:11:11        0        15    0.00    0.20    0.00    0.00    0.20     2  rcu_sched
11:11:11        0        30    0.00    0.20    0.00    0.00    0.20     2  ksoftirqd/2
11:11:11        0        36    0.00    0.20    0.00    0.00    0.20     3  ksoftirqd/3
11:11:11        0        42    0.00    0.20    0.00    0.00    0.20     4  ksoftirqd/4
11:11:11        0      1991    0.20    0.20    0.00    0.00    0.40     4  containerd
11:11:11        0      4791    0.00    0.20    0.00    0.00    0.20     3  kworker/u32:6-events_power_efficient
11:11:11        0     11148    0.00    0.20    0.00    0.00    0.20     0  kworker/0:1-events
11:11:11        0     11708    0.00    0.20    0.00    0.20    0.20     1  kworker/u32:4-kvfree_rcu_reclaim
11:11:11     1000     14106    0.20    0.20    0.00    0.00    0.40     2  pidstat
11:11:11        0     14394  432.80  175.80    0.00    0.00  608.60     3  java

11:11:11      UID       PID    %usr %system  %guest   %wait    %CPU   CPU  Command
11:11:16        0        24    0.00    0.20    0.00    0.00    0.20     1  ksoftirqd/1
11:11:16        0        36    0.00    0.20    0.00    0.00    0.20     3  ksoftirqd/3
11:11:16        0        42    0.00    0.20    0.00    0.00    0.20     4  ksoftirqd/4
11:11:16        0        48    0.00    0.20    0.00    0.00    0.20     5  ksoftirqd/5
11:11:16        0        54    0.00    0.20    0.00    0.00    0.20     6  ksoftirqd/6
11:11:16        0     11145    0.00    0.20    0.00    0.00    0.20     2  kworker/u32:1-kvfree_rcu_reclaim
11:11:16        0     11708    0.00    0.20    0.00    0.00    0.20     1  kworker/u32:4-kvfree_rcu_reclaim
11:11:16        0     14394  434.40  174.00    0.00    0.00  608.40     3  java

11:11:16      UID       PID    %usr %system  %guest   %wait    %CPU   CPU  Command
11:11:21        0        24    0.00    0.20    0.00    0.00    0.20     1  ksoftirqd/1
11:11:21        0        30    0.00    0.20    0.00    0.00    0.20     2  ksoftirqd/2
11:11:21        0       105    0.00    0.20    0.00    0.00    0.20     2  kworker/2:1-events
11:11:21        0      2232    0.20    0.00    0.00    0.00    0.20     0  dockerd
11:11:21        0      6639    0.00    0.20    0.00    0.20    0.20     3  kworker/3:2-events
11:11:21        0     11145    0.00    0.20    0.00    0.20    0.20     2  kworker/u32:1-kvfree_rcu_reclaim
11:11:21        0     11708    0.00    0.20    0.00    0.20    0.20     6  kworker/u32:4-kvfree_rcu_reclaim
11:11:21     1000     14106    0.00    0.20    0.00    0.00    0.20     2  pidstat
11:11:21        0     14394  432.20  177.00    0.00    0.00  609.20     3  java

11:11:21      UID       PID    %usr %system  %guest   %wait    %CPU   CPU  Command
11:11:26        0        36    0.00    0.20    0.00    0.00    0.20     3  ksoftirqd/3
11:11:26        0        42    0.00    0.20    0.00    0.00    0.20     4  ksoftirqd/4
11:11:26        0        48    0.00    0.20    0.00    0.00    0.20     5  ksoftirqd/5
11:11:26        0        54    0.00    0.20    0.00    0.00    0.20     6  ksoftirqd/6
11:11:26        0        92    0.00    0.20    0.00    0.00    0.20     1  kworker/1:1-mm_percpu_wq
11:11:26        0      8455    0.00    0.20    0.00    0.00    0.20     5  kworker/5:2-events
11:11:26        0     14394  272.60  109.80    0.00    0.00  382.40     3  java
