Linux 6.17.0-1015-aws (ip-172-31-15-155) 	05/25/26 	_x86_64_	(4 CPU)

18:58:58     CPU    %usr   %nice    %sys %iowait    %irq   %soft  %steal  %guest  %gnice   %idle
18:59:03     all   14.40    0.00    2.92    0.00    0.00    0.65    0.00    0.00    0.00   82.02
18:59:03       0   27.82    0.00    2.82    0.00    0.00    1.81    0.00    0.00    0.00   67.54
18:59:03       1   16.23    0.00    2.00    0.00    0.00    0.00    0.00    0.00    0.00   81.76
18:59:03       2    8.27    0.00    3.43    0.00    0.00    0.00    0.00    0.00    0.00   88.31
18:59:03       3    5.25    0.00    3.43    0.00    0.00    0.81    0.00    0.00    0.00   90.51

18:59:03     CPU    %usr   %nice    %sys %iowait    %irq   %soft  %steal  %guest  %gnice   %idle
18:59:08     all   55.65    0.00   24.96    0.10    0.00    7.84    0.26    0.00    0.00   11.19
18:59:08       0   50.21    0.00   22.52    0.00    0.00   18.80    0.21    0.00    0.00    8.26
18:59:08       1   53.53    0.00   30.71    0.21    0.00    2.70    0.21    0.00    0.00   12.66
18:59:08       2   58.40    0.00   26.23    0.20    0.00    0.00    0.41    0.00    0.00   14.75
18:59:08       3   60.41    0.00   20.41    0.00    0.00    9.90    0.21    0.00    0.00    9.07

18:59:08     CPU    %usr   %nice    %sys %iowait    %irq   %soft  %steal  %guest  %gnice   %idle
18:59:13     all   59.18    0.00   26.71    0.00    0.00    7.83    0.21    0.00    0.00    6.07
18:59:13       0   52.85    0.00   27.06    0.00    0.00   13.74    0.21    0.00    0.00    6.13
18:59:13       1   61.32    0.00   26.54    0.00    0.00    7.20    0.21    0.00    0.00    4.73
18:59:13       2   55.23    0.00   33.47    0.00    0.00    0.00    0.21    0.00    0.00   11.09
18:59:13       3   67.01    0.00   19.96    0.00    0.00   10.39    0.20    0.00    0.00    2.44

18:59:13     CPU    %usr   %nice    %sys %iowait    %irq   %soft  %steal  %guest  %gnice   %idle
18:59:18     all   59.43    0.00   27.01    0.05    0.00    7.90    0.21    0.00    0.00    5.40
18:59:18       0   54.51    0.00   30.19    0.00    0.00    7.97    0.42    0.00    0.00    6.92
18:59:18       1   69.67    0.00   18.65    0.00    0.00    7.99    0.20    0.00    0.00    3.48
18:59:18       2   56.03    0.00   30.87    0.00    0.00    4.86    0.21    0.00    0.00    8.03
18:59:18       3   57.29    0.00   28.54    0.21    0.00   10.68    0.00    0.00    0.00    3.29

18:59:18     CPU    %usr   %nice    %sys %iowait    %irq   %soft  %steal  %guest  %gnice   %idle
18:59:23     all   58.62    0.00   27.38    0.05    0.00    7.91    0.21    0.00    0.00    5.83
18:59:23       0   52.39    0.00   36.38    0.00    0.00    0.00    0.21    0.00    0.00   11.02
18:59:23       1   65.91    0.00   21.97    0.00    0.00    8.62    0.21    0.00    0.00    3.29
18:59:23       2   51.72    0.00   27.80    0.22    0.00   13.36    0.22    0.00    0.00    6.68
18:59:23       3   64.01    0.00   23.52    0.00    0.00    9.82    0.20    0.00    0.00    2.45

18:59:23     CPU    %usr   %nice    %sys %iowait    %irq   %soft  %steal  %guest  %gnice   %idle
18:59:28     all   59.49    0.00   27.07    0.05    0.00    7.99    0.16    0.00    0.00    5.24
18:59:28       0   54.83    0.00   30.67    0.21    0.00    5.67    0.21    0.00    0.00    8.40
18:59:28       1   62.06    0.00   27.01    0.00    0.00    7.22    0.00    0.00    0.00    3.71
18:59:28       2   63.07    0.00   23.03    0.00    0.00    8.51    0.21    0.00    0.00    5.19
18:59:28       3   57.94    0.00   27.63    0.00    0.00   10.52    0.21    0.00    0.00    3.71

18:59:28     CPU    %usr   %nice    %sys %iowait    %irq   %soft  %steal  %guest  %gnice   %idle
18:59:33     all   60.23    0.00   26.34    0.00    0.00    8.22    0.16    0.00    0.00    5.05
18:59:33       0   56.18    0.00   23.69    0.00    0.00   15.93    0.21    0.00    0.00    3.98
18:59:33       1   56.85    0.00   31.54    0.00    0.00    7.05    0.21    0.00    0.00    4.36
18:59:33       2   62.92    0.00   28.33    0.00    0.00    0.00    0.21    0.00    0.00    8.54
18:59:33       3   64.94    0.00   21.78    0.00    0.00    9.96    0.00    0.00    0.00    3.32

18:59:33     CPU    %usr   %nice    %sys %iowait    %irq   %soft  %steal  %guest  %gnice   %idle
18:59:38     all   58.23    0.00   27.14    0.00    0.00    7.92    0.21    0.00    0.00    6.51
18:59:38       0   53.19    0.00   30.43    0.00    0.00    7.87    0.21    0.00    0.00    8.30
18:59:38       1   55.83    0.00   28.63    0.00    0.00   10.63    0.20    0.00    0.00    4.70
18:59:38       2   58.17    0.00   28.45    0.00    0.00    3.18    0.21    0.00    0.00    9.98
18:59:38       3   65.51    0.00   21.22    0.00    0.00    9.80    0.20    0.00    0.00    3.27
