Linux 6.17.0-1015-aws (ip-172-31-13-152) 	05/25/26 	_x86_64_	(4 CPU)

18:58:59     CPU    %usr   %nice    %sys %iowait    %irq   %soft  %steal  %guest  %gnice   %idle
18:59:04     all   30.46    0.00   11.38    0.00    0.00    2.76    0.20    0.00    0.00   55.20
18:59:04       0   37.58    0.00   12.32    0.00    0.00    0.00    0.21    0.00    0.00   49.90
18:59:04       1   27.25    0.00   13.73    0.00    0.00    2.46    0.20    0.00    0.00   56.35
18:59:04       2   28.66    0.00    8.33    0.00    0.00    1.42    0.20    0.00    0.00   61.38
18:59:04       3   28.40    0.00   11.16    0.00    0.00    7.10    0.20    0.00    0.00   53.14

18:59:04     CPU    %usr   %nice    %sys %iowait    %irq   %soft  %steal  %guest  %gnice   %idle
18:59:09     all   56.45    0.00   24.97    0.00    0.00    6.86    0.15    0.00    0.00   11.56
18:59:09       0   59.06    0.00   25.87    0.00    0.00    0.00    0.20    0.00    0.00   14.87
18:59:09       1   51.97    0.00   29.40    0.00    0.00    5.38    0.21    0.00    0.00   13.04
18:59:09       2   53.94    0.00   25.10    0.00    0.00   11.00    0.21    0.00    0.00    9.75
18:59:09       3   60.79    0.00   19.50    0.00    0.00   11.20    0.00    0.00    0.00    8.51

18:59:09     CPU    %usr   %nice    %sys %iowait    %irq   %soft  %steal  %guest  %gnice   %idle
18:59:14     all   59.01    0.00   26.73    0.10    0.00    7.26    0.21    0.00    0.00    6.69
18:59:14       0   54.68    0.00   33.89    0.21    0.00    1.25    0.21    0.00    0.00    9.77
18:59:14       1   62.14    0.00   24.69    0.21    0.00    5.76    0.00    0.00    0.00    7.20
18:59:14       2   58.08    0.00   25.36    0.00    0.00   12.47    0.41    0.00    0.00    3.68
18:59:14       3   61.11    0.00   23.05    0.00    0.00    9.47    0.21    0.00    0.00    6.17

18:59:14     CPU    %usr   %nice    %sys %iowait    %irq   %soft  %steal  %guest  %gnice   %idle
18:59:19     all   60.07    0.00   25.76    0.05    0.00    7.26    0.21    0.00    0.00    6.65
18:59:19       0   55.39    0.00   27.59    0.00    0.00   10.17    0.21    0.00    0.00    6.64
18:59:19       1   63.77    0.00   22.36    0.00    0.00    7.04    0.21    0.00    0.00    6.63
18:59:19       2   59.34    0.00   25.26    0.00    0.00   11.91    0.21    0.00    0.00    3.29
18:59:19       3   61.76    0.00   27.81    0.20    0.00    0.00    0.20    0.00    0.00   10.02

18:59:19     CPU    %usr   %nice    %sys %iowait    %irq   %soft  %steal  %guest  %gnice   %idle
18:59:24     all   60.31    0.00   25.94    0.00    0.00    7.34    0.16    0.00    0.00    6.25
18:59:24       0   55.69    0.00   28.36    0.00    0.00    9.94    0.00    0.00    0.00    6.00
18:59:24       1   61.65    0.00   25.77    0.00    0.00    5.36    0.21    0.00    0.00    7.01
18:59:24       2   59.04    0.00   25.36    0.00    0.00   11.43    0.21    0.00    0.00    3.95
18:59:24       3   64.81    0.00   24.28    0.00    0.00    2.67    0.21    0.00    0.00    8.02

18:59:24     CPU    %usr   %nice    %sys %iowait    %irq   %soft  %steal  %guest  %gnice   %idle
18:59:29     all   59.36    0.00   26.08    0.00    0.00    7.66    0.15    0.00    0.00    6.74
18:59:29       0   57.03    0.00   33.20    0.00    0.00    0.00    0.20    0.00    0.00    9.57
18:59:29       1   63.93    0.00   26.23    0.00    0.00    0.00    0.20    0.00    0.00    9.63
18:59:29       2   57.97    0.00   24.43    0.00    0.00   13.46    0.21    0.00    0.00    3.93
18:59:29       3   58.51    0.00   20.33    0.00    0.00   17.43    0.00    0.00    0.00    3.73

18:59:29     CPU    %usr   %nice    %sys %iowait    %irq   %soft  %steal  %guest  %gnice   %idle
18:59:34     all   59.20    0.00   25.99    0.10    0.00    7.74    0.26    0.00    0.00    6.71
18:59:34       0   55.03    0.00   32.44    0.21    0.00    1.85    0.21    0.00    0.00   10.27
18:59:34       1   63.56    0.00   26.32    0.00    0.00    1.01    0.20    0.00    0.00    8.91
18:59:34       2   64.02    0.00   19.72    0.20    0.00   13.01    0.41    0.00    0.00    2.64
18:59:34       3   53.97    0.00   25.52    0.00    0.00   15.27    0.21    0.00    0.00    5.02

18:59:34     CPU    %usr   %nice    %sys %iowait    %irq   %soft  %steal  %guest  %gnice   %idle
18:59:39     all   41.43    0.00   17.85    0.05    0.00    5.06    0.15    0.00    0.00   35.45
18:59:39       0   48.25    0.00   19.79    0.00    0.00    7.42    0.21    0.00    0.00   24.33
18:59:39       1   38.52    0.00   17.21    0.00    0.00    4.51    0.00    0.00    0.00   39.75
18:59:39       2   40.12    0.00   14.87    0.00    0.00    8.35    0.20    0.00    0.00   36.46
18:59:39       3   38.90    0.00   19.55    0.20    0.00    0.00    0.20    0.00    0.00   41.14
