info: Loading workload script /workload/performance.rn...
info: Connecting to ["http://172.31.15.155:8000", "http://172.31.15.213:8000", "http://172.31.13.152:8000"]... 
info: Connected to '' cluster running ScyllaDB 2026.1.0~dev-0.20251003.20aeed160740 with build-id d177add4e6a23f71d527ca6e182d27a1f9ad74b4
info: Preparing...
info: Warming up...
info: Running benchmark...
CONFIG ═════════════════════════════════════════════════════════════════════════════════════════════════════════════════════
            Date            Mon, 25 May 2026                                                          
            Time            18:44:09 +0000                                                            
         Cluster                                                                                      
      Datacenter                                                                                      
            Rack                                                                                      
      DB version            ScyllaDB 2026.1.0~dev-0.20251003.20aeed160740 with build-id d177add4e6a23f71d527ca6e182d27a1f9ad74b4                                            
        Workload            performance.rn                                                            
     Function(s)            get:0.5, update:0.5                                                       
Request compression            Off                                                                       
Header whitelist            default                                                                   
 Active interval            default                                                                   
   Idle interval            default                                                                   
Routing fallback            default                                                                   
Key route affinity            default                                                                   
Key route affinity tables            none                                                                      
            Tags                                                                                      
────────────────────────────────────────────────────────────────────────────────────────────────────────────────────────────
-P alternator.consistentReads            false                                                                     
   -P fieldcount            10                                                                        
  -P fieldlength            512                                                                       
-P requestdistribution            "uniform"                                                                 
    -P row_count            100000                                                                    
        -P table            "latte_performance"                                                       
────────────────────────────────────────────────────────────────────────────────────────────────────────────────────────────
         Threads                   16                                                                 
     Concurrency     [req]          8                                                                 
        Max rate    [op/s]      30000                                                                 
          Warmup       [s]          5                                                                 
              └─      [op]                                                                            
        Run time       [s]       30.0                                                                 
              └─      [op]                                                                            
        Sampling       [s]        1.0                                                                 
              └─      [op]                                                                            
 Request timeout       [s]          5                                                                 
         Retries                                                                                      
  ┌──────┴number                   10                                                                 
  ├─min interval      [ms]        100                                                                 
  └─max interval      [ms]       5000                                                                 

LOG ════════════════════════════════════════════════════════════════════════════════════════════════════════════════════════
    Time    Cycles    Errors    Thrpt.     ────────────────────────────────── Latency [ms/op] ──────────────────────────────
     [s]      [op]      [op]    [op/s]             Min        50        75        90        95        99      99.9       Max
   1.001     29961         0     29937           0.339     1.906     2.458     3.021     3.465     4.661     6.078     8.520
   2.001     30001         0     30000           0.311     1.975     2.607     3.299     3.897     5.190     6.758     8.274
   3.001     29984         0     29988           0.359     1.876     2.410     2.953     3.344     4.567     6.996     9.527
   4.001     30007         0     30006           0.335     1.995     2.617     3.299     3.842     5.161     6.795    10.035
   5.001     30005         0     30006           0.340     1.964     2.548     3.187     3.707     5.222     6.996     9.363
   6.001     29987         0     29985           0.349     2.007     2.623     3.269     3.820     5.100     6.668     8.897
   7.001     30020         0     30019           0.333     1.967     2.576     3.250     3.842     5.239     6.984    11.665
   8.001     29995         0     29997           0.359     1.951     2.537     3.199     3.750     5.214     8.290    10.699
   9.001     30002         0     30002           0.326     2.007     2.650     3.353     3.990     5.439     7.459    10.797
  10.001     29995         0     29993           0.351     1.845     2.386     2.937     3.308     4.321     5.837     8.790
  11.001     29995         0     29997           0.295     2.073     2.746     3.553     4.188     5.579     7.565    10.584
  12.001     30008         0     30007           0.334     1.867     2.402     2.937     3.299     4.481     6.382     8.053
  13.001     29984         0     29986           0.369     2.042     2.703     3.473     4.110     5.526     7.344     9.527
  14.001     30020         0     30016           0.338     1.943     2.533     3.187     3.680     5.177     7.279    15.442
  15.001     29986         0     29986           0.319     1.982     2.572     3.185     3.727     5.255     8.389    11.411
  16.002     30014         0     30014           0.337     2.044     2.681     3.437     4.073     5.521     7.664     9.437
  17.001     29993         0     29995           0.353     1.842     2.372     2.877     3.230     4.276     6.562    10.584
  18.001     29998         0     29993           0.335     2.105     2.779     3.576     4.176     5.583     8.270    15.770
  19.001     29999         0     30000           0.357     1.846     2.353     2.851     3.166     4.004     5.566     7.041
  20.001     29994         0     29994           0.305     2.152     2.869     3.705     4.338     5.771     7.864    11.272
  21.001     30015         0     30016           0.330     1.875     2.425     2.982     3.375     4.583     6.427     8.163
  22.001     29990         0     29993           0.309     2.028     2.654     3.387     4.010     5.509     7.602    11.248
  23.001     30008         0     30008           0.350     2.018     2.619     3.271     3.830     5.104     6.668     9.282
  24.001     29972         0     29969           0.319     1.868     2.423     3.000     3.410     4.649     6.218     8.356
  25.001     30025         0     30025           0.358     2.085     2.734     3.498     4.147     5.505     7.246    10.060
  26.001     30001         0     30003           0.342     1.917     2.464     3.019     3.387     4.428     6.353     8.684
  27.001     29998         0     30000           0.351     2.021     2.640     3.324     3.895     5.263     6.783    10.871
  28.001     29995         0     29991           0.336     1.963     2.556     3.191     3.717     5.083     6.795     9.118
  29.001     29993         0     29995           0.311     1.987     2.607     3.283     3.885     5.341     7.344    11.805
  30.000     29973         0     30008           0.337     2.035     2.679     3.394     4.024     5.370     7.860    10.641
  30.002         1         0      3843           3.623     3.625     3.625     3.625     3.625     3.625     3.625     3.625

SUMMARY STATS ══════════════════════════════════════════════════════════════════════════════════════════════════════════════
    Elapsed time       [s]     30.008                                                                 
        CPU time       [s]    198.928                                                                 
 CPU utilisation       [%]       41.4                                                                 
          Cycles      [op]     899919                                                                 
          Errors      [op]          0                                                                 
              └─       [%]        0.0                                                                 
        Requests     [req]     899919                                                                 
              └─  [req/op]        1.0                                                                 
         Retries     [ret]          0                                                                 
              └─ [ret/req]    0.00000                                                                 
            Rows     [row]     445159                                                                 
              └─ [row/req]        0.5                                                                 
     Concurrency     [req]          3 ± 0                                                             
              └─       [%]         34                                                                 
      Throughput    [op/s]      29989 ± 87                                                            
              ├─   [req/s]      29989 ± 87                                                            
              └─   [row/s]      14835 ± 43                                                            
   Cycle latency      [ms]      2.093 ± 0.033                                                         
 Request latency      [ms]      1.727 ± 0.003                                                         

CYCLE LATENCY for get [ms]  ════════════════════════════════════════════════════════════════════════════════════════════════
          Min                   0.295 ± 0.019                                                         
           25                   1.136 ± 0.003                                                         
           50                   1.510 ± 0.004                                                         
           75                   2.013 ± 0.006                                                         
           90                   2.687 ± 0.011                                                         
           95                   3.312 ± 0.025                                                         
           98                   4.202 ± 0.032                                                         
           99                   4.805 ± 0.040                                                         
           99.9                 6.885 ± 0.146                                                         
           99.99                9.314 ± 0.638                                                         
          Max                  15.770 ± 1.820                                                         

CYCLE LATENCY for update [ms]  ═════════════════════════════════════════════════════════════════════════════════════════════
          Min                   0.727 ± 0.052                                                         
           25                   1.942 ± 0.004                                                         
           50                   2.359 ± 0.006                                                         
           75                   2.869 ± 0.007                                                         
           90                   3.492 ± 0.014                                                         
           95                   4.049 ± 0.019                                                         
           98                   4.821 ± 0.035                                                         
           99                   5.394 ± 0.045                                                         
           99.9                 7.344 ± 0.171                                                         
           99.99                9.249 ± 0.364                                                         
          Max                  15.442 ± 4.973                                                         

info: Saved report to /output/latte_1.json
TIMEFORMAT 35.603 230.713 27.715
