info: Loading workload script /workload/hot_partition.rn...
info: Connecting to ["http://172.31.2.48:8000", "http://172.31.5.230:8000", "http://172.31.11.190:8000"]... 
info: Connected to '' cluster running ScyllaDB 2026.1.0~dev-0.20251003.20aeed160740 with build-id d177add4e6a23f71d527ca6e182d27a1f9ad74b4
info: Preparing...
info: Warming up...
info: Running benchmark...
CONFIG ═════════════════════════════════════════════════════════════════════════════════════════════════════════════════════
            Date            Tue, 26 May 2026                                                          
            Time            23:37:22 +0000                                                            
         Cluster                                                                                      
      Datacenter                                                                                      
            Rack                                                                                      
      DB version            ScyllaDB 2026.1.0~dev-0.20251003.20aeed160740 with build-id d177add4e6a23f71d527ca6e182d27a1f9ad74b4                                            
        Workload            hot_partition.rn                                                          
     Function(s)            get:0.3, update:0.7                                                       
Request compression            Off                                                                       
Header whitelist            default                                                                   
 Active interval            default                                                                   
   Idle interval            default                                                                   
Routing fallback            default                                                                   
Key route affinity            default                                                                   
Key route affinity tables            none                                                                      
            Tags                                                                                      
────────────────────────────────────────────────────────────────────────────────────────────────────────────────────────────
-P alternator.consistentReads            false                                                                     
-P cold_partitions            900000                                                                    
   -P fieldcount            10                                                                        
  -P fieldlength            512                                                                       
-P hot_items_per_partition            3125                                                                      
-P hot_partitions            32                                                                        
-P hot_traffic_ratio            0.99                                                                      
-P requestdistribution            "uniform"                                                                 
    -P row_count            1000000                                                                   
        -P table            "latte_hot_partition"                                                     
────────────────────────────────────────────────────────────────────────────────────────────────────────────────────────────
         Threads                   16                                                                 
     Concurrency     [req]         16                                                                 
        Max rate    [op/s]                                                                            
          Warmup       [s]         30                                                                 
              └─      [op]                                                                            
        Run time       [s]      120.0                                                                 
              └─      [op]                                                                            
        Sampling       [s]        1.0                                                                 
              └─      [op]                                                                            
 Request timeout       [s]          5                                                                 
         Retries                                                                                      
  ┌──────┴number                   10                                                                 
  ├─min interval      [ms]        100                                                                 
  └─max interval      [ms]       5000                                                                 

LOG ════════════════════════════════════════════════════════════════════════════════════════════════════════════════════════
    Time    Cycles    Errors    Thrpt.     ────────────────────────────────── Latency [ms/op] ──────────────────────────────
     [s]      [op]      [op]    [op/s]             Min        50        75        90        95        99      99.9       Max
   1.003     57539         0     57385           0.391     3.946     5.263     7.082     9.110    15.139    21.823    30.851
   2.003     62058         0     62142           0.347     3.791     4.850     6.169     7.406    12.378    24.642    33.915
   3.002     52854         0     52843           0.366     4.239     5.870     8.298    10.535    16.032    22.757    29.835
   4.007     57045         0     56887           0.342     3.766     4.989     6.951     9.896    21.430    33.145    48.202
   5.002     60430         0     60616           0.335     3.809     4.960     6.492     8.286    13.476    20.005    26.067
   6.005     55387         0     55286           0.401     4.028     5.534     7.504     9.675    18.186    27.689    32.522
   7.000     56799         0     56913           0.342     3.809     5.259     7.385    10.002    17.908    26.493    41.452
   8.002     59297         0     59263           0.391     3.873     5.231     6.914     8.528    13.640    25.887    48.988
   9.001     54990         0     55013           0.408     3.930     5.439     7.651    10.478    18.924    27.656    41.091
  10.002     54219         0     54212           0.349     3.981     5.509     7.860    11.108    19.366    25.706    34.800
  11.002     59665         0     59671           0.383     3.641     4.854     6.812     9.257    17.383    29.196    45.974
  12.002     54901         0     54882           0.404     3.865     5.407     7.885    10.822    20.201    29.901    43.024
  13.002     55485         0     55483           0.339     3.889     5.325     7.602    10.404    18.907    31.326    45.810
  14.002     59340         0     59314           0.391     3.609     4.854     6.951     9.970    18.285    26.526    36.602
  15.001     53967         0     54000           0.314     4.080     5.788     8.204    10.281    16.237    22.659    31.048
  16.003     57041         0     56973           0.387     3.590     4.874     7.062    11.141    23.527    34.701    50.594
  17.001     56101         0     56178           0.351     3.795     5.231     7.455    10.093    20.627    30.081    49.611
  18.002     54695         0     54699           0.402     3.840     5.456     8.098    10.682    19.939    31.162    46.399
  19.002     54519         0     54526           0.366     3.654     5.095     8.028    12.280    23.937    34.734    51.544
  20.002     56182         0     56146           0.372     4.086     5.513     7.422     9.257    14.524    21.922    33.112
  21.002     60050         0     60076           0.340     3.609     4.755     6.644     9.085    19.579    29.147    47.481
  22.004     53852         0     53866           0.369     3.946     5.616     8.249    11.305    19.562    30.327    45.777
  23.004     58446         0     58397           0.383     3.793     5.001     6.754     9.126    18.186    28.721    44.892
  24.006     57584         0     57624           0.339     3.752     4.981     6.910     9.642    20.578    34.308    52.625
  25.001     51568         0     51572           0.358     3.969     5.718     8.823    12.591    22.577    31.621    47.579
  26.002     61165         0     61123           0.399     3.777     4.899     6.353     7.823    15.090    25.051    36.536
  27.001     55461         0     55491           0.342     3.959     5.407     7.528     9.953    18.563    30.999    49.447
  28.002     54572         0     54569           0.384     3.746     5.296     7.840    11.108    23.462    36.012    58.622
  29.003     56355         0     56320           0.389     3.955     5.411     7.557     9.798    16.122    23.986    34.767
  30.003     56871         0     56878           0.364     3.596     4.829     6.869    10.494    24.396    40.075    53.936
  31.001     51099         0     51106           0.359     3.805     5.702     9.069    13.304    25.084    41.189    61.014
  32.003     57772         0     57770           0.418     3.912     5.317     7.299     9.282    14.131    21.266    30.425
  33.003     59596         0     59604           0.376     3.549     4.604     6.275     9.642    22.495    32.932    43.876
  34.002     54283         0     54292           0.348     4.194     5.755     7.807     9.617    16.327    24.101    41.845
  35.007     60130         0     59964           0.393     3.854     5.009     6.627     8.352    13.197    23.675    42.533
  35.999     60894         0     61037           0.435     3.717     4.780     6.304     8.147    16.876    27.476    40.108
  37.001     52433         0     52449           0.358     4.276     5.960     8.344    10.314    16.728    24.379    32.276
  38.004     62080         0     62015           0.375     3.682     4.764     6.373     8.323    14.778    21.398    36.602
  39.009     58302         0     58346           0.392     3.883     5.288     7.201     9.044    13.550    20.546    27.542
  40.002     54035         0     54050           0.361     4.073     5.702     7.999    10.289    16.990    28.393    45.351
  41.002     58563         0     58519           0.389     3.842     5.231     7.344     9.159    14.844    21.823    30.032
  42.002     59461         0     59491           0.408     3.850     5.181     6.902     8.544    12.894    24.429    38.207
  43.002     55295         0     55285           0.377     3.838     5.345     8.053    11.108    18.940    26.755    41.091
  44.003     58322         0     58304           0.346     3.924     5.218     6.902     8.806    15.237    22.512    31.048
  45.001     59423         0     59453           0.379     3.791     5.034     6.652     8.593    16.007    28.836    50.889
  46.002     53059         0     53093           0.384     4.192     5.804     8.024    10.396    17.269    26.755    39.223
  47.002     58688         0     58631           0.372     3.901     5.177     6.967     8.897    14.852    20.808    31.195
  48.001     58960         0     58991           0.390     3.801     5.145     7.164     9.273    13.918    23.265    31.441
  49.002     52121         0     52132           0.379     4.137     5.919     8.446    10.781    19.350    27.558    44.401
  50.003     59623         0     59590           0.372     3.494     4.653     6.681     9.929    21.971    33.751    53.871
  51.003     54983         0     55006           0.394     3.858     5.333     7.676    10.732    19.759    29.590    46.268
  52.003     54759         0     54762           0.392     3.926     5.489     7.864    10.396    20.234    29.262    46.301
  53.002     58476         0     58456           0.374     3.647     4.895     7.070    10.559    19.562    28.262    36.307
  54.002     55219         0     55253           0.404     3.903     5.423     7.717    10.494    18.317    27.656    37.716
  55.002     56384         0     56353           0.379     3.625     4.960     7.651    11.829    21.283    29.213    46.924
  56.002     54341         0     54334           0.340     3.951     5.394     7.815    11.149    19.874    32.178    39.944
  57.003     57422         0     57476           0.382     3.828     5.050     6.791     9.290    19.055    31.621    49.742
  58.002     52647         0     52617           0.358     3.738     5.296     8.344    13.148    25.706    40.632    68.157
  59.002     53895         0     53857           0.406     4.123     5.747     8.061    10.199    17.236    25.510    35.848
  60.003     58011         0     58057           0.423     3.488     4.665     6.914    11.272    22.987    35.062    56.099
  61.002     53651         0     53617           0.370     4.014     5.591     7.987    10.723    20.005    30.130    48.202
  62.004     56622         0     56565           0.387     3.834     5.202     7.143     9.839    20.103    27.623    46.170
  63.003     57746         0     57850           0.367     3.817     5.136     7.049     9.437    16.572    28.115    43.188
  64.002     56028         0     55980           0.359     3.883     5.382     7.627    10.306    18.203    26.116    37.192
  65.003     55241         0     55258           0.403     3.754     5.226     7.959    11.567    20.349    29.704    44.630
  66.001     55432         0     55473           0.391     3.881     5.333     7.639    10.519    18.743    26.706    38.044
  67.002     54582         0     54563           0.400     3.613     5.145     8.036    12.206    24.543    33.718    47.317
  68.003     52294         0     52272           0.367     3.936     5.554     8.253    12.526    22.872    34.537    52.986
  69.001     57657         0     57704           0.424     3.848     5.165     7.111     9.454    16.269    26.509    33.784
  70.003     55514         0     55459           0.386     3.695     5.157     7.668    11.076    23.757    32.047    51.806
  71.002     53847         0     53864           0.335     4.170     5.685     7.786     9.847    17.383    26.640    40.665
  72.002     59591         0     59548           0.432     3.645     4.764     6.431     9.134    19.497    32.162    48.497
  73.000     55496         0     55550           0.356     3.979     5.362     7.213     9.667    21.250    29.573    44.794
  74.005     54099         0     54016           0.390     3.965     5.411     7.746    11.256    21.037    30.114    44.270
  75.005     57692         0     57797           0.402     3.627     4.829     6.615    10.641    23.560    32.817    45.613
  76.002     53471         0     53469           0.363     4.090     5.575     7.987    10.609    20.152    34.570    57.016
  77.002     56825         0     56795           0.380     3.815     5.222     7.471    10.060    18.924    28.787    49.644
  78.002     56870         0     56900           0.416     3.856     5.210     7.303    10.011    17.089    26.968    43.057
  79.002     54725         0     54723           0.366     3.629     5.022     7.303    11.624    25.739    39.125    58.786
  80.001     54891         0     54895           0.333     4.002     5.501     7.717    10.322    18.186    32.162    46.301
  81.002     55983         0     55992           0.411     3.842     5.370     7.631    10.240    17.777    30.245    41.583
  82.002     58410         0     58367           0.388     3.533     4.727     6.742    10.306    23.740    31.228    48.824
  83.002     52970         0     52970           0.345     4.211     5.845     8.061    10.125    17.957    29.737    37.814
  84.002     60546         0     60581           0.421     3.621     4.760     6.492     8.806    16.605    29.934    43.516
  85.003     53904         0     53899           0.381     3.658     5.292     8.270    12.485    24.805    33.276    52.789
  86.002     52194         0     52167           0.387     4.135     5.980     8.675    11.026    17.646    27.263    41.681
  87.001     61788         0     61814           0.392     3.590     4.633     6.177     8.823    17.089    27.214    46.170
  88.003     55697         0     55696           0.346     3.940     5.431     7.655     9.945    18.350    29.147    50.823
  89.003     56059         0     56052           0.383     3.946     5.464     7.668    10.043    16.146    23.183    28.328
  90.002     58603         0     58561           0.392     3.875     5.218     6.996     8.929    14.459    24.986    40.763
  91.003     55543         0     55563           0.377     3.756     5.239     7.963    10.748    21.430    31.539    48.693
  92.001     53504         0     53543           0.377     4.045     5.661     8.163    10.748    18.858    29.016    46.596
  93.002     57679         0     57643           0.376     3.957     5.300     7.205     9.216    14.164    21.086    28.983
  94.001     57365         0     57385           0.362     3.703     5.026     7.168    10.174    19.857    32.293    75.235
  95.001     52603         0     52622           0.352     4.215     5.943     8.503    10.461    16.351    24.084    35.783
  96.004     60726         0     60621           0.407     3.879     4.977     6.439     7.918    12.370    21.316    39.125
  97.001     58471         0     58556           0.402     3.791     4.989     6.701     8.667    19.169    30.376    55.575
  98.001     53116         0     53136           0.379     4.301     5.902     8.077     9.961    15.417    21.742    29.442
  99.003     63218         0     63100           0.368     3.695     4.723     6.087     7.356    13.492    24.691    34.439
 100.001     55630         0     55683           0.389     3.912     5.382     7.541     9.839    18.727    30.392    50.954
 101.003     53406         0     53432           0.374     4.141     5.775     8.086    10.256    17.285    26.542    38.044
 102.002     60789         0     60743           0.367     3.647     4.825     6.533     8.716    17.203    30.556    45.548
 103.002     56218         0     56267           0.411     4.028     5.501     7.672     9.724    13.877    20.414    30.622
 104.003     54332         0     54327           0.353     3.854     5.390     7.942    10.953    21.332    30.327    47.645
 105.003     60004         0     59938           0.423     3.899     5.153     6.656     8.176    12.943    23.085    43.975
 106.001     56538         0     56586           0.422     4.018     5.468     7.381     9.183    14.893    23.167    33.587
 107.002     53275         0     53274           0.365     4.065     5.677     8.098    10.559    20.218    29.327    46.137
 108.002     60697         0     60705           0.423     3.781     4.903     6.423     8.114    16.007    25.739    42.140
 109.002     56003         0     55990           0.383     3.719     5.140     7.635    10.912    21.004    32.424    48.366
 110.003     54839         0     54830           0.378     4.276     5.751     7.713     9.355    13.091    19.235    26.395
 111.004     59849         0     59792           0.377     3.674     4.837     6.562     8.954    19.055    28.738    43.221
 112.000     56526         0     56599           0.350     3.957     5.362     7.324     9.560    15.630    24.134    36.995
 113.002     53910         0     53907           0.345     3.852     5.476     8.221    11.264    21.185    32.260    52.429
 114.003     62783         0     62795           0.433     3.654     4.702     6.124     7.725    15.884    25.231    45.744
 115.001     54972         0     54973           0.395     4.045     5.505     7.635     9.953    17.695    28.197    38.601
 116.004     58105         0     58057           0.381     3.723     4.993     6.947     9.830    19.792    30.458    54.133
 117.004     57070         0     57057           0.365     3.752     5.165     7.479    10.265    18.448    26.558    42.336
 118.001     57243         0     57291           0.426     3.854     5.255     7.442    10.052    15.892    21.987    32.670
 119.002     58632         0     58648           0.392     3.762     5.026     7.041     9.478    17.089    25.690    41.124
 120.001     58125         0     58191           0.398     3.858     5.206     7.234     9.470    15.245    24.691    34.767
 120.005        64         0     29436           1.965     5.186    10.371    12.288    13.705    14.328    14.328    14.328

SUMMARY STATS ══════════════════════════════════════════════════════════════════════════════════════════════════════════════
    Elapsed time       [s]    120.012                                                                 
        CPU time       [s]   1539.008                                                                 
 CPU utilisation       [%]       80.1                                                                 
          Cycles      [op]    6788377                                                                 
          Errors      [op]          0                                                                 
              └─       [%]        0.0                                                                 
        Requests     [req]    6788377                                                                 
              └─  [req/op]        1.0                                                                 
         Retries     [ret]          0                                                                 
              └─ [ret/req]    0.00000                                                                 
            Rows     [row]    2038978                                                                 
              └─ [row/req]        0.3                                                                 
     Concurrency     [req]         14 ± 0                                                             
              └─       [%]         90                                                                 
      Throughput    [op/s]      56564 ± 812                                                           
              ├─   [req/s]      56564 ± 812                                                           
              └─   [row/s]      16990 ± 244                                                           
   Cycle latency      [ms]      4.524 ± 0.005                                                         
 Request latency      [ms]      4.390 ± 0.004                                                         

CYCLE LATENCY for update [ms]  ═════════════════════════════════════════════════════════════════════════════════════════════
          Min                   0.755 ± 0.102                                                         
           25                   3.215 ± 0.003                                                         
           50                   4.137 ± 0.004                                                         
           75                   5.427 ± 0.006                                                         
           90                   7.352 ± 0.015                                                         
           95                   9.519 ± 0.026                                                         
           98                  13.378 ± 0.061                                                         
           99                  17.203 ± 0.074                                                         
           99.9                28.131 ± 0.177                                                         
           99.99               35.226 ± 0.523                                                         
          Max                  74.056 ± 1.655                                                         

CYCLE LATENCY for get [ms]  ════════════════════════════════════════════════════════════════════════════════════════════════
          Min                   0.314 ± 0.032                                                         
           25                   1.788 ± 0.004                                                         
           50                   2.718 ± 0.006                                                         
           75                   4.448 ± 0.012                                                         
           90                   7.438 ± 0.031                                                         
           95                  11.125 ± 0.058                                                         
           98                  17.138 ± 0.107                                                         
           99                  21.201 ± 0.114                                                         
           99.9                33.194 ± 0.477                                                         
           99.99               46.268 ± 1.107                                                         
          Max                  75.235 ± 14.584                                                        

info: Saved report to /output/latte_1.json
TIMEFORMAT 150.926 1707.556 218.849
