Linux 6.17.0-1015-aws (ip-172-31-2-48) 	05/26/26 	_x86_64_	(4 CPU)

23:37:18     CPU    %usr   %nice    %sys %iowait    %irq   %soft  %steal  %guest  %gnice   %idle
23:37:23     all   17.37    0.00    3.32    0.05    0.00    0.96    0.10    0.00    0.00   78.20
23:37:23       0    8.27    0.00    4.44    0.00    0.00    0.60    0.20    0.00    0.00   86.49
23:37:23       1   26.05    0.00    2.61    0.00    0.00    0.80    0.20    0.00    0.00   70.34
23:37:23       2    7.86    0.00    3.23    0.20    0.00    0.20    0.00    0.00    0.00   88.51
23:37:23       3   27.27    0.00    3.03    0.00    0.00    2.22    0.00    0.00    0.00   67.47

23:37:23     CPU    %usr   %nice    %sys %iowait    %irq   %soft  %steal  %guest  %gnice   %idle
23:37:28     all   66.68    0.00   21.55    0.00    0.00    9.28    0.20    0.00    0.00    2.28
23:37:28       0   65.92    0.00   24.49    0.00    0.00    6.53    0.41    0.00    0.00    2.65
23:37:28       1   66.80    0.00   23.83    0.00    0.00    7.94    0.00    0.00    0.00    1.43
23:37:28       2   69.04    0.00   25.66    0.00    0.00    0.00    0.20    0.00    0.00    5.09
23:37:28       3   65.00    0.00   12.40    0.00    0.00   22.40    0.20    0.00    0.00    0.00

23:37:28     CPU    %usr   %nice    %sys %iowait    %irq   %soft  %steal  %guest  %gnice   %idle
23:37:33     all   69.19    0.00   19.49    0.00    0.00    9.55    0.15    0.00    0.00    1.62
23:37:33       0   69.22    0.00   22.33    0.00    0.00    6.84    0.20    0.00    0.00    1.41
23:37:33       1   68.55    0.00   20.16    0.00    0.00    9.07    0.20    0.00    0.00    2.02
23:37:33       2   64.49    0.00   24.49    0.00    0.00    8.37    0.20    0.00    0.00    2.45
23:37:33       3   74.45    0.00   11.07    0.00    0.00   13.88    0.00    0.00    0.00    0.60

23:37:33     CPU    %usr   %nice    %sys %iowait    %irq   %soft  %steal  %guest  %gnice   %idle
23:37:38     all   69.38    0.00   19.84    0.00    0.00    9.06    0.25    0.00    0.00    1.47
23:37:38       0   73.68    0.00   18.02    0.00    0.00    5.87    0.40    0.00    0.00    2.02
23:37:38       1   68.09    0.00   22.36    0.00    0.00    7.72    0.20    0.00    0.00    1.63
23:37:38       2   68.55    0.00   17.54    0.00    0.00   12.90    0.20    0.00    0.00    0.81
23:37:38       3   67.21    0.00   21.46    0.00    0.00    9.72    0.20    0.00    0.00    1.42

23:37:38     CPU    %usr   %nice    %sys %iowait    %irq   %soft  %steal  %guest  %gnice   %idle
23:37:43     all   68.49    0.00   20.97    0.00    0.00    9.12    0.15    0.00    0.00    1.27
23:37:43       0   67.95    0.00   23.33    0.00    0.00    7.10    0.20    0.00    0.00    1.42
23:37:43       1   67.14    0.00   24.08    0.00    0.00    7.14    0.00    0.00    0.00    1.63
23:37:43       2   71.08    0.00   15.46    0.00    0.00   12.85    0.20    0.00    0.00    0.40
23:37:43       3   67.75    0.00   21.10    0.00    0.00    9.33    0.20    0.00    0.00    1.62

23:37:43     CPU    %usr   %nice    %sys %iowait    %irq   %soft  %steal  %guest  %gnice   %idle
23:37:48     all   69.09    0.00   19.95    0.00    0.00    9.24    0.20    0.00    0.00    1.52
23:37:48       0   70.56    0.00   21.37    0.00    0.00    6.05    0.40    0.00    0.00    1.61
23:37:48       1   69.90    0.00   19.80    0.00    0.00    8.08    0.20    0.00    0.00    2.02
23:37:48       2   66.73    0.00   18.75    0.00    0.00   13.71    0.20    0.00    0.00    0.60
23:37:48       3   69.17    0.00   19.88    0.00    0.00    9.13    0.00    0.00    0.00    1.83

23:37:48     CPU    %usr   %nice    %sys %iowait    %irq   %soft  %steal  %guest  %gnice   %idle
23:37:53     all   66.85    0.00   18.49    0.00    0.00    8.19    0.25    0.00    0.00    6.22
23:37:53       0   67.34    0.00   18.05    0.00    0.00    5.88    0.41    0.00    0.00    8.32
23:37:53       1   73.09    0.00   19.48    0.00    0.00    6.63    0.20    0.00    0.00    0.60
23:37:53       2   66.27    0.00   14.86    0.00    0.00   11.45    0.20    0.00    0.00    7.23
23:37:53       3   60.61    0.00   21.63    0.00    0.00    8.78    0.20    0.00    0.00    8.78

23:37:53     CPU    %usr   %nice    %sys %iowait    %irq   %soft  %steal  %guest  %gnice   %idle
23:37:58     all   69.13    0.00   19.48    0.00    0.00    9.92    0.20    0.00    0.00    1.27
23:37:58       0   71.03    0.00   20.72    0.00    0.00    6.84    0.40    0.00    0.00    1.01
23:37:58       1   67.68    0.00   22.15    0.00    0.00    8.33    0.00    0.00    0.00    1.83
23:37:58       2   68.42    0.00   16.19    0.00    0.00   14.17    0.20    0.00    0.00    1.01
23:37:58       3   69.37    0.00   18.86    0.00    0.00   10.34    0.20    0.00    0.00    1.22

23:37:58     CPU    %usr   %nice    %sys %iowait    %irq   %soft  %steal  %guest  %gnice   %idle
23:38:03     all   70.09    0.00   19.35    0.00    0.00    9.04    0.20    0.00    0.00    1.31
23:38:03       0   71.57    0.00   21.77    0.00    0.00    5.85    0.40    0.00    0.00    0.40
23:38:03       1   64.97    0.00   24.85    0.00    0.00    7.54    0.20    0.00    0.00    2.44
23:38:03       2   77.35    0.00    9.02    0.00    0.00   13.23    0.20    0.00    0.00    0.20
23:38:03       3   66.33    0.00   21.91    0.00    0.00    9.53    0.00    0.00    0.00    2.23

23:38:03     CPU    %usr   %nice    %sys %iowait    %irq   %soft  %steal  %guest  %gnice   %idle
23:38:08     all   69.55    0.00   19.78    0.00    0.00    9.36    0.20    0.00    0.00    1.11
23:38:08       0   70.45    0.00   22.27    0.00    0.00    6.07    0.20    0.00    0.00    1.01
23:38:08       1   76.31    0.00   14.86    0.00    0.00    8.23    0.20    0.00    0.00    0.40
23:38:08       2   62.65    0.00   22.45    0.00    0.00   12.65    0.20    0.00    0.00    2.04
23:38:08       3   68.69    0.00   19.60    0.00    0.00   10.51    0.20    0.00    0.00    1.01

23:38:08     CPU    %usr   %nice    %sys %iowait    %irq   %soft  %steal  %guest  %gnice   %idle
23:38:13     all   70.27    0.00   19.21    0.00    0.00    8.85    0.20    0.00    0.00    1.47
23:38:13       0   73.23    0.00   18.26    0.00    0.00    6.09    0.41    0.00    0.00    2.03
23:38:13       1   72.78    0.00   18.75    0.00    0.00    7.26    0.00    0.00    0.00    1.21
23:38:13       2   68.81    0.00   16.90    0.00    0.00   13.48    0.20    0.00    0.00    0.60
23:38:13       3   66.26    0.00   22.97    0.00    0.00    8.54    0.20    0.00    0.00    2.03

23:38:13     CPU    %usr   %nice    %sys %iowait    %irq   %soft  %steal  %guest  %gnice   %idle
23:38:18     all   71.26    0.00   18.56    0.00    0.00    8.98    0.20    0.00    0.00    1.01
23:38:18       0   66.46    0.00   25.00    0.00    0.00    6.30    0.20    0.00    0.00    2.03
23:38:18       1   78.51    0.00   12.85    0.00    0.00    7.83    0.20    0.00    0.00    0.60
23:38:18       2   68.01    0.00   18.71    0.00    0.00   12.27    0.20    0.00    0.00    0.80
23:38:18       3   71.98    0.00   17.74    0.00    0.00    9.48    0.20    0.00    0.00    0.60

23:38:18     CPU    %usr   %nice    %sys %iowait    %irq   %soft  %steal  %guest  %gnice   %idle
23:38:23     all   69.76    0.00   19.84    0.00    0.00    9.14    0.20    0.00    0.00    1.06
23:38:23       0   71.77    0.00   20.16    0.00    0.00    6.65    0.40    0.00    0.00    1.01
23:38:23       1   68.36    0.00   22.11    0.00    0.00    7.71    0.20    0.00    0.00    1.62
23:38:23       2   68.15    0.00   18.15    0.00    0.00   12.90    0.20    0.00    0.00    0.60
23:38:23       3   70.77    0.00   18.95    0.00    0.00    9.27    0.00    0.00    0.00    1.01

23:38:23     CPU    %usr   %nice    %sys %iowait    %irq   %soft  %steal  %guest  %gnice   %idle
23:38:28     all   69.46    0.00   20.19    0.00    0.00    9.09    0.15    0.00    0.00    1.11
23:38:28       0   71.81    0.00   21.10    0.00    0.00    5.48    0.20    0.00    0.00    1.42
23:38:28       1   67.27    0.00   23.03    0.00    0.00    8.69    0.00    0.00    0.00    1.01
23:38:28       2   65.93    0.00   19.76    0.00    0.00   12.90    0.20    0.00    0.00    1.21
23:38:28       3   72.84    0.00   16.90    0.00    0.00    9.26    0.20    0.00    0.00    0.80

23:38:28     CPU    %usr   %nice    %sys %iowait    %irq   %soft  %steal  %guest  %gnice   %idle
23:38:33     all   70.48    0.00   19.55    0.00    0.00    8.77    0.25    0.00    0.00    0.96
23:38:33       0   68.41    0.00   23.34    0.00    0.00    6.44    0.40    0.00    0.00    1.41
23:38:33       1   66.06    0.00   25.45    0.00    0.00    6.87    0.20    0.00    0.00    1.41
23:38:33       2   69.35    0.00   17.54    0.00    0.00   12.30    0.20    0.00    0.00    0.60
23:38:33       3   78.07    0.00   11.87    0.00    0.00    9.46    0.20    0.00    0.00    0.40

23:38:33     CPU    %usr   %nice    %sys %iowait    %irq   %soft  %steal  %guest  %gnice   %idle
23:38:38     all   69.04    0.00   20.08    0.00    0.00    9.51    0.15    0.00    0.00    1.21
23:38:38       0   67.68    0.00   23.98    0.00    0.00    6.50    0.20    0.00    0.00    1.63
23:38:38       1   68.01    0.00   22.13    0.00    0.00    8.65    0.20    0.00    0.00    1.01
23:38:38       2   69.70    0.00   16.97    0.00    0.00   12.53    0.20    0.00    0.00    0.61
23:38:38       3   70.79    0.00   17.24    0.00    0.00   10.34    0.00    0.00    0.00    1.62

23:38:38     CPU    %usr   %nice    %sys %iowait    %irq   %soft  %steal  %guest  %gnice   %idle
23:38:43     all   68.95    0.00   20.36    0.00    0.00    9.27    0.20    0.00    0.00    1.21
23:38:43       0   69.68    0.00   22.09    0.00    0.00    6.63    0.40    0.00    0.00    1.20
23:38:43       1   63.69    0.00   25.96    0.00    0.00    7.91    0.00    0.00    0.00    2.43
23:38:43       2   67.67    0.00   19.08    0.00    0.00   12.65    0.20    0.00    0.00    0.40
23:38:43       3   74.75    0.00   14.34    0.00    0.00    9.90    0.20    0.00    0.00    0.81

23:38:43     CPU    %usr   %nice    %sys %iowait    %irq   %soft  %steal  %guest  %gnice   %idle
23:38:48     all   69.95    0.00   19.65    0.00    0.00    8.99    0.25    0.00    0.00    1.16
23:38:48       0   68.41    0.00   23.74    0.00    0.00    6.64    0.40    0.00    0.00    0.80
23:38:48       1   71.52    0.00   18.79    0.00    0.00    8.08    0.20    0.00    0.00    1.41
23:38:48       2   71.31    0.00   15.76    0.00    0.00   12.12    0.20    0.00    0.00    0.61
23:38:48       3   68.56    0.00   20.28    0.00    0.00    9.13    0.20    0.00    0.00    1.83

23:38:48     CPU    %usr   %nice    %sys %iowait    %irq   %soft  %steal  %guest  %gnice   %idle
23:38:53     all   70.45    0.00   19.38    0.00    0.00    8.96    0.20    0.00    0.00    1.01
23:38:53       0   68.09    0.00   24.39    0.00    0.00    5.89    0.20    0.00    0.00    1.42
23:38:53       1   73.99    0.00   16.94    0.00    0.00    8.47    0.20    0.00    0.00    0.40
23:38:53       2   67.95    0.00   18.46    0.00    0.00   12.17    0.20    0.00    0.00    1.22
23:38:53       3   71.72    0.00   17.78    0.00    0.00    9.29    0.20    0.00    0.00    1.01

23:38:53     CPU    %usr   %nice    %sys %iowait    %irq   %soft  %steal  %guest  %gnice   %idle
23:38:58     all   70.79    0.00   19.12    0.00    0.00    8.78    0.10    0.00    0.00    1.21
23:38:58       0   67.54    0.00   24.19    0.00    0.00    5.65    0.40    0.00    0.00    2.22
23:38:58       1   74.04    0.00   17.71    0.00    0.00    7.44    0.00    0.00    0.00    0.80
23:38:58       2   67.81    0.00   18.71    0.00    0.00   12.88    0.00    0.00    0.00    0.60
23:38:58       3   73.78    0.00   15.85    0.00    0.00    9.15    0.00    0.00    0.00    1.22

23:38:58     CPU    %usr   %nice    %sys %iowait    %irq   %soft  %steal  %guest  %gnice   %idle
23:39:03     all   70.04    0.00   19.53    0.00    0.00    8.96    0.20    0.00    0.00    1.27
23:39:03       0   71.26    0.00   21.05    0.00    0.00    6.28    0.20    0.00    0.00    1.21
23:39:03       1   73.63    0.00   16.43    0.00    0.00    7.91    0.20    0.00    0.00    1.83
23:39:03       2   68.15    0.00   18.75    0.00    0.00   12.30    0.20    0.00    0.00    0.60
23:39:03       3   67.14    0.00   21.91    0.00    0.00    9.33    0.20    0.00    0.00    1.42

23:39:03     CPU    %usr   %nice    %sys %iowait    %irq   %soft  %steal  %guest  %gnice   %idle
23:39:08     all   68.96    0.00   20.34    0.00    0.00    9.19    0.25    0.00    0.00    1.26
23:39:08       0   69.42    0.00   22.74    0.00    0.00    6.24    0.40    0.00    0.00    1.21
23:39:08       1   67.89    0.00   22.15    0.00    0.00    8.33    0.00    0.00    0.00    1.63
23:39:08       2   66.40    0.00   19.43    0.00    0.00   12.55    0.40    0.00    0.00    1.21
23:39:08       3   72.09    0.00   17.07    0.00    0.00    9.64    0.20    0.00    0.00    1.00

23:39:08     CPU    %usr   %nice    %sys %iowait    %irq   %soft  %steal  %guest  %gnice   %idle
23:39:13     all   70.75    0.00   19.18    0.00    0.00    8.60    0.15    0.00    0.00    1.32
23:39:13       0   74.44    0.00   17.65    0.00    0.00    6.09    0.20    0.00    0.00    1.62
23:39:13       1   68.90    0.00   21.95    0.00    0.00    6.91    0.20    0.00    0.00    2.03
23:39:13       2   70.62    0.00   16.90    0.00    0.00   11.67    0.20    0.00    0.00    0.60
23:39:13       3   69.03    0.00   20.24    0.00    0.00    9.72    0.00    0.00    0.00    1.01

23:39:13     CPU    %usr   %nice    %sys %iowait    %irq   %soft  %steal  %guest  %gnice   %idle
23:39:18     all   70.17    0.00   19.46    0.00    0.00    8.80    0.15    0.00    0.00    1.42
23:39:18       0   66.40    0.00   24.44    0.00    0.00    6.31    0.20    0.00    0.00    2.65
23:39:18       1   72.98    0.00   17.74    0.00    0.00    7.86    0.20    0.00    0.00    1.21
23:39:18       2   69.76    0.00   17.54    0.00    0.00   12.10    0.00    0.00    0.00    0.60
23:39:18       3   71.52    0.00   18.18    0.00    0.00    8.89    0.20    0.00    0.00    1.21

23:39:18     CPU    %usr   %nice    %sys %iowait    %irq   %soft  %steal  %guest  %gnice   %idle
23:39:23     all   68.97    0.00   20.20    0.00    0.00    9.42    0.20    0.00    0.00    1.21
23:39:23       0   65.93    0.00   25.20    0.00    0.00    6.65    0.40    0.00    0.00    1.81
23:39:23       1   70.82    0.00   19.32    0.00    0.00    8.65    0.00    0.00    0.00    1.21
23:39:23       2   69.35    0.00   16.94    0.00    0.00   12.70    0.20    0.00    0.00    0.81
23:39:23       3   69.76    0.00   19.35    0.00    0.00    9.68    0.20    0.00    0.00    1.01

23:39:23     CPU    %usr   %nice    %sys %iowait    %irq   %soft  %steal  %guest  %gnice   %idle
23:39:28     all   71.78    0.00   18.53    0.00    0.00    8.58    0.20    0.00    0.00    0.91
23:39:28       0   69.98    0.00   22.72    0.00    0.00    5.68    0.20    0.00    0.00    1.42
23:39:28       1   71.17    0.00   20.77    0.00    0.00    7.26    0.20    0.00    0.00    0.60
23:39:28       2   71.03    0.00   15.49    0.00    0.00   12.47    0.20    0.00    0.00    0.80
23:39:28       3   74.95    0.00   15.15    0.00    0.00    8.89    0.20    0.00    0.00    0.81

23:39:28     CPU    %usr   %nice    %sys %iowait    %irq   %soft  %steal  %guest  %gnice   %idle
23:39:33     all   69.42    0.00   20.20    0.00    0.00    9.12    0.25    0.00    0.00    1.01
23:39:33       0   64.17    0.00   27.33    0.00    0.00    6.28    0.40    0.00    0.00    1.82
23:39:33       1   69.68    0.00   21.29    0.00    0.00    8.03    0.20    0.00    0.00    0.80
23:39:33       2   66.67    0.00   19.39    0.00    0.00   12.93    0.20    0.00    0.00    0.81
23:39:33       3   77.11    0.00   12.85    0.00    0.00    9.24    0.20    0.00    0.00    0.60

23:39:33     CPU    %usr   %nice    %sys %iowait    %irq   %soft  %steal  %guest  %gnice   %idle
23:39:38     all   69.81    0.00   19.76    0.00    0.00    9.12    0.15    0.00    0.00    1.16
23:39:38       0   71.31    0.00   20.81    0.00    0.00    5.86    0.40    0.00    0.00    1.62
23:39:38       1   70.39    0.00   20.08    0.00    0.00    8.11    0.00    0.00    0.00    1.42
23:39:38       2   66.40    0.00   20.40    0.00    0.00   12.80    0.20    0.00    0.00    0.20
23:39:38       3   71.17    0.00   17.74    0.00    0.00    9.68    0.00    0.00    0.00    1.41

23:39:38     CPU    %usr   %nice    %sys %iowait    %irq   %soft  %steal  %guest  %gnice   %idle
23:39:43     all   70.21    0.00   19.61    0.00    0.00    9.02    0.20    0.00    0.00    0.96
23:39:43       0   74.45    0.00   17.91    0.00    0.00    6.04    0.20    0.00    0.00    1.41
23:39:43       1   68.28    0.00   22.63    0.00    0.00    7.88    0.20    0.00    0.00    1.01
23:39:43       2   67.88    0.00   18.38    0.00    0.00   12.93    0.20    0.00    0.00    0.61
23:39:43       3   70.22    0.00   19.52    0.00    0.00    9.26    0.20    0.00    0.00    0.80

23:39:43     CPU    %usr   %nice    %sys %iowait    %irq   %soft  %steal  %guest  %gnice   %idle
23:39:48     all   69.05    0.00   20.06    0.00    0.00    9.07    0.25    0.00    0.00    1.57
23:39:48       0   69.09    0.00   22.42    0.00    0.00    6.87    0.40    0.00    0.00    1.21
23:39:48       1   68.89    0.00   21.41    0.00    0.00    7.68    0.20    0.00    0.00    1.82
23:39:48       2   70.22    0.00   16.90    0.00    0.00   12.27    0.20    0.00    0.00    0.40
23:39:48       3   67.97    0.00   19.51    0.00    0.00    9.45    0.21    0.00    0.00    2.87

23:39:48     CPU    %usr   %nice    %sys %iowait    %irq   %soft  %steal  %guest  %gnice   %idle
23:39:53     all   67.70    0.00   19.54    0.00    0.00    8.81    0.10    0.00    0.00    3.85
23:39:53       0   66.60    0.00   23.28    0.00    0.00    5.87    0.20    0.00    0.00    4.05
23:39:53       1   70.79    0.00   17.44    0.00    0.00    7.91    0.00    0.00    0.00    3.85
23:39:53       2   69.15    0.00   15.52    0.00    0.00   12.10    0.20    0.00    0.00    3.02
23:39:53       3   64.23    0.00   21.95    0.00    0.00    9.35    0.00    0.00    0.00    4.47
