Linux 6.17.0-1015-aws (ip-172-31-10-5) 	05/27/26 	_x86_64_	(4 CPU)

19:25:43     CPU    %usr   %nice    %sys %iowait    %irq   %soft  %steal  %guest  %gnice   %idle
19:25:48     all   19.48    0.00    7.47    0.00    0.00    0.62    0.10    0.00    0.00   72.32
19:25:48       0   16.12    0.00    7.35    0.00    0.00    0.61    0.00    0.00    0.00   75.92
19:25:48       1   10.47    0.00    6.98    0.00    0.00    0.21    0.21    0.00    0.00   82.14
19:25:48       2   26.90    0.00    6.98    0.00    0.00    0.82    0.00    0.00    0.00   65.30
19:25:48       3   24.58    0.00    8.61    0.00    0.00    0.84    0.21    0.00    0.00   65.76

19:25:48     CPU    %usr   %nice    %sys %iowait    %irq   %soft  %steal  %guest  %gnice   %idle
19:25:53     all   36.99    0.00   16.68    0.00    0.00    1.89    0.22    0.00    0.00   44.22
19:25:53       0   41.18    0.00   16.18    0.00    0.00    1.89    0.21    0.00    0.00   40.55
19:25:53       1   33.12    0.00   16.34    0.00    0.00    0.43    0.22    0.00    0.00   49.89
19:25:53       2   37.01    0.00   18.40    0.00    0.00    3.46    0.22    0.00    0.00   40.91
19:25:53       3   36.53    0.00   15.81    0.00    0.00    1.78    0.22    0.00    0.00   45.66

19:25:53     CPU    %usr   %nice    %sys %iowait    %irq   %soft  %steal  %guest  %gnice   %idle
19:25:58     all   32.60    0.00   15.42    0.00    0.00    1.55    0.05    0.00    0.00   50.37
19:25:58       0   25.21    0.00   17.37    0.00    0.00    0.42    0.00    0.00    0.00   56.99
19:25:58       1   39.43    0.00   14.16    0.00    0.00    3.49    0.00    0.00    0.00   42.92
19:25:58       2   40.00    0.00   13.70    0.00    0.00    2.39    0.00    0.00    0.00   43.91
19:25:58       3   26.21    0.00   16.35    0.00    0.00    0.00    0.21    0.00    0.00   57.23

19:25:58     CPU    %usr   %nice    %sys %iowait    %irq   %soft  %steal  %guest  %gnice   %idle
19:26:03     all   33.87    0.00   14.79    0.00    0.00    1.71    0.16    0.00    0.00   49.46
19:26:03       0   42.15    0.00   14.05    0.00    0.00    1.03    0.21    0.00    0.00   42.56
19:26:03       1   35.01    0.00   13.57    0.00    0.00    3.50    0.22    0.00    0.00   47.70
19:26:03       2   26.15    0.00   17.14    0.00    0.00    2.42    0.00    0.00    0.00   54.29
19:26:03       3   31.70    0.00   14.47    0.00    0.00    0.00    0.21    0.00    0.00   53.62

19:26:03     CPU    %usr   %nice    %sys %iowait    %irq   %soft  %steal  %guest  %gnice   %idle
19:26:08     all   31.64    0.00   13.89    0.00    0.00    1.36    0.11    0.00    0.00   53.00
19:26:08       0   51.29    0.00   11.37    0.00    0.00    2.36    0.00    0.00    0.00   34.98
19:26:08       1   26.42    0.00   13.97    0.00    0.00    1.09    0.22    0.00    0.00   58.30
19:26:08       2   25.68    0.00   15.77    0.00    0.00    2.03    0.23    0.00    0.00   56.31
19:26:08       3   22.86    0.00   14.53    0.00    0.00    0.00    0.00    0.00    0.00   62.61

19:26:08     CPU    %usr   %nice    %sys %iowait    %irq   %soft  %steal  %guest  %gnice   %idle
19:26:13     all   30.40    0.00   13.87    0.00    0.00    1.74    0.05    0.00    0.00   53.94
19:26:13       0   35.67    0.00   13.79    0.00    0.00    2.19    0.00    0.00    0.00   48.36
19:26:13       1   31.33    0.00   12.23    0.00    0.00    1.29    0.00    0.00    0.00   55.15
19:26:13       2   24.17    0.00   16.19    0.00    0.00    3.10    0.00    0.00    0.00   56.54
19:26:13       3   30.32    0.00   13.33    0.00    0.00    0.43    0.22    0.00    0.00   55.70

19:26:13     CPU    %usr   %nice    %sys %iowait    %irq   %soft  %steal  %guest  %gnice   %idle
19:26:18     all   32.65    0.00   13.72    0.00    0.00    1.78    0.16    0.00    0.00   51.69
19:26:18       0   34.67    0.00   12.47    0.00    0.00    0.42    0.21    0.00    0.00   52.22
19:26:18       1   32.85    0.00   13.39    0.00    0.00    0.00    0.21    0.00    0.00   53.56
19:26:18       2   23.74    0.00   16.04    0.00    0.00    3.08    0.00    0.00    0.00   57.14
19:26:18       3   39.29    0.00   13.02    0.00    0.00    3.75    0.22    0.00    0.00   43.71

19:26:18     CPU    %usr   %nice    %sys %iowait    %irq   %soft  %steal  %guest  %gnice   %idle
19:26:23     all   28.81    0.00   13.90    0.00    0.00    1.85    0.17    0.00    0.00   55.27
19:26:23       0   35.79    0.00   12.80    0.00    0.00    0.87    0.00    0.00    0.00   50.54
19:26:23       1   32.70    0.00   11.89    0.00    0.00    0.00    0.21    0.00    0.00   55.20
19:26:23       2   22.20    0.00   16.36    0.00    0.00    2.80    0.23    0.00    0.00   58.41
19:26:23       3   23.58    0.00   14.86    0.00    0.00    4.01    0.24    0.00    0.00   57.31

19:26:23     CPU    %usr   %nice    %sys %iowait    %irq   %soft  %steal  %guest  %gnice   %idle
19:26:28     all   31.50    0.00   14.43    0.00    0.00    2.15    0.11    0.00    0.00   51.82
19:26:28       0   31.26    0.00   15.08    0.00    0.00    3.77    0.22    0.00    0.00   49.67
19:26:28       1   33.40    0.00   12.90    0.00    0.00    0.00    0.21    0.00    0.00   53.49
19:26:28       2   26.20    0.00   16.63    0.00    0.00    3.42    0.00    0.00    0.00   53.76
19:26:28       3   34.88    0.00   13.25    0.00    0.00    1.55    0.00    0.00    0.00   50.33

19:26:28     CPU    %usr   %nice    %sys %iowait    %irq   %soft  %steal  %guest  %gnice   %idle
19:26:33     all   32.24    0.00   14.09    0.00    0.00    2.17    0.22    0.00    0.00   51.28
19:26:33       0   26.26    0.00   18.72    0.00    0.00    2.74    0.23    0.00    0.00   52.05
19:26:33       1   20.00    0.00   13.78    0.00    0.00    0.89    0.22    0.00    0.00   65.11
19:26:33       2   59.74    0.00    9.42    0.00    0.00    4.07    0.21    0.00    0.00   26.55
19:26:33       3   21.54    0.00   14.74    0.00    0.00    0.91    0.23    0.00    0.00   62.59

19:26:33     CPU    %usr   %nice    %sys %iowait    %irq   %soft  %steal  %guest  %gnice   %idle
19:26:38     all   31.08    0.00   14.13    0.00    0.00    1.95    0.11    0.00    0.00   52.73
19:26:38       0   24.36    0.00   14.62    0.00    0.00    0.42    0.00    0.00    0.00   60.59
19:26:38       1   23.43    0.00   16.47    0.00    0.00    4.18    0.23    0.00    0.00   55.68
19:26:38       2   35.81    0.00   14.19    0.00    0.00    3.49    0.22    0.00    0.00   46.29
19:26:38       3   39.92    0.00   11.52    0.00    0.00    0.00    0.00    0.00    0.00   48.56

19:26:38     CPU    %usr   %nice    %sys %iowait    %irq   %soft  %steal  %guest  %gnice   %idle
19:26:43     all   66.33    0.00   16.15    0.00    0.00    1.88    0.20    0.00    0.00   15.44
19:26:43       0   62.37    0.00   18.31    0.00    0.00    0.60    0.20    0.00    0.00   18.51
19:26:43       1   58.85    0.00   24.28    0.00    0.00    3.50    0.21    0.00    0.00   13.17
19:26:43       2   66.19    0.00   14.75    0.00    0.00    3.28    0.00    0.00    0.00   15.78
19:26:43       3   77.85    0.00    7.32    0.00    0.00    0.20    0.41    0.00    0.00   14.23

19:26:43     CPU    %usr   %nice    %sys %iowait    %irq   %soft  %steal  %guest  %gnice   %idle
19:26:48     all   43.47    0.00   11.95    0.05    0.00    1.44    0.11    0.00    0.00   42.99
19:26:48       0   25.11    0.00   15.80    0.22    0.00    0.43    0.00    0.00    0.00   58.44
19:26:48       1   43.46    0.00   10.97    0.00    0.00    1.05    0.21    0.00    0.00   44.30
19:26:48       2   56.33    0.00    9.92    0.00    0.00    2.32    0.21    0.00    0.00   31.22
19:26:48       3   48.60    0.00   11.18    0.00    0.00    1.94    0.00    0.00    0.00   38.28

19:26:48     CPU    %usr   %nice    %sys %iowait    %irq   %soft  %steal  %guest  %gnice   %idle
19:26:53     all   26.68    0.00   12.08    0.00    0.00    1.23    0.11    0.00    0.00   59.90
19:26:53       0   19.96    0.00   13.45    0.00    0.00    0.21    0.00    0.00    0.00   66.39
19:26:53       1   31.74    0.00   10.43    0.00    0.00    0.87    0.22    0.00    0.00   56.74
19:26:53       2   35.11    0.00   11.70    0.00    0.00    2.77    0.00    0.00    0.00   50.43
19:26:53       3   19.91    0.00   12.69    0.00    0.00    1.09    0.22    0.00    0.00   66.08

19:26:53     CPU    %usr   %nice    %sys %iowait    %irq   %soft  %steal  %guest  %gnice   %idle
19:26:58     all   29.81    0.00   11.88    0.00    0.00    1.08    0.16    0.00    0.00   57.07
19:26:58       0   30.61    0.00   11.53    0.00    0.00    0.63    0.21    0.00    0.00   57.02
19:26:58       1   23.41    0.00   13.18    0.00    0.00    2.05    0.23    0.00    0.00   61.14
19:26:58       2   22.22    0.00   13.73    0.00    0.00    1.74    0.00    0.00    0.00   62.31
19:26:58       3   42.23    0.00    9.24    0.00    0.00    0.00    0.21    0.00    0.00   48.32

19:26:58     CPU    %usr   %nice    %sys %iowait    %irq   %soft  %steal  %guest  %gnice   %idle
19:27:03     all   26.08    0.00   12.31    0.00    0.00    1.24    0.05    0.00    0.00   60.31
19:27:03       0   22.77    0.00   12.55    0.00    0.00    0.21    0.00    0.00    0.00   64.47
19:27:03       1   28.25    0.00   12.33    0.00    0.00    2.02    0.00    0.00    0.00   57.40
19:27:03       2   34.12    0.00   11.51    0.00    0.00    2.56    0.21    0.00    0.00   51.60
19:27:03       3   19.27    0.00   12.85    0.00    0.00    0.21    0.00    0.00    0.00   67.67

19:27:03     CPU    %usr   %nice    %sys %iowait    %irq   %soft  %steal  %guest  %gnice   %idle
19:27:08     all   30.71    0.00   14.78    0.00    0.00    1.74    0.16    0.00    0.00   52.61
19:27:08       0   35.39    0.00   13.79    0.00    0.00    0.62    0.21    0.00    0.00   50.00
19:27:08       1   38.99    0.00   11.74    0.00    0.00    1.89    0.21    0.00    0.00   47.17
19:27:08       2   24.05    0.00   17.72    0.00    0.00    2.53    0.00    0.00    0.00   55.70
19:27:08       3   24.02    0.00   15.94    0.00    0.00    1.97    0.22    0.00    0.00   57.86

19:27:08     CPU    %usr   %nice    %sys %iowait    %irq   %soft  %steal  %guest  %gnice   %idle
19:27:13     all   33.09    0.00   15.15    0.05    0.00    2.10    0.11    0.00    0.00   49.50
19:27:13       0   23.08    0.00   16.63    0.00    0.00    0.83    0.00    0.00    0.00   59.46
19:27:13       1   42.92    0.00   12.92    0.21    0.00    2.08    0.21    0.00    0.00   41.67
19:27:13       2   26.11    0.00   16.56    0.00    0.00    2.76    0.00    0.00    0.00   54.56
19:27:13       3   40.30    0.00   14.50    0.00    0.00    2.77    0.21    0.00    0.00   42.22

19:27:13     CPU    %usr   %nice    %sys %iowait    %irq   %soft  %steal  %guest  %gnice   %idle
19:27:18     all   28.38    0.00   14.43    0.00    0.00    1.94    0.11    0.00    0.00   55.14
19:27:18       0   25.10    0.00   14.85    0.00    0.00    0.84    0.00    0.00    0.00   59.21
19:27:18       1   33.48    0.00   12.79    0.00    0.00    1.92    0.21    0.00    0.00   51.60
19:27:18       2   32.46    0.00   14.25    0.00    0.00    2.85    0.22    0.00    0.00   50.22
19:27:18       3   22.47    0.00   15.86    0.00    0.00    2.20    0.00    0.00    0.00   59.47

19:27:18     CPU    %usr   %nice    %sys %iowait    %irq   %soft  %steal  %guest  %gnice   %idle
19:27:23     all   32.32    0.00   15.00    0.00    0.00    1.99    0.17    0.00    0.00   50.52
19:27:23       0   36.05    0.00   13.73    0.00    0.00    0.64    0.21    0.00    0.00   49.36
19:27:23       1   22.89    0.00   16.22    0.00    0.00    1.56    0.22    0.00    0.00   59.11
19:27:23       2   37.00    0.00   14.13    0.00    0.00    3.59    0.00    0.00    0.00   45.29
19:27:23       3   33.26    0.00   15.96    0.00    0.00    2.22    0.22    0.00    0.00   48.34

19:27:23     CPU    %usr   %nice    %sys %iowait    %irq   %soft  %steal  %guest  %gnice   %idle
19:27:28     all   31.81    0.00   14.50    0.00    0.00    2.32    0.17    0.00    0.00   51.21
19:27:28       0   21.63    0.00   16.27    0.00    0.00    0.64    0.21    0.00    0.00   61.24
19:27:28       1   25.17    0.00   16.55    0.00    0.00    1.59    0.23    0.00    0.00   56.46
19:27:28       2   26.74    0.00   15.51    0.00    0.00    2.92    0.00    0.00    0.00   54.83
19:27:28       3   53.36    0.00    9.76    0.00    0.00    4.12    0.22    0.00    0.00   32.54

19:27:28     CPU    %usr   %nice    %sys %iowait    %irq   %soft  %steal  %guest  %gnice   %idle
19:27:33     all   29.55    0.00   13.73    0.00    0.00    1.87    0.11    0.00    0.00   54.74
19:27:33       0   24.52    0.00   14.93    0.00    0.00    0.64    0.00    0.00    0.00   59.91
19:27:33       1   21.70    0.00   14.54    0.00    0.00    0.89    0.22    0.00    0.00   62.64
19:27:33       2   50.33    0.00   10.20    0.00    0.00    4.12    0.22    0.00    0.00   35.14
19:27:33       3   21.05    0.00   15.33    0.00    0.00    1.83    0.00    0.00    0.00   61.78

19:27:33     CPU    %usr   %nice    %sys %iowait    %irq   %soft  %steal  %guest  %gnice   %idle
19:27:38     all   32.82    0.00   14.56    0.00    0.00    2.15    0.17    0.00    0.00   50.30
19:27:38       0   22.96    0.00   15.24    0.00    0.00    0.64    0.21    0.00    0.00   60.94
19:27:38       1   37.91    0.00   13.51    0.00    0.00    1.96    0.22    0.00    0.00   46.41
19:27:38       2   24.08    0.00   16.97    0.00    0.00    2.98    0.00    0.00    0.00   55.96
19:27:38       3   46.24    0.00   12.61    0.00    0.00    3.10    0.22    0.00    0.00   37.83

19:27:38     CPU    %usr   %nice    %sys %iowait    %irq   %soft  %steal  %guest  %gnice   %idle
19:27:43     all   32.01    0.00   14.16    0.00    0.00    1.71    0.17    0.00    0.00   51.96
19:27:43       0   30.11    0.00   13.12    0.00    0.00    0.22    0.00    0.00    0.00   56.56
19:27:43       1   41.05    0.00   12.66    0.00    0.00    1.31    0.22    0.00    0.00   44.76
19:27:43       2   24.89    0.00   16.29    0.00    0.00    2.71    0.23    0.00    0.00   55.88
19:27:43       3   31.78    0.00   14.67    0.00    0.00    2.67    0.22    0.00    0.00   50.67

19:27:43     CPU    %usr   %nice    %sys %iowait    %irq   %soft  %steal  %guest  %gnice   %idle
19:27:48     all   29.01    0.00   15.28    0.00    0.00    2.04    0.17    0.00    0.00   53.50
19:27:48       0   20.73    0.00   15.81    0.00    0.00    0.64    0.21    0.00    0.00   62.61
19:27:48       1   22.40    0.00   16.74    0.00    0.00    1.81    0.23    0.00    0.00   58.82
19:27:48       2   22.10    0.00   17.54    0.00    0.00    2.51    0.00    0.00    0.00   57.86
19:27:48       3   50.22    0.00   11.21    0.00    0.00    3.23    0.22    0.00    0.00   35.13

19:27:48     CPU    %usr   %nice    %sys %iowait    %irq   %soft  %steal  %guest  %gnice   %idle
19:27:53     all   33.41    0.00   15.39    0.00    0.00    1.92    0.00    0.00    0.00   49.29
19:27:53       0   44.77    0.00   12.34    0.00    0.00    0.63    0.00    0.00    0.00   42.26
19:27:53       1   25.00    0.00   16.29    0.00    0.00    1.56    0.00    0.00    0.00   57.14
19:27:53       2   24.83    0.00   18.06    0.00    0.00    2.93    0.00    0.00    0.00   54.18
19:27:53       3   38.07    0.00   15.10    0.00    0.00    2.63    0.00    0.00    0.00   44.20

19:27:53     CPU    %usr   %nice    %sys %iowait    %irq   %soft  %steal  %guest  %gnice   %idle
19:27:58     all   31.49    0.00   15.21    0.00    0.00    2.16    0.16    0.00    0.00   50.97
19:27:58       0   30.88    0.00   15.13    0.00    0.00    0.63    0.00    0.00    0.00   53.36
19:27:58       1   34.06    0.00   13.32    0.00    0.00    1.31    0.22    0.00    0.00   51.09
19:27:58       2   36.50    0.00   15.98    0.00    0.00    3.67    0.22    0.00    0.00   43.63
19:27:58       3   24.39    0.00   16.41    0.00    0.00    3.10    0.22    0.00    0.00   55.88

19:27:58     CPU    %usr   %nice    %sys %iowait    %irq   %soft  %steal  %guest  %gnice   %idle
19:28:03     all   30.12    0.00   15.12    0.00    0.00    1.81    0.16    0.00    0.00   52.79
19:28:03       0   22.44    0.00   16.24    0.00    0.00    0.43    0.21    0.00    0.00   60.68
19:28:03       1   50.00    0.00    9.83    0.00    0.00    1.92    0.21    0.00    0.00   38.03
19:28:03       2   24.33    0.00   16.96    0.00    0.00    2.46    0.00    0.00    0.00   56.25
19:28:03       3   23.08    0.00   17.65    0.00    0.00    2.49    0.23    0.00    0.00   56.56

19:28:03     CPU    %usr   %nice    %sys %iowait    %irq   %soft  %steal  %guest  %gnice   %idle
19:28:08     all   33.79    0.00   14.50    0.00    0.00    2.23    0.05    0.00    0.00   49.43
19:28:08       0   25.75    0.00   15.67    0.00    0.00    0.64    0.00    0.00    0.00   57.94
19:28:08       1   45.71    0.00   11.16    0.00    0.00    2.36    0.21    0.00    0.00   40.56
19:28:08       2   38.48    0.00   13.91    0.00    0.00    2.83    0.00    0.00    0.00   44.78
19:28:08       3   24.83    0.00   17.38    0.00    0.00    3.16    0.00    0.00    0.00   54.63

19:28:08     CPU    %usr   %nice    %sys %iowait    %irq   %soft  %steal  %guest  %gnice   %idle
19:28:13     all   29.63    0.00   14.26    0.00    0.00    1.99    0.22    0.00    0.00   53.90
19:28:13       0   21.96    0.00   15.65    0.00    0.00    0.43    0.22    0.00    0.00   61.74
19:28:13       1   22.32    0.00   15.40    0.00    0.00    1.56    0.22    0.00    0.00   60.49
19:28:13       2   38.55    0.00   12.33    0.00    0.00    3.30    0.22    0.00    0.00   45.59
19:28:13       3   35.79    0.00   13.65    0.00    0.00    2.68    0.22    0.00    0.00   47.65

19:28:13     CPU    %usr   %nice    %sys %iowait    %irq   %soft  %steal  %guest  %gnice   %idle
19:28:18     all   23.73    0.00    9.71    0.00    0.00    1.29    0.11    0.00    0.00   65.16
19:28:18       0   15.38    0.00   11.11    0.00    0.00    0.43    0.00    0.00    0.00   73.08
19:28:18       1   18.30    0.00   10.89    0.00    0.00    0.87    0.22    0.00    0.00   69.72
19:28:18       2   42.32    0.00    6.53    0.00    0.00    2.53    0.00    0.00    0.00   48.63
19:28:18       3   18.36    0.00   10.40    0.00    0.00    1.33    0.22    0.00    0.00   69.69
