Linux 6.17.0-1015-aws (ip-172-31-3-246) 	05/27/26 	_x86_64_	(4 CPU)

19:25:42     CPU    %usr   %nice    %sys %iowait    %irq   %soft  %steal  %guest  %gnice   %idle
19:25:47     all   17.14    0.00    4.02    0.00    0.00    1.41    0.15    0.00    0.00   77.29
19:25:47       0    9.22    0.00    3.01    0.00    0.00    2.61    0.20    0.00    0.00   84.97
19:25:47       1   19.11    0.00    4.23    0.00    0.00    0.00    0.20    0.00    0.00   76.46
19:25:47       2   21.73    0.00    6.64    0.00    0.00    1.21    0.20    0.00    0.00   70.22
19:25:47       3   18.51    0.00    2.21    0.00    0.00    1.81    0.00    0.00    0.00   77.46

19:25:47     CPU    %usr   %nice    %sys %iowait    %irq   %soft  %steal  %guest  %gnice   %idle
19:25:52     all   73.94    0.00   14.91    0.00    0.00   10.86    0.20    0.00    0.00    0.10
19:25:52       0   67.54    0.00   10.42    0.00    0.00   22.04    0.00    0.00    0.00    0.00
19:25:52       1   78.16    0.00   21.24    0.00    0.00    0.00    0.20    0.00    0.00    0.40
19:25:52       2   77.20    0.00   12.20    0.00    0.00   10.40    0.20    0.00    0.00    0.00
19:25:52       3   72.85    0.00   15.77    0.00    0.00   10.98    0.40    0.00    0.00    0.00

19:25:52     CPU    %usr   %nice    %sys %iowait    %irq   %soft  %steal  %guest  %gnice   %idle
19:25:57     all   69.63    0.00   18.61    0.00    0.00   11.41    0.20    0.00    0.00    0.15
19:25:57       0   68.20    0.00   16.80    0.00    0.00   14.60    0.20    0.00    0.00    0.20
19:25:57       1   70.00    0.00   21.40    0.00    0.00    8.20    0.20    0.00    0.00    0.20
19:25:57       2   72.40    0.00   15.00    0.00    0.00   12.20    0.20    0.00    0.00    0.20
19:25:57       3   67.94    0.00   21.24    0.00    0.00   10.62    0.20    0.00    0.00    0.00

19:25:57     CPU    %usr   %nice    %sys %iowait    %irq   %soft  %steal  %guest  %gnice   %idle
19:26:02     all   71.90    0.00   17.80    0.00    0.00   10.05    0.20    0.00    0.00    0.05
19:26:02       0   68.40    0.00   22.60    0.00    0.00    8.80    0.20    0.00    0.00    0.00
19:26:02       1   76.20    0.00   12.40    0.00    0.00   11.20    0.20    0.00    0.00    0.00
19:26:02       2   71.40    0.00   19.00    0.00    0.00    9.40    0.20    0.00    0.00    0.00
19:26:02       3   71.60    0.00   17.20    0.00    0.00   10.80    0.20    0.00    0.00    0.20

19:26:02     CPU    %usr   %nice    %sys %iowait    %irq   %soft  %steal  %guest  %gnice   %idle
19:26:07     all   72.75    0.00   16.55    0.00    0.00   10.45    0.25    0.00    0.00    0.00
19:26:07       0   73.20    0.00   16.40    0.00    0.00   10.20    0.20    0.00    0.00    0.00
19:26:07       1   70.20    0.00   18.40    0.00    0.00   11.20    0.20    0.00    0.00    0.00
19:26:07       2   74.00    0.00   15.80    0.00    0.00   10.00    0.20    0.00    0.00    0.00
19:26:07       3   73.60    0.00   15.60    0.00    0.00   10.40    0.40    0.00    0.00    0.00

19:26:07     CPU    %usr   %nice    %sys %iowait    %irq   %soft  %steal  %guest  %gnice   %idle
19:26:12     all   72.36    0.00   17.08    0.00    0.00   10.32    0.20    0.00    0.00    0.05
19:26:12       0   73.20    0.00   16.00    0.00    0.00   10.40    0.20    0.00    0.00    0.20
19:26:12       1   73.75    0.00   14.83    0.00    0.00   11.22    0.20    0.00    0.00    0.00
19:26:12       2   74.55    0.00   15.43    0.00    0.00    9.82    0.20    0.00    0.00    0.00
19:26:12       3   67.94    0.00   22.04    0.00    0.00    9.82    0.20    0.00    0.00    0.00

19:26:12     CPU    %usr   %nice    %sys %iowait    %irq   %soft  %steal  %guest  %gnice   %idle
19:26:17     all   68.27    0.00   15.34    0.00    0.00    9.47    0.20    0.00    0.00    6.72
19:26:17       0   70.54    0.00   13.03    0.00    0.00    9.22    0.20    0.00    0.00    7.01
19:26:17       1   72.14    0.00   12.42    0.00    0.00    9.22    0.20    0.00    0.00    6.01
19:26:17       2   67.54    0.00   15.83    0.00    0.00    9.82    0.20    0.00    0.00    6.61
19:26:17       3   62.85    0.00   20.08    0.00    0.00    9.64    0.20    0.00    0.00    7.23

19:26:17     CPU    %usr   %nice    %sys %iowait    %irq   %soft  %steal  %guest  %gnice   %idle
19:26:22     all   67.83    0.00   21.36    0.00    0.00    9.75    0.25    0.00    0.00    0.81
19:26:22       0   66.60    0.00   24.29    0.00    0.00    8.10    0.40    0.00    0.00    0.61
19:26:22       1   69.88    0.00   19.28    0.00    0.00   10.04    0.20    0.00    0.00    0.60
19:26:22       2   69.68    0.00   18.67    0.00    0.00   10.84    0.20    0.00    0.00    0.60
19:26:22       3   65.10    0.00   23.27    0.00    0.00   10.00    0.20    0.00    0.00    1.43

19:26:22     CPU    %usr   %nice    %sys %iowait    %irq   %soft  %steal  %guest  %gnice   %idle
19:26:27     all   67.75    0.00   21.81    0.00    0.00    9.33    0.15    0.00    0.00    0.96
19:26:27       0   67.89    0.00   23.78    0.00    0.00    7.32    0.20    0.00    0.00    0.81
19:26:27       1   68.90    0.00   19.92    0.00    0.00    9.76    0.20    0.00    0.00    1.22
19:26:27       2   68.75    0.00   20.36    0.00    0.00   10.28    0.00    0.00    0.00    0.60
19:26:27       3   65.45    0.00   23.17    0.00    0.00    9.96    0.20    0.00    0.00    1.22

19:26:27     CPU    %usr   %nice    %sys %iowait    %irq   %soft  %steal  %guest  %gnice   %idle
19:26:32     all   69.62    0.00   19.60    0.00    0.00    9.97    0.30    0.00    0.00    0.50
19:26:32       0   71.72    0.00   18.79    0.00    0.00    8.69    0.20    0.00    0.00    0.61
19:26:32       1   66.33    0.00   23.19    0.00    0.00    9.48    0.40    0.00    0.00    0.60
19:26:32       2   74.25    0.00   14.29    0.00    0.00   10.87    0.20    0.00    0.00    0.40
19:26:32       3   66.20    0.00   22.13    0.00    0.00   10.87    0.40    0.00    0.00    0.40

19:26:32     CPU    %usr   %nice    %sys %iowait    %irq   %soft  %steal  %guest  %gnice   %idle
19:26:37     all   66.89    0.00   21.92    0.00    0.00    9.97    0.20    0.00    0.00    1.01
19:26:37       0   66.13    0.00   24.14    0.00    0.00    8.11    0.20    0.00    0.00    1.42
19:26:37       1   67.34    0.00   21.70    0.00    0.00    9.94    0.20    0.00    0.00    0.81
19:26:37       2   69.96    0.00   17.54    0.00    0.00   11.90    0.20    0.00    0.00    0.40
19:26:37       3   64.10    0.00   24.34    0.00    0.00    9.94    0.20    0.00    0.00    1.42

19:26:37     CPU    %usr   %nice    %sys %iowait    %irq   %soft  %steal  %guest  %gnice   %idle
19:26:42     all   76.14    0.00   14.52    0.00    0.00    8.74    0.20    0.00    0.00    0.40
19:26:42       0   76.95    0.00   14.43    0.00    0.00    8.22    0.20    0.00    0.00    0.20
19:26:42       1   75.20    0.00   15.12    0.00    0.00    8.87    0.20    0.00    0.00    0.60
19:26:42       2   78.36    0.00   12.42    0.00    0.00    8.82    0.20    0.00    0.00    0.20
19:26:42       3   74.04    0.00   16.10    0.00    0.00    9.05    0.20    0.00    0.00    0.60

19:26:42     CPU    %usr   %nice    %sys %iowait    %irq   %soft  %steal  %guest  %gnice   %idle
19:26:47     all   81.08    0.00    9.91    0.00    0.00    8.81    0.20    0.00    0.00    0.00
19:26:47       0   77.96    0.00   13.43    0.00    0.00    8.42    0.20    0.00    0.00    0.00
19:26:47       1   78.71    0.00   11.45    0.00    0.00    9.64    0.20    0.00    0.00    0.00
19:26:47       2   86.60    0.00    6.00    0.00    0.00    7.20    0.20    0.00    0.00    0.00
19:26:47       3   81.04    0.00    8.78    0.00    0.00    9.98    0.20    0.00    0.00    0.00

19:26:47     CPU    %usr   %nice    %sys %iowait    %irq   %soft  %steal  %guest  %gnice   %idle
19:26:52     all   83.54    0.00    7.85    0.00    0.00    8.40    0.20    0.00    0.00    0.00
19:26:52       0   85.60    0.00    6.60    0.00    0.00    7.60    0.20    0.00    0.00    0.00
19:26:52       1   78.00    0.00   12.80    0.00    0.00    9.00    0.20    0.00    0.00    0.00
19:26:52       2   87.80    0.00    4.00    0.00    0.00    8.00    0.20    0.00    0.00    0.00
19:26:52       3   82.77    0.00    8.02    0.00    0.00    9.02    0.20    0.00    0.00    0.00

19:26:52     CPU    %usr   %nice    %sys %iowait    %irq   %soft  %steal  %guest  %gnice   %idle
19:26:57     all   81.66    0.00    9.10    0.00    0.00    9.00    0.20    0.00    0.00    0.05
19:26:57       0   86.43    0.00    5.59    0.00    0.00    7.58    0.20    0.00    0.00    0.20
19:26:57       1   85.80    0.00    4.60    0.00    0.00    9.40    0.20    0.00    0.00    0.00
19:26:57       2   83.80    0.00    6.60    0.00    0.00    9.40    0.20    0.00    0.00    0.00
19:26:57       3   70.60    0.00   19.60    0.00    0.00    9.60    0.20    0.00    0.00    0.00

19:26:57     CPU    %usr   %nice    %sys %iowait    %irq   %soft  %steal  %guest  %gnice   %idle
19:27:02     all   81.98    0.00    9.01    0.00    0.00    8.71    0.30    0.00    0.00    0.00
19:27:02       0   85.17    0.00    7.01    0.00    0.00    7.62    0.20    0.00    0.00    0.00
19:27:02       1   79.40    0.00   11.20    0.00    0.00    9.00    0.40    0.00    0.00    0.00
19:27:02       2   83.00    0.00    8.20    0.00    0.00    8.60    0.20    0.00    0.00    0.00
19:27:02       3   80.36    0.00    9.62    0.00    0.00    9.62    0.40    0.00    0.00    0.00

19:27:02     CPU    %usr   %nice    %sys %iowait    %irq   %soft  %steal  %guest  %gnice   %idle
19:27:07     all   73.41    0.00   16.65    0.00    0.00    9.13    0.20    0.00    0.00    0.61
19:27:07       0   67.55    0.00   23.33    0.00    0.00    7.91    0.41    0.00    0.00    0.81
19:27:07       1   75.15    0.00   15.56    0.00    0.00    8.28    0.20    0.00    0.00    0.81
19:27:07       2   74.35    0.00   15.63    0.00    0.00    9.82    0.00    0.00    0.00    0.20
19:27:07       3   76.57    0.00   12.12    0.00    0.00   10.51    0.20    0.00    0.00    0.61

19:27:07     CPU    %usr   %nice    %sys %iowait    %irq   %soft  %steal  %guest  %gnice   %idle
19:27:12     all   73.57    0.00   16.68    0.00    0.00    9.20    0.20    0.00    0.00    0.35
19:27:12       0   72.67    0.00   18.62    0.00    0.00    7.69    0.20    0.00    0.00    0.81
19:27:12       1   67.68    0.00   22.56    0.00    0.00    9.15    0.20    0.00    0.00    0.41
19:27:12       2   77.11    0.00   12.25    0.00    0.00   10.44    0.20    0.00    0.00    0.00
19:27:12       3   76.77    0.00   13.33    0.00    0.00    9.49    0.20    0.00    0.00    0.20

19:27:12     CPU    %usr   %nice    %sys %iowait    %irq   %soft  %steal  %guest  %gnice   %idle
19:27:17     all   67.41    0.00   21.22    0.00    0.00    9.75    0.25    0.00    0.00    1.37
19:27:17       0   63.64    0.00   25.00    0.00    0.00    8.68    0.21    0.00    0.00    2.48
19:27:17       1   71.34    0.00   18.04    0.00    0.00    9.62    0.40    0.00    0.00    0.60
19:27:17       2   68.07    0.00   20.88    0.00    0.00   10.44    0.20    0.00    0.00    0.40
19:27:17       3   66.46    0.00   21.06    0.00    0.00   10.22    0.20    0.00    0.00    2.04

19:27:17     CPU    %usr   %nice    %sys %iowait    %irq   %soft  %steal  %guest  %gnice   %idle
19:27:22     all   68.97    0.00   20.87    0.00    0.00    9.20    0.20    0.00    0.00    0.76
19:27:22       0   66.33    0.00   24.80    0.00    0.00    7.86    0.40    0.00    0.00    0.60
19:27:22       1   77.33    0.00   12.15    0.00    0.00   10.12    0.00    0.00    0.00    0.40
19:27:22       2   68.67    0.00   21.08    0.00    0.00    9.64    0.20    0.00    0.00    0.40
19:27:22       3   63.54    0.00   25.46    0.00    0.00    9.16    0.20    0.00    0.00    1.63

19:27:22     CPU    %usr   %nice    %sys %iowait    %irq   %soft  %steal  %guest  %gnice   %idle
19:27:27     all   67.86    0.00   20.94    0.00    0.00   10.24    0.20    0.00    0.00    0.76
19:27:27       0   67.27    0.00   22.83    0.00    0.00    8.89    0.20    0.00    0.00    0.81
19:27:27       1   68.55    0.00   20.56    0.00    0.00   10.08    0.20    0.00    0.00    0.60
19:27:27       2   71.23    0.00   16.50    0.00    0.00   11.67    0.20    0.00    0.00    0.40
19:27:27       3   64.37    0.00   23.89    0.00    0.00   10.32    0.20    0.00    0.00    1.21

19:27:27     CPU    %usr   %nice    %sys %iowait    %irq   %soft  %steal  %guest  %gnice   %idle
19:27:32     all   66.68    0.00   22.26    0.00    0.00   10.05    0.25    0.00    0.00    0.76
19:27:32       0   65.05    0.00   24.44    0.00    0.00    9.70    0.20    0.00    0.00    0.61
19:27:32       1   70.14    0.00   18.64    0.00    0.00   10.02    0.40    0.00    0.00    0.80
19:27:32       2   66.19    0.00   22.87    0.00    0.00   10.32    0.20    0.00    0.00    0.40
19:27:32       3   65.31    0.00   23.12    0.00    0.00   10.14    0.20    0.00    0.00    1.22

19:27:32     CPU    %usr   %nice    %sys %iowait    %irq   %soft  %steal  %guest  %gnice   %idle
19:27:37     all   69.02    0.00   20.23    0.00    0.00    9.84    0.20    0.00    0.00    0.71
19:27:37       0   72.18    0.00   18.95    0.00    0.00    8.27    0.20    0.00    0.00    0.40
19:27:37       1   67.54    0.00   20.97    0.00    0.00   10.89    0.20    0.00    0.00    0.40
19:27:37       2   67.27    0.00   21.69    0.00    0.00   10.64    0.00    0.00    0.00    0.40
19:27:37       3   69.11    0.00   19.31    0.00    0.00    9.55    0.41    0.00    0.00    1.63

19:27:37     CPU    %usr   %nice    %sys %iowait    %irq   %soft  %steal  %guest  %gnice   %idle
19:27:42     all   67.46    0.00   21.37    0.00    0.00   10.21    0.20    0.00    0.00    0.76
19:27:42       0   65.99    0.00   23.89    0.00    0.00    9.11    0.20    0.00    0.00    0.81
19:27:42       1   66.87    0.00   21.01    0.00    0.00   10.91    0.20    0.00    0.00    1.01
19:27:42       2   71.43    0.00   17.10    0.00    0.00   10.87    0.20    0.00    0.00    0.40
19:27:42       3   65.52    0.00   23.53    0.00    0.00    9.94    0.20    0.00    0.00    0.81

19:27:42     CPU    %usr   %nice    %sys %iowait    %irq   %soft  %steal  %guest  %gnice   %idle
19:27:47     all   68.06    0.00   20.72    0.00    0.00   10.16    0.20    0.00    0.00    0.86
19:27:47       0   69.23    0.00   20.24    0.00    0.00    9.51    0.20    0.00    0.00    0.81
19:27:47       1   69.51    0.00   19.31    0.00    0.00    9.96    0.20    0.00    0.00    1.02
19:27:47       2   64.92    0.00   23.39    0.00    0.00   10.89    0.20    0.00    0.00    0.60
19:27:47       3   68.61    0.00   19.92    0.00    0.00   10.26    0.20    0.00    0.00    1.01

19:27:47     CPU    %usr   %nice    %sys %iowait    %irq   %soft  %steal  %guest  %gnice   %idle
19:27:52     all   68.50    0.00   21.05    0.00    0.00    9.64    0.20    0.00    0.00    0.61
19:27:52       0   73.99    0.00   16.53    0.00    0.00    8.87    0.20    0.00    0.00    0.40
19:27:52       1   65.18    0.00   23.48    0.00    0.00   10.32    0.20    0.00    0.00    0.81
19:27:52       2   68.01    0.00   21.33    0.00    0.00    9.86    0.20    0.00    0.00    0.60
19:27:52       3   66.80    0.00   22.87    0.00    0.00    9.51    0.20    0.00    0.00    0.61

19:27:52     CPU    %usr   %nice    %sys %iowait    %irq   %soft  %steal  %guest  %gnice   %idle
19:27:57     all   67.78    0.00   21.40    0.00    0.00    9.81    0.25    0.00    0.00    0.76
19:27:57       0   71.40    0.00   19.07    0.00    0.00    8.32    0.20    0.00    0.00    1.01
19:27:57       1   67.00    0.00   21.93    0.00    0.00   10.26    0.40    0.00    0.00    0.40
19:27:57       2   65.11    0.00   22.52    0.00    0.00   10.95    0.20    0.00    0.00    1.22
19:27:57       3   67.61    0.00   22.06    0.00    0.00    9.72    0.20    0.00    0.00    0.40

19:27:57     CPU    %usr   %nice    %sys %iowait    %irq   %soft  %steal  %guest  %gnice   %idle
19:28:02     all   69.87    0.00   19.62    0.00    0.00    9.56    0.30    0.00    0.00    0.65
19:28:02       0   73.24    0.00   17.30    0.00    0.00    8.45    0.40    0.00    0.00    0.60
19:28:02       1   69.82    0.00   19.11    0.00    0.00   10.06    0.20    0.00    0.00    0.80
19:28:02       2   67.47    0.00   21.49    0.00    0.00   10.44    0.20    0.00    0.00    0.40
19:28:02       3   68.95    0.00   20.56    0.00    0.00    9.27    0.40    0.00    0.00    0.81

19:28:02     CPU    %usr   %nice    %sys %iowait    %irq   %soft  %steal  %guest  %gnice   %idle
19:28:07     all   67.22    0.00   22.04    0.00    0.00    9.47    0.20    0.00    0.00    1.06
19:28:07       0   68.29    0.00   21.95    0.00    0.00    8.74    0.20    0.00    0.00    0.81
19:28:07       1   66.13    0.00   22.92    0.00    0.00    9.94    0.20    0.00    0.00    0.81
19:28:07       2   64.43    0.00   24.19    0.00    0.00    9.76    0.20    0.00    0.00    1.42
19:28:07       3   70.02    0.00   19.11    0.00    0.00    9.46    0.20    0.00    0.00    1.21

19:28:07     CPU    %usr   %nice    %sys %iowait    %irq   %soft  %steal  %guest  %gnice   %idle
19:28:12     all   69.02    0.00   20.74    0.00    0.00    9.49    0.20    0.00    0.00    0.55
19:28:12       0   68.15    0.00   23.79    0.00    0.00    7.46    0.20    0.00    0.00    0.40
19:28:12       1   70.02    0.00   18.91    0.00    0.00   10.46    0.20    0.00    0.00    0.40
19:28:12       2   65.99    0.00   22.87    0.00    0.00   10.12    0.20    0.00    0.00    0.81
19:28:12       3   71.92    0.00   17.37    0.00    0.00    9.90    0.20    0.00    0.00    0.61

19:28:12     CPU    %usr   %nice    %sys %iowait    %irq   %soft  %steal  %guest  %gnice   %idle
19:28:17     all   66.99    0.00   19.41    0.00    0.00    9.32    0.20    0.00    0.00    4.08
19:28:17       0   70.30    0.00   20.81    0.00    0.00    8.08    0.20    0.00    0.00    0.61
19:28:17       1   64.65    0.00   20.20    0.00    0.00    9.49    0.20    0.00    0.00    5.45
19:28:17       2   68.61    0.00   16.50    0.00    0.00    9.66    0.20    0.00    0.00    5.03
19:28:17       3   64.39    0.00   20.12    0.00    0.00   10.06    0.20    0.00    0.00    5.23
