Linux 6.17.0-1015-aws (ip-172-31-3-246) 	05/27/26 	_x86_64_	(4 CPU)

19:10:14     CPU    %usr   %nice    %sys %iowait    %irq   %soft  %steal  %guest  %gnice   %idle
19:10:19     all   15.19    0.00    4.95    0.05    0.00    1.06    0.15    0.00    0.00   78.60
19:10:19       0    8.48    0.00    4.85    0.00    0.00    0.81    0.20    0.00    0.00   85.66
19:10:19       1   20.77    0.00    4.64    0.00    0.00    2.42    0.00    0.00    0.00   72.18
19:10:19       2   21.41    0.00    6.06    0.20    0.00    0.00    0.20    0.00    0.00   72.12
19:10:19       3   10.10    0.00    4.24    0.00    0.00    1.01    0.20    0.00    0.00   84.44

19:10:19     CPU    %usr   %nice    %sys %iowait    %irq   %soft  %steal  %guest  %gnice   %idle
19:10:24     all   60.97    0.00   26.12    0.00    0.00    9.44    0.20    0.00    0.00    3.27
19:10:24       0   56.70    0.00   31.13    0.00    0.00    8.66    0.21    0.00    0.00    3.30
19:10:24       1   56.14    0.00   23.14    0.00    0.00   19.72    0.20    0.00    0.00    0.80
19:10:24       2   65.30    0.00   28.13    0.00    0.00    0.21    0.21    0.00    0.00    6.16
19:10:24       3   65.78    0.00   22.20    0.00    0.00    8.96    0.20    0.00    0.00    2.85

19:10:24     CPU    %usr   %nice    %sys %iowait    %irq   %soft  %steal  %guest  %gnice   %idle
19:10:29     all   63.84    0.00   24.26    0.00    0.00    9.19    0.15    0.00    0.00    2.55
19:10:29       0   61.91    0.00   26.48    0.00    0.00    9.16    0.20    0.00    0.00    2.24
19:10:29       1   66.46    0.00   21.75    0.00    0.00    9.15    0.20    0.00    0.00    2.44
19:10:29       2   67.89    0.00   20.65    0.00    0.00    9.61    0.00    0.00    0.00    1.84
19:10:29       3   59.05    0.00   28.19    0.00    0.00    8.85    0.21    0.00    0.00    3.70

19:10:29     CPU    %usr   %nice    %sys %iowait    %irq   %soft  %steal  %guest  %gnice   %idle
19:10:34     all   61.15    0.00   25.87    0.00    0.00    9.82    0.20    0.00    0.00    2.97
19:10:34       0   60.93    0.00   26.72    0.00    0.00    9.92    0.20    0.00    0.00    2.23
19:10:34       1   55.07    0.00   30.23    0.00    0.00    9.11    0.21    0.00    0.00    5.38
19:10:34       2   70.91    0.00   16.57    0.00    0.00   11.31    0.20    0.00    0.00    1.01
19:10:34       3   57.44    0.00   30.17    0.00    0.00    8.88    0.21    0.00    0.00    3.31

19:10:34     CPU    %usr   %nice    %sys %iowait    %irq   %soft  %steal  %guest  %gnice   %idle
19:10:39     all   62.12    0.00   25.72    0.00    0.00    9.41    0.31    0.00    0.00    2.45
19:10:39       0   60.08    0.00   27.37    0.00    0.00    9.67    0.21    0.00    0.00    2.67
19:10:39       1   65.64    0.00   23.31    0.00    0.00    7.98    0.41    0.00    0.00    2.66
19:10:39       2   64.98    0.00   22.47    0.00    0.00   11.13    0.20    0.00    0.00    1.21
19:10:39       3   57.70    0.00   29.77    0.00    0.00    8.83    0.41    0.00    0.00    3.29

19:10:39     CPU    %usr   %nice    %sys %iowait    %irq   %soft  %steal  %guest  %gnice   %idle
19:10:44     all   63.14    0.00   25.15    0.00    0.00    9.11    0.20    0.00    0.00    2.39
19:10:44       0   66.94    0.00   21.91    0.00    0.00    9.13    0.20    0.00    0.00    1.83
19:10:44       1   58.04    0.00   30.55    0.00    0.00    8.15    0.20    0.00    0.00    3.05
19:10:44       2   62.60    0.00   23.98    0.00    0.00   11.38    0.20    0.00    0.00    1.83
19:10:44       3   64.96    0.00   24.18    0.00    0.00    7.79    0.20    0.00    0.00    2.87

19:10:44     CPU    %usr   %nice    %sys %iowait    %irq   %soft  %steal  %guest  %gnice   %idle
19:10:49     all   60.25    0.00   23.61    0.00    0.00    8.53    0.20    0.00    0.00    7.41
19:10:49       0   58.04    0.00   24.64    0.00    0.00    8.35    0.20    0.00    0.00    8.76
19:10:49       1   65.99    0.00   22.61    0.00    0.00    8.15    0.20    0.00    0.00    3.05
19:10:49       2   57.08    0.00   24.85    0.00    0.00    9.65    0.00    0.00    0.00    8.42
19:10:49       3   59.84    0.00   22.34    0.00    0.00    7.99    0.41    0.00    0.00    9.43

19:10:49     CPU    %usr   %nice    %sys %iowait    %irq   %soft  %steal  %guest  %gnice   %idle
19:10:54     all   55.53    0.00   25.65    0.00    0.00    7.70    0.26    0.00    0.00   10.86
19:10:54       0   60.66    0.00   22.34    0.00    0.00    7.38    0.41    0.00    0.00    9.22
19:10:54       1   49.27    0.00   29.11    0.00    0.00    6.86    0.21    0.00    0.00   14.55
19:10:54       2   53.51    0.00   27.89    0.00    0.00    9.71    0.21    0.00    0.00    8.68
19:10:54       3   58.63    0.00   23.28    0.00    0.00    6.86    0.21    0.00    0.00   11.02

19:10:54     CPU    %usr   %nice    %sys %iowait    %irq   %soft  %steal  %guest  %gnice   %idle
19:10:59     all   56.01    0.00   25.44    0.00    0.00    7.77    0.21    0.00    0.00   10.57
19:10:59       0   52.17    0.00   29.61    0.00    0.00    7.04    0.21    0.00    0.00   10.97
19:10:59       1   63.11    0.00   18.85    0.00    0.00    7.79    0.20    0.00    0.00   10.04
19:10:59       2   52.90    0.00   28.63    0.00    0.00    8.71    0.21    0.00    0.00    9.54
19:10:59       3   55.77    0.00   24.74    0.00    0.00    7.55    0.21    0.00    0.00   11.74

19:10:59     CPU    %usr   %nice    %sys %iowait    %irq   %soft  %steal  %guest  %gnice   %idle
19:11:04     all   55.80    0.00   25.80    0.00    0.00    7.82    0.26    0.00    0.00   10.31
19:11:04       0   57.02    0.00   25.21    0.00    0.00    7.02    0.21    0.00    0.00   10.54
19:11:04       1   50.42    0.00   29.79    0.00    0.00    7.50    0.21    0.00    0.00   12.08
19:11:04       2   64.83    0.00   19.43    0.00    0.00    9.41    0.20    0.00    0.00    6.13
19:11:04       3   50.73    0.00   28.93    0.00    0.00    7.34    0.42    0.00    0.00   12.58

19:11:04     CPU    %usr   %nice    %sys %iowait    %irq   %soft  %steal  %guest  %gnice   %idle
19:11:09     all   55.32    0.00   25.40    0.15    0.00    7.97    0.21    0.00    0.00   10.95
19:11:09       0   52.36    0.00   28.95    0.21    0.00    6.78    0.21    0.00    0.00   11.50
19:11:09       1   59.47    0.00   22.20    0.20    0.00    7.33    0.41    0.00    0.00   10.39
19:11:09       2   58.80    0.00   22.57    0.00    0.00   10.35    0.00    0.00    0.00    8.28
19:11:09       3   50.62    0.00   27.89    0.21    0.00    7.44    0.21    0.00    0.00   13.64

19:11:09     CPU    %usr   %nice    %sys %iowait    %irq   %soft  %steal  %guest  %gnice   %idle
19:11:14     all   74.38    0.00   15.52    0.00    0.00    7.48    0.25    0.00    0.00    2.36
19:11:14       0   77.82    0.00   12.90    0.00    0.00    6.65    0.20    0.00    0.00    2.42
19:11:14       1   70.48    0.00   19.68    0.00    0.00    7.23    0.20    0.00    0.00    2.41
19:11:14       2   75.25    0.00   12.47    0.00    0.00   10.06    0.20    0.00    0.00    2.01
19:11:14       3   74.00    0.00   17.00    0.00    0.00    6.00    0.40    0.00    0.00    2.60

19:11:14     CPU    %usr   %nice    %sys %iowait    %irq   %soft  %steal  %guest  %gnice   %idle
19:11:19     all   76.93    0.00   14.16    0.00    0.00    7.91    0.20    0.00    0.00    0.80
19:11:19       0   72.55    0.00   21.44    0.00    0.00    5.41    0.20    0.00    0.00    0.40
19:11:19       1   74.35    0.00   13.83    0.00    0.00   10.02    0.20    0.00    0.00    1.60
19:11:19       2   78.49    0.00   10.56    0.00    0.00   10.36    0.20    0.00    0.00    0.40
19:11:19       3   82.33    0.00   10.84    0.00    0.00    5.82    0.20    0.00    0.00    0.80

19:11:19     CPU    %usr   %nice    %sys %iowait    %irq   %soft  %steal  %guest  %gnice   %idle
19:11:24     all   55.47    0.00   25.09    0.00    0.00    7.52    0.21    0.00    0.00   11.72
19:11:24       0   60.66    0.00   22.13    0.00    0.00    6.97    0.20    0.00    0.00   10.04
19:11:24       1   58.64    0.00   22.84    0.00    0.00    6.58    0.21    0.00    0.00   11.73
19:11:24       2   52.27    0.00   27.69    0.00    0.00    9.71    0.21    0.00    0.00   10.12
19:11:24       3   50.11    0.00   27.81    0.00    0.00    6.79    0.21    0.00    0.00   15.07

19:11:24     CPU    %usr   %nice    %sys %iowait    %irq   %soft  %steal  %guest  %gnice   %idle
19:11:29     all   55.31    0.00   24.27    0.00    0.00    8.36    0.21    0.00    0.00   11.85
19:11:29       0   61.07    0.00   20.70    0.00    0.00    7.58    0.20    0.00    0.00   10.45
19:11:29       1   52.33    0.00   26.98    0.00    0.00    6.69    0.20    0.00    0.00   13.79
19:11:29       2   57.58    0.00   21.72    0.00    0.00   11.27    0.00    0.00    0.00    9.43
19:11:29       3   50.21    0.00   27.71    0.00    0.00    7.92    0.42    0.00    0.00   13.75

19:11:29     CPU    %usr   %nice    %sys %iowait    %irq   %soft  %steal  %guest  %gnice   %idle
19:11:34     all   56.59    0.00   24.15    0.00    0.00    8.03    0.26    0.00    0.00   10.97
19:11:34       0   56.17    0.00   25.51    0.00    0.00    6.58    0.21    0.00    0.00   11.52
19:11:34       1   52.25    0.00   27.87    0.00    0.00    6.76    0.41    0.00    0.00   12.70
19:11:34       2   59.05    0.00   22.02    0.00    0.00   10.91    0.21    0.00    0.00    7.82
19:11:34       3   58.92    0.00   21.16    0.00    0.00    7.88    0.21    0.00    0.00   11.83

19:11:34     CPU    %usr   %nice    %sys %iowait    %irq   %soft  %steal  %guest  %gnice   %idle
19:11:39     all   56.56    0.00   24.45    0.00    0.00    8.29    0.21    0.00    0.00   10.50
19:11:39       0   61.35    0.00   21.47    0.00    0.00    7.77    0.20    0.00    0.00    9.20
19:11:39       1   51.56    0.00   28.07    0.00    0.00    7.69    0.21    0.00    0.00   12.47
19:11:39       2   62.37    0.00   20.86    0.00    0.00    9.82    0.20    0.00    0.00    6.75
19:11:39       3   50.83    0.00   27.48    0.00    0.00    7.85    0.21    0.00    0.00   13.64

19:11:39     CPU    %usr   %nice    %sys %iowait    %irq   %soft  %steal  %guest  %gnice   %idle
19:11:44     all   57.57    0.00   24.07    0.00    0.00    7.55    0.25    0.00    0.00   10.56
19:11:44       0   52.15    0.00   28.02    0.00    0.00    6.54    0.20    0.00    0.00   13.09
19:11:44       1   53.05    0.00   26.83    0.00    0.00    7.93    0.20    0.00    0.00   11.99
19:11:44       2   54.32    0.00   26.34    0.00    0.00    8.44    0.21    0.00    0.00   10.70
19:11:44       3   70.65    0.00   15.18    0.00    0.00    7.29    0.40    0.00    0.00    6.48

19:11:44     CPU    %usr   %nice    %sys %iowait    %irq   %soft  %steal  %guest  %gnice   %idle
19:11:49     all   55.98    0.00   24.28    0.00    0.00    7.94    0.26    0.00    0.00   11.55
19:11:49       0   60.49    0.00   21.18    0.00    0.00    6.92    0.41    0.00    0.00   11.00
19:11:49       1   51.44    0.00   27.57    0.00    0.00    7.61    0.21    0.00    0.00   13.17
19:11:49       2   60.70    0.00   20.78    0.00    0.00    9.47    0.21    0.00    0.00    8.85
19:11:49       3   51.15    0.00   27.67    0.00    0.00    7.76    0.21    0.00    0.00   13.21

19:11:49     CPU    %usr   %nice    %sys %iowait    %irq   %soft  %steal  %guest  %gnice   %idle
19:11:54     all   56.72    0.00   24.01    0.00    0.00    7.68    0.26    0.00    0.00   11.33
19:11:54       0   57.70    0.00   23.82    0.00    0.00    6.57    0.21    0.00    0.00   11.70
19:11:54       1   50.62    0.00   28.10    0.00    0.00    7.64    0.41    0.00    0.00   13.22
19:11:54       2   57.49    0.00   23.41    0.00    0.00    9.45    0.21    0.00    0.00    9.45
19:11:54       3   61.08    0.00   20.70    0.00    0.00    7.04    0.21    0.00    0.00   10.97

19:11:54     CPU    %usr   %nice    %sys %iowait    %irq   %soft  %steal  %guest  %gnice   %idle
19:11:59     all   56.39    0.00   24.51    0.00    0.00    8.08    0.21    0.00    0.00   10.81
19:11:59       0   64.90    0.00   18.78    0.00    0.00    7.76    0.20    0.00    0.00    8.37
19:11:59       1   51.93    0.00   27.29    0.00    0.00    7.74    0.20    0.00    0.00   12.83
19:11:59       2   56.49    0.00   24.95    0.00    0.00    9.69    0.21    0.00    0.00    8.66
19:11:59       3   52.10    0.00   27.10    0.00    0.00    7.14    0.21    0.00    0.00   13.45

19:11:59     CPU    %usr   %nice    %sys %iowait    %irq   %soft  %steal  %guest  %gnice   %idle
19:12:04     all   57.01    0.00   23.93    0.00    0.00    7.86    0.15    0.00    0.00   11.04
19:12:04       0   53.20    0.00   27.01    0.00    0.00    7.01    0.21    0.00    0.00   12.58
19:12:04       1   53.67    0.00   26.94    0.00    0.00    7.55    0.00    0.00    0.00   11.84
19:12:04       2   70.53    0.00   14.02    0.00    0.00    9.76    0.20    0.00    0.00    5.49
19:12:04       3   50.42    0.00   27.92    0.00    0.00    7.08    0.21    0.00    0.00   14.37

19:12:04     CPU    %usr   %nice    %sys %iowait    %irq   %soft  %steal  %guest  %gnice   %idle
19:12:09     all   57.87    0.00   24.06    0.00    0.00    7.92    0.36    0.00    0.00    9.81
19:12:09       0   55.28    0.00   25.81    0.00    0.00    7.72    0.41    0.00    0.00   10.77
19:12:09       1   58.54    0.00   23.37    0.00    0.00    7.93    0.41    0.00    0.00    9.76
19:12:09       2   54.64    0.00   26.60    0.00    0.00    8.87    0.21    0.00    0.00    9.69
19:12:09       3   62.99    0.00   20.45    0.00    0.00    7.16    0.41    0.00    0.00    9.00

19:12:09     CPU    %usr   %nice    %sys %iowait    %irq   %soft  %steal  %guest  %gnice   %idle
19:12:14     all   57.33    0.00   24.43    0.00    0.00    7.54    0.21    0.00    0.00   10.49
19:12:14       0   54.21    0.00   27.72    0.00    0.00    6.78    0.21    0.00    0.00   11.09
19:12:14       1   60.70    0.00   21.40    0.00    0.00    7.61    0.21    0.00    0.00   10.08
19:12:14       2   54.87    0.00   26.92    0.00    0.00    8.07    0.21    0.00    0.00    9.94
19:12:14       3   59.58    0.00   21.67    0.00    0.00    7.71    0.21    0.00    0.00   10.83

19:12:14     CPU    %usr   %nice    %sys %iowait    %irq   %soft  %steal  %guest  %gnice   %idle
19:12:19     all   58.03    0.00   24.01    0.00    0.00    8.05    0.15    0.00    0.00    9.76
19:12:19       0   61.93    0.00   21.81    0.00    0.00    7.41    0.21    0.00    0.00    8.64
19:12:19       1   53.43    0.00   27.23    0.00    0.00    7.28    0.21    0.00    0.00   11.85
19:12:19       2   55.76    0.00   25.93    0.00    0.00    9.88    0.00    0.00    0.00    8.44
19:12:19       3   60.95    0.00   21.07    0.00    0.00    7.64    0.21    0.00    0.00   10.12

19:12:19     CPU    %usr   %nice    %sys %iowait    %irq   %soft  %steal  %guest  %gnice   %idle
19:12:24     all   56.33    0.00   24.20    0.00    0.00    7.83    0.26    0.00    0.00   11.38
19:12:24       0   53.58    0.00   27.20    0.00    0.00    7.16    0.20    0.00    0.00   11.86
19:12:24       1   54.83    0.00   25.05    0.00    0.00    8.42    0.21    0.00    0.00   11.50
19:12:24       2   62.47    0.00   20.21    0.00    0.00    9.28    0.21    0.00    0.00    7.84
19:12:24       3   54.47    0.00   24.32    0.00    0.00    6.44    0.42    0.00    0.00   14.35

19:12:24     CPU    %usr   %nice    %sys %iowait    %irq   %soft  %steal  %guest  %gnice   %idle
19:12:29     all   56.75    0.00   24.09    0.00    0.00    8.06    0.21    0.00    0.00   10.89
19:12:29       0   53.99    0.00   27.61    0.00    0.00    6.95    0.20    0.00    0.00   11.25
19:12:29       1   63.34    0.00   18.33    0.00    0.00    8.15    0.20    0.00    0.00    9.98
19:12:29       2   55.53    0.00   26.02    0.00    0.00    9.84    0.20    0.00    0.00    8.40
19:12:29       3   54.07    0.00   24.43    0.00    0.00    7.31    0.21    0.00    0.00   13.99

19:12:29     CPU    %usr   %nice    %sys %iowait    %irq   %soft  %steal  %guest  %gnice   %idle
19:12:34     all   56.11    0.00   25.16    0.05    0.00    7.61    0.26    0.00    0.00   10.82
19:12:34       0   53.21    0.00   26.92    0.00    0.00    6.83    0.41    0.00    0.00   12.63
19:12:34       1   51.24    0.00   29.25    0.00    0.00    6.64    0.21    0.00    0.00   12.66
19:12:34       2   59.55    0.00   22.79    0.21    0.00    9.03    0.21    0.00    0.00    8.21
19:12:34       3   60.42    0.00   21.67    0.00    0.00    7.92    0.21    0.00    0.00    9.79

19:12:34     CPU    %usr   %nice    %sys %iowait    %irq   %soft  %steal  %guest  %gnice   %idle
19:12:39     all   56.31    0.00   24.42    0.00    0.00    8.24    0.26    0.00    0.00   10.77
19:12:39       0   63.22    0.00   19.63    0.00    0.00    7.64    0.21    0.00    0.00    9.30
19:12:39       1   51.75    0.00   27.72    0.00    0.00    7.39    0.21    0.00    0.00   12.94
19:12:39       2   52.38    0.00   27.33    0.00    0.00    9.94    0.21    0.00    0.00   10.14
19:12:39       3   57.91    0.00   23.00    0.00    0.00    8.01    0.41    0.00    0.00   10.68

19:12:39     CPU    %usr   %nice    %sys %iowait    %irq   %soft  %steal  %guest  %gnice   %idle
19:12:44     all   58.15    0.00   23.54    0.00    0.00    8.26    0.26    0.00    0.00    9.79
19:12:44       0   59.26    0.00   23.66    0.00    0.00    7.20    0.21    0.00    0.00    9.67
19:12:44       1   57.81    0.00   23.53    0.00    0.00    8.72    0.41    0.00    0.00    9.53
19:12:44       2   63.29    0.00   20.08    0.00    0.00    9.53    0.20    0.00    0.00    6.90
19:12:44       3   52.09    0.00   26.99    0.00    0.00    7.53    0.21    0.00    0.00   13.18

19:12:44     CPU    %usr   %nice    %sys %iowait    %irq   %soft  %steal  %guest  %gnice   %idle
19:12:49     all   54.69    0.00   23.48    0.00    0.00    7.26    0.21    0.00    0.00   14.37
19:12:49       0   49.69    0.00   26.50    0.00    0.00    6.83    0.21    0.00    0.00   16.77
19:12:49       1   48.87    0.00   27.63    0.00    0.00    7.63    0.21    0.00    0.00   15.67
19:12:49       2   60.70    0.00   18.72    0.00    0.00    8.02    0.21    0.00    0.00   12.35
19:12:49       3   59.43    0.00   21.11    0.00    0.00    6.56    0.20    0.00    0.00   12.70
