info: Loading workload script /workload/performance.rn...
info: Connecting to ["http://172.31.1.92:8000"]... 
info: Connected to '' cluster running ScyllaDB 2026.1.0~dev-0.20251003.20aeed160740 with build-id d177add4e6a23f71d527ca6e182d27a1f9ad74b4
info: Preparing...
info: Warming up...
info: Running benchmark...
CONFIG ═════════════════════════════════════════════════════════════════════════════════════════════════════════════════════
            Date            Mon, 20 Apr 2026                                                          
            Time            13:48:18 +0000                                                            
         Cluster                                                                                      
      DB version            ScyllaDB 2026.1.0~dev-0.20251003.20aeed160740 with build-id d177add4e6a23f71d527ca6e182d27a1f9ad74b4                                            
        Workload            performance.rn                                                            
     Function(s)            get:0.5, update:0.5                                                       
            Tags                                                                                      
────────────────────────────────────────────────────────────────────────────────────────────────────────────────────────────
-P alternator.consistentReads            false                                                                     
   -P fieldcount            10                                                                        
  -P fieldlength            512                                                                       
-P requestdistribution            "uniform"                                                                 
    -P row_count            5000000                                                                   
        -P table            "latte_performance"                                                       
────────────────────────────────────────────────────────────────────────────────────────────────────────────────────────────
         Threads                    8                                                                 
     Concurrency     [req]         16                                                                 
        Max rate    [op/s]                                                                            
          Warmup       [s]         30                                                                 
              └─      [op]                                                                            
        Run time       [s]       60.0                                                                 
              └─      [op]                                                                            
        Sampling       [s]        1.0                                                                 
              └─      [op]                                                                            
 Request timeout       [s]          5                                                                 
         Retries                                                                                      
  ┌──────┴number                   10                                                                 
  ├─min interval      [ms]        100                                                                 
  └─max interval      [ms]       5000                                                                 

LOG ════════════════════════════════════════════════════════════════════════════════════════════════════════════════════════
    Time    Cycles    Errors    Thrpt.     ────────────────────────────────── Latency [ms/op] ──────────────────────────────
     [s]      [op]      [op]    [op/s]             Min        50        75        90        95        99      99.9       Max
   1.002     43090         0     43001           0.608     2.861     3.359     3.934     4.436     6.693    10.895    16.335
   2.000     38489         0     38514           0.505     2.728     3.697     5.980     7.119    10.904    15.065    21.660
   3.000     38980         0     38996           0.503     2.705     3.652     5.960     6.894    10.699    14.008    24.019
   4.001     41985         0     41977           0.543     2.818     3.375     4.166     5.485     8.790    15.753    28.328
   5.000     41898         0     41912           0.467     2.787     3.344     4.215     5.636     9.667    17.285    33.751
   6.000     39600         0     39605           0.478     2.736     3.584     5.747     6.648    10.330    13.279    16.720
   7.001     39703         0     39653           0.490     2.712     3.539     5.747     6.808    10.461    14.189    18.661
   8.000     41656         0     41676           0.468     2.828     3.439     4.334     5.648     8.479    12.321    14.811
   9.000     42203         0     42232           0.548     2.787     3.359     4.159     5.325     8.864    16.843    26.509
  10.000     39658         0     39658           0.460     2.714     3.566     5.730     6.722    10.486    14.582    20.152
  11.001     38561         0     38553           0.505     2.720     3.709     6.042     6.996    10.822    14.017    20.087
  12.001     41914         0     41926           0.544     2.847     3.414     4.176     5.149     8.241    11.977    20.185
  13.000     41739         0     41736           0.611     2.832     3.404     4.239     5.612     8.397    13.312    20.234
  14.000     38451         0     38456           0.446     2.738     3.740     5.968     6.795    10.863    15.319    23.183
  15.000     38507         0     38500           0.486     2.742     3.725     6.005     6.861    10.805    13.779    19.825
  16.001     42806         0     42805           0.552     2.863     3.373     3.973     4.530     7.234    12.984    21.938
  17.000     40308         0     40317           0.532     2.810     3.453     4.960     6.250    10.142    18.432    25.674
  18.001     38813         0     38799           0.615     2.771     3.674     5.857     6.701    10.330    13.517    15.860
  19.000     38882         0     38888           0.514     2.763     3.670     5.841     6.828    10.519    15.974    27.017
  20.000     44373         0     44382           0.544     2.843     3.287     3.754     4.076     4.772    11.256    18.825
  21.001     38291         0     38282           0.498     2.767     3.760     6.013     6.926    10.805    14.049    19.268
  22.000     38306         0     38309           0.577     2.748     3.699     6.038     7.062    11.018    14.909    21.185
  23.001     41272         0     41262           0.586     2.789     3.408     4.616     6.033     9.519    14.459    20.578
  24.001     41635         0     41635           0.521     2.822     3.400     4.280     5.554     9.183    16.728    24.642
  25.000     38995         0     39012           0.511     2.724     3.658     5.919     6.824    10.756    14.582    17.547
  26.001     38848         0     38839           0.481     2.720     3.682     5.927     6.902    10.912    15.106    20.890
  27.001     42387         0     42376           0.511     2.820     3.396     4.186     5.153     7.856    12.263    15.892
  28.000     41488         0     41507           0.487     2.820     3.430     4.399     5.755     9.224    13.033    18.792
  29.001     39250         0     39249           0.480     2.710     3.619     5.870     6.771    10.617    14.000    16.974
  30.001     39232         0     39211           0.502     2.789     3.633     5.718     6.562    10.346    13.050    17.711
  31.000     41927         0     41944           0.519     2.832     3.402     4.202     5.362     8.413    12.894    19.628
  32.001     40971         0     40975           0.514     2.861     3.475     4.456     5.800     8.798    13.296    17.285
  33.000     38878         0     38868           0.464     2.755     3.684     5.894     6.689    10.420    14.000    21.168
  34.001     38052         0     38041           0.517     2.705     3.760     6.140     7.381    11.518    16.540    26.444
  35.000     42950         0     42966           0.557     2.851     3.353     3.944     4.493     7.201    12.984    20.333
  36.001     39648         0     39633           0.528     2.800     3.525     5.444     6.517    10.445    14.688    20.218
  37.000     37899         0     37925           0.557     2.746     3.736     6.078     7.201    11.125    14.647    19.743
  38.000     39453         0     39442           0.569     2.781     3.600     5.587     6.648    10.535    15.163    25.330
  39.002     43831         0     43755           0.524     2.822     3.289     3.797     4.180     6.570    17.089    31.162
  39.999     38629         0     38680           0.500     2.755     3.693     5.898     6.857    10.961    13.894    17.564
  41.001     38761         0     38767           0.529     2.722     3.617     5.931     7.004    11.117    14.950    19.595
  42.000     40677         0     40691           0.530     2.839     3.494     4.649     6.058     9.216    15.262    23.413
  43.000     42466         0     42467           0.489     2.830     3.371     4.051     4.743     7.922    16.040    32.850
  44.000     39056         0     39056           0.500     2.685     3.645     5.980     6.881    10.961    14.541    26.444
  45.001     39609         0     39604           0.516     2.710     3.590     5.775     6.664    10.322    13.246    17.121
  46.000     41767         0     41770           0.602     2.800     3.404     4.305     5.628     9.535    15.532    23.527
  47.000     42202         0     42201           0.496     2.812     3.373     4.155     5.399     7.709    13.304    18.153
  48.001     38420         0     38415           0.521     2.726     3.731     6.033     7.033    11.026    13.804    17.318
  49.000     38710         0     38712           0.497     2.714     3.629     5.968     6.988    11.313    16.376    24.855
  50.001     42559         0     42548           0.561     2.855     3.383     4.028     4.735     7.434    12.550    19.284
  51.001     41799         0     41815           0.599     2.814     3.379     4.272     5.616     8.561    12.780    18.678
  52.001     38422         0     38399           0.558     2.748     3.690     6.017     7.037    10.830    14.139    19.513
  53.003     38361         0     38383           0.473     2.759     3.695     6.066     7.119    10.822    14.082    21.742
  54.001     42504         0     42502           0.531     2.839     3.363     4.030     4.772     7.549    14.524    22.725
  55.001     40979         0     40978           0.507     2.820     3.449     4.469     5.947    10.002    14.975    24.658
  56.000     38573         0     38579           0.458     2.742     3.742     5.939     6.898    10.650    13.844    21.430
  57.000     39253         0     39247           0.485     2.712     3.631     5.800     6.881    10.674    13.869    19.382
  58.000     43122         0     43125           0.516     2.873     3.398     3.969     4.366     6.328    11.936    17.678
  59.000     39521         0     39528           0.439     2.750     3.531     5.566     6.742    10.994    17.465    24.494
  60.001     38618         0     38621           0.462     2.726     3.727     6.001     6.894    10.781    14.115    17.662
  60.003        68         0     27683           1.690     4.542     5.607     6.025     8.520    10.797    10.797    10.797

SUMMARY STATS ══════════════════════════════════════════════════════════════════════════════════════════════════════════════
    Elapsed time       [s]     60.007                                                                 
        CPU time       [s]    433.633                                                                 
 CPU utilisation       [%]       45.2                                                                 
          Cycles      [op]    2419005                                                                 
          Errors      [op]          0                                                                 
              └─       [%]        0.0                                                                 
        Requests     [req]    2419005                                                                 
              └─  [req/op]        1.0                                                                 
         Retries     [ret]          0                                                                 
              └─ [ret/req]    0.00000                                                                 
            Rows     [row]    1210614                                                                 
              └─ [row/req]        0.5                                                                 
     Concurrency     [req]         14 ± 0                                                             
              └─       [%]         90                                                                 
      Throughput    [op/s]      40312 ± 740                                                           
              ├─   [req/s]      40312 ± 740                                                           
              └─   [row/s]      20175 ± 370                                                           
   Cycle latency      [ms]      3.174 ± 0.004                                                         
 Request latency      [ms]      3.053 ± 0.004                                                         

CYCLE LATENCY for update [ms]  ═════════════════════════════════════════════════════════════════════════════════════════════
          Min                   0.439 ± 0.025                                                         
           25                   2.206 ± 0.004                                                         
           50                   2.730 ± 0.004                                                         
           75                   3.408 ± 0.006                                                         
           90                   4.944 ± 0.027                                                         
           95                   6.226 ± 0.020                                                         
           98                   7.885 ± 0.073                                                         
           99                  10.011 ± 0.090                                                         
           99.9                13.910 ± 0.189                                                         
           99.99               19.333 ± 1.117                                                         
          Max                  29.344 ± 2.357                                                         

CYCLE LATENCY for get [ms]  ════════════════════════════════════════════════════════════════════════════════════════════════
          Min                   0.498 ± 0.028                                                         
           25                   2.316 ± 0.004                                                         
           50                   2.843 ± 0.004                                                         
           75                   3.561 ± 0.007                                                         
           90                   5.366 ± 0.029                                                         
           95                   6.521 ± 0.021                                                         
           98                   8.270 ± 0.081                                                         
           99                  10.174 ± 0.074                                                         
           99.9                14.860 ± 0.317                                                         
           99.99               21.168 ± 1.260                                                         
          Max                  33.751 ± 1.571                                                         

info: Saved report to /output/latte_1.json
TIMEFORMAT 90.611 587.996 61.545
