Linux 6.17.0-1010-aws (ip-172-31-9-32) 	04/20/26 	_x86_64_	(16 CPU)

13:48:18      UID       PID    %usr %system  %guest   %wait    %CPU   CPU  Command
13:48:23        0         1    0.00    0.20    0.00    0.00    0.20     7  systemd
13:48:23        0       154    0.00    0.20    0.00    0.00    0.20    10  kworker/10:1-events
13:48:23        0       227    0.20    0.00    0.00    0.00    0.20    10  systemd-journal
13:48:23        0       817    0.00    0.20    0.00    0.00    0.20     3  systemd-logind
13:48:23      102       933    0.00    0.20    0.00    0.00    0.20     2  rsyslogd
13:48:23        0      2089    0.20    0.00    0.00    0.00    0.20     3  containerd
13:48:23        0      2339    0.20    0.20    0.00    0.00    0.40     2  dockerd
13:48:23     1000      2934    0.20    0.00    0.00    0.00    0.20    14  systemd
13:48:23     1000      4345    0.00    0.20    0.00    0.00    0.20     0  pidstat
13:48:23        0      4453    0.40    0.00    0.00    0.00    0.40    13  run-benchmark.s
13:48:23        0      4466  560.00   58.00    0.00    0.00  618.00     8  latte-alternato

13:48:23      UID       PID    %usr %system  %guest   %wait    %CPU   CPU  Command
13:48:28        0       136    0.00    0.20    0.00    0.20    0.20    14  kworker/14:1-events
13:48:28        0       156    0.00    0.20    0.00    0.20    0.20     7  kworker/7:1-events
13:48:28        0       218    0.00    0.20    0.00    0.20    0.20     5  kworker/5:1-events
13:48:28        0      2089    0.20    0.00    0.00    0.00    0.20     3  containerd
13:48:28     1000      4345    0.20    0.00    0.00    0.00    0.20     9  pidstat
13:48:28        0      4466  643.20   73.00    0.00    0.00  716.20     8  latte-alternato

13:48:28      UID       PID    %usr %system  %guest   %wait    %CPU   CPU  Command
13:48:33        0       155    0.00    0.20    0.00    0.00    0.20     3  kworker/3:1-events
13:48:33        0       220    0.00    0.20    0.00    0.00    0.20    12  kworker/12:1-events
13:48:33        0       279    0.00    0.20    0.00    0.00    0.20     9  kworker/9:3-events
13:48:33        0      2089    0.00    0.20    0.00    0.00    0.20     3  containerd
13:48:33     1000      4345    0.00    0.20    0.00    0.00    0.20     9  pidstat
13:48:33        0      4466  645.80   66.40    0.00    0.00  712.20     8  latte-alternato

13:48:33      UID       PID    %usr %system  %guest   %wait    %CPU   CPU  Command
13:48:38        0       128    0.00    0.20    0.00    0.00    0.20     8  kworker/8:1-events
13:48:38     1000      4345    0.00    0.20    0.00    0.00    0.20     9  pidstat
13:48:38        0      4466  656.00   62.20    0.00    0.00  718.20     8  latte-alternato

13:48:38      UID       PID    %usr %system  %guest   %wait    %CPU   CPU  Command
13:48:43        0       154    0.00    0.20    0.00    0.20    0.20    10  kworker/10:1-events
13:48:43        0       218    0.00    0.20    0.00    0.00    0.20     5  kworker/5:1-mm_percpu_wq
13:48:43     1000      4345    0.00    0.20    0.00    0.00    0.20     9  pidstat
13:48:43        0      4466  655.40   65.60    0.00    0.00  721.00     8  latte-alternato

13:48:43      UID       PID    %usr %system  %guest   %wait    %CPU   CPU  Command
13:48:48        0       156    0.00    0.20    0.00    0.00    0.20     7  kworker/7:1-events
13:48:48        0       220    0.00    0.20    0.00    0.00    0.20    12  kworker/12:1-events
13:48:48        0       279    0.00    0.20    0.00    0.00    0.20     9  kworker/9:3-mm_percpu_wq
13:48:48      110       908    0.00    0.20    0.00    0.00    0.20     7  chronyd
13:48:48        0      2089    0.20    0.00    0.00    0.00    0.20     3  containerd
13:48:48     1000      4345    0.20    0.20    0.00    0.00    0.40     9  pidstat
13:48:48        0      4466  649.40   68.40    0.00    0.00  717.80     8  latte-alternato

13:48:48      UID       PID    %usr %system  %guest   %wait    %CPU   CPU  Command
13:48:53        0       136    0.00    0.20    0.00    0.00    0.20    14  kworker/14:1-events
13:48:53        0       155    0.00    0.20    0.00    0.20    0.20     3  kworker/3:1-events
13:48:53        0      2339    0.20    0.00    0.00    0.00    0.20     2  dockerd
13:48:53     1000      4345    0.00    0.20    0.00    0.00    0.20     9  pidstat
13:48:53        0      4410    0.00    0.20    0.00    0.00    0.20    14  docker
13:48:53        0      4430    0.20    0.00    0.00    0.00    0.20     9  containerd-shim
13:48:53        0      4466  627.40   72.00    0.00    0.00  699.40     9  latte-alternato

13:48:53      UID       PID    %usr %system  %guest   %wait    %CPU   CPU  Command
13:48:58        0        72    0.20    0.00    0.00    0.00    0.20     9  ksoftirqd/9
13:48:58        0       522    0.00    0.20    0.00    0.00    0.20     9  kworker/u64:5-events_power_efficient
13:48:58        0      2089    0.00    0.20    0.00    0.00    0.20     3  containerd
13:48:58        0      4466  664.80   68.40    0.00    0.00  733.20     9  latte-alternato

13:48:58      UID       PID    %usr %system  %guest   %wait    %CPU   CPU  Command
13:49:03        0       154    0.00    0.20    0.00    0.20    0.20    10  kworker/10:1-events
13:49:03     1000      4345    0.20    0.20    0.00    0.00    0.40     0  pidstat
13:49:03        0      4466  647.80   66.00    0.00    0.00  713.80    10  latte-alternato

13:49:03      UID       PID    %usr %system  %guest   %wait    %CPU   CPU  Command
13:49:08        0       128    0.00    0.20    0.00    0.00    0.20     8  kworker/8:1-events
13:49:08        0       156    0.00    0.20    0.00    0.00    0.20     7  kworker/7:1-events
13:49:08        0       218    0.00    0.20    0.00    0.00    0.20     5  kworker/5:1-events
13:49:08        0       220    0.00    0.20    0.00    0.20    0.20    12  kworker/12:1-events
13:49:08        0       279    0.00    0.20    0.00    0.20    0.20     9  kworker/9:3-events
13:49:08        0       806    0.00    0.20    0.00    0.00    0.20    12  irqbalance
13:49:08        0      2089    0.20    0.00    0.00    0.00    0.20     3  containerd
13:49:08        0      4466  647.40   69.40    0.00    0.00  716.80     2  latte-alternato

13:49:08      UID       PID    %usr %system  %guest   %wait    %CPU   CPU  Command
13:49:13        0       136    0.00    0.20    0.00    0.20    0.20    14  kworker/14:1-events
13:49:13        0       155    0.00    0.20    0.00    0.00    0.20     3  kworker/3:1-events
13:49:13     1000      4345    0.00    0.20    0.00    0.00    0.20     9  pidstat
13:49:13        0      4466  656.40   68.40    0.00    0.00  724.80     9  latte-alternato

13:49:13      UID       PID    %usr %system  %guest   %wait    %CPU   CPU  Command
13:49:18        0       148    0.00    0.20    0.00    0.00    0.20     2  kworker/2:1-mm_percpu_wq
13:49:18      989       809    0.20    0.00    0.00    0.00    0.20     1  polkitd
13:49:18     1000      4345    0.20    0.20    0.00    0.00    0.40     9  pidstat
13:49:18        0      4466  650.60   61.00    0.00    0.00  711.60     9  latte-alternato

13:49:18      UID       PID    %usr %system  %guest   %wait    %CPU   CPU  Command
13:49:23        0       139    0.00    0.20    0.00    0.00    0.20     1  kworker/1:1-mm_percpu_wq
13:49:23        0       156    0.00    0.20    0.00    0.00    0.20     7  kworker/7:1-mm_percpu_wq
13:49:23        0       218    0.00    0.20    0.00    0.00    0.20     5  kworker/5:1-events
13:49:23        0       220    0.00    0.20    0.00    0.00    0.20    12  kworker/12:1-events
13:49:23        0      2089    0.20    0.20    0.00    0.00    0.40     3  containerd
13:49:23        0      4466  649.20   63.40    0.00    0.00  712.60     7  latte-alternato

13:49:23      UID       PID    %usr %system  %guest   %wait    %CPU   CPU  Command
13:49:28        0        11    0.00    0.20    0.00    0.00    0.20     0  kworker/0:1-mm_percpu_wq
13:49:28        0       154    0.00    0.20    0.00    0.20    0.20    10  kworker/10:1-events
13:49:28        0       155    0.00    0.20    0.00    0.00    0.20     3  kworker/3:1-events
13:49:28        0       279    0.00    0.20    0.00    0.20    0.20     9  kworker/9:3-events
13:49:28        0       358    0.00    0.20    0.00    0.00    0.20     3  kworker/u64:4-events_power_efficient
13:49:28     1000      4345    0.20    0.20    0.00    0.00    0.40    10  pidstat
13:49:28        0      4466  662.40   69.80    0.00    0.00  732.20     7  latte-alternato

13:49:28      UID       PID    %usr %system  %guest   %wait    %CPU   CPU  Command
13:49:33        0       128    0.00    0.20    0.00    0.20    0.20     8  kworker/8:1-events
13:49:33        0      2089    0.20    0.00    0.00    0.00    0.20     3  containerd
13:49:33     1000      4345    0.00    0.20    0.00    0.00    0.20    10  pidstat
13:49:33        0      4466  649.40   68.40    0.00    0.00  717.80     7  latte-alternato

13:49:33      UID       PID    %usr %system  %guest   %wait    %CPU   CPU  Command
13:49:38        0       136    0.00    0.20    0.00    0.00    0.20    14  kworker/14:1-events
13:49:38        0      2089    0.20    0.00    0.00    0.00    0.20     3  containerd
13:49:38     1000      4345    0.20    0.00    0.00    0.00    0.20    13  pidstat
13:49:38        0      4466  650.40   64.40    0.00    0.00  714.80     7  latte-alternato

13:49:38      UID       PID    %usr %system  %guest   %wait    %CPU   CPU  Command
13:49:43        0       155    0.00    0.20    0.00    0.20    0.20     3  kworker/3:1-events
13:49:43        0       156    0.00    0.20    0.00    0.00    0.20     7  kworker/7:1-events
13:49:43        0       218    0.00    0.20    0.00    0.20    0.20     5  kworker/5:1-mm_percpu_wq
13:49:43        0       220    0.00    0.20    0.00    0.20    0.20    12  kworker/12:1-events
13:49:43        0      2339    0.20    0.00    0.00    0.00    0.20     2  dockerd
13:49:43     1000      4345    0.00    0.20    0.00    0.00    0.20    10  pidstat
13:49:43        0      4466  661.40   75.60    0.00    0.00  737.00     7  latte-alternato

13:49:43      UID       PID    %usr %system  %guest   %wait    %CPU   CPU  Command
13:49:48        0       279    0.00    0.20    0.00    0.20    0.20     9  kworker/9:3-events
13:49:48     1000      4345    0.00    0.20    0.00    0.00    0.20    10  pidstat
13:49:48        0      4466  652.40   75.40    0.00    0.00  727.80     9  latte-alternato
