Linux 6.17.0-1010-aws (ip-172-31-1-92) 	04/20/26 	_x86_64_	(8 CPU)

14:16:49      UID       PID    %usr %system  %guest   %wait    %CPU   CPU  Command
14:16:54        0      2126    0.40    0.00    0.00    0.00    0.40     1  containerd
14:16:54        0      2388    0.40    0.20    0.00    0.00    0.60     0  dockerd
14:16:54        0      2941    0.20    0.20    0.00    0.00    0.40     5  containerd-shim
14:16:54      999      3249   64.34   55.78    0.00    0.20  120.12     6  scylla
14:16:54        0     17601    0.00    0.20    0.00    0.20    0.20     0  kworker/0:53-events
14:16:54        0     23680    0.00    0.20    0.00    0.00    0.20     5  kworker/5:54-events
14:16:54     1000     27844    0.20    0.20    0.00    0.00    0.40     1  pidstat

14:16:54      UID       PID    %usr %system  %guest   %wait    %CPU   CPU  Command
14:16:59        0        15    0.00    0.20    0.00    0.00    0.20     4  rcu_sched
14:16:59        0       494    0.00    0.20    0.00    0.00    0.20     0  kworker/u60:5-events_unbound
14:16:59        0      2126    0.20    0.40    0.00    0.00    0.60     1  containerd
14:16:59        0      2388    0.20    0.20    0.00    0.00    0.40     0  dockerd
14:16:59        0      2941    0.20    0.20    0.00    0.00    0.40     7  containerd-shim
14:16:59      999      3249   79.40   85.40    0.00    0.20  164.80     5  scylla
14:16:59        0     23711    0.00    0.20    0.00    0.00    0.20     2  kworker/2:10-dio/nvme0n1p1
14:16:59     1000     27844    0.20    0.20    0.00    0.00    0.40     1  pidstat

14:16:59      UID       PID    %usr %system  %guest   %wait    %CPU   CPU  Command
14:17:04        0        17    0.00    0.20    0.00    0.00    0.20     1  rcu_exp_gp_kthread_worker
14:17:04        0       239    0.20    0.00    0.00    0.00    0.20     4  multipathd
14:17:04        0      2126    0.40    0.20    0.00    0.00    0.60     1  containerd
14:17:04        0      2388    0.40    0.20    0.00    0.00    0.60     0  dockerd
14:17:04        0      2941    0.20    0.00    0.00    0.00    0.20     7  containerd-shim
14:17:04      999      3249   82.80   87.20    0.00    0.20  170.00     4  scylla
14:17:04        0     15613    0.00    0.20    0.00    0.00    0.20     7  kworker/7:0-events
14:17:04        0     22003    0.00    0.20    0.00    0.00    0.20     6  kworker/6:0-events
14:17:04        0     23962    0.00    0.20    0.00    0.00    0.20     1  kworker/1:6-events
14:17:04     1000     27844    0.20    0.20    0.00    0.00    0.40     2  pidstat
14:17:04      999     28045    1.40    0.60    0.00    0.00    2.00     5  ld.so

14:17:04      UID       PID    %usr %system  %guest   %wait    %CPU   CPU  Command
14:17:09        0        15    0.00    0.20    0.00    0.00    0.20     3  rcu_sched
14:17:09        0      2126    0.40    0.20    0.00    0.00    0.60     1  containerd
14:17:09        0      2388    0.40    0.20    0.00    0.00    0.60     0  dockerd
14:17:09        0      2941    0.20    0.20    0.00    0.00    0.40     4  containerd-shim
14:17:09      999      3249   79.80   85.40    0.00    0.20  165.20     5  scylla
14:17:09        0     23680    0.00    0.20    0.00    0.00    0.20     5  kworker/5:54-events
14:17:09     1000     27844    0.00    0.20    0.00    0.00    0.20     1  pidstat
14:17:09      999     28103   10.40    2.20    0.00    0.00   12.60     6  ld.so

14:17:09      UID       PID    %usr %system  %guest   %wait    %CPU   CPU  Command
14:17:14        0        35    0.00    0.20    0.00    0.00    0.20     3  migration/3
14:17:14        0      2126    0.20    0.20    0.00    0.00    0.40     1  containerd
14:17:14        0      2388    0.40    0.00    0.00    0.00    0.40     0  dockerd
14:17:14        0      2941    0.20    0.00    0.00    0.00    0.20     5  containerd-shim
14:17:14      999      3249   81.00   85.80    0.00    0.00  166.80     6  scylla
14:17:14        0     17601    0.00    0.20    0.00    0.00    0.20     0  kworker/0:53-events
14:17:14        0     23962    0.00    0.20    0.00    0.00    0.20     1  kworker/1:6-events
14:17:14     1000     27844    0.00    0.20    0.00    0.00    0.20     1  pidstat
14:17:14      999     28161   18.60    2.60    0.00    0.00   21.20     7  ld.so

14:17:14      UID       PID    %usr %system  %guest   %wait    %CPU   CPU  Command
14:17:19        0        15    0.00    0.20    0.00    0.00    0.20     3  rcu_sched
14:17:19        0      2126    0.40    0.20    0.00    0.00    0.60     1  containerd
14:17:19        0      2388    0.40    0.20    0.00    0.00    0.60     0  dockerd
14:17:19        0      2941    0.20    0.20    0.00    0.00    0.40     5  containerd-shim
14:17:19      999      3249   83.20   84.00    0.00    0.20  167.20     4  scylla
14:17:19        0     21811    0.00    0.20    0.00    0.00    0.20     3  kworker/3:2-events
14:17:19        0     22003    0.00    0.20    0.00    0.00    0.20     6  kworker/6:0-events
14:17:19        0     23641    0.00    0.20    0.00    0.00    0.20     4  kworker/4:54-events
14:17:19     1000     27844    0.20    0.20    0.00    0.00    0.40     2  pidstat

14:17:19      UID       PID    %usr %system  %guest   %wait    %CPU   CPU  Command
14:17:24        0        29    0.00    0.20    0.00    0.00    0.20     2  migration/2
14:17:24        0      2126    0.40    0.20    0.00    0.00    0.60     1  containerd
14:17:24        0      2388    0.80    0.00    0.00    0.00    0.80     0  dockerd
14:17:24        0      2941    0.20    0.20    0.00    0.00    0.40     1  containerd-shim
14:17:24      999      3246    0.20    0.00    0.00    0.00    0.20     0  supervisord
14:17:24      999      3249   31.20   30.40    0.00    0.00   61.60     5  scylla
14:17:24        0     23680    0.00    0.20    0.00    0.00    0.20     5  kworker/5:54-events
14:17:24        0     23711    0.00    0.20    0.00    0.20    0.20     2  kworker/2:10-dio/nvme0n1p1
14:17:24      999     28308    2.40    0.40    0.00    0.00    2.80     3  ld.so

14:17:24      UID       PID    %usr %system  %guest   %wait    %CPU   CPU  Command
14:17:29        0        15    0.00    0.20    0.00    0.20    0.20     1  rcu_sched
14:17:29        0       723    0.00    0.20    0.00    0.00    0.20     0  irqbalance
14:17:29        0      2126    0.60    0.20    0.00    0.00    0.80     1  containerd
14:17:29        0      2388    0.40    0.20    0.00    0.00    0.60     0  dockerd
14:17:29        0      2941    0.40    0.00    0.00    0.00    0.40     7  containerd-shim
14:17:29      999      3249  103.40   98.20    0.00    0.60  201.60     4  scylla
14:17:29        0     23962    0.00    0.20    0.00    0.20    0.20     1  kworker/1:6-events
14:17:29     1000     27844    0.20    0.20    0.00    0.00    0.40     2  pidstat
14:17:29      999     28367   11.20    1.60    0.00    0.00   12.80     6  ld.so

14:17:29      UID       PID    %usr %system  %guest   %wait    %CPU   CPU  Command
14:17:34        0        60    0.00    0.20    0.00    0.00    0.20     7  ksoftirqd/7
14:17:34        0      2126    0.40    0.00    0.00    0.00    0.40     1  containerd
14:17:34        0      2388    0.40    0.20    0.00    0.00    0.60     0  dockerd
14:17:34        0      2941    0.20    0.20    0.00    0.00    0.40     7  containerd-shim
14:17:34      999      3249   80.40   84.60    0.00    0.00  165.00     0  scylla
14:17:34        0     15613    0.00    0.20    0.00    0.00    0.20     7  kworker/7:0-events
14:17:34        0     17601    0.00    0.20    0.00    0.00    0.20     0  kworker/0:53-events
14:17:34      999     28425   18.60    1.60    0.00    0.00   20.20     2  ld.so

14:17:34      UID       PID    %usr %system  %guest   %wait    %CPU   CPU  Command
14:17:39        0        15    0.00    0.20    0.00    0.00    0.20     1  rcu_sched
14:17:39        0      2126    0.40    0.40    0.00    0.00    0.80     1  containerd
14:17:39        0      2388    0.40    0.20    0.00    0.00    0.60     0  dockerd
14:17:39        0      2941    0.20    0.20    0.00    0.00    0.40     2  containerd-shim
14:17:39      999      3249   79.20   86.60    0.00    0.20  165.80     1  scylla
14:17:39        0     23680    0.00    0.20    0.00    0.00    0.20     5  kworker/5:54-events
14:17:39     1000     27844    0.20    0.20    0.00    0.00    0.40     3  pidstat

14:17:39      UID       PID    %usr %system  %guest   %wait    %CPU   CPU  Command
14:17:44        0        42    0.00    0.20    0.00    0.00    0.20     4  ksoftirqd/4
14:17:44        0      2126    0.40    0.20    0.00    0.00    0.60     1  containerd
14:17:44        0      2388    0.20    0.20    0.00    0.00    0.40     0  dockerd
14:17:44        0      2941    0.20    0.20    0.00    0.00    0.40     1  containerd-shim
14:17:44      999      3249   84.00   89.60    0.00    0.20  173.60     7  scylla
14:17:44        0     22003    0.00    0.20    0.00    0.00    0.20     6  kworker/6:0-mm_percpu_wq
14:17:44        0     23641    0.00    0.20    0.00    0.00    0.20     4  kworker/4:54-events
14:17:44        0     23711    0.00    0.20    0.00    0.20    0.20     2  kworker/2:10-events
14:17:44        0     23962    0.00    0.20    0.00    0.00    0.20     1  kworker/1:6-events

14:17:44      UID       PID    %usr %system  %guest   %wait    %CPU   CPU  Command
14:17:49        0        15    0.00    0.20    0.00    0.00    0.20     5  rcu_sched
14:17:49        0      2126    0.40    0.20    0.00    0.00    0.60     1  containerd
14:17:49        0      2388    0.60    0.20    0.00    0.00    0.80     0  dockerd
14:17:49        0      2941    0.20    0.00    0.00    0.00    0.20     3  containerd-shim
14:17:49      999      3249   86.60   88.60    0.00    0.20  175.20     7  scylla
14:17:49        0     21811    0.00    0.20    0.00    0.00    0.20     3  kworker/3:2-events
14:17:49     1000     27844    0.20    0.20    0.00    0.00    0.40     5  pidstat
14:17:49      999     28631    5.40    0.80    0.00    0.00    6.20     1  ld.so

14:17:49      UID       PID    %usr %system  %guest   %wait    %CPU   CPU  Command
14:17:54        0      2126    0.40    0.00    0.00    0.00    0.40     1  containerd
14:17:54        0      2388    0.20    0.20    0.00    0.00    0.40     0  dockerd
14:17:54        0      2941    0.20    0.00    0.00    0.00    0.20     3  containerd-shim
14:17:54      999      3249   81.80   86.40    0.00    0.00  168.20     2  scylla
14:17:54     1000     27844    0.00    0.20    0.00    0.00    0.20     5  pidstat
14:17:54      999     28689   12.80    2.40    0.00    0.00   15.20     1  ld.so

14:17:54      UID       PID    %usr %system  %guest   %wait    %CPU   CPU  Command
14:17:59        0        15    0.00    0.20    0.00    0.00    0.20     3  rcu_sched
14:17:59        0      2126    0.20    0.40    0.00    0.00    0.60     1  containerd
14:17:59        0      2388    0.40    0.20    0.00    0.00    0.60     0  dockerd
14:17:59        0      2941    0.20    0.40    0.00    0.00    0.60     6  containerd-shim
14:17:59      999      3249   83.80   88.00    0.00    0.20  171.80     3  scylla
14:17:59        0     17601    0.00    0.20    0.00    0.20    0.20     0  kworker/0:53-dio/nvme0n1p1
14:17:59        0     23680    0.00    0.20    0.00    0.00    0.20     5  kworker/5:54-events
14:17:59        0     23711    0.00    0.20    0.00    0.00    0.20     2  kworker/2:10-events
14:17:59     1000     27844    0.20    0.00    0.00    0.00    0.20     5  pidstat
14:17:59      999     28749   21.40    1.60    0.00    0.00   23.00     0  ld.so

14:17:59      UID       PID    %usr %system  %guest   %wait    %CPU   CPU  Command
14:18:04        0      2126    0.40    0.20    0.00    0.00    0.60     1  containerd
14:18:04        0      2388    0.80    0.20    0.00    0.00    1.00     0  dockerd
14:18:04        0      2941    0.20    0.20    0.00    0.00    0.40     7  containerd-shim
14:18:04      999      3249   82.80   85.20    0.00    0.00  168.00     0  scylla
14:18:04        0     21811    0.00    0.20    0.00    0.20    0.20     3  kworker/3:2-events
14:18:04        0     23641    0.00    0.20    0.00    0.00    0.20     4  kworker/4:54-events
14:18:04     1000     27844    0.20    0.20    0.00    0.00    0.40     5  pidstat

14:18:04      UID       PID    %usr %system  %guest   %wait    %CPU   CPU  Command
14:18:09        0        15    0.00    0.20    0.00    0.00    0.20     3  rcu_sched
14:18:09        0        30    0.00    0.20    0.00    0.00    0.20     2  ksoftirqd/2
14:18:09        0       737    0.20    0.00    0.00    0.00    0.20     4  snapd
14:18:09        0      2126    0.60    0.20    0.00    0.00    0.80     1  containerd
14:18:09        0      2388    0.20    0.00    0.00    0.00    0.20     0  dockerd
14:18:09        0      2941    0.20    0.00    0.00    0.00    0.20     6  containerd-shim
14:18:09      999      3249   83.60   86.00    0.00    0.20  169.60     6  scylla
14:18:09        0     15613    0.00    0.20    0.00    0.20    0.20     7  kworker/7:0-dio/nvme0n1p1
14:18:09        0     23711    0.00    0.20    0.00    0.00    0.20     2  kworker/2:10-events

14:18:09      UID       PID    %usr %system  %guest   %wait    %CPU   CPU  Command
14:18:14        0      2126    0.40    0.20    0.00    0.00    0.60     1  containerd
14:18:14        0      2388    0.40    0.40    0.00    0.00    0.80     0  dockerd
14:18:14        0      2941    0.20    0.40    0.00    0.00    0.60     0  containerd-shim
14:18:14      999      3246    0.20    0.00    0.00    0.00    0.20     7  supervisord
14:18:14      999      3249   84.00   85.40    0.00    0.00  169.40     6  scylla
14:18:14        0     23962    0.00    0.20    0.00    0.00    0.20     1  kworker/1:6-events
14:18:14     1000     27844    0.00    0.20    0.00    0.00    0.20     5  pidstat
14:18:14      999     28954    4.20    0.80    0.00    0.00    5.00     3  ld.so

14:18:14      UID       PID    %usr %system  %guest   %wait    %CPU   CPU  Command
14:18:19        0        15    0.00    0.20    0.00    0.00    0.20     1  rcu_sched
14:18:19        0      2126    0.40    0.20    0.00    0.00    0.60     1  containerd
14:18:19        0      2388    0.20    0.20    0.00    0.00    0.40     0  dockerd
14:18:19        0      2941    0.20    0.00    0.00    0.00    0.20     2  containerd-shim
14:18:19      999      3249   82.60   86.80    0.00    0.20  169.40     0  scylla
14:18:19        0     21811    0.00    0.20    0.00    0.00    0.20     3  kworker/3:2-events
14:18:19        0     23680    0.00    0.20    0.00    0.20    0.20     5  kworker/5:54-events
14:18:19        0     23711    0.00    0.20    0.00    0.00    0.20     2  kworker/2:10-events
14:18:19     1000     27844    0.00    0.20    0.00    0.00    0.20     5  pidstat
14:18:19      999     29012   11.80    1.40    0.00    0.00   13.20     3  ld.so

14:18:19      UID       PID    %usr %system  %guest   %wait    %CPU   CPU  Command
14:18:24        0      2126    0.20    0.20    0.00    0.00    0.40     1  containerd
14:18:24        0      2388    0.40    0.20    0.00    0.00    0.60     0  dockerd
14:18:24        0      2941    0.20    0.20    0.00    0.00    0.40     0  containerd-shim
14:18:24      999      3249   62.40   66.00    0.00    0.00  128.40     5  scylla
14:18:24        0     23641    0.00    0.20    0.00    0.00    0.20     4  kworker/4:54-events
14:18:24     1000     27844    0.20    0.00    0.00    0.00    0.20     5  pidstat
