Linux 6.17.0-1015-aws (ip-172-31-5-230) 	05/26/26 	_x86_64_	(4 CPU)

23:21:47     CPU    %usr   %nice    %sys %iowait    %irq   %soft  %steal  %guest  %gnice   %idle
23:21:52     all   17.64    0.00    5.29    0.10    0.00    0.61    0.10    0.00    0.00   76.26
23:21:52       0    9.98    0.00    5.09    0.20    0.00    0.61    0.00    0.00    0.00   84.11
23:21:52       1   10.02    0.00    5.32    0.00    0.00    0.61    0.00    0.00    0.00   84.05
23:21:52       2   29.49    0.00    4.85    0.00    0.00    0.40    0.20    0.00    0.00   65.05
23:21:52       3   20.93    0.00    5.89    0.20    0.00    0.81    0.20    0.00    0.00   71.95

23:21:52     CPU    %usr   %nice    %sys %iowait    %irq   %soft  %steal  %guest  %gnice   %idle
23:21:57     all   37.90    0.00   15.98    0.00    0.00    2.28    0.21    0.00    0.00   43.63
23:21:57       0   40.13    0.00   14.23    0.00    0.00    2.76    0.42    0.00    0.00   42.46
23:21:57       1   31.92    0.00   18.60    0.00    0.00    1.69    0.21    0.00    0.00   47.57
23:21:57       2   35.73    0.00   16.07    0.00    0.00    1.06    0.21    0.00    0.00   46.93
23:21:57       3   43.90    0.00   14.99    0.00    0.00    3.64    0.00    0.00    0.00   37.47

23:21:57     CPU    %usr   %nice    %sys %iowait    %irq   %soft  %steal  %guest  %gnice   %idle
23:22:02     all   34.47    0.00   15.37    0.00    0.00    2.21    0.11    0.00    0.00   47.84
23:22:02       0   41.00    0.00   14.02    0.00    0.00    2.30    0.00    0.00    0.00   42.68
23:22:02       1   28.94    0.00   16.17    0.00    0.00    2.34    0.00    0.00    0.00   52.55
23:22:02       2   39.34    0.00   14.49    0.00    0.00    0.83    0.21    0.00    0.00   45.13
23:22:02       3   28.36    0.00   16.84    0.00    0.00    3.41    0.21    0.00    0.00   51.17

23:22:02     CPU    %usr   %nice    %sys %iowait    %irq   %soft  %steal  %guest  %gnice   %idle
23:22:07     all   34.63    0.00   13.68    0.00    0.00    2.05    0.21    0.00    0.00   49.42
23:22:07       0   31.50    0.00   14.59    0.00    0.00    1.69    0.21    0.00    0.00   52.01
23:22:07       1   44.03    0.00   12.16    0.00    0.00    2.73    0.21    0.00    0.00   40.88
23:22:07       2   34.16    0.00   12.84    0.00    0.00    1.04    0.21    0.00    0.00   51.76
23:22:07       3   28.69    0.00   15.20    0.00    0.00    2.78    0.21    0.00    0.00   53.10

23:22:07     CPU    %usr   %nice    %sys %iowait    %irq   %soft  %steal  %guest  %gnice   %idle
23:22:12     all   33.37    0.00   14.69    0.00    0.00    1.75    0.05    0.00    0.00   50.13
23:22:12       0   32.77    0.00   16.17    0.00    0.00    1.70    0.21    0.00    0.00   49.15
23:22:12       1   27.27    0.00   15.43    0.00    0.00    2.11    0.00    0.00    0.00   55.18
23:22:12       2   47.29    0.00   11.04    0.00    0.00    0.83    0.00    0.00    0.00   40.83
23:22:12       3   25.76    0.00   16.23    0.00    0.00    2.38    0.00    0.00    0.00   55.63

23:22:12     CPU    %usr   %nice    %sys %iowait    %irq   %soft  %steal  %guest  %gnice   %idle
23:22:17     all   32.59    0.00   14.91    0.00    0.00    2.19    0.21    0.00    0.00   50.10
23:22:17       0   42.71    0.00   12.73    0.00    0.00    2.46    0.21    0.00    0.00   41.89
23:22:17       1   34.17    0.00   13.96    0.00    0.00    2.71    0.21    0.00    0.00   48.96
23:22:17       2   24.84    0.00   16.70    0.00    0.00    0.84    0.21    0.00    0.00   57.41
23:22:17       3   28.39    0.00   16.31    0.00    0.00    2.75    0.21    0.00    0.00   52.33

23:22:17     CPU    %usr   %nice    %sys %iowait    %irq   %soft  %steal  %guest  %gnice   %idle
23:22:22     all   34.49    0.00   14.11    0.10    0.00    2.13    0.16    0.00    0.00   49.01
23:22:22       0   38.88    0.00   12.89    0.00    0.00    2.49    0.00    0.00    0.00   45.74
23:22:22       1   45.71    0.00   11.43    0.20    0.00    2.45    0.20    0.00    0.00   40.00
23:22:22       2   25.42    0.00   15.83    0.00    0.00    0.62    0.21    0.00    0.00   57.92
23:22:22       3   27.67    0.00   16.35    0.21    0.00    2.94    0.21    0.00    0.00   52.62

23:22:22     CPU    %usr   %nice    %sys %iowait    %irq   %soft  %steal  %guest  %gnice   %idle
23:22:27     all   34.16    0.00   14.68    0.00    0.00    2.06    0.16    0.00    0.00   48.94
23:22:27       0   26.75    0.00   15.50    0.00    0.00    1.70    0.21    0.00    0.00   55.84
23:22:27       1   33.97    0.00   14.74    0.00    0.00    2.56    0.21    0.00    0.00   48.50
23:22:27       2   26.76    0.00   16.60    0.00    0.00    0.83    0.00    0.00    0.00   55.81
23:22:27       3   49.26    0.00   11.84    0.00    0.00    3.17    0.21    0.00    0.00   35.52

23:22:27     CPU    %usr   %nice    %sys %iowait    %irq   %soft  %steal  %guest  %gnice   %idle
23:22:32     all   33.49    0.00   14.97    0.00    0.00    1.83    0.10    0.00    0.00   49.61
23:22:32       0   44.05    0.00   12.11    0.00    0.00    2.09    0.21    0.00    0.00   41.54
23:22:32       1   29.02    0.00   16.28    0.00    0.00    1.88    0.00    0.00    0.00   52.82
23:22:32       2   32.02    0.00   15.50    0.00    0.00    1.03    0.21    0.00    0.00   51.24
23:22:32       3   28.84    0.00   16.00    0.00    0.00    2.32    0.00    0.00    0.00   52.84

23:22:32     CPU    %usr   %nice    %sys %iowait    %irq   %soft  %steal  %guest  %gnice   %idle
23:22:37     all   35.97    0.00   14.18    0.05    0.00    2.24    0.16    0.00    0.00   47.39
23:22:37       0   38.12    0.00   13.75    0.00    0.00    2.50    0.00    0.00    0.00   45.62
23:22:37       1   48.35    0.00   11.52    0.00    0.00    3.09    0.21    0.00    0.00   36.83
23:22:37       2   29.30    0.00   15.57    0.20    0.00    0.61    0.20    0.00    0.00   54.10
23:22:37       3   27.80    0.00   15.95    0.00    0.00    2.80    0.22    0.00    0.00   53.23

23:22:37     CPU    %usr   %nice    %sys %iowait    %irq   %soft  %steal  %guest  %gnice   %idle
23:22:42     all   32.79    0.00   14.83    0.00    0.00    1.96    0.21    0.00    0.00   50.21
23:22:42       0   27.53    0.00   16.56    0.00    0.00    2.15    0.22    0.00    0.00   53.55
23:22:42       1   27.70    0.00   15.86    0.00    0.00    2.33    0.21    0.00    0.00   53.91
23:22:42       2   47.62    0.00   10.56    0.00    0.00    0.83    0.21    0.00    0.00   40.79
23:22:42       3   27.84    0.00   16.49    0.00    0.00    2.57    0.21    0.00    0.00   52.89

23:22:42     CPU    %usr   %nice    %sys %iowait    %irq   %soft  %steal  %guest  %gnice   %idle
23:22:47     all   34.29    0.00   14.49    0.00    0.00    2.18    0.16    0.00    0.00   48.88
23:22:47       0   27.65    0.00   14.97    0.00    0.00    2.08    0.21    0.00    0.00   55.09
23:22:47       1   50.82    0.00   10.91    0.00    0.00    3.09    0.21    0.00    0.00   34.98
23:22:47       2   26.54    0.00   15.84    0.00    0.00    0.62    0.00    0.00    0.00   57.00
23:22:47       3   31.99    0.00   16.31    0.00    0.00    2.97    0.21    0.00    0.00   48.52

23:22:47     CPU    %usr   %nice    %sys %iowait    %irq   %soft  %steal  %guest  %gnice   %idle
23:22:52     all   35.89    0.00   14.16    0.00    0.00    2.00    0.11    0.00    0.00   47.84
23:22:52       0   41.29    0.00   12.66    0.00    0.00    2.28    0.21    0.00    0.00   43.57
23:22:52       1   37.18    0.00   14.08    0.00    0.00    2.31    0.00    0.00    0.00   46.43
23:22:52       2   26.58    0.00   15.40    0.00    0.00    1.05    0.21    0.00    0.00   56.75
23:22:52       3   38.46    0.00   14.53    0.00    0.00    2.35    0.00    0.00    0.00   44.66

23:22:52     CPU    %usr   %nice    %sys %iowait    %irq   %soft  %steal  %guest  %gnice   %idle
23:22:57     all   31.15    0.00   14.40    0.00    0.00    1.68    0.16    0.00    0.00   52.62
23:22:57       0   34.10    0.00   14.02    0.00    0.00    2.51    0.21    0.00    0.00   49.16
23:22:57       1   28.27    0.00   14.35    0.00    0.00    1.69    0.21    0.00    0.00   55.49
23:22:57       2   36.99    0.00   13.21    0.00    0.00    0.81    0.00    0.00    0.00   48.98
23:22:57       3   24.89    0.00   16.09    0.00    0.00    1.72    0.21    0.00    0.00   57.08

23:22:57     CPU    %usr   %nice    %sys %iowait    %irq   %soft  %steal  %guest  %gnice   %idle
23:23:02     all   35.81    0.00   15.20    0.00    0.00    1.75    0.16    0.00    0.00   47.09
23:23:02       0   40.76    0.00   14.44    0.00    0.00    1.70    0.21    0.00    0.00   42.89
23:23:02       1   32.34    0.00   15.11    0.00    0.00    1.91    0.21    0.00    0.00   50.43
23:23:02       2   41.36    0.00   13.58    0.00    0.00    1.23    0.21    0.00    0.00   43.62
23:23:02       3   28.42    0.00   17.79    0.00    0.00    2.17    0.00    0.00    0.00   51.63

23:23:02     CPU    %usr   %nice    %sys %iowait    %irq   %soft  %steal  %guest  %gnice   %idle
23:23:07     all   36.10    0.00   14.00    0.00    0.00    1.88    0.10    0.00    0.00   47.91
23:23:07       0   37.16    0.00   13.99    0.00    0.00    1.67    0.00    0.00    0.00   47.18
23:23:07       1   38.95    0.00   13.68    0.00    0.00    1.89    0.00    0.00    0.00   45.47
23:23:07       2   28.19    0.00   15.84    0.00    0.00    0.62    0.21    0.00    0.00   55.14
23:23:07       3   40.30    0.00   12.45    0.00    0.00    3.38    0.21    0.00    0.00   43.67

23:23:07     CPU    %usr   %nice    %sys %iowait    %irq   %soft  %steal  %guest  %gnice   %idle
23:23:12     all   32.79    0.00   15.37    0.00    0.00    1.79    0.16    0.00    0.00   49.89
23:23:12       0   38.83    0.00   14.41    0.00    0.00    1.88    0.21    0.00    0.00   44.68
23:23:12       1   27.66    0.00   16.38    0.00    0.00    1.70    0.21    0.00    0.00   54.04
23:23:12       2   37.34    0.00   13.49    0.00    0.00    1.24    0.00    0.00    0.00   47.93
23:23:12       3   27.08    0.00   17.27    0.00    0.00    2.35    0.21    0.00    0.00   53.09

23:23:12     CPU    %usr   %nice    %sys %iowait    %irq   %soft  %steal  %guest  %gnice   %idle
23:23:17     all   35.40    0.00   14.28    0.00    0.00    1.65    0.21    0.00    0.00   48.46
23:23:17       0   34.75    0.00   13.86    0.00    0.00    1.71    0.21    0.00    0.00   49.47
23:23:17       1   46.01    0.00   11.76    0.00    0.00    2.10    0.21    0.00    0.00   39.92
23:23:17       2   32.36    0.00   14.82    0.00    0.00    0.63    0.21    0.00    0.00   51.98
23:23:17       3   28.26    0.00   16.74    0.00    0.00    2.17    0.22    0.00    0.00   52.61

23:23:17     CPU    %usr   %nice    %sys %iowait    %irq   %soft  %steal  %guest  %gnice   %idle
23:23:22     all   35.78    0.00   14.58    0.00    0.00    1.96    0.10    0.00    0.00   47.57
23:23:22       0   29.81    0.00   14.91    0.00    0.00    2.07    0.21    0.00    0.00   53.00
23:23:22       1   32.29    0.00   16.14    0.00    0.00    1.89    0.00    0.00    0.00   49.69
23:23:22       2   27.14    0.00   16.33    0.00    0.00    1.02    0.20    0.00    0.00   55.31
23:23:22       3   53.93    0.00   10.95    0.00    0.00    2.89    0.00    0.00    0.00   32.23

23:23:22     CPU    %usr   %nice    %sys %iowait    %irq   %soft  %steal  %guest  %gnice   %idle
23:23:27     all   33.58    0.00   14.67    0.00    0.00    1.68    0.16    0.00    0.00   49.92
23:23:27       0   40.00    0.00   13.12    0.00    0.00    1.67    0.21    0.00    0.00   45.00
23:23:27       1   37.39    0.00   14.08    0.00    0.00    1.68    0.21    0.00    0.00   46.64
23:23:27       2   27.44    0.00   15.38    0.00    0.00    1.04    0.00    0.00    0.00   56.13
23:23:27       3   29.45    0.00   16.10    0.00    0.00    2.33    0.21    0.00    0.00   51.91

23:23:27     CPU    %usr   %nice    %sys %iowait    %irq   %soft  %steal  %guest  %gnice   %idle
23:23:32     all   36.73    0.00   14.84    0.00    0.00    1.91    0.26    0.00    0.00   46.26
23:23:32       0   37.30    0.00   14.75    0.00    0.00    2.25    0.20    0.00    0.00   45.49
23:23:32       1   29.38    0.00   16.46    0.00    0.00    2.08    0.21    0.00    0.00   51.88
23:23:32       2   39.80    0.00   13.94    0.00    0.00    0.81    0.40    0.00    0.00   45.05
23:23:32       3   40.38    0.00   14.23    0.00    0.00    2.51    0.21    0.00    0.00   42.68

23:23:32     CPU    %usr   %nice    %sys %iowait    %irq   %soft  %steal  %guest  %gnice   %idle
23:23:37     all   37.64    0.00   14.92    0.00    0.00    2.12    0.10    0.00    0.00   45.22
23:23:37       0   41.80    0.00   13.73    0.00    0.00    2.46    0.20    0.00    0.00   41.80
23:23:37       1   36.17    0.00   14.76    0.00    0.00    1.87    0.00    0.00    0.00   47.19
23:23:37       2   29.55    0.00   16.12    0.00    0.00    0.83    0.21    0.00    0.00   53.31
23:23:37       3   42.98    0.00   15.08    0.00    0.00    3.31    0.00    0.00    0.00   38.64

23:23:37     CPU    %usr   %nice    %sys %iowait    %irq   %soft  %steal  %guest  %gnice   %idle
23:23:42     all   32.81    0.00   14.54    0.00    0.00    1.52    0.21    0.00    0.00   50.92
23:23:42       0   38.69    0.00   13.74    0.00    0.00    2.33    0.21    0.00    0.00   45.03
23:23:42       1   29.98    0.00   14.26    0.00    0.00    1.68    0.21    0.00    0.00   53.88
23:23:42       2   36.16    0.00   14.26    0.00    0.00    0.62    0.21    0.00    0.00   48.76
23:23:42       3   26.33    0.00   15.92    0.00    0.00    1.49    0.21    0.00    0.00   56.05

23:23:42     CPU    %usr   %nice    %sys %iowait    %irq   %soft  %steal  %guest  %gnice   %idle
23:23:47     all   36.13    0.00   15.32    0.00    0.00    1.90    0.05    0.00    0.00   46.59
23:23:47       0   49.69    0.00   12.22    0.00    0.00    2.69    0.00    0.00    0.00   35.40
23:23:47       1   34.54    0.00   14.93    0.00    0.00    1.92    0.21    0.00    0.00   48.40
23:23:47       2   29.05    0.00   17.68    0.00    0.00    0.84    0.00    0.00    0.00   52.42
23:23:47       3   30.90    0.00   16.52    0.00    0.00    2.15    0.00    0.00    0.00   50.43

23:23:47     CPU    %usr   %nice    %sys %iowait    %irq   %soft  %steal  %guest  %gnice   %idle
23:23:52     all   36.84    0.00   14.01    0.00    0.00    1.69    0.16    0.00    0.00   47.30
23:23:52       0   42.28    0.00   12.47    0.00    0.00    1.69    0.21    0.00    0.00   43.34
23:23:52       1   36.02    0.00   14.41    0.00    0.00    1.91    0.00    0.00    0.00   47.67
23:23:52       2   27.35    0.00   16.28    0.00    0.00    0.63    0.21    0.00    0.00   55.53
23:23:52       3   41.88    0.00   12.82    0.00    0.00    2.56    0.21    0.00    0.00   42.52

23:23:52     CPU    %usr   %nice    %sys %iowait    %irq   %soft  %steal  %guest  %gnice   %idle
23:23:57     all   35.90    0.00   15.51    0.00    0.00    1.75    0.21    0.00    0.00   46.63
23:23:57       0   30.56    0.00   16.67    0.00    0.00    1.50    0.21    0.00    0.00   51.07
23:23:57       1   42.61    0.00   14.35    0.00    0.00    2.14    0.21    0.00    0.00   40.69
23:23:57       2   28.36    0.00   16.81    0.00    0.00    0.84    0.21    0.00    0.00   53.78
23:23:57       3   42.16    0.00   14.19    0.00    0.00    2.54    0.21    0.00    0.00   40.89

23:23:57     CPU    %usr   %nice    %sys %iowait    %irq   %soft  %steal  %guest  %gnice   %idle
23:24:02     all   34.30    0.00   14.92    0.00    0.00    1.87    0.05    0.00    0.00   48.86
23:24:02       0   33.13    0.00   14.91    0.00    0.00    2.07    0.00    0.00    0.00   49.90
23:24:02       1   46.72    0.00   12.30    0.00    0.00    2.05    0.20    0.00    0.00   38.73
23:24:02       2   27.27    0.00   15.50    0.00    0.00    0.62    0.00    0.00    0.00   56.61
23:24:02       3   29.85    0.00   17.06    0.00    0.00    2.77    0.00    0.00    0.00   50.32

23:24:02     CPU    %usr   %nice    %sys %iowait    %irq   %soft  %steal  %guest  %gnice   %idle
23:24:07     all   35.61    0.00   14.26    0.05    0.00    1.98    0.21    0.00    0.00   47.89
23:24:07       0   34.11    0.00   14.11    0.00    0.00    1.89    0.21    0.00    0.00   49.68
23:24:07       1   34.03    0.00   15.45    0.00    0.00    2.30    0.21    0.00    0.00   48.02
23:24:07       2   27.96    0.00   15.51    0.00    0.00    0.82    0.20    0.00    0.00   55.51
23:24:07       3   46.54    0.00   11.95    0.21    0.00    2.94    0.21    0.00    0.00   38.16

23:24:07     CPU    %usr   %nice    %sys %iowait    %irq   %soft  %steal  %guest  %gnice   %idle
23:24:12     all   35.24    0.00   15.16    0.00    0.00    1.80    0.16    0.00    0.00   47.64
23:24:12       0   42.44    0.00   13.24    0.00    0.00    2.31    0.21    0.00    0.00   41.81
23:24:12       1   27.84    0.00   16.70    0.00    0.00    1.71    0.00    0.00    0.00   53.75
23:24:12       2   35.85    0.00   15.51    0.00    0.00    0.63    0.21    0.00    0.00   47.80
23:24:12       3   34.69    0.00   15.20    0.00    0.00    2.57    0.21    0.00    0.00   47.32

23:24:12     CPU    %usr   %nice    %sys %iowait    %irq   %soft  %steal  %guest  %gnice   %idle
23:24:17     all   32.40    0.00   15.15    0.00    0.00    1.95    0.21    0.00    0.00   50.29
23:24:17       0   26.79    0.00   17.30    0.00    0.00    1.69    0.21    0.00    0.00   54.01
23:24:17       1   38.32    0.00   13.26    0.00    0.00    2.32    0.21    0.00    0.00   45.89
23:24:17       2   36.23    0.00   14.08    0.00    0.00    1.04    0.21    0.00    0.00   48.45
23:24:17       3   28.14    0.00   15.99    0.00    0.00    2.77    0.21    0.00    0.00   52.88

23:24:17     CPU    %usr   %nice    %sys %iowait    %irq   %soft  %steal  %guest  %gnice   %idle
23:24:22     all   32.01    0.00   12.15    0.05    0.00    1.55    0.10    0.00    0.00   54.14
23:24:22       0   47.63    0.00   10.72    0.00    0.00    2.06    0.00    0.00    0.00   39.59
23:24:22       1   30.74    0.00   11.48    0.00    0.00    1.64    0.20    0.00    0.00   55.94
23:24:22       2   24.44    0.00   12.73    0.21    0.00    0.62    0.21    0.00    0.00   61.81
23:24:22       3   25.11    0.00   13.71    0.00    0.00    1.90    0.00    0.00    0.00   59.28
