Linux 6.17.0-1015-aws (ip-172-31-13-152) 	05/25/26 	_x86_64_	(4 CPU)

18:42:59     CPU    %usr   %nice    %sys %iowait    %irq   %soft  %steal  %guest  %gnice   %idle
18:43:04     all   18.60    0.00    6.91    0.05    0.00    0.79    0.16    0.00    0.00   73.49
18:43:04       0   14.59    0.00    6.34    0.00    0.00    0.63    0.21    0.00    0.00   78.22
18:43:04       1   30.04    0.00    5.56    0.21    0.00    1.03    0.21    0.00    0.00   62.96
18:43:04       2   11.23    0.00    8.05    0.00    0.00    0.42    0.00    0.00    0.00   80.30
18:43:04       3   18.20    0.00    7.74    0.00    0.00    1.05    0.21    0.00    0.00   72.80

18:43:04     CPU    %usr   %nice    %sys %iowait    %irq   %soft  %steal  %guest  %gnice   %idle
18:43:09     all   30.31    0.00   11.54    0.00    0.00    1.20    0.05    0.00    0.00   56.89
18:43:09       0   24.33    0.00   12.50    0.00    0.00    1.12    0.00    0.00    0.00   62.05
18:43:09       1   53.42    0.00    7.45    0.00    0.00    0.00    0.00    0.00    0.00   39.13
18:43:09       2   22.41    0.00   13.68    0.00    0.00    4.01    0.24    0.00    0.00   59.67
18:43:09       3   19.45    0.00   12.90    0.00    0.00    0.00    0.00    0.00    0.00   67.65

18:43:09     CPU    %usr   %nice    %sys %iowait    %irq   %soft  %steal  %guest  %gnice   %idle
18:43:14     all   24.26    0.00   11.94    0.22    0.00    1.32    0.22    0.00    0.00   62.05
18:43:14       0   24.83    0.00   12.42    0.22    0.00    1.77    0.22    0.00    0.00   60.53
18:43:14       1   36.58    0.00    9.30    0.00    0.00    0.21    0.21    0.00    0.00   53.70
18:43:14       2   18.16    0.00   14.39    0.24    0.00    3.54    0.24    0.00    0.00   63.44
18:43:14       3   16.81    0.00   11.91    0.43    0.00    0.00    0.21    0.00    0.00   70.64

18:43:14     CPU    %usr   %nice    %sys %iowait    %irq   %soft  %steal  %guest  %gnice   %idle
18:43:19     all   27.44    0.00   11.63    0.06    0.00    1.93    0.06    0.00    0.00   58.90
18:43:19       0   29.15    0.00   11.43    0.22    0.00    2.24    0.00    0.00    0.00   56.95
18:43:19       1   33.11    0.00   11.11    0.00    0.00    4.00    0.00    0.00    0.00   51.78
18:43:19       2   30.24    0.00   11.48    0.00    0.00    1.32    0.22    0.00    0.00   56.73
18:43:19       3   17.60    0.00   12.45    0.00    0.00    0.21    0.00    0.00    0.00   69.74

18:43:19     CPU    %usr   %nice    %sys %iowait    %irq   %soft  %steal  %guest  %gnice   %idle
18:43:24     all   27.60    0.00   12.19    0.16    0.00    1.52    0.22    0.00    0.00   58.30
18:43:24       0   20.40    0.00   13.30    0.00    0.00    1.77    0.22    0.00    0.00   64.30
18:43:24       1   23.77    0.00   13.90    0.22    0.00    2.91    0.22    0.00    0.00   58.97
18:43:24       2   24.45    0.00   12.01    0.22    0.00    1.09    0.22    0.00    0.00   62.01
18:43:24       3   40.87    0.00    9.75    0.21    0.00    0.41    0.21    0.00    0.00   48.55

18:43:24     CPU    %usr   %nice    %sys %iowait    %irq   %soft  %steal  %guest  %gnice   %idle
18:43:29     all   26.48    0.00   12.76    0.27    0.00    1.29    0.22    0.00    0.00   58.99
18:43:29       0   25.48    0.00   12.53    0.42    0.00    0.42    0.21    0.00    0.00   60.93
18:43:29       1   20.89    0.00   14.00    0.22    0.00    2.67    0.22    0.00    0.00   62.00
18:43:29       2   24.73    0.00   12.47    0.43    0.00    1.08    0.22    0.00    0.00   61.08
18:43:29       3   34.53    0.00   12.08    0.00    0.00    1.06    0.21    0.00    0.00   52.12

18:43:29     CPU    %usr   %nice    %sys %iowait    %irq   %soft  %steal  %guest  %gnice   %idle
18:43:34     all   29.15    0.00   12.32    0.16    0.00    1.68    0.11    0.00    0.00   56.57
18:43:34       0   31.48    0.00   11.99    0.21    0.00    1.07    0.21    0.00    0.00   55.03
18:43:34       1   23.73    0.00   13.97    0.22    0.00    2.66    0.00    0.00    0.00   59.42
18:43:34       2   42.52    0.00   10.26    0.00    0.00    1.92    0.21    0.00    0.00   45.09
18:43:34       3   18.42    0.00   13.16    0.22    0.00    1.10    0.00    0.00    0.00   67.11

18:43:34     CPU    %usr   %nice    %sys %iowait    %irq   %soft  %steal  %guest  %gnice   %idle
18:43:39     all   18.02    0.00    7.61    0.16    0.00    0.75    0.16    0.00    0.00   73.30
18:43:39       0   17.97    0.00    6.98    0.00    0.00    0.42    0.21    0.00    0.00   74.42
18:43:39       1   18.10    0.00    7.97    0.22    0.00    1.72    0.22    0.00    0.00   71.77
18:43:39       2   25.81    0.00    7.74    0.22    0.00    0.43    0.00    0.00    0.00   65.81
18:43:39       3   10.15    0.00    7.78    0.22    0.00    0.43    0.22    0.00    0.00   81.21
