Linux 6.17.0-1015-aws (ip-172-31-11-190) 	05/26/26 	_x86_64_	(4 CPU)

23:28:00     CPU    %usr   %nice    %sys %iowait    %irq   %soft  %steal  %guest  %gnice   %idle
23:28:05     all   30.85    0.00   10.33    0.10    0.00    3.63    0.10    0.00    0.00   54.99
23:28:05       0   55.24    0.00   10.48    0.00    0.00    0.00    0.00    0.00    0.00   34.27
23:28:05       1   25.45    0.00   10.62    0.20    0.00    1.80    0.20    0.00    0.00   61.72
23:28:05       2   26.92    0.00    9.31    0.00    0.00    0.00    0.20    0.00    0.00   63.56
23:28:05       3   15.76    0.00   10.91    0.20    0.00   12.73    0.00    0.00    0.00   60.40

23:28:05     CPU    %usr   %nice    %sys %iowait    %irq   %soft  %steal  %guest  %gnice   %idle
23:28:10     all   62.72    0.00   23.22    0.00    0.00    9.91    0.20    0.00    0.00    3.95
23:28:10       0   64.02    0.00   29.47    0.00    0.00    0.00    0.20    0.00    0.00    6.30
23:28:10       1   68.83    0.00   21.46    0.00    0.00    5.26    0.20    0.00    0.00    4.25
23:28:10       2   61.91    0.00   28.31    0.00    0.00    4.48    0.20    0.00    0.00    5.09
23:28:10       3   56.20    0.00   13.80    0.00    0.00   29.60    0.20    0.00    0.00    0.20

23:28:10     CPU    %usr   %nice    %sys %iowait    %irq   %soft  %steal  %guest  %gnice   %idle
23:28:15     all   66.73    0.00   21.93    0.00    0.00    8.57    0.15    0.00    0.00    2.62
23:28:15       0   67.47    0.00   26.26    0.00    0.00    0.00    0.20    0.00    0.00    6.06
23:28:15       1   65.52    0.00   25.81    0.00    0.00    4.84    0.20    0.00    0.00    3.63
23:28:15       2   68.56    0.00   19.47    0.00    0.00   11.16    0.00    0.00    0.00    0.81
23:28:15       3   65.40    0.00   16.20    0.00    0.00   18.20    0.20    0.00    0.00    0.00

23:28:15     CPU    %usr   %nice    %sys %iowait    %irq   %soft  %steal  %guest  %gnice   %idle
23:28:20     all   67.34    0.00   21.32    0.00    0.00    8.96    0.25    0.00    0.00    2.13
23:28:20       0   70.59    0.00   21.91    0.00    0.00    3.65    0.20    0.00    0.00    3.65
23:28:20       1   72.58    0.00   20.77    0.00    0.00    4.44    0.20    0.00    0.00    2.02
23:28:20       2   60.45    0.00   24.39    0.00    0.00   12.30    0.41    0.00    0.00    2.46
23:28:20       3   65.66    0.00   18.27    0.00    0.00   15.46    0.20    0.00    0.00    0.40

23:28:20     CPU    %usr   %nice    %sys %iowait    %irq   %soft  %steal  %guest  %gnice   %idle
23:28:25     all   67.71    0.00   21.96    0.00    0.00    8.50    0.20    0.00    0.00    1.62
23:28:25       0   64.63    0.00   23.78    0.00    0.00    9.76    0.20    0.00    0.00    1.63
23:28:25       1   71.60    0.00   20.89    0.00    0.00    5.07    0.20    0.00    0.00    2.23
23:28:25       2   66.60    0.00   20.72    0.00    0.00   11.07    0.20    0.00    0.00    1.41
23:28:25       3   68.02    0.00   22.47    0.00    0.00    8.10    0.20    0.00    0.00    1.21

23:28:25     CPU    %usr   %nice    %sys %iowait    %irq   %soft  %steal  %guest  %gnice   %idle
23:28:30     all   69.38    0.00   20.09    0.00    0.00    8.70    0.20    0.00    0.00    1.62
23:28:30       0   68.89    0.00   20.20    0.00    0.00    9.29    0.20    0.00    0.00    1.41
23:28:30       1   67.82    0.00   24.24    0.00    0.00    5.09    0.20    0.00    0.00    2.65
23:28:30       2   75.35    0.00   12.12    0.00    0.00   11.72    0.00    0.00    0.00    0.81
23:28:30       3   65.45    0.00   23.84    0.00    0.00    8.69    0.40    0.00    0.00    1.62

23:28:30     CPU    %usr   %nice    %sys %iowait    %irq   %soft  %steal  %guest  %gnice   %idle
23:28:35     all   65.59    0.00   19.25    0.05    0.00    7.88    0.25    0.00    0.00    6.97
23:28:35       0   62.47    0.00   20.08    0.20    0.00    8.72    0.20    0.00    0.00    8.32
23:28:35       1   65.86    0.00   18.38    0.00    0.00    5.05    0.20    0.00    0.00   10.51
23:28:35       2   64.11    0.00   17.94    0.00    0.00   10.28    0.20    0.00    0.00    7.46
23:28:35       3   69.90    0.00   20.61    0.00    0.00    7.47    0.40    0.00    0.00    1.62

23:28:35     CPU    %usr   %nice    %sys %iowait    %irq   %soft  %steal  %guest  %gnice   %idle
23:28:40     all   68.55    0.00   21.20    0.00    0.00    8.68    0.15    0.00    0.00    1.41
23:28:40       0   66.60    0.00   22.67    0.00    0.00    9.51    0.00    0.00    0.00    1.21
23:28:40       1   68.41    0.00   23.54    0.00    0.00    5.03    0.20    0.00    0.00    2.82
23:28:40       2   67.94    0.00   19.15    0.00    0.00   11.90    0.20    0.00    0.00    0.81
23:28:40       3   71.26    0.00   19.43    0.00    0.00    8.30    0.20    0.00    0.00    0.81

23:28:40     CPU    %usr   %nice    %sys %iowait    %irq   %soft  %steal  %guest  %gnice   %idle
23:28:45     all   68.39    0.00   21.18    0.00    0.00    8.21    0.20    0.00    0.00    2.03
23:28:45       0   67.14    0.00   21.70    0.00    0.00    9.74    0.20    0.00    0.00    1.22
23:28:45       1   66.46    0.00   22.90    0.00    0.00    5.32    0.20    0.00    0.00    5.11
23:28:45       2   68.08    0.00   20.81    0.00    0.00   10.10    0.20    0.00    0.00    0.81
23:28:45       3   71.83    0.00   19.32    0.00    0.00    7.65    0.20    0.00    0.00    1.01

23:28:45     CPU    %usr   %nice    %sys %iowait    %irq   %soft  %steal  %guest  %gnice   %idle
23:28:50     all   66.77    0.00   22.54    0.00    0.00    8.52    0.20    0.00    0.00    1.97
23:28:50       0   66.60    0.00   22.94    0.00    0.00    9.05    0.20    0.00    0.00    1.21
23:28:50       1   60.45    0.00   29.41    0.00    0.00    4.87    0.20    0.00    0.00    5.07
23:28:50       2   66.33    0.00   21.17    0.00    0.00   11.69    0.00    0.00    0.00    0.81
23:28:50       3   73.64    0.00   16.70    0.00    0.00    8.45    0.40    0.00    0.00    0.80

23:28:50     CPU    %usr   %nice    %sys %iowait    %irq   %soft  %steal  %guest  %gnice   %idle
23:28:55     all   67.16    0.00   22.00    0.00    0.00    8.87    0.20    0.00    0.00    1.77
23:28:55       0   68.89    0.00   19.60    0.00    0.00   10.30    0.20    0.00    0.00    1.01
23:28:55       1   65.71    0.00   24.90    0.00    0.00    5.31    0.20    0.00    0.00    3.88
23:28:55       2   67.94    0.00   19.56    0.00    0.00   11.69    0.20    0.00    0.00    0.60
23:28:55       3   66.06    0.00   23.98    0.00    0.00    8.13    0.20    0.00    0.00    1.63

23:28:55     CPU    %usr   %nice    %sys %iowait    %irq   %soft  %steal  %guest  %gnice   %idle
23:29:00     all   68.40    0.00   20.98    0.00    0.00    8.65    0.30    0.00    0.00    1.67
23:29:00       0   62.75    0.00   25.10    0.00    0.00    9.72    0.20    0.00    0.00    2.23
23:29:00       1   66.67    0.00   25.66    0.00    0.00    4.85    0.40    0.00    0.00    2.42
23:29:00       2   73.19    0.00   14.72    0.00    0.00   11.09    0.20    0.00    0.00    0.81
23:29:00       3   70.99    0.00   18.46    0.00    0.00    8.92    0.41    0.00    0.00    1.22

23:29:00     CPU    %usr   %nice    %sys %iowait    %irq   %soft  %steal  %guest  %gnice   %idle
23:29:05     all   68.72    0.00   21.12    0.00    0.00    8.44    0.10    0.00    0.00    1.62
23:29:05       0   66.87    0.00   22.63    0.00    0.00    9.70    0.00    0.00    0.00    0.81
23:29:05       1   66.80    0.00   23.83    0.00    0.00    5.30    0.20    0.00    0.00    3.87
23:29:05       2   73.04    0.00   15.49    0.00    0.00   10.66    0.00    0.00    0.00    0.80
23:29:05       3   68.15    0.00   22.58    0.00    0.00    8.06    0.20    0.00    0.00    1.01

23:29:05     CPU    %usr   %nice    %sys %iowait    %irq   %soft  %steal  %guest  %gnice   %idle
23:29:10     all   66.94    0.00   21.45    0.05    0.00    8.72    0.25    0.00    0.00    2.59
23:29:10       0   70.16    0.00   17.54    0.00    0.00   10.69    0.20    0.00    0.00    1.41
23:29:10       1   62.68    0.00   26.39    0.00    0.00    4.33    0.21    0.00    0.00    6.39
23:29:10       2   71.17    0.00   16.73    0.00    0.00   11.29    0.20    0.00    0.00    0.60
23:29:10       3   63.64    0.00   25.25    0.20    0.00    8.48    0.40    0.00    0.00    2.02

23:29:10     CPU    %usr   %nice    %sys %iowait    %irq   %soft  %steal  %guest  %gnice   %idle
23:29:15     all   67.48    0.00   21.83    0.00    0.00    8.46    0.15    0.00    0.00    2.08
23:29:15       0   69.22    0.00   20.32    0.00    0.00    9.46    0.00    0.00    0.00    1.01
23:29:15       1   69.70    0.00   21.62    0.00    0.00    4.85    0.20    0.00    0.00    3.64
23:29:15       2   67.61    0.00   20.12    0.00    0.00   11.27    0.20    0.00    0.00    0.80
23:29:15       3   63.30    0.00   25.36    0.00    0.00    8.25    0.21    0.00    0.00    2.89

23:29:15     CPU    %usr   %nice    %sys %iowait    %irq   %soft  %steal  %guest  %gnice   %idle
23:29:20     all   67.54    0.00   21.30    0.00    0.00    8.88    0.20    0.00    0.00    2.07
23:29:20       0   71.17    0.00   17.74    0.00    0.00    9.88    0.20    0.00    0.00    1.01
23:29:20       1   63.69    0.00   25.35    0.00    0.00    5.48    0.20    0.00    0.00    5.27
23:29:20       2   67.34    0.00   20.16    0.00    0.00   11.49    0.00    0.00    0.00    1.01
23:29:20       3   67.94    0.00   21.98    0.00    0.00    8.67    0.40    0.00    0.00    1.01

23:29:20     CPU    %usr   %nice    %sys %iowait    %irq   %soft  %steal  %guest  %gnice   %idle
23:29:25     all   68.01    0.00   20.72    0.00    0.00    8.84    0.20    0.00    0.00    2.22
23:29:25       0   67.27    0.00   21.01    0.00    0.00    9.70    0.20    0.00    0.00    1.82
23:29:25       1   68.42    0.00   22.67    0.00    0.00    4.66    0.20    0.00    0.00    4.05
23:29:25       2   67.07    0.00   19.39    0.00    0.00   12.12    0.20    0.00    0.00    1.21
23:29:25       3   69.29    0.00   19.80    0.00    0.00    8.89    0.20    0.00    0.00    1.82

23:29:25     CPU    %usr   %nice    %sys %iowait    %irq   %soft  %steal  %guest  %gnice   %idle
23:29:30     all   67.29    0.00   21.94    0.00    0.00    8.79    0.20    0.00    0.00    1.78
23:29:30       0   66.26    0.00   22.15    0.00    0.00    9.76    0.20    0.00    0.00    1.63
23:29:30       1   73.28    0.00   18.62    0.00    0.00    5.47    0.20    0.00    0.00    2.43
23:29:30       2   64.57    0.00   22.87    0.00    0.00   11.34    0.20    0.00    0.00    1.01
23:29:30       3   65.03    0.00   24.13    0.00    0.00    8.59    0.20    0.00    0.00    2.04

23:29:30     CPU    %usr   %nice    %sys %iowait    %irq   %soft  %steal  %guest  %gnice   %idle
23:29:35     all   66.50    0.00   22.52    0.00    0.00    8.96    0.15    0.00    0.00    1.87
23:29:35       0   64.71    0.00   23.53    0.00    0.00   10.14    0.00    0.00    0.00    1.62
23:29:35       1   63.34    0.00   27.49    0.00    0.00    4.89    0.20    0.00    0.00    4.07
23:29:35       2   72.09    0.00   14.46    0.00    0.00   12.65    0.00    0.00    0.00    0.80
23:29:35       3   65.79    0.00   24.70    0.00    0.00    8.10    0.40    0.00    0.00    1.01

23:29:35     CPU    %usr   %nice    %sys %iowait    %irq   %soft  %steal  %guest  %gnice   %idle
23:29:40     all   67.79    0.00   21.20    0.00    0.00    9.04    0.20    0.00    0.00    1.77
23:29:40       0   64.85    0.00   23.43    0.00    0.00    9.70    0.20    0.00    0.00    1.82
23:29:40       1   70.56    0.00   20.56    0.00    0.00    5.65    0.20    0.00    0.00    3.02
23:29:40       2   68.61    0.00   18.71    0.00    0.00   11.67    0.20    0.00    0.00    0.80
23:29:40       3   67.14    0.00   22.11    0.00    0.00    9.13    0.20    0.00    0.00    1.42

23:29:40     CPU    %usr   %nice    %sys %iowait    %irq   %soft  %steal  %guest  %gnice   %idle
23:29:45     all   68.51    0.00   20.66    0.00    0.00    9.06    0.20    0.00    0.00    1.57
23:29:45       0   68.89    0.00   19.39    0.00    0.00   10.51    0.20    0.00    0.00    1.01
23:29:45       1   64.96    0.00   26.02    0.00    0.00    5.33    0.20    0.00    0.00    3.48
23:29:45       2   69.35    0.00   18.15    0.00    0.00   11.69    0.00    0.00    0.00    0.81
23:29:45       3   70.77    0.00   19.15    0.00    0.00    8.67    0.40    0.00    0.00    1.01

23:29:45     CPU    %usr   %nice    %sys %iowait    %irq   %soft  %steal  %guest  %gnice   %idle
23:29:50     all   68.82    0.00   20.62    0.00    0.00    9.04    0.20    0.00    0.00    1.31
23:29:50       0   66.87    0.00   21.21    0.00    0.00   10.71    0.20    0.00    0.00    1.01
23:29:50       1   73.74    0.00   19.19    0.00    0.00    4.85    0.20    0.00    0.00    2.02
23:29:50       2   69.08    0.00   18.47    0.00    0.00   11.65    0.20    0.00    0.00    0.60
23:29:50       3   65.58    0.00   23.63    0.00    0.00    8.96    0.20    0.00    0.00    1.63

23:29:50     CPU    %usr   %nice    %sys %iowait    %irq   %soft  %steal  %guest  %gnice   %idle
23:29:55     all   68.82    0.00   20.60    0.00    0.00    9.22    0.20    0.00    0.00    1.16
23:29:55       0   66.26    0.00   21.82    0.00    0.00   10.91    0.00    0.00    0.00    1.01
23:29:55       1   71.23    0.00   21.93    0.00    0.00    4.83    0.20    0.00    0.00    1.81
23:29:55       2   70.56    0.00   16.94    0.00    0.00   11.69    0.20    0.00    0.00    0.60
23:29:55       3   67.20    0.00   21.73    0.00    0.00    9.46    0.40    0.00    0.00    1.21

23:29:55     CPU    %usr   %nice    %sys %iowait    %irq   %soft  %steal  %guest  %gnice   %idle
23:30:00     all   67.99    0.00   21.21    0.00    0.00    8.93    0.15    0.00    0.00    1.73
23:30:00       0   66.87    0.00   21.41    0.00    0.00   10.10    0.20    0.00    0.00    1.41
23:30:00       1   63.45    0.00   27.72    0.00    0.00    5.13    0.21    0.00    0.00    3.49
23:30:00       2   73.49    0.00   13.65    0.00    0.00   12.45    0.00    0.00    0.00    0.40
23:30:00       3   68.02    0.00   22.20    0.00    0.00    7.94    0.20    0.00    0.00    1.63

23:30:00     CPU    %usr   %nice    %sys %iowait    %irq   %soft  %steal  %guest  %gnice   %idle
23:30:05     all   67.63    0.00   21.78    0.00    0.00    8.71    0.15    0.00    0.00    1.72
23:30:05       0   66.26    0.00   22.36    0.00    0.00   10.16    0.00    0.00    0.00    1.22
23:30:05       1   68.62    0.00   23.08    0.00    0.00    5.06    0.20    0.00    0.00    3.04
23:30:05       2   67.41    0.00   20.24    0.00    0.00   11.13    0.20    0.00    0.00    1.01
23:30:05       3   68.22    0.00   21.46    0.00    0.00    8.50    0.20    0.00    0.00    1.62

23:30:05     CPU    %usr   %nice    %sys %iowait    %irq   %soft  %steal  %guest  %gnice   %idle
23:30:10     all   67.36    0.00   21.76    0.00    0.00    9.06    0.20    0.00    0.00    1.62
23:30:10       0   65.99    0.00   23.48    0.00    0.00    9.31    0.20    0.00    0.00    1.01
23:30:10       1   72.18    0.00   19.56    0.00    0.00    5.24    0.20    0.00    0.00    2.82
23:30:10       2   67.47    0.00   19.48    0.00    0.00   12.45    0.00    0.00    0.00    0.60
23:30:10       3   63.73    0.00   24.59    0.00    0.00    9.22    0.41    0.00    0.00    2.05

23:30:10     CPU    %usr   %nice    %sys %iowait    %irq   %soft  %steal  %guest  %gnice   %idle
23:30:15     all   68.21    0.00   21.09    0.00    0.00    8.88    0.15    0.00    0.00    1.66
23:30:15       0   65.33    0.00   24.25    0.00    0.00    9.22    0.00    0.00    0.00    1.20
23:30:15       1   64.08    0.00   25.92    0.00    0.00    5.51    0.20    0.00    0.00    4.29
23:30:15       2   73.15    0.00   14.43    0.00    0.00   12.02    0.20    0.00    0.00    0.20
23:30:15       3   70.24    0.00   19.84    0.00    0.00    8.70    0.20    0.00    0.00    1.01

23:30:15     CPU    %usr   %nice    %sys %iowait    %irq   %soft  %steal  %guest  %gnice   %idle
23:30:20     all   67.54    0.00   21.23    0.00    0.00    9.20    0.20    0.00    0.00    1.82
23:30:20       0   65.72    0.00   21.30    0.00    0.00   10.75    0.20    0.00    0.00    2.03
23:30:20       1   70.24    0.00   22.06    0.00    0.00    4.86    0.20    0.00    0.00    2.63
23:30:20       2   66.67    0.00   20.00    0.00    0.00   11.92    0.00    0.00    0.00    1.41
23:30:20       3   67.54    0.00   21.57    0.00    0.00    9.27    0.40    0.00    0.00    1.21

23:30:20     CPU    %usr   %nice    %sys %iowait    %irq   %soft  %steal  %guest  %gnice   %idle
23:30:25     all   67.48    0.00   21.44    0.00    0.00    9.25    0.10    0.00    0.00    1.73
23:30:25       0   65.86    0.00   22.63    0.00    0.00   10.30    0.00    0.00    0.00    1.21
23:30:25       1   66.53    0.00   25.10    0.00    0.00    5.10    0.00    0.00    0.00    3.27
23:30:25       2   68.01    0.00   19.11    0.00    0.00   12.27    0.20    0.00    0.00    0.40
23:30:25       3   69.55    0.00   18.93    0.00    0.00    9.26    0.21    0.00    0.00    2.06

23:30:25     CPU    %usr   %nice    %sys %iowait    %irq   %soft  %steal  %guest  %gnice   %idle
23:30:30     all   67.53    0.00   21.41    0.00    0.00    9.24    0.20    0.00    0.00    1.62
23:30:30       0   68.95    0.00   20.16    0.00    0.00    9.68    0.20    0.00    0.00    1.01
23:30:30       1   67.89    0.00   22.56    0.00    0.00    5.69    0.20    0.00    0.00    3.66
23:30:30       2   64.98    0.00   21.66    0.00    0.00   12.35    0.00    0.00    0.00    1.01
23:30:30       3   68.27    0.00   21.29    0.00    0.00    9.24    0.40    0.00    0.00    0.80

23:30:30     CPU    %usr   %nice    %sys %iowait    %irq   %soft  %steal  %guest  %gnice   %idle
23:30:35     all   50.18    0.00   14.80    0.00    0.00    6.49    0.10    0.00    0.00   28.43
23:30:35       0   52.12    0.00   11.72    0.00    0.00    6.87    0.00    0.00    0.00   29.29
23:30:35       1   45.82    0.00   18.74    0.00    0.00    3.67    0.20    0.00    0.00   31.57
23:30:35       2   55.24    0.00   11.49    0.00    0.00    9.48    0.00    0.00    0.00   23.79
23:30:35       3   47.45    0.00   17.31    0.00    0.00    5.91    0.20    0.00    0.00   29.12
