info: Loading workload script /workload/performance.rn...
info: Connecting to ["http://172.31.7.110:8000"]... 
info: Connected to '' cluster running ScyllaDB 2026.1.0~dev-0.20251003.20aeed160740 with build-id d177add4e6a23f71d527ca6e182d27a1f9ad74b4
info: Preparing...
info: Warming up...
info: Running benchmark...
CONFIG ═════════════════════════════════════════════════════════════════════════════════════════════════════════════════════
            Date            Mon, 20 Apr 2026                                                          
            Time            10:27:20 +0000                                                            
         Cluster                                                                                      
      DB version            ScyllaDB 2026.1.0~dev-0.20251003.20aeed160740 with build-id d177add4e6a23f71d527ca6e182d27a1f9ad74b4                                            
        Workload            performance.rn                                                            
     Function(s)            get:0.5, update:0.5                                                       
            Tags                                                                                      
────────────────────────────────────────────────────────────────────────────────────────────────────────────────────────────
-P alternator.consistentReads            false                                                                     
   -P fieldcount            10                                                                        
  -P fieldlength            512                                                                       
-P requestdistribution            "uniform"                                                                 
    -P row_count            100000                                                                    
        -P table            "latte_performance"                                                       
────────────────────────────────────────────────────────────────────────────────────────────────────────────────────────────
         Threads                    8                                                                 
     Concurrency     [req]          4                                                                 
        Max rate    [op/s]                                                                            
          Warmup       [s]                                                                            
              └─      [op]          1                                                                 
        Run time       [s]       30.0                                                                 
              └─      [op]                                                                            
        Sampling       [s]        1.0                                                                 
              └─      [op]                                                                            
 Request timeout       [s]          5                                                                 
         Retries                                                                                      
  ┌──────┴number                   10                                                                 
  ├─min interval      [ms]        100                                                                 
  └─max interval      [ms]       5000                                                                 

LOG ════════════════════════════════════════════════════════════════════════════════════════════════════════════════════════
    Time    Cycles    Errors    Thrpt.     ────────────────────────────────── Latency [ms/op] ──────────────────────────────
     [s]      [op]      [op]    [op/s]             Min        50        75        90        95        99      99.9       Max
   1.001     16223         0     16213           0.380     1.595     2.425     3.650     4.481     6.210     8.462    10.945
   2.000     20363         0     20365           0.391     1.501     1.811     2.152     2.449     4.149     6.173     9.003
   3.000     15812         0     15810           0.394     1.564     2.642     3.903     4.657     6.418     8.634    10.371
   4.001     15236         0     15236           0.379     1.582     2.767     4.104     4.932     6.816     9.404    13.648
   5.000     19900         0     19900           0.355     1.496     1.826     2.216     2.750     4.788     7.643     9.896
   6.001     16718         0     16718           0.348     1.533     2.232     3.617     4.465     6.431     9.527    10.559
   7.001     15321         0     15318           0.380     1.598     2.734     4.059     4.805     6.832     9.003    10.199
   8.000     18477         0     18478           0.376     1.494     1.913     2.867     3.860     5.542     8.212    11.338
   9.000     18681         0     18684           0.404     1.501     1.896     2.626     3.637     5.648     8.937    10.650
  10.000     15133         0     15133           0.384     1.611     2.767     4.159     4.907     6.902     9.593    11.518
  11.001     15939         0     15935           0.390     1.595     2.470     3.842     4.727     6.373     8.684    11.805
  12.000     19938         0     19939           0.407     1.533     1.851     2.187     2.443     4.370     8.069    13.304
  13.001     15252         0     15255           0.354     1.585     2.728     4.168     4.981     6.689     8.733    10.297
  14.000     15173         0     15174           0.352     1.622     2.748     4.069     4.927     6.894     9.396    14.533
  15.000     20274         0     20276           0.375     1.489     1.800     2.150     2.523     4.694     7.262    10.674
  16.001     16254         0     16252           0.383     1.588     2.384     3.721     4.465     6.320     8.806    11.117
  17.001     15504         0     15506           0.370     1.615     2.689     3.967     4.751     6.513     9.478    10.822
  18.001     17522         0     17520           0.377     1.519     2.044     3.262     4.243     6.312     9.110    13.623
  19.000     19235         0     19237           0.395     1.499     1.861     2.359     3.367     5.251     8.360     9.904
  20.000     15268         0     15267           0.370     1.569     2.779     4.170     4.973     6.640     9.437    11.878
  21.001     14897         0     14894           0.383     1.639     2.847     4.207     5.026     6.963     9.273    11.354
  22.001     19990         0     19992           0.418     1.538     1.853     2.181     2.451     4.043     6.402     8.385
  23.001     15638         0     15637           0.381     1.628     2.527     3.903     4.702     6.447     8.659    11.887
  24.000     14917         0     14919           0.375     1.646     2.808     4.153     4.977     6.959     9.781    13.689
  25.000     17698         0     17698           0.365     1.564     2.057     2.994     3.961     5.698     8.102    10.740
  26.000     18419         0     18419           0.377     1.552     1.946     2.636     3.654     5.444     8.094    10.396
  27.000     15205         0     15206           0.379     1.639     2.675     4.227     4.964     6.463     9.363    12.132
  28.000     12008         0     12007           0.393     2.486     3.424     4.796     5.558     7.135     9.511    12.108
  29.000     12267         0     12268           0.766     2.644     2.951     3.316     4.440     6.263    11.272    14.516
  30.000     10520         0     10519           0.410     2.712     3.211     5.341     6.033     9.888    26.182    37.945
  30.004        20         0      5492           2.734     5.153     6.197    10.215    10.265    10.584    10.584    10.584

SUMMARY STATS ══════════════════════════════════════════════════════════════════════════════════════════════════════════════
    Elapsed time       [s]     30.011                                                                 
        CPU time       [s]    117.747                                                                 
 CPU utilisation       [%]       49.0                                                                 
          Cycles      [op]     493802                                                                 
          Errors      [op]          0                                                                 
              └─       [%]        0.0                                                                 
        Requests     [req]     493802                                                                 
              └─  [req/op]        1.0                                                                 
         Retries     [ret]          0                                                                 
              └─ [ret/req]    0.00000                                                                 
            Rows     [row]     246741                                                                 
              └─ [row/req]        0.5                                                                 
     Concurrency     [req]          3 ± 0                                                             
              └─       [%]         71                                                                 
      Throughput    [op/s]      16454 ± 1645                                                          
              ├─   [req/s]      16454 ± 1645                                                          
              └─   [row/s]       8222 ± 822                                                           
   Cycle latency      [ms]      1.943 ± 0.007                                                         
 Request latency      [ms]      1.881 ± 0.008                                                         

CYCLE LATENCY for get [ms]  ════════════════════════════════════════════════════════════════════════════════════════════════
          Min                   0.392 ± 0.030                                                         
           25                   1.213 ± 0.007                                                         
           50                   1.627 ± 0.007                                                         
           75                   2.370 ± 0.024                                                         
           90                   3.604 ± 0.036                                                         
           95                   4.534 ± 0.048                                                         
           98                   5.587 ± 0.060                                                         
           99                   6.353 ± 0.103                                                         
           99.9                 9.200 ± 0.389                                                         
           99.99               12.681 ± 7.481                                                         
          Max                  37.192 ± 11.365                                                        

CYCLE LATENCY for update [ms]  ═════════════════════════════════════════════════════════════════════════════════════════════
          Min                   0.348 ± 0.022                                                         
           25                   1.134 ± 0.007                                                         
           50                   1.537 ± 0.007                                                         
           75                   2.251 ± 0.020                                                         
           90                   3.465 ± 0.035                                                         
           95                   4.411 ± 0.045                                                         
           98                   5.480 ± 0.071                                                         
           99                   6.238 ± 0.103                                                         
           99.9                 9.167 ± 0.442                                                         
           99.99               12.132 ± 3.360                                                         
          Max                  37.945 ± 17.142                                                        

info: Saved report to /output/latte_1.json
TIMEFORMAT 30.340 101.195 16.887
