Linux 6.17.0-1015-aws (ip-172-31-13-152) 	05/25/26 	_x86_64_	(4 CPU)

18:38:20     CPU    %usr   %nice    %sys %iowait    %irq   %soft  %steal  %guest  %gnice   %idle
18:38:25     all   31.44    0.00   11.02    0.00    0.00    2.74    0.20    0.00    0.00   54.60
18:38:25       0   34.69    0.00    9.53    0.00    0.00    0.00    0.20    0.00    0.00   55.58
18:38:25       1   43.09    0.00    9.15    0.00    0.00   10.57    0.20    0.00    0.00   36.99
18:38:25       2   24.04    0.00   12.53    0.00    0.00    0.20    0.20    0.00    0.00   63.03
18:38:25       3   23.93    0.00   12.88    0.00    0.00    0.20    0.20    0.00    0.00   62.78

18:38:25     CPU    %usr   %nice    %sys %iowait    %irq   %soft  %steal  %guest  %gnice   %idle
18:38:30     all   47.36    0.00   22.37    0.00    0.00    5.65    0.16    0.00    0.00   24.46
18:38:30       0   43.47    0.00   26.33    0.00    0.00    0.20    0.20    0.00    0.00   29.80
18:38:30       1   45.74    0.00   17.23    0.00    0.00   22.55    0.00    0.00    0.00   14.47
18:38:30       2   49.16    0.00   25.73    0.00    0.00    0.00    0.21    0.00    0.00   24.90
18:38:30       3   51.16    0.00   20.00    0.00    0.00    0.21    0.21    0.00    0.00   28.42

18:38:30     CPU    %usr   %nice    %sys %iowait    %irq   %soft  %steal  %guest  %gnice   %idle
18:38:35     all   44.15    0.00   19.50    0.05    0.00    3.71    0.16    0.00    0.00   32.44
18:38:35       0   34.26    0.00   22.13    0.21    0.00    0.85    0.21    0.00    0.00   42.34
18:38:35       1   44.39    0.00   19.51    0.00    0.00   12.56    0.22    0.00    0.00   23.32
18:38:35       2   46.61    0.00   18.22    0.00    0.00    1.91    0.21    0.00    0.00   33.05
18:38:35       3   51.27    0.00   18.14    0.00    0.00    0.00    0.00    0.00    0.00   30.59

18:38:35     CPU    %usr   %nice    %sys %iowait    %irq   %soft  %steal  %guest  %gnice   %idle
18:38:40     all   45.43    0.00   20.30    0.05    0.00    3.61    0.21    0.00    0.00   30.39
18:38:40       0   49.25    0.00   18.55    0.00    0.00    3.62    0.21    0.00    0.00   28.36
18:38:40       1   50.74    0.00   18.11    0.21    0.00    5.89    0.21    0.00    0.00   24.84
18:38:40       2   43.51    0.00   23.38    0.00    0.00    4.98    0.22    0.00    0.00   27.92
18:38:40       3   38.24    0.00   21.22    0.00    0.00    0.00    0.21    0.00    0.00   40.34

18:38:40     CPU    %usr   %nice    %sys %iowait    %irq   %soft  %steal  %guest  %gnice   %idle
18:38:45     all   43.74    0.00   20.03    0.16    0.00    3.57    0.16    0.00    0.00   32.34
18:38:45       0   43.50    0.00   18.76    0.00    0.00    2.35    0.00    0.00    0.00   35.39
18:38:45       1   43.01    0.00   20.00    0.00    0.00    3.44    0.22    0.00    0.00   33.33
18:38:45       2   41.38    0.00   22.84    0.43    0.00    5.39    0.22    0.00    0.00   29.74
18:38:45       3   46.97    0.00   18.58    0.21    0.00    3.13    0.21    0.00    0.00   30.90

18:38:45     CPU    %usr   %nice    %sys %iowait    %irq   %soft  %steal  %guest  %gnice   %idle
18:38:50     all   42.11    0.00   20.62    0.00    0.00    3.28    0.11    0.00    0.00   33.87
18:38:50       0   35.70    0.00   22.80    0.00    0.00    2.15    0.22    0.00    0.00   39.14
18:38:50       1   42.37    0.00   19.92    0.00    0.00    0.00    0.00    0.00    0.00   37.71
18:38:50       2   42.83    0.00   20.43    0.00    0.00    5.22    0.22    0.00    0.00   31.30
18:38:50       3   47.61    0.00   19.35    0.00    0.00    5.87    0.00    0.00    0.00   27.17

18:38:50     CPU    %usr   %nice    %sys %iowait    %irq   %soft  %steal  %guest  %gnice   %idle
18:38:55     all   47.09    0.00   20.39    0.05    0.00    3.50    0.21    0.00    0.00   28.76
18:38:55       0   41.85    0.00   21.46    0.21    0.00    3.65    0.21    0.00    0.00   32.62
18:38:55       1   51.45    0.00   19.09    0.00    0.00    1.24    0.21    0.00    0.00   28.01
18:38:55       2   44.61    0.00   23.71    0.00    0.00    5.39    0.22    0.00    0.00   26.08
18:38:55       3   50.21    0.00   17.44    0.00    0.00    3.78    0.21    0.00    0.00   28.36

18:38:55     CPU    %usr   %nice    %sys %iowait    %irq   %soft  %steal  %guest  %gnice   %idle
18:39:00     all   33.94    0.00   13.59    0.10    0.00    2.49    0.15    0.00    0.00   49.72
18:39:00       0   26.09    0.00   15.73    0.00    0.00    3.93    0.00    0.00    0.00   54.24
18:39:00       1   36.05    0.00   13.44    0.41    0.00    2.04    0.20    0.00    0.00   47.86
18:39:00       2   38.41    0.00   10.16    0.00    0.00    4.07    0.20    0.00    0.00   47.15
18:39:00       3   35.07    0.00   15.03    0.00    0.00    0.00    0.20    0.00    0.00   49.70
