Linux 6.17.0-1015-aws (ip-172-31-15-213) 	05/25/26 	_x86_64_	(4 CPU)

18:38:20     CPU    %usr   %nice    %sys %iowait    %irq   %soft  %steal  %guest  %gnice   %idle
18:38:25     all   21.40    0.00    7.67    0.00    0.00    2.47    0.20    0.00    0.00   68.25
18:38:25       0   12.78    0.00    9.13    0.00    0.00    0.00    0.20    0.00    0.00   77.89
18:38:25       1   24.40    0.00    8.87    0.00    0.00    1.21    0.20    0.00    0.00   65.32
18:38:25       2   34.34    0.00    8.08    0.00    0.00    0.00    0.20    0.00    0.00   57.37
18:38:25       3   14.08    0.00    4.63    0.00    0.00    8.65    0.20    0.00    0.00   72.43

18:38:25     CPU    %usr   %nice    %sys %iowait    %irq   %soft  %steal  %guest  %gnice   %idle
18:38:30     all   50.57    0.00   25.18    0.05    0.00    9.15    0.21    0.00    0.00   14.85
18:38:30       0   56.10    0.00   25.00    0.20    0.00    0.00    0.20    0.00    0.00   18.50
18:38:30       1   51.56    0.00   29.31    0.00    0.00    5.20    0.42    0.00    0.00   13.51
18:38:30       2   52.26    0.00   28.40    0.00    0.00    0.00    0.21    0.00    0.00   19.14
18:38:30       3   42.30    0.00   18.07    0.00    0.00   31.42    0.00    0.00    0.00    8.21

18:38:30     CPU    %usr   %nice    %sys %iowait    %irq   %soft  %steal  %guest  %gnice   %idle
18:38:35     all   50.62    0.00   22.34    0.00    0.00    5.14    0.16    0.00    0.00   21.74
18:38:35       0   56.81    0.00   16.56    0.00    0.00    0.00    0.21    0.00    0.00   26.42
18:38:35       1   54.96    0.00   21.77    0.00    0.00    3.23    0.00    0.00    0.00   20.04
18:38:35       2   43.42    0.00   24.78    0.00    0.00    4.17    0.22    0.00    0.00   27.41
18:38:35       3   46.90    0.00   26.55    0.00    0.00   13.50    0.22    0.00    0.00   12.83

18:38:35     CPU    %usr   %nice    %sys %iowait    %irq   %soft  %steal  %guest  %gnice   %idle
18:38:40     all   49.89    0.00   22.88    0.00    0.00    5.12    0.22    0.00    0.00   21.90
18:38:40       0   55.03    0.00   17.56    0.00    0.00    0.00    0.21    0.00    0.00   27.19
18:38:40       1   48.03    0.00   24.24    0.00    0.00    2.84    0.22    0.00    0.00   24.67
18:38:40       2   50.76    0.00   22.44    0.00    0.00    8.06    0.44    0.00    0.00   18.30
18:38:40       3   45.58    0.00   27.43    0.00    0.00    9.73    0.00    0.00    0.00   17.26

18:38:40     CPU    %usr   %nice    %sys %iowait    %irq   %soft  %steal  %guest  %gnice   %idle
18:38:45     all   49.76    0.00   22.68    0.38    0.00    4.72    0.16    0.00    0.00   22.30
18:38:45       0   47.30    0.00   21.38    0.22    0.00    3.02    0.22    0.00    0.00   27.86
18:38:45       1   50.65    0.00   22.94    0.65    0.00    3.03    0.00    0.00    0.00   22.73
18:38:45       2   50.55    0.00   22.98    0.22    0.00    6.56    0.22    0.00    0.00   19.47
18:38:45       3   50.54    0.00   23.43    0.43    0.00    6.29    0.22    0.00    0.00   19.09

18:38:45     CPU    %usr   %nice    %sys %iowait    %irq   %soft  %steal  %guest  %gnice   %idle
18:38:50     all   47.93    0.00   23.72    0.00    0.00    5.01    0.16    0.00    0.00   23.18
18:38:50       0   45.13    0.00   25.88    0.00    0.00    5.09    0.22    0.00    0.00   23.67
18:38:50       1   56.36    0.00   19.28    0.00    0.00    2.75    0.21    0.00    0.00   21.40
18:38:50       2   50.00    0.00   22.03    0.00    0.00    7.27    0.22    0.00    0.00   20.48
18:38:50       3   40.00    0.00   27.83    0.00    0.00    5.00    0.00    0.00    0.00   27.17

18:38:50     CPU    %usr   %nice    %sys %iowait    %irq   %soft  %steal  %guest  %gnice   %idle
18:38:55     all   48.46    0.00   22.77    0.06    0.00    4.74    0.22    0.00    0.00   23.76
18:38:55       0   43.97    0.00   24.55    0.00    0.00    4.24    0.22    0.00    0.00   27.01
18:38:55       1   57.24    0.00   18.14    0.00    0.00    3.89    0.00    0.00    0.00   20.73
18:38:55       2   43.69    0.00   25.68    0.00    0.00    6.53    0.45    0.00    0.00   23.65
18:38:55       3   48.58    0.00   22.88    0.22    0.00    4.36    0.22    0.00    0.00   23.75

18:38:55     CPU    %usr   %nice    %sys %iowait    %irq   %soft  %steal  %guest  %gnice   %idle
18:39:00     all   43.78    0.00   18.51    0.00    0.00    4.29    0.16    0.00    0.00   33.26
18:39:00       0   45.02    0.00   19.70    0.00    0.00    4.11    0.22    0.00    0.00   30.95
18:39:00       1   38.89    0.00   19.23    0.00    0.00    2.35    0.21    0.00    0.00   39.32
18:39:00       2   50.32    0.00   16.63    0.00    0.00    6.26    0.22    0.00    0.00   26.57
18:39:00       3   40.98    0.00   18.47    0.00    0.00    4.46    0.00    0.00    0.00   36.09
