Linux 6.17.0-1015-aws (ip-172-31-8-179) 	05/27/26 	_x86_64_	(4 CPU)

19:34:59     CPU    %usr   %nice    %sys %iowait    %irq   %soft  %steal  %guest  %gnice   %idle
19:35:04     all   22.27    0.00    7.44    0.00    0.00    2.38    0.15    0.00    0.00   67.76
19:35:04       0   14.00    0.00    8.72    0.00    0.00    1.83    0.20    0.00    0.00   75.25
19:35:04       1   32.66    0.00    9.33    0.00    0.00    0.00    0.20    0.00    0.00   57.81
19:35:04       2   15.32    0.00    3.02    0.00    0.00    7.66    0.00    0.00    0.00   73.99
19:35:04       3   27.13    0.00    8.70    0.00    0.00    0.00    0.20    0.00    0.00   63.97

19:35:04     CPU    %usr   %nice    %sys %iowait    %irq   %soft  %steal  %guest  %gnice   %idle
19:35:09     all   76.90    0.00   15.00    0.00    0.00    6.74    0.20    0.00    0.00    1.16
19:35:09       0   67.68    0.00   24.65    0.00    0.00    5.66    0.20    0.00    0.00    1.82
19:35:09       1   86.80    0.00    7.20    0.00    0.00    5.60    0.20    0.00    0.00    0.20
19:35:09       2   68.76    0.00   18.66    0.00    0.00   10.55    0.20    0.00    0.00    1.83
19:35:09       3   84.17    0.00    9.62    0.00    0.00    5.21    0.20    0.00    0.00    0.80

19:35:09     CPU    %usr   %nice    %sys %iowait    %irq   %soft  %steal  %guest  %gnice   %idle
19:35:14     all   74.46    0.00   18.43    0.00    0.00    6.91    0.15    0.00    0.00    0.05
19:35:14       0   60.12    0.00   34.67    0.00    0.00    5.21    0.00    0.00    0.00    0.00
19:35:14       1   75.35    0.00   16.23    0.00    0.00    8.22    0.20    0.00    0.00    0.00
19:35:14       2   77.00    0.00   14.00    0.00    0.00    8.60    0.20    0.00    0.00    0.20
19:35:14       3   85.37    0.00    8.82    0.00    0.00    5.61    0.20    0.00    0.00    0.00

19:35:14     CPU    %usr   %nice    %sys %iowait    %irq   %soft  %steal  %guest  %gnice   %idle
19:35:19     all   69.96    0.00   19.15    0.05    0.00    8.36    0.20    0.00    0.00    2.28
19:35:19       0   68.76    0.00   22.11    0.20    0.00    6.09    0.00    0.00    0.00    2.84
19:35:19       1   65.24    0.00   21.75    0.00    0.00   10.16    0.41    0.00    0.00    2.44
19:35:19       2   70.22    0.00   17.10    0.00    0.00   10.87    0.20    0.00    0.00    1.61
19:35:19       3   75.61    0.00   15.65    0.00    0.00    6.30    0.20    0.00    0.00    2.24

19:35:19     CPU    %usr   %nice    %sys %iowait    %irq   %soft  %steal  %guest  %gnice   %idle
19:35:24     all   63.96    0.00   23.74    0.00    0.00    8.90    0.15    0.00    0.00    3.25
19:35:24       0   60.00    0.00   27.76    0.00    0.00    7.55    0.20    0.00    0.00    4.49
19:35:24       1   63.89    0.00   23.73    0.00    0.00    9.74    0.20    0.00    0.00    2.43
19:35:24       2   67.14    0.00   20.97    0.00    0.00   10.48    0.00    0.00    0.00    1.41
19:35:24       3   64.75    0.00   22.54    0.00    0.00    7.79    0.20    0.00    0.00    4.71

19:35:24     CPU    %usr   %nice    %sys %iowait    %irq   %soft  %steal  %guest  %gnice   %idle
19:35:29     all   64.78    0.00   22.78    0.00    0.00    8.82    0.20    0.00    0.00    3.41
19:35:29       0   66.39    0.00   21.93    0.00    0.00    7.38    0.20    0.00    0.00    4.10
19:35:29       1   64.71    0.00   22.92    0.00    0.00    9.74    0.20    0.00    0.00    2.43
19:35:29       2   67.68    0.00   21.21    0.00    0.00    9.70    0.20    0.00    0.00    1.21
19:35:29       3   60.29    0.00   25.10    0.00    0.00    8.44    0.21    0.00    0.00    5.97

19:35:29     CPU    %usr   %nice    %sys %iowait    %irq   %soft  %steal  %guest  %gnice   %idle
19:35:34     all   59.04    0.00   21.86    0.00    0.00    7.94    0.26    0.00    0.00   10.91
19:35:34       0   57.76    0.00   23.06    0.00    0.00    7.14    0.20    0.00    0.00   11.84
19:35:34       1   60.49    0.00   20.77    0.00    0.00    8.15    0.41    0.00    0.00   10.18
19:35:34       2   63.01    0.00   18.50    0.00    0.00    8.94    0.20    0.00    0.00    9.35
19:35:34       3   54.79    0.00   25.21    0.00    0.00    7.50    0.21    0.00    0.00   12.29

19:35:34     CPU    %usr   %nice    %sys %iowait    %irq   %soft  %steal  %guest  %gnice   %idle
19:35:39     all   55.80    0.00   24.16    0.00    0.00    5.75    0.11    0.00    0.00   14.19
19:35:39       0   50.53    0.00   27.81    0.00    0.00    5.10    0.00    0.00    0.00   16.56
19:35:39       1   66.39    0.00   16.70    0.00    0.00    6.68    0.00    0.00    0.00   10.23
19:35:39       2   53.03    0.00   27.35    0.00    0.00    5.85    0.21    0.00    0.00   13.57
19:35:39       3   53.10    0.00   24.84    0.00    0.00    5.35    0.21    0.00    0.00   16.49

19:35:39     CPU    %usr   %nice    %sys %iowait    %irq   %soft  %steal  %guest  %gnice   %idle
19:35:44     all   54.78    0.00   24.49    0.00    0.00    6.02    0.26    0.00    0.00   14.46
19:35:44       0   49.89    0.00   28.84    0.00    0.00    4.63    0.21    0.00    0.00   16.42
19:35:44       1   51.27    0.00   26.48    0.00    0.00    6.99    0.42    0.00    0.00   14.83
19:35:44       2   56.62    0.00   24.15    0.00    0.00    6.62    0.21    0.00    0.00   12.39
19:35:44       3   61.25    0.00   18.54    0.00    0.00    5.83    0.21    0.00    0.00   14.17

19:35:44     CPU    %usr   %nice    %sys %iowait    %irq   %soft  %steal  %guest  %gnice   %idle
19:35:49     all   55.02    0.00   24.40    0.00    0.00    5.37    0.11    0.00    0.00   15.10
19:35:49       0   52.77    0.00   26.60    0.00    0.00    4.68    0.00    0.00    0.00   15.96
19:35:49       1   60.98    0.00   20.47    0.00    0.00    5.97    0.21    0.00    0.00   12.37
19:35:49       2   53.26    0.00   26.74    0.00    0.00    5.87    0.00    0.00    0.00   14.13
19:35:49       3   53.03    0.00   23.81    0.00    0.00    4.98    0.22    0.00    0.00   17.97

19:35:49     CPU    %usr   %nice    %sys %iowait    %irq   %soft  %steal  %guest  %gnice   %idle
19:35:54     all   54.93    0.00   23.86    0.00    0.00    5.89    0.27    0.00    0.00   15.06
19:35:54       0   60.81    0.00   19.70    0.00    0.00    5.30    0.21    0.00    0.00   13.98
19:35:54       1   57.17    0.00   22.36    0.00    0.00    6.54    0.42    0.00    0.00   13.50
19:35:54       2   52.64    0.00   27.27    0.00    0.00    6.34    0.21    0.00    0.00   13.53
19:35:54       3   49.04    0.00   26.12    0.00    0.00    5.35    0.21    0.00    0.00   19.27

19:35:54     CPU    %usr   %nice    %sys %iowait    %irq   %soft  %steal  %guest  %gnice   %idle
19:35:59     all   54.65    0.00   24.00    0.00    0.00    5.74    0.21    0.00    0.00   15.40
19:35:59       0   50.21    0.00   27.23    0.00    0.00    4.89    0.21    0.00    0.00   17.45
19:35:59       1   66.32    0.00   16.42    0.00    0.00    6.32    0.21    0.00    0.00   10.74
19:35:59       2   53.40    0.00   25.74    0.00    0.00    6.38    0.21    0.00    0.00   14.26
19:35:59       3   48.50    0.00   26.71    0.00    0.00    5.34    0.21    0.00    0.00   19.23

19:35:59     CPU    %usr   %nice    %sys %iowait    %irq   %soft  %steal  %guest  %gnice   %idle
19:36:04     all   53.14    0.00   25.27    0.00    0.00    5.97    0.11    0.00    0.00   15.51
19:36:04       0   55.30    0.00   23.52    0.00    0.00    5.72    0.00    0.00    0.00   15.47
19:36:04       1   56.63    0.00   22.95    0.00    0.00    6.32    0.21    0.00    0.00   13.89
19:36:04       2   50.96    0.00   28.87    0.00    0.00    6.58    0.21    0.00    0.00   13.38
19:36:04       3   49.56    0.00   25.76    0.00    0.00    5.24    0.00    0.00    0.00   19.43

19:36:04     CPU    %usr   %nice    %sys %iowait    %irq   %soft  %steal  %guest  %gnice   %idle
19:36:09     all   54.26    0.00   24.59    0.00    0.00    5.76    0.21    0.00    0.00   15.18
19:36:09       0   55.88    0.00   23.32    0.00    0.00    5.04    0.21    0.00    0.00   15.55
19:36:09       1   59.41    0.00   20.72    0.00    0.00    6.77    0.42    0.00    0.00   12.68
19:36:09       2   51.69    0.00   28.60    0.00    0.00    5.72    0.00    0.00    0.00   13.98
19:36:09       3   50.00    0.00   25.74    0.00    0.00    5.53    0.21    0.00    0.00   18.51

19:36:09     CPU    %usr   %nice    %sys %iowait    %irq   %soft  %steal  %guest  %gnice   %idle
19:36:14     all   54.73    0.00   24.40    0.00    0.00    5.57    0.16    0.00    0.00   15.14
19:36:14       0   49.89    0.00   27.37    0.00    0.00    5.05    0.00    0.00    0.00   17.68
19:36:14       1   51.59    0.00   26.75    0.00    0.00    5.73    0.21    0.00    0.00   15.71
19:36:14       2   60.46    0.00   21.74    0.00    0.00    6.42    0.21    0.00    0.00   11.18
19:36:14       3   56.87    0.00   21.78    0.00    0.00    5.07    0.21    0.00    0.00   16.07

19:36:14     CPU    %usr   %nice    %sys %iowait    %irq   %soft  %steal  %guest  %gnice   %idle
19:36:19     all   55.12    0.00   24.71    0.00    0.00    6.12    0.21    0.00    0.00   13.83
19:36:19       0   49.16    0.00   28.06    0.00    0.00    6.12    0.21    0.00    0.00   16.46
19:36:19       1   62.47    0.00   19.71    0.00    0.00    6.71    0.21    0.00    0.00   10.90
19:36:19       2   52.61    0.00   28.18    0.00    0.00    6.47    0.21    0.00    0.00   12.53
19:36:19       3   56.25    0.00   22.84    0.00    0.00    5.17    0.22    0.00    0.00   15.52

19:36:19     CPU    %usr   %nice    %sys %iowait    %irq   %soft  %steal  %guest  %gnice   %idle
19:36:24     all   55.12    0.00   25.01    0.00    0.00    5.41    0.16    0.00    0.00   14.30
19:36:24       0   55.44    0.00   25.59    0.00    0.00    4.90    0.00    0.00    0.00   14.07
19:36:24       1   56.48    0.00   23.57    0.00    0.00    5.73    0.42    0.00    0.00   13.80
19:36:24       2   54.60    0.00   26.34    0.00    0.00    6.85    0.21    0.00    0.00   11.99
19:36:24       3   53.91    0.00   24.57    0.00    0.00    4.13    0.00    0.00    0.00   17.39

19:36:24     CPU    %usr   %nice    %sys %iowait    %irq   %soft  %steal  %guest  %gnice   %idle
19:36:29     all   62.02    0.00   22.38    0.16    0.00    6.20    0.21    0.00    0.00    9.04
19:36:29       0   56.47    0.00   27.72    0.00    0.00    5.34    0.21    0.00    0.00   10.27
19:36:29       1   60.38    0.00   21.59    0.42    0.00    6.71    0.21    0.00    0.00   10.69
19:36:29       2   58.61    0.00   26.23    0.00    0.00    6.97    0.20    0.00    0.00    7.99
19:36:29       3   72.67    0.00   13.87    0.21    0.00    5.80    0.21    0.00    0.00    7.25

19:36:29     CPU    %usr   %nice    %sys %iowait    %irq   %soft  %steal  %guest  %gnice   %idle
19:36:34     all   67.59    0.00   18.42    0.00    0.00    6.07    0.15    0.00    0.00    7.77
19:36:34       0   69.47    0.00   17.21    0.00    0.00    4.71    0.00    0.00    0.00    8.61
19:36:34       1   69.57    0.00   16.98    0.00    0.00    7.04    0.21    0.00    0.00    6.21
19:36:34       2   65.01    0.00   20.91    0.00    0.00    6.63    0.21    0.00    0.00    7.25
19:36:34       3   66.33    0.00   18.57    0.00    0.00    5.92    0.20    0.00    0.00    8.98

19:36:34     CPU    %usr   %nice    %sys %iowait    %irq   %soft  %steal  %guest  %gnice   %idle
19:36:39     all   59.17    0.00   26.83    0.00    0.00    6.16    0.20    0.00    0.00    7.63
19:36:39       0   70.94    0.00   16.43    0.00    0.00    5.21    0.20    0.00    0.00    7.21
19:36:39       1   56.94    0.00   27.97    0.00    0.00    7.24    0.40    0.00    0.00    7.44
19:36:39       2   65.52    0.00   21.50    0.00    0.00    6.29    0.00    0.00    0.00    6.69
19:36:39       3   43.06    0.00   41.63    0.00    0.00    5.92    0.20    0.00    0.00    9.18

19:36:39     CPU    %usr   %nice    %sys %iowait    %irq   %soft  %steal  %guest  %gnice   %idle
19:36:44     all   62.64    0.00   21.49    0.00    0.00    6.09    0.16    0.00    0.00    9.63
19:36:44       0   75.71    0.00   13.27    0.00    0.00    6.53    0.00    0.00    0.00    4.49
19:36:44       1   50.96    0.00   29.30    0.00    0.00    6.79    0.21    0.00    0.00   12.74
19:36:44       2   65.56    0.00   21.37    0.00    0.00    5.39    0.21    0.00    0.00    7.47
19:36:44       3   57.83    0.00   22.34    0.00    0.00    5.64    0.21    0.00    0.00   13.99

19:36:44     CPU    %usr   %nice    %sys %iowait    %irq   %soft  %steal  %guest  %gnice   %idle
19:36:49     all   53.92    0.00   24.76    0.00    0.00    5.73    0.11    0.00    0.00   15.48
19:36:49       0   61.80    0.00   19.00    0.00    0.00    5.43    0.21    0.00    0.00   13.57
19:36:49       1   53.18    0.00   25.85    0.00    0.00    6.57    0.21    0.00    0.00   14.19
19:36:49       2   52.67    0.00   26.23    0.00    0.00    5.97    0.00    0.00    0.00   15.14
19:36:49       3   47.85    0.00   28.11    0.00    0.00    4.94    0.00    0.00    0.00   19.10

19:36:49     CPU    %usr   %nice    %sys %iowait    %irq   %soft  %steal  %guest  %gnice   %idle
19:36:54     all   52.76    0.00   24.65    0.00    0.00    5.63    0.16    0.00    0.00   16.79
19:36:54       0   56.18    0.00   22.22    0.00    0.00    5.03    0.00    0.00    0.00   16.56
19:36:54       1   51.16    0.00   26.85    0.00    0.00    6.55    0.21    0.00    0.00   15.22
19:36:54       2   57.81    0.00   22.36    0.00    0.00    5.91    0.21    0.00    0.00   13.71
19:36:54       3   45.63    0.00   27.29    0.00    0.00    5.02    0.22    0.00    0.00   21.83

19:36:54     CPU    %usr   %nice    %sys %iowait    %irq   %soft  %steal  %guest  %gnice   %idle
19:36:59     all   54.93    0.00   23.69    0.00    0.00    5.65    0.26    0.00    0.00   15.46
19:36:59       0   48.00    0.00   29.26    0.00    0.00    4.63    0.21    0.00    0.00   17.89
19:36:59       1   52.67    0.00   23.24    0.00    0.00    6.40    0.43    0.00    0.00   17.27
19:36:59       2   56.09    0.00   26.05    0.00    0.00    5.67    0.21    0.00    0.00   11.97
19:36:59       3   62.95    0.00   16.21    0.00    0.00    5.89    0.21    0.00    0.00   14.74

19:36:59     CPU    %usr   %nice    %sys %iowait    %irq   %soft  %steal  %guest  %gnice   %idle
19:37:04     all   55.95    0.00   23.68    0.00    0.00    5.89    0.16    0.00    0.00   14.32
19:37:04       0   55.53    0.00   24.22    0.00    0.00    5.22    0.00    0.00    0.00   15.03
19:37:04       1   54.12    0.00   25.37    0.00    0.00    6.55    0.21    0.00    0.00   13.74
19:37:04       2   59.71    0.00   22.55    0.00    0.00    5.85    0.21    0.00    0.00   11.69
19:37:04       3   54.37    0.00   22.60    0.00    0.00    5.97    0.21    0.00    0.00   16.84

19:37:04     CPU    %usr   %nice    %sys %iowait    %irq   %soft  %steal  %guest  %gnice   %idle
19:37:09     all   55.13    0.00   24.31    0.00    0.00    6.03    0.16    0.00    0.00   14.38
19:37:09       0   52.73    0.00   25.63    0.00    0.00    5.25    0.21    0.00    0.00   16.18
19:37:09       1   59.12    0.00   20.75    0.00    0.00    6.71    0.21    0.00    0.00   13.21
19:37:09       2   58.53    0.00   24.00    0.00    0.00    6.32    0.00    0.00    0.00   11.16
19:37:09       3   50.00    0.00   26.94    0.00    0.00    5.82    0.22    0.00    0.00   17.03

19:37:09     CPU    %usr   %nice    %sys %iowait    %irq   %soft  %steal  %guest  %gnice   %idle
19:37:14     all   54.56    0.00   24.53    0.00    0.00    5.87    0.21    0.00    0.00   14.83
19:37:14       0   47.35    0.00   30.57    0.00    0.00    5.10    0.21    0.00    0.00   16.77
19:37:14       1   60.08    0.00   20.59    0.00    0.00    7.22    0.21    0.00    0.00   11.89
19:37:14       2   60.63    0.00   22.11    0.00    0.00    5.68    0.21    0.00    0.00   11.37
19:37:14       3   50.00    0.00   24.89    0.00    0.00    5.46    0.22    0.00    0.00   19.43

19:37:14     CPU    %usr   %nice    %sys %iowait    %irq   %soft  %steal  %guest  %gnice   %idle
19:37:19     all   55.03    0.00   24.59    0.00    0.00    5.75    0.11    0.00    0.00   14.53
19:37:19       0   56.72    0.00   22.90    0.00    0.00    5.25    0.00    0.00    0.00   15.13
19:37:19       1   52.16    0.00   25.86    0.00    0.00    6.47    0.22    0.00    0.00   15.30
19:37:19       2   61.08    0.00   21.74    0.00    0.00    6.21    0.21    0.00    0.00   10.77
19:37:19       3   49.78    0.00   28.07    0.00    0.00    5.04    0.00    0.00    0.00   17.11

19:37:19     CPU    %usr   %nice    %sys %iowait    %irq   %soft  %steal  %guest  %gnice   %idle
19:37:24     all   54.15    0.00   25.09    0.00    0.00    6.02    0.26    0.00    0.00   14.47
19:37:24       0   55.25    0.00   24.58    0.00    0.00    5.67    0.21    0.00    0.00   14.29
19:37:24       1   53.18    0.00   25.21    0.00    0.00    7.42    0.42    0.00    0.00   13.77
19:37:24       2   52.33    0.00   27.54    0.00    0.00    5.72    0.21    0.00    0.00   14.19
19:37:24       3   55.81    0.00   23.04    0.00    0.00    5.29    0.21    0.00    0.00   15.64

19:37:24     CPU    %usr   %nice    %sys %iowait    %irq   %soft  %steal  %guest  %gnice   %idle
19:37:29     all   54.27    0.00   25.15    0.00    0.00    5.94    0.16    0.00    0.00   14.48
19:37:29       0   50.95    0.00   27.16    0.00    0.00    5.68    0.00    0.00    0.00   16.21
19:37:29       1   50.65    0.00   27.92    0.00    0.00    6.93    0.22    0.00    0.00   14.29
19:37:29       2   59.00    0.00   23.64    0.00    0.00    5.44    0.21    0.00    0.00   11.72
19:37:29       3   56.38    0.00   21.91    0.00    0.00    5.74    0.21    0.00    0.00   15.74

19:37:29     CPU    %usr   %nice    %sys %iowait    %irq   %soft  %steal  %guest  %gnice   %idle
19:37:34     all   46.37    0.00   20.16    0.00    0.00    4.86    0.16    0.00    0.00   28.46
19:37:34       0   41.09    0.00   23.27    0.00    0.00    4.61    0.21    0.00    0.00   30.82
19:37:34       1   44.05    0.00   22.34    0.00    0.00    5.22    0.21    0.00    0.00   28.18
19:37:34       2   41.83    0.00   23.57    0.00    0.00    4.67    0.00    0.00    0.00   29.94
19:37:34       3   58.20    0.00   11.68    0.00    0.00    4.92    0.20    0.00    0.00   25.00
