Linux 6.17.0-1015-aws (ip-172-31-10-5) 	05/27/26 	_x86_64_	(4 CPU)

19:35:00     CPU    %usr   %nice    %sys %iowait    %irq   %soft  %steal  %guest  %gnice   %idle
19:35:05     all   31.72    0.00   10.52    0.00    0.00    3.58    0.15    0.00    0.00   54.03
19:35:05       0   31.38    0.00   14.57    0.00    0.00    0.00    0.00    0.00    0.00   54.05
19:35:05       1   36.95    0.00    7.43    0.00    0.00    7.03    0.20    0.00    0.00   48.39
19:35:05       2   33.00    0.00   11.07    0.00    0.00    0.20    0.20    0.00    0.00   55.53
19:35:05       3   25.55    0.00    9.05    0.00    0.00    7.04    0.20    0.00    0.00   58.15

19:35:05     CPU    %usr   %nice    %sys %iowait    %irq   %soft  %steal  %guest  %gnice   %idle
19:35:10     all   76.34    0.00   13.91    0.05    0.00    9.15    0.20    0.00    0.00    0.35
19:35:10       0   76.00    0.00   23.20    0.00    0.00    0.00    0.20    0.00    0.00    0.60
19:35:10       1   69.46    0.00   10.98    0.00    0.00   19.16    0.20    0.00    0.00    0.20
19:35:10       2   87.15    0.00   12.05    0.20    0.00    0.00    0.20    0.00    0.00    0.40
19:35:10       3   72.80    0.00    9.40    0.00    0.00   17.40    0.20    0.00    0.00    0.20

19:35:10     CPU    %usr   %nice    %sys %iowait    %irq   %soft  %steal  %guest  %gnice   %idle
19:35:15     all   78.17    0.00   14.55    0.00    0.00    6.72    0.10    0.00    0.00    0.45
19:35:15       0   80.72    0.00   14.86    0.00    0.00    3.21    0.20    0.00    0.00    1.00
19:35:15       1   72.69    0.00   13.45    0.00    0.00   13.86    0.00    0.00    0.00    0.00
19:35:15       2   86.52    0.00   12.68    0.00    0.00    0.00    0.00    0.00    0.00    0.80
19:35:15       3   72.80    0.00   17.20    0.00    0.00    9.80    0.20    0.00    0.00    0.00

19:35:15     CPU    %usr   %nice    %sys %iowait    %irq   %soft  %steal  %guest  %gnice   %idle
19:35:20     all   68.08    0.00   21.45    0.00    0.00    8.65    0.15    0.00    0.00    1.67
19:35:20       0   71.31    0.00   18.18    0.00    0.00    9.29    0.00    0.00    0.00    1.21
19:35:20       1   60.08    0.00   22.18    0.00    0.00   17.14    0.20    0.00    0.00    0.40
19:35:20       2   72.12    0.00   24.65    0.00    0.00    0.00    0.20    0.00    0.00    3.03
19:35:20       3   68.84    0.00   20.77    0.00    0.00    8.15    0.20    0.00    0.00    2.04

19:35:20     CPU    %usr   %nice    %sys %iowait    %irq   %soft  %steal  %guest  %gnice   %idle
19:35:25     all   63.02    0.00   24.92    0.00    0.00    9.57    0.25    0.00    0.00    2.23
19:35:25       0   64.02    0.00   24.39    0.00    0.00    9.15    0.20    0.00    0.00    2.24
19:35:25       1   66.73    0.00   18.35    0.00    0.00   13.91    0.20    0.00    0.00    0.81
19:35:25       2   57.20    0.00   33.47    0.00    0.00    5.07    0.20    0.00    0.00    4.06
19:35:25       3   64.10    0.00   23.53    0.00    0.00   10.14    0.41    0.00    0.00    1.83

19:35:25     CPU    %usr   %nice    %sys %iowait    %irq   %soft  %steal  %guest  %gnice   %idle
19:35:30     all   63.32    0.00   24.66    0.00    0.00   10.50    0.15    0.00    0.00    1.37
19:35:30       0   60.24    0.00   28.60    0.00    0.00    9.53    0.00    0.00    0.00    1.62
19:35:30       1   60.20    0.00   26.33    0.00    0.00   11.22    0.41    0.00    0.00    1.84
19:35:30       2   66.46    0.00   22.63    0.00    0.00   10.30    0.00    0.00    0.00    0.61
19:35:30       3   66.33    0.00   21.10    0.00    0.00   10.95    0.20    0.00    0.00    1.42

19:35:30     CPU    %usr   %nice    %sys %iowait    %irq   %soft  %steal  %guest  %gnice   %idle
19:35:35     all   58.22    0.00   23.28    0.05    0.00    8.66    0.16    0.00    0.00    9.64
19:35:35       0   52.18    0.00   28.07    0.00    0.00    7.90    0.00    0.00    0.00   11.85
19:35:35       1   55.53    0.00   23.38    0.00    0.00    9.39    0.21    0.00    0.00   11.48
19:35:35       2   72.91    0.00   16.29    0.00    0.00    8.15    0.00    0.00    0.00    2.65
19:35:35       3   51.88    0.00   25.52    0.21    0.00    9.21    0.42    0.00    0.00   12.76

19:35:35     CPU    %usr   %nice    %sys %iowait    %irq   %soft  %steal  %guest  %gnice   %idle
19:35:40     all   55.50    0.00   25.76    0.00    0.00    6.71    0.27    0.00    0.00   11.76
19:35:40       0   54.09    0.00   26.72    0.00    0.00    6.68    0.22    0.00    0.00   12.28
19:35:40       1   58.15    0.00   22.32    0.00    0.00    6.65    0.43    0.00    0.00   12.45
19:35:40       2   56.08    0.00   29.00    0.00    0.00    6.61    0.21    0.00    0.00    8.10
19:35:40       3   53.66    0.00   25.00    0.00    0.00    6.90    0.22    0.00    0.00   14.22

19:35:40     CPU    %usr   %nice    %sys %iowait    %irq   %soft  %steal  %guest  %gnice   %idle
19:35:45     all   55.01    0.00   26.91    0.00    0.00    6.84    0.16    0.00    0.00   11.09
19:35:45       0   50.00    0.00   31.90    0.00    0.00    6.25    0.00    0.00    0.00   11.85
19:35:45       1   63.54    0.00   17.91    0.00    0.00    8.32    0.43    0.00    0.00    9.81
19:35:45       2   51.50    0.00   30.69    0.00    0.00    6.87    0.00    0.00    0.00   10.94
19:35:45       3   54.90    0.00   27.23    0.00    0.00    5.88    0.22    0.00    0.00   11.76

19:35:45     CPU    %usr   %nice    %sys %iowait    %irq   %soft  %steal  %guest  %gnice   %idle
19:35:50     all   55.00    0.00   26.51    0.00    0.00    7.06    0.27    0.00    0.00   11.17
19:35:50       0   48.61    0.00   31.69    0.00    0.00    6.00    0.21    0.00    0.00   13.49
19:35:50       1   61.29    0.00   20.00    0.00    0.00    8.60    0.22    0.00    0.00    9.89
19:35:50       2   60.55    0.00   24.68    0.00    0.00    6.54    0.21    0.00    0.00    8.02
19:35:50       3   49.46    0.00   29.68    0.00    0.00    7.10    0.43    0.00    0.00   13.33

19:35:50     CPU    %usr   %nice    %sys %iowait    %irq   %soft  %steal  %guest  %gnice   %idle
19:35:55     all   56.20    0.00   26.24    0.00    0.00    6.79    0.16    0.00    0.00   10.61
19:35:55       0   61.95    0.00   21.99    0.00    0.00    6.34    0.00    0.00    0.00    9.73
19:35:55       1   51.64    0.00   28.23    0.00    0.00    8.32    0.44    0.00    0.00   11.38
19:35:55       2   50.11    0.00   30.94    0.00    0.00    6.75    0.00    0.00    0.00   12.20
19:35:55       3   60.81    0.00   23.98    0.00    0.00    5.78    0.21    0.00    0.00    9.21

19:35:55     CPU    %usr   %nice    %sys %iowait    %irq   %soft  %steal  %guest  %gnice   %idle
19:36:00     all   55.45    0.00   26.89    0.00    0.00    6.64    0.16    0.00    0.00   10.85
19:36:00       0   58.77    0.00   25.16    0.00    0.00    5.71    0.21    0.00    0.00   10.15
19:36:00       1   51.10    0.00   27.97    0.00    0.00    9.03    0.22    0.00    0.00   11.67
19:36:00       2   59.18    0.00   24.19    0.00    0.00    6.05    0.00    0.00    0.00   10.58
19:36:00       3   52.60    0.00   30.30    0.00    0.00    5.84    0.22    0.00    0.00   11.04

19:36:00     CPU    %usr   %nice    %sys %iowait    %irq   %soft  %steal  %guest  %gnice   %idle
19:36:05     all   55.14    0.00   27.33    0.00    0.00    6.78    0.27    0.00    0.00   10.49
19:36:05       0   55.05    0.00   27.10    0.00    0.00    6.88    0.00    0.00    0.00   10.97
19:36:05       1   51.98    0.00   27.97    0.00    0.00    8.15    0.44    0.00    0.00   11.45
19:36:05       2   49.57    0.00   33.33    0.00    0.00    5.34    0.21    0.00    0.00   11.54
19:36:05       3   63.77    0.00   20.97    0.00    0.00    6.78    0.42    0.00    0.00    8.05

19:36:05     CPU    %usr   %nice    %sys %iowait    %irq   %soft  %steal  %guest  %gnice   %idle
19:36:10     all   55.36    0.00   26.16    0.00    0.00    6.83    0.11    0.00    0.00   11.54
19:36:10       0   53.55    0.00   27.96    0.00    0.00    6.24    0.00    0.00    0.00   12.26
19:36:10       1   51.43    0.00   28.48    0.00    0.00    7.95    0.22    0.00    0.00   11.92
19:36:10       2   61.02    0.00   23.52    0.00    0.00    6.36    0.00    0.00    0.00    9.11
19:36:10       3   55.26    0.00   24.78    0.00    0.00    6.80    0.22    0.00    0.00   12.94

19:36:10     CPU    %usr   %nice    %sys %iowait    %irq   %soft  %steal  %guest  %gnice   %idle
19:36:15     all   55.69    0.00   26.49    0.00    0.00    6.88    0.27    0.00    0.00   10.67
19:36:15       0   52.35    0.00   30.98    0.00    0.00    6.20    0.21    0.00    0.00   10.26
19:36:15       1   48.99    0.00   30.20    0.00    0.00    7.83    0.22    0.00    0.00   12.75
19:36:15       2   60.43    0.00   21.72    0.00    0.00    7.31    0.22    0.00    0.00   10.32
19:36:15       3   60.73    0.00   23.18    0.00    0.00    6.22    0.43    0.00    0.00    9.44

19:36:15     CPU    %usr   %nice    %sys %iowait    %irq   %soft  %steal  %guest  %gnice   %idle
19:36:20     all   55.83    0.00   25.67    0.00    0.00    7.12    0.16    0.00    0.00   11.22
19:36:20       0   55.89    0.00   25.91    0.00    0.00    6.64    0.00    0.00    0.00   11.56
19:36:20       1   55.24    0.00   24.24    0.00    0.00    8.52    0.44    0.00    0.00   11.57
19:36:20       2   59.91    0.00   24.09    0.00    0.00    6.82    0.00    0.00    0.00    9.17
19:36:20       3   52.17    0.00   28.48    0.00    0.00    6.52    0.22    0.00    0.00   12.61

19:36:20     CPU    %usr   %nice    %sys %iowait    %irq   %soft  %steal  %guest  %gnice   %idle
19:36:25     all   55.31    0.00   26.42    0.00    0.00    7.01    0.16    0.00    0.00   11.11
19:36:25       0   60.00    0.00   23.44    0.00    0.00    6.45    0.00    0.00    0.00   10.11
19:36:25       1   50.77    0.00   27.79    0.00    0.00    7.88    0.44    0.00    0.00   13.13
19:36:25       2   51.61    0.00   31.26    0.00    0.00    6.64    0.00    0.00    0.00   10.49
19:36:25       3   58.80    0.00   23.18    0.00    0.00    7.08    0.21    0.00    0.00   10.73

19:36:25     CPU    %usr   %nice    %sys %iowait    %irq   %soft  %steal  %guest  %gnice   %idle
19:36:30     all   54.93    0.00   26.57    0.00    0.00    7.02    0.27    0.00    0.00   11.21
19:36:30       0   51.09    0.00   29.91    0.00    0.00    6.99    0.22    0.00    0.00   11.79
19:36:30       1   69.31    0.00   15.02    0.00    0.00    8.37    0.21    0.00    0.00    7.08
19:36:30       2   49.03    0.00   32.61    0.00    0.00    5.83    0.22    0.00    0.00   12.31
19:36:30       3   50.00    0.00   28.89    0.00    0.00    6.89    0.44    0.00    0.00   13.78

19:36:30     CPU    %usr   %nice    %sys %iowait    %irq   %soft  %steal  %guest  %gnice   %idle
19:36:35     all   71.71    0.00   16.98    0.00    0.00    6.89    0.15    0.00    0.00    4.27
19:36:35       0   67.76    0.00   20.12    0.00    0.00    6.78    0.00    0.00    0.00    5.34
19:36:35       1   70.81    0.00   17.39    0.00    0.00    7.66    0.41    0.00    0.00    3.73
19:36:35       2   75.36    0.00   15.81    0.00    0.00    5.13    0.00    0.00    0.00    3.70
19:36:35       3   72.90    0.00   14.58    0.00    0.00    8.01    0.21    0.00    0.00    4.31

19:36:35     CPU    %usr   %nice    %sys %iowait    %irq   %soft  %steal  %guest  %gnice   %idle
19:36:40     all   65.12    0.00   21.52    0.00    0.00    7.17    0.31    0.00    0.00    5.88
19:36:40       0   65.85    0.00   21.47    0.00    0.00    7.57    0.20    0.00    0.00    4.91
19:36:40       1   57.63    0.00   25.64    0.00    0.00    7.20    0.42    0.00    0.00    9.11
19:36:40       2   71.93    0.00   17.42    0.00    0.00    5.94    0.20    0.00    0.00    4.51
19:36:40       3   64.83    0.00   21.68    0.00    0.00    7.98    0.41    0.00    0.00    5.11

19:36:40     CPU    %usr   %nice    %sys %iowait    %irq   %soft  %steal  %guest  %gnice   %idle
19:36:45     all   62.59    0.00   24.33    0.00    0.00    6.25    0.11    0.00    0.00    6.73
19:36:45       0   62.95    0.00   23.58    0.00    0.00    5.26    0.00    0.00    0.00    8.21
19:36:45       1   63.08    0.00   24.05    0.00    0.00    6.75    0.21    0.00    0.00    5.91
19:36:45       2   60.37    0.00   28.01    0.00    0.00    6.43    0.00    0.00    0.00    5.19
19:36:45       3   63.98    0.00   21.61    0.00    0.00    6.57    0.21    0.00    0.00    7.63

19:36:45     CPU    %usr   %nice    %sys %iowait    %irq   %soft  %steal  %guest  %gnice   %idle
19:36:50     all   54.07    0.00   27.14    0.00    0.00    7.06    0.16    0.00    0.00   11.56
19:36:50       0   49.24    0.00   31.53    0.00    0.00    5.18    0.00    0.00    0.00   14.04
19:36:50       1   58.66    0.00   23.16    0.00    0.00    8.87    0.43    0.00    0.00    8.87
19:36:50       2   49.24    0.00   31.45    0.00    0.00    7.16    0.00    0.00    0.00   12.15
19:36:50       3   59.21    0.00   22.37    0.00    0.00    7.02    0.22    0.00    0.00   11.18

19:36:50     CPU    %usr   %nice    %sys %iowait    %irq   %soft  %steal  %guest  %gnice   %idle
19:36:55     all   54.73    0.00   26.88    0.00    0.00    6.44    0.27    0.00    0.00   11.68
19:36:55       0   48.25    0.00   31.58    0.00    0.00    5.92    0.22    0.00    0.00   14.04
19:36:55       1   57.45    0.00   24.19    0.00    0.00    7.34    0.43    0.00    0.00   10.58
19:36:55       2   56.08    0.00   26.23    0.00    0.00    6.82    0.21    0.00    0.00   10.66
19:36:55       3   57.05    0.00   25.60    0.00    0.00    5.64    0.22    0.00    0.00   11.50

19:36:55     CPU    %usr   %nice    %sys %iowait    %irq   %soft  %steal  %guest  %gnice   %idle
19:37:00     all   54.64    0.00   26.27    0.00    0.00    7.17    0.16    0.00    0.00   11.76
19:37:00       0   51.62    0.00   30.02    0.00    0.00    5.62    0.00    0.00    0.00   12.74
19:37:00       1   50.98    0.00   27.45    0.00    0.00   10.02    0.22    0.00    0.00   11.33
19:37:00       2   60.51    0.00   21.87    0.00    0.00    6.58    0.00    0.00    0.00   11.04
19:37:00       3   55.31    0.00   25.81    0.00    0.00    6.51    0.43    0.00    0.00   11.93

19:37:00     CPU    %usr   %nice    %sys %iowait    %irq   %soft  %steal  %guest  %gnice   %idle
19:37:05     all   54.83    0.00   26.35    0.00    0.00    6.87    0.27    0.00    0.00   11.67
19:37:05       0   51.31    0.00   29.26    0.00    0.00    5.90    0.22    0.00    0.00   13.32
19:37:05       1   56.48    0.00   25.05    0.00    0.00    8.35    0.44    0.00    0.00    9.67
19:37:05       2   59.10    0.00   24.20    0.00    0.00    6.21    0.21    0.00    0.00   10.28
19:37:05       3   52.32    0.00   26.93    0.00    0.00    7.06    0.22    0.00    0.00   13.47

19:37:05     CPU    %usr   %nice    %sys %iowait    %irq   %soft  %steal  %guest  %gnice   %idle
19:37:10     all   55.32    0.00   26.76    0.00    0.00    6.57    0.16    0.00    0.00   11.18
19:37:10       0   49.78    0.00   30.43    0.00    0.00    6.09    0.00    0.00    0.00   13.70
19:37:10       1   57.05    0.00   25.16    0.00    0.00    7.38    0.22    0.00    0.00   10.20
19:37:10       2   60.39    0.00   23.34    0.00    0.00    7.07    0.00    0.00    0.00    9.21
19:37:10       3   53.96    0.00   28.19    0.00    0.00    5.73    0.44    0.00    0.00   11.67

19:37:10     CPU    %usr   %nice    %sys %iowait    %irq   %soft  %steal  %guest  %gnice   %idle
19:37:15     all   55.17    0.00   26.26    0.00    0.00    6.89    0.27    0.00    0.00   11.41
19:37:15       0   59.87    0.00   22.93    0.00    0.00    6.58    0.21    0.00    0.00   10.40
19:37:15       1   55.97    0.00   25.38    0.00    0.00    7.81    0.43    0.00    0.00   10.41
19:37:15       2   49.03    0.00   31.18    0.00    0.00    6.45    0.22    0.00    0.00   13.12
19:37:15       3   55.75    0.00   25.60    0.00    0.00    6.72    0.22    0.00    0.00   11.71

19:37:15     CPU    %usr   %nice    %sys %iowait    %irq   %soft  %steal  %guest  %gnice   %idle
19:37:20     all   55.30    0.00   25.81    0.00    0.00    7.09    0.11    0.00    0.00   11.69
19:37:20       0   48.82    0.00   32.26    0.00    0.00    6.67    0.00    0.00    0.00   12.26
19:37:20       1   58.86    0.00   21.44    0.00    0.00    7.88    0.22    0.00    0.00   11.60
19:37:20       2   61.49    0.00   22.98    0.00    0.00    6.60    0.00    0.00    0.00    8.94
19:37:20       3   51.97    0.00   26.54    0.00    0.00    7.24    0.22    0.00    0.00   14.04

19:37:20     CPU    %usr   %nice    %sys %iowait    %irq   %soft  %steal  %guest  %gnice   %idle
19:37:25     all   55.19    0.00   26.60    0.00    0.00    6.77    0.27    0.00    0.00   11.18
19:37:25       0   50.32    0.00   31.10    0.00    0.00    5.83    0.22    0.00    0.00   12.53
19:37:25       1   63.25    0.00   20.09    0.00    0.00    7.26    0.43    0.00    0.00    8.97
19:37:25       2   51.08    0.00   31.03    0.00    0.00    6.90    0.00    0.00    0.00   10.99
19:37:25       3   56.01    0.00   24.25    0.00    0.00    7.08    0.43    0.00    0.00   12.23

19:37:25     CPU    %usr   %nice    %sys %iowait    %irq   %soft  %steal  %guest  %gnice   %idle
19:37:30     all   55.09    0.00   26.34    0.00    0.00    6.85    0.21    0.00    0.00   11.51
19:37:30       0   51.07    0.00   31.20    0.00    0.00    6.84    0.00    0.00    0.00   10.90
19:37:30       1   59.28    0.00   21.32    0.00    0.00    7.68    0.43    0.00    0.00   11.30
19:37:30       2   58.64    0.00   24.09    0.00    0.00    6.82    0.21    0.00    0.00   10.23
19:37:30       3   51.30    0.00   28.79    0.00    0.00    6.06    0.22    0.00    0.00   13.64

19:37:30     CPU    %usr   %nice    %sys %iowait    %irq   %soft  %steal  %guest  %gnice   %idle
19:37:35     all   41.61    0.00   17.42    0.00    0.00    4.67    0.10    0.00    0.00   36.20
19:37:35       0   42.20    0.00   17.88    0.00    0.00    4.99    0.00    0.00    0.00   34.93
19:37:35       1   41.11    0.00   19.49    0.00    0.00    4.07    0.21    0.00    0.00   35.12
19:37:35       2   39.67    0.00   18.79    0.00    0.00    5.01    0.00    0.00    0.00   36.53
19:37:35       3   43.42    0.00   13.57    0.00    0.00    4.59    0.21    0.00    0.00   38.20
