Linux 6.17.0-1015-aws (ip-172-31-7-97) 	05/26/26 	_x86_64_	(16 CPU)

23:00:02     CPU    %usr   %nice    %sys %iowait    %irq   %soft  %steal  %guest  %gnice   %idle
23:00:07     all   42.44    0.00    2.88    0.10    0.00    2.16    0.00    0.00    0.00   52.42
23:00:07       0   42.83    0.00    3.03    0.61    0.00    0.00    0.00    0.00    0.00   53.54
23:00:07       1   43.93    0.00    3.24    0.00    0.00    0.00    0.00    0.00    0.00   52.83
23:00:07       2   42.83    0.00    3.84    0.20    0.00    0.00    0.00    0.00    0.00   53.13
23:00:07       3   43.52    0.00    3.24    0.00    0.00    0.00    0.00    0.00    0.00   53.24
23:00:07       4   44.13    0.00    3.64    0.20    0.00    0.00    0.00    0.00    0.00   52.02
23:00:07       5   40.97    0.00    2.03    0.00    0.00    4.87    0.00    0.00    0.00   52.13
23:00:07       6   43.43    0.00    3.64    0.00    0.00    0.00    0.00    0.00    0.00   52.93
23:00:07       7   42.63    0.00    2.83    0.00    0.00    3.84    0.00    0.00    0.00   50.71
23:00:07       8   40.73    0.00    2.62    0.20    0.00    4.64    0.00    0.00    0.00   51.81
23:00:07       9   41.33    0.00    2.22    0.00    0.00    4.23    0.00    0.00    0.00   52.22
23:00:07      10   41.50    0.00    2.23    0.00    0.00    3.85    0.00    0.00    0.00   52.43
23:00:07      11   41.01    0.00    2.63    0.00    0.00    4.04    0.00    0.00    0.00   52.32
23:00:07      12   41.45    0.00    1.81    0.00    0.00    4.83    0.00    0.00    0.00   51.91
23:00:07      13   43.86    0.00    3.42    0.00    0.00    0.00    0.00    0.00    0.00   52.72
23:00:07      14   41.25    0.00    2.41    0.00    0.00    4.23    0.00    0.00    0.00   52.11
23:00:07      15   43.72    0.00    3.24    0.40    0.00    0.00    0.00    0.00    0.00   52.63

23:00:07     CPU    %usr   %nice    %sys %iowait    %irq   %soft  %steal  %guest  %gnice   %idle
23:00:12     all   85.78    0.00    4.86    0.00    0.00    4.40    0.00    0.00    0.00    4.95
23:00:12       0   88.73    0.00    5.53    0.00    0.00    0.00    0.00    0.00    0.00    5.74
23:00:12       1   88.14    0.00    5.93    0.00    0.00    0.00    0.00    0.00    0.00    5.93
23:00:12       2   88.11    0.00    5.94    0.00    0.00    0.00    0.00    0.00    0.00    5.94
23:00:12       3   88.14    0.00    5.93    0.00    0.00    0.00    0.00    0.00    0.00    5.93
23:00:12       4   89.12    0.00    5.54    0.00    0.00    0.00    0.00    0.00    0.00    5.34
23:00:12       5   82.72    0.00    3.86    0.00    0.00    9.35    0.00    0.00    0.00    4.07
23:00:12       6   88.30    0.00    5.75    0.00    0.00    0.00    0.00    0.00    0.00    5.95
23:00:12       7   82.86    0.00    4.69    0.00    0.00    8.16    0.00    0.00    0.00    4.29
23:00:12       8   83.54    0.00    3.46    0.00    0.00    9.15    0.00    0.00    0.00    3.86
23:00:12       9   82.89    0.00    4.07    0.00    0.00    8.55    0.00    0.00    0.00    4.48
23:00:12      10   83.44    0.00    4.29    0.00    0.00    7.77    0.00    0.00    0.00    4.50
23:00:12      11   83.94    0.00    3.66    0.00    0.00    8.33    0.00    0.00    0.00    4.07
23:00:12      12   82.42    0.00    3.23    0.00    0.00   10.91    0.00    0.00    0.00    3.43
23:00:12      13   88.07    0.00    5.97    0.00    0.00    0.00    0.00    0.00    0.00    5.97
23:00:12      14   84.08    0.00    3.88    0.00    0.00    7.96    0.00    0.00    0.00    4.08
23:00:12      15   88.14    0.00    6.13    0.00    0.00    0.00    0.00    0.00    0.00    5.73

23:00:12     CPU    %usr   %nice    %sys %iowait    %irq   %soft  %steal  %guest  %gnice   %idle
23:00:17     all   80.69    0.00    5.24    0.00    0.00    4.16    0.00    0.00    0.00    9.91
23:00:17       0   83.26    0.00    5.79    0.00    0.00    0.00    0.00    0.00    0.00   10.95
23:00:17       1   82.37    0.00    5.81    0.00    0.00    0.00    0.00    0.00    0.00   11.83
23:00:17       2   82.27    0.00    5.77    0.00    0.00    0.00    0.00    0.00    0.00   11.96
23:00:17       3   81.65    0.00    7.01    0.00    0.00    0.00    0.00    0.00    0.00   11.34
23:00:17       4   83.64    0.00    5.73    0.00    0.00    0.00    0.00    0.00    0.00   10.63
23:00:17       5   79.13    0.00    3.93    0.00    0.00    8.47    0.00    0.00    0.00    8.47
23:00:17       6   83.13    0.00    5.76    0.00    0.00    0.00    0.00    0.00    0.00   11.11
23:00:17       7   79.01    0.00    4.73    0.00    0.00    7.20    0.00    0.00    0.00    9.05
23:00:17       8   78.97    0.00    4.12    0.00    0.00    8.45    0.00    0.00    0.00    8.45
23:00:17       9   77.89    0.00    4.75    0.00    0.00    8.06    0.00    0.00    0.00    9.30
23:00:17      10   78.19    0.00    4.53    0.00    0.00    9.05    0.00    0.00    0.00    8.23
23:00:17      11   79.79    0.00    4.33    0.00    0.00    7.42    0.00    0.00    0.00    8.45
23:00:17      12   78.28    0.00    4.71    0.00    0.00    9.63    0.00    0.00    0.00    7.38
23:00:17      13   82.47    0.00    6.19    0.00    0.00    0.00    0.00    0.00    0.00   11.34
23:00:17      14   79.10    0.00    4.10    0.00    0.00    8.20    0.00    0.00    0.00    8.61
23:00:17      15   81.86    0.00    6.60    0.00    0.00    0.00    0.00    0.00    0.00   11.55

23:00:17     CPU    %usr   %nice    %sys %iowait    %irq   %soft  %steal  %guest  %gnice   %idle
23:00:22     all   75.79    0.00    5.47    0.00    0.00    3.92    0.00    0.00    0.00   14.82
23:00:22       0   77.34    0.00    6.03    0.00    0.00    0.00    0.00    0.00    0.00   16.63
23:00:22       1   76.60    0.00    6.21    0.00    0.00    0.00    0.00    0.00    0.00   17.18
23:00:22       2   76.76    0.00    6.22    0.00    0.00    0.00    0.00    0.00    0.00   17.01
23:00:22       3   76.76    0.00    6.43    0.00    0.00    0.00    0.00    0.00    0.00   16.80
23:00:22       4   78.51    0.00    6.20    0.00    0.00    0.00    0.00    0.00    0.00   15.29
23:00:22       5   75.10    0.00    4.77    0.00    0.00    7.88    0.00    0.00    0.00   12.24
23:00:22       6   76.76    0.00    6.22    0.00    0.00    0.00    0.00    0.00    0.00   17.01
23:00:22       7   75.05    0.00    5.03    0.00    0.00    6.29    0.00    0.00    0.00   13.63
23:00:22       8   74.53    0.00    4.76    0.00    0.00    8.49    0.00    0.00    0.00   12.22
23:00:22       9   73.60    0.00    4.99    0.00    0.00    7.69    0.00    0.00    0.00   13.72
23:00:22      10   73.65    0.00    5.39    0.00    0.00    7.88    0.00    0.00    0.00   13.07
23:00:22      11   74.74    0.00    4.18    0.00    0.00    7.52    0.00    0.00    0.00   13.57
23:00:22      12   74.64    0.00    4.37    0.00    0.00    8.73    0.00    0.00    0.00   12.27
23:00:22      13   78.12    0.00    6.04    0.00    0.00    0.00    0.00    0.00    0.00   15.83
23:00:22      14   73.43    0.00    4.18    0.00    0.00    8.37    0.00    0.00    0.00   14.02
23:00:22      15   77.02    0.00    6.42    0.00    0.00    0.00    0.00    0.00    0.00   16.56

23:00:22     CPU    %usr   %nice    %sys %iowait    %irq   %soft  %steal  %guest  %gnice   %idle
23:00:27     all   79.58    0.00    5.41    0.00    0.00    4.10    0.00    0.00    0.00   10.91
23:00:27       0   81.54    0.00    6.43    0.00    0.00    0.00    0.00    0.00    0.00   12.03
23:00:27       1   80.86    0.00    6.58    0.00    0.00    0.00    0.00    0.00    0.00   12.55
23:00:27       2   81.44    0.00    6.19    0.00    0.00    0.00    0.00    0.00    0.00   12.37
23:00:27       3   81.20    0.00    6.61    0.00    0.00    0.00    0.00    0.00    0.00   12.19
23:00:27       4   81.69    0.00    6.17    0.00    0.00    0.00    0.00    0.00    0.00   12.14
23:00:27       5   78.88    0.00    3.93    0.00    0.00    8.07    0.00    0.00    0.00    9.11
23:00:27       6   81.15    0.00    6.35    0.00    0.00    0.00    0.00    0.00    0.00   12.50
23:00:27       7   78.22    0.00    4.77    0.00    0.00    6.64    0.00    0.00    0.00   10.37
23:00:27       8   77.02    0.00    4.76    0.00    0.00    8.90    0.00    0.00    0.00    9.32
23:00:27       9   77.10    0.00    4.70    0.00    0.00    8.59    0.00    0.00    0.00    9.61
23:00:27      10   77.78    0.00    4.32    0.00    0.00    8.44    0.00    0.00    0.00    9.47
23:00:27      11   78.51    0.00    4.55    0.00    0.00    7.02    0.00    0.00    0.00    9.92
23:00:27      12   78.67    0.00    3.73    0.00    0.00    9.32    0.00    0.00    0.00    8.28
23:00:27      13   81.48    0.00    5.97    0.00    0.00    0.00    0.00    0.00    0.00   12.55
23:00:27      14   77.23    0.00    4.76    0.00    0.00    8.70    0.00    0.00    0.00    9.32
23:00:27      15   80.49    0.00    6.78    0.00    0.00    0.00    0.00    0.00    0.00   12.73

23:00:27     CPU    %usr   %nice    %sys %iowait    %irq   %soft  %steal  %guest  %gnice   %idle
23:00:32     all   80.53    0.00    5.30    0.00    0.00    3.92    0.00    0.00    0.00   10.25
23:00:32       0   81.50    0.00    6.44    0.00    0.00    0.00    0.00    0.00    0.00   12.06
23:00:32       1   82.64    0.00    5.79    0.00    0.00    0.00    0.00    0.00    0.00   11.57
23:00:32       2   81.04    0.00    6.67    0.00    0.00    0.00    0.00    0.00    0.00   12.29
23:00:32       3   82.10    0.00    6.17    0.00    0.00    0.00    0.00    0.00    0.00   11.73
23:00:32       4   82.72    0.00    6.38    0.00    0.00    0.00    0.00    0.00    0.00   10.91
23:00:32       5   78.64    0.00    4.52    0.00    0.00    7.80    0.00    0.00    0.00    9.03
23:00:32       6   82.06    0.00    6.19    0.00    0.00    0.00    0.00    0.00    0.00   11.75
23:00:32       7   78.97    0.00    4.33    0.00    0.00    7.63    0.00    0.00    0.00    9.07
23:00:32       8   78.76    0.00    3.92    0.00    0.00    8.87    0.00    0.00    0.00    8.45
23:00:32       9   77.82    0.00    4.72    0.00    0.00    8.42    0.00    0.00    0.00    9.03
23:00:32      10   78.97    0.00    4.33    0.00    0.00    7.84    0.00    0.00    0.00    8.87
23:00:32      11   79.34    0.00    4.75    0.00    0.00    7.02    0.00    0.00    0.00    8.88
23:00:32      12   79.18    0.00    4.33    0.00    0.00    8.45    0.00    0.00    0.00    8.04
23:00:32      13   82.85    0.00    5.37    0.00    0.00    0.00    0.00    0.00    0.00   11.78
23:00:32      14   80.08    0.00    4.52    0.00    0.00    6.57    0.00    0.00    0.00    8.83
23:00:32      15   81.86    0.00    6.39    0.00    0.00    0.00    0.00    0.00    0.00   11.75

23:00:32     CPU    %usr   %nice    %sys %iowait    %irq   %soft  %steal  %guest  %gnice   %idle
23:00:37     all   77.92    0.00    4.95    0.00    0.00    3.90    0.01    0.00    0.00   13.22
23:00:37       0   79.88    0.00    5.54    0.00    0.00    0.00    0.00    0.00    0.00   14.58
23:00:37       1   79.55    0.00    5.37    0.00    0.00    0.00    0.00    0.00    0.00   15.08
23:00:37       2   78.40    0.00    6.38    0.00    0.00    0.00    0.00    0.00    0.00   15.23
23:00:37       3   79.34    0.00    5.79    0.00    0.00    0.00    0.00    0.00    0.00   14.88
23:00:37       4   79.25    0.00    5.81    0.00    0.00    0.00    0.00    0.00    0.00   14.94
23:00:37       5   76.64    0.00    4.10    0.00    0.00    7.17    0.00    0.00    0.00   12.09
23:00:37       6   79.13    0.00    5.58    0.00    0.00    0.00    0.00    0.00    0.00   15.29
23:00:37       7   81.28    0.00    4.32    0.00    0.00    7.82    0.00    0.00    0.00    6.58
23:00:37       8   75.56    0.00    3.70    0.00    0.00    8.42    0.00    0.00    0.00   12.32
23:00:37       9   75.56    0.00    4.11    0.00    0.00    7.80    0.00    0.00    0.00   12.53
23:00:37      10   74.59    0.00    4.10    0.00    0.00    8.81    0.00    0.00    0.00   12.50
23:00:37      11   76.73    0.00    4.08    0.00    0.00    6.12    0.20    0.00    0.00   12.86
23:00:37      12   76.34    0.00    3.70    0.00    0.00    8.64    0.00    0.00    0.00   11.32
23:00:37      13   79.71    0.00    6.15    0.00    0.00    0.00    0.00    0.00    0.00   14.14
23:00:37      14   75.77    0.00    4.31    0.00    0.00    7.39    0.00    0.00    0.00   12.53
23:00:37      15   79.09    0.00    6.21    0.00    0.00    0.00    0.00    0.00    0.00   14.70

23:00:37     CPU    %usr   %nice    %sys %iowait    %irq   %soft  %steal  %guest  %gnice   %idle
23:00:42     all   83.71    0.00    5.16    0.00    0.00    3.92    0.00    0.00    0.00    7.20
23:00:42       0   85.34    0.00    6.72    0.00    0.00    0.00    0.00    0.00    0.00    7.94
23:00:42       1   85.86    0.00    5.94    0.00    0.00    0.00    0.00    0.00    0.00    8.20
23:00:42       2   84.39    0.00    7.19    0.00    0.00    0.00    0.00    0.00    0.00    8.42
23:00:42       3   85.80    0.00    5.76    0.00    0.00    0.00    0.00    0.00    0.00    8.44
23:00:42       4   85.57    0.00    6.19    0.00    0.00    0.00    0.00    0.00    0.00    8.25
23:00:42       5   80.98    0.00    4.29    0.00    0.00    8.79    0.00    0.00    0.00    5.93
23:00:42       6   85.37    0.00    6.30    0.00    0.00    0.00    0.00    0.00    0.00    8.33
23:00:42       7   82.58    0.00    4.10    0.00    0.00    7.38    0.00    0.00    0.00    5.94
23:00:42       8   81.31    0.00    3.90    0.00    0.00    8.62    0.00    0.00    0.00    6.16
23:00:42       9   82.21    0.00    4.29    0.00    0.00    7.36    0.00    0.00    0.00    6.13
23:00:42      10   82.65    0.00    4.29    0.00    0.00    6.94    0.00    0.00    0.00    6.12
23:00:42      11   81.84    0.00    4.08    0.00    0.00    7.35    0.00    0.00    0.00    6.73
23:00:42      12   81.74    0.00    4.06    0.00    0.00    8.92    0.00    0.00    0.00    5.27
23:00:42      13   86.04    0.00    5.54    0.00    0.00    0.00    0.00    0.00    0.00    8.42
23:00:42      14   82.65    0.00    3.88    0.00    0.00    7.35    0.00    0.00    0.00    6.12
23:00:42      15   85.10    0.00    6.12    0.00    0.00    0.00    0.00    0.00    0.00    8.78

23:00:42     CPU    %usr   %nice    %sys %iowait    %irq   %soft  %steal  %guest  %gnice   %idle
23:00:47     all   84.79    0.00    4.87    0.00    0.00    4.27    0.00    0.00    0.00    6.08
23:00:47       0   86.73    0.00    5.92    0.00    0.00    0.00    0.00    0.00    0.00    7.35
23:00:47       1   86.33    0.00    5.71    0.00    0.00    0.00    0.00    0.00    0.00    7.96
23:00:47       2   86.91    0.00    5.93    0.00    0.00    0.00    0.00    0.00    0.00    7.16
23:00:47       3   86.53    0.00    6.33    0.00    0.00    0.00    0.00    0.00    0.00    7.14
23:00:47       4   87.40    0.00    5.69    0.00    0.00    0.00    0.00    0.00    0.00    6.91
23:00:47       5   82.39    0.00    3.85    0.00    0.00    9.31    0.00    0.00    0.00    4.45
23:00:47       6   87.22    0.00    5.88    0.00    0.00    0.00    0.00    0.00    0.00    6.90
23:00:47       7   82.35    0.00    3.85    0.00    0.00    8.52    0.00    0.00    0.00    5.27
23:00:47       8   82.15    0.00    3.65    0.00    0.00    9.13    0.00    0.00    0.00    5.07
23:00:47       9   82.89    0.00    4.07    0.00    0.00    7.94    0.00    0.00    0.00    5.09
23:00:47      10   82.32    0.00    4.07    0.00    0.00    8.54    0.00    0.00    0.00    5.08
23:00:47      11   83.06    0.00    3.88    0.00    0.00    7.55    0.00    0.00    0.00    5.51
23:00:47      12   84.18    0.00    3.04    0.00    0.00    8.52    0.00    0.00    0.00    4.26
23:00:47      13   88.03    0.00    5.68    0.00    0.00    0.00    0.00    0.00    0.00    6.29
23:00:47      14   82.02    0.00    4.24    0.00    0.00    8.69    0.00    0.00    0.00    5.05
23:00:47      15   86.12    0.00    6.12    0.00    0.00    0.00    0.00    0.00    0.00    7.76

23:00:47     CPU    %usr   %nice    %sys %iowait    %irq   %soft  %steal  %guest  %gnice   %idle
23:00:52     all   83.85    0.00    5.13    0.00    0.00    4.11    0.00    0.00    0.00    6.92
23:00:52       0   86.73    0.00    5.71    0.00    0.00    0.00    0.00    0.00    0.00    7.55
23:00:52       1   85.28    0.00    5.93    0.00    0.00    0.00    0.00    0.00    0.00    8.79
23:00:52       2   85.98    0.00    5.57    0.00    0.00    0.00    0.00    0.00    0.00    8.45
23:00:52       3   85.74    0.00    6.31    0.00    0.00    0.00    0.00    0.00    0.00    7.94
23:00:52       4   86.12    0.00    5.92    0.00    0.00    0.00    0.00    0.00    0.00    7.96
23:00:52       5   82.65    0.00    3.47    0.00    0.00    8.57    0.00    0.00    0.00    5.31
23:00:52       6   85.77    0.00    6.19    0.00    0.00    0.00    0.00    0.00    0.00    8.04
23:00:52       7   82.24    0.00    4.90    0.00    0.00    7.14    0.00    0.00    0.00    5.71
23:00:52       8   81.30    0.00    4.27    0.00    0.00    8.54    0.00    0.00    0.00    5.89
23:00:52       9   81.80    0.00    4.50    0.00    0.00    7.57    0.00    0.00    0.00    6.13
23:00:52      10   80.49    0.00    4.27    0.00    0.00    8.74    0.00    0.00    0.00    6.50
23:00:52      11   82.11    0.00    4.07    0.00    0.00    8.13    0.00    0.00    0.00    5.69
23:00:52      12   81.17    0.00    4.45    0.00    0.00    8.91    0.00    0.00    0.00    5.47
23:00:52      13   86.30    0.00    6.13    0.00    0.00    0.00    0.00    0.00    0.00    7.57
23:00:52      14   81.67    0.00    4.68    0.00    0.00    7.94    0.00    0.00    0.00    5.70
23:00:52      15   86.27    0.00    5.74    0.00    0.00    0.00    0.00    0.00    0.00    7.99

23:00:52     CPU    %usr   %nice    %sys %iowait    %irq   %soft  %steal  %guest  %gnice   %idle
23:00:57     all   82.95    0.00    5.02    0.00    0.00    4.09    0.01    0.00    0.00    7.93
23:00:57       0   84.25    0.00    6.34    0.00    0.00    0.00    0.00    0.00    0.00    9.41
23:00:57       1   84.29    0.00    6.12    0.00    0.00    0.00    0.00    0.00    0.00    9.59
23:00:57       2   84.41    0.00    5.87    0.00    0.00    0.00    0.00    0.00    0.00    9.72
23:00:57       3   85.45    0.00    5.94    0.00    0.00    0.00    0.00    0.00    0.00    8.61
23:00:57       4   85.74    0.00    5.50    0.00    0.00    0.00    0.00    0.00    0.00    8.76
23:00:57       5   81.80    0.00    3.89    0.00    0.00    8.38    0.00    0.00    0.00    5.93
23:00:57       6   84.99    0.00    5.88    0.00    0.00    0.00    0.00    0.00    0.00    9.13
23:00:57       7   80.53    0.00    4.51    0.00    0.00    7.99    0.00    0.00    0.00    6.97
23:00:57       8   81.06    0.00    3.87    0.00    0.00    8.55    0.00    0.00    0.00    6.52
23:00:57       9   80.61    0.00    3.88    0.00    0.00    8.37    0.00    0.00    0.00    7.14
23:00:57      10   80.89    0.00    4.67    0.00    0.00    7.72    0.00    0.00    0.00    6.71
23:00:57      11   80.89    0.00    4.67    0.00    0.00    7.72    0.00    0.00    0.00    6.71
23:00:57      12   80.98    0.00    4.09    0.00    0.00    8.79    0.00    0.00    0.00    6.13
23:00:57      13   84.46    0.00    5.73    0.00    0.00    0.00    0.20    0.00    0.00    9.61
23:00:57      14   81.14    0.00    3.85    0.00    0.00    7.91    0.00    0.00    0.00    7.10
23:00:57      15   85.71    0.00    5.51    0.00    0.00    0.00    0.00    0.00    0.00    8.78

23:00:57     CPU    %usr   %nice    %sys %iowait    %irq   %soft  %steal  %guest  %gnice   %idle
23:01:02     all   82.49    0.00    5.41    0.00    0.00    4.09    0.00    0.00    0.00    8.01
23:01:02       0   84.87    0.00    5.93    0.00    0.00    0.00    0.00    0.00    0.00    9.20
23:01:02       1   83.33    0.00    6.79    0.00    0.00    0.00    0.00    0.00    0.00    9.88
23:01:02       2   84.39    0.00    5.95    0.00    0.00    0.00    0.00    0.00    0.00    9.65
23:01:02       3   84.08    0.00    6.53    0.00    0.00    0.00    0.00    0.00    0.00    9.39
23:01:02       4   84.57    0.00    6.38    0.00    0.00    0.00    0.00    0.00    0.00    9.05
23:01:02       5   80.94    0.00    3.89    0.00    0.00    9.02    0.00    0.00    0.00    6.15
23:01:02       6   83.06    0.00    7.14    0.00    0.00    0.00    0.00    0.00    0.00    9.80
23:01:02       7   80.78    0.00    4.29    0.00    0.00    7.77    0.00    0.00    0.00    7.16
23:01:02       8   80.90    0.00    4.31    0.00    0.00    8.21    0.00    0.00    0.00    6.57
23:01:02       9   80.08    0.00    4.93    0.00    0.00    8.01    0.00    0.00    0.00    6.98
23:01:02      10   81.19    0.00    3.89    0.00    0.00    7.98    0.00    0.00    0.00    6.95
23:01:02      11   81.22    0.00    4.49    0.00    0.00    7.96    0.00    0.00    0.00    6.33
23:01:02      12   79.92    0.00    4.46    0.00    0.00    9.33    0.00    0.00    0.00    6.29
23:01:02      13   85.66    0.00    5.74    0.00    0.00    0.00    0.00    0.00    0.00    8.61
23:01:02      14   81.22    0.00    4.90    0.00    0.00    7.14    0.00    0.00    0.00    6.73
23:01:02      15   83.64    0.00    6.95    0.00    0.00    0.00    0.00    0.00    0.00    9.41

23:01:02     CPU    %usr   %nice    %sys %iowait    %irq   %soft  %steal  %guest  %gnice   %idle
23:01:07     all   86.57    0.00    4.85    0.01    0.00    4.48    0.04    0.00    0.00    4.05
23:01:07       0   89.23    0.00    6.10    0.00    0.00    0.00    0.00    0.00    0.00    4.67
23:01:07       1   87.76    0.00    6.12    0.00    0.00    0.00    0.00    0.00    0.00    6.12
23:01:07       2   89.21    0.00    6.11    0.00    0.00    0.00    0.00    0.00    0.00    4.68
23:01:07       3   88.57    0.00    6.53    0.00    0.00    0.00    0.00    0.00    0.00    4.90
23:01:07       4   89.63    0.00    5.69    0.00    0.00    0.00    0.20    0.00    0.00    4.47
23:01:07       5   83.98    0.00    3.45    0.00    0.00    9.74    0.00    0.00    0.00    2.84
23:01:07       6   89.86    0.00    5.68    0.00    0.00    0.00    0.00    0.00    0.00    4.46
23:01:07       7   83.71    0.00    3.87    0.00    0.00    8.55    0.00    0.00    0.00    3.87
23:01:07       8   83.47    0.00    3.23    0.00    0.00    9.68    0.20    0.00    0.00    3.43
23:01:07       9   84.04    0.00    4.24    0.00    0.00    8.08    0.00    0.00    0.00    3.64
23:01:07      10   84.73    0.00    3.87    0.00    0.00    7.94    0.00    0.00    0.00    3.46
23:01:07      11   84.73    0.00    3.67    0.00    0.00    8.76    0.00    0.00    0.00    2.85
23:01:07      12   83.64    0.00    3.84    0.20    0.00    9.29    0.20    0.00    0.00    2.83
23:01:07      13   89.63    0.00    5.69    0.00    0.00    0.00    0.00    0.00    0.00    4.67
23:01:07      14   83.20    0.00    4.05    0.00    0.00    9.51    0.00    0.00    0.00    3.24
23:01:07      15   89.82    0.00    5.50    0.00    0.00    0.00    0.00    0.00    0.00    4.68

23:01:07     CPU    %usr   %nice    %sys %iowait    %irq   %soft  %steal  %guest  %gnice   %idle
23:01:12     all   81.43    0.00    5.22    0.00    0.00    4.01    0.03    0.00    0.00    9.32
23:01:12       0   82.28    0.00    6.31    0.00    0.00    0.00    0.00    0.00    0.00   11.41
23:01:12       1   82.82    0.00    6.13    0.00    0.00    0.00    0.00    0.00    0.00   11.04
23:01:12       2   83.67    0.00    5.71    0.00    0.00    0.00    0.20    0.00    0.00   10.41
23:01:12       3   83.50    0.00    6.11    0.00    0.00    0.00    0.00    0.00    0.00   10.39
23:01:12       4   83.84    0.00    5.93    0.00    0.00    0.00    0.00    0.00    0.00   10.22
23:01:12       5   79.39    0.00    4.49    0.00    0.00    8.37    0.00    0.00    0.00    7.76
23:01:12       6   83.27    0.00    6.53    0.00    0.00    0.00    0.00    0.00    0.00   10.20
23:01:12       7   80.24    0.00    4.68    0.00    0.00    7.13    0.00    0.00    0.00    7.94
23:01:12       8   78.73    0.00    4.09    0.00    0.00    8.79    0.00    0.00    0.00    8.38
23:01:12       9   79.67    0.00    3.70    0.00    0.00    8.42    0.21    0.00    0.00    8.01
23:01:12      10   79.84    0.00    4.48    0.00    0.00    7.33    0.00    0.00    0.00    8.35
23:01:12      11   80.41    0.00    4.49    0.00    0.00    6.94    0.00    0.00    0.00    8.16
23:01:12      12   79.59    0.00    3.88    0.00    0.00    8.98    0.00    0.00    0.00    7.55
23:01:12      13   83.23    0.00    6.13    0.00    0.00    0.00    0.00    0.00    0.00   10.63
23:01:12      14   78.78    0.00    5.10    0.00    0.00    8.16    0.00    0.00    0.00    7.96
23:01:12      15   83.57    0.00    5.68    0.00    0.00    0.00    0.00    0.00    0.00   10.75

23:01:12     CPU    %usr   %nice    %sys %iowait    %irq   %soft  %steal  %guest  %gnice   %idle
23:01:17     all   80.95    0.00    5.23    0.00    0.00    3.91    0.00    0.00    0.00    9.91
23:01:17       0   82.75    0.00    5.95    0.00    0.00    0.00    0.00    0.00    0.00   11.29
23:01:17       1   83.40    0.00    5.33    0.00    0.00    0.00    0.00    0.00    0.00   11.27
23:01:17       2   81.19    0.00    6.54    0.00    0.00    0.00    0.00    0.00    0.00   12.27
23:01:17       3   83.06    0.00    5.71    0.00    0.00    0.00    0.00    0.00    0.00   11.22
23:01:17       4   82.38    0.00    6.76    0.00    0.00    0.00    0.00    0.00    0.00   10.86
23:01:17       5   79.55    0.00    3.89    0.00    0.00    8.38    0.00    0.00    0.00    8.18
23:01:17       6   82.41    0.00    6.13    0.00    0.00    0.00    0.00    0.00    0.00   11.45
23:01:17       7   78.37    0.00    4.90    0.00    0.00    7.35    0.00    0.00    0.00    9.39
23:01:17       8   78.57    0.00    4.49    0.00    0.00    8.16    0.00    0.00    0.00    8.78
23:01:17       9   78.57    0.00    4.69    0.00    0.00    7.55    0.00    0.00    0.00    9.18
23:01:17      10   80.24    0.00    4.28    0.00    0.00    7.33    0.00    0.00    0.00    8.15
23:01:17      11   80.29    0.00    4.31    0.00    0.00    6.78    0.00    0.00    0.00    8.62
23:01:17      12   78.82    0.00    4.28    0.00    0.00    9.37    0.00    0.00    0.00    7.54
23:01:17      13   83.33    0.00    5.89    0.00    0.00    0.00    0.00    0.00    0.00   10.77
23:01:17      14   79.27    0.00    4.88    0.00    0.00    7.52    0.00    0.00    0.00    8.33
23:01:17      15   83.06    0.00    5.71    0.00    0.00    0.00    0.00    0.00    0.00   11.22

23:01:17     CPU    %usr   %nice    %sys %iowait    %irq   %soft  %steal  %guest  %gnice   %idle
23:01:22     all   81.44    0.00    5.36    0.00    0.00    3.77    0.00    0.00    0.00    9.43
23:01:22       0   83.02    0.00    6.21    0.00    0.00    0.00    0.00    0.00    0.00   10.77
23:01:22       1   81.95    0.00    6.85    0.00    0.00    0.00    0.00    0.00    0.00   11.20
23:01:22       2   82.12    0.00    6.24    0.00    0.00    0.00    0.00    0.00    0.00   11.64
23:01:22       3   83.33    0.00    6.79    0.00    0.00    0.00    0.00    0.00    0.00    9.88
23:01:22       4   83.64    0.00    6.00    0.00    0.00    0.00    0.00    0.00    0.00   10.35
23:01:22       5   80.41    0.00    3.92    0.00    0.00    8.25    0.00    0.00    0.00    7.42
23:01:22       6   82.02    0.00    7.02    0.00    0.00    0.00    0.00    0.00    0.00   10.95
23:01:22       7   79.79    0.00    4.54    0.00    0.00    7.22    0.00    0.00    0.00    8.45
23:01:22       8   79.79    0.00    4.33    0.00    0.00    8.25    0.00    0.00    0.00    7.63
23:01:22       9   79.59    0.00    5.15    0.00    0.00    6.39    0.00    0.00    0.00    8.87
23:01:22      10   79.79    0.00    4.33    0.00    0.00    7.42    0.00    0.00    0.00    8.45
23:01:22      11   80.00    0.00    4.12    0.00    0.00    7.84    0.00    0.00    0.00    8.04
23:01:22      12   79.84    0.00    3.70    0.00    0.00    9.05    0.00    0.00    0.00    7.41
23:01:22      13   83.02    0.00    6.21    0.00    0.00    0.00    0.00    0.00    0.00   10.77
23:01:22      14   82.14    0.00    3.90    0.00    0.00    5.75    0.00    0.00    0.00    8.21
23:01:22      15   82.61    0.00    6.42    0.00    0.00    0.00    0.00    0.00    0.00   10.97

23:01:22     CPU    %usr   %nice    %sys %iowait    %irq   %soft  %steal  %guest  %gnice   %idle
23:01:27     all   83.29    0.00    5.10    0.00    0.00    4.07    0.00    0.00    0.00    7.53
23:01:27       0   85.22    0.00    5.75    0.00    0.00    0.00    0.00    0.00    0.00    9.03
23:01:27       1   83.92    0.00    6.39    0.00    0.00    0.00    0.00    0.00    0.00    9.69
23:01:27       2   85.12    0.00    5.79    0.00    0.00    0.00    0.00    0.00    0.00    9.09
23:01:27       3   84.87    0.00    6.54    0.00    0.00    0.00    0.00    0.00    0.00    8.59
23:01:27       4   86.12    0.00    5.51    0.00    0.00    0.00    0.00    0.00    0.00    8.37
23:01:27       5   81.56    0.00    4.30    0.00    0.00    8.81    0.00    0.00    0.00    5.33
23:01:27       6   85.25    0.00    5.94    0.00    0.00    0.00    0.00    0.00    0.00    8.81
23:01:27       7   81.52    0.00    3.90    0.00    0.00    7.80    0.00    0.00    0.00    6.78
23:01:27       8   81.15    0.00    3.69    0.00    0.00    8.81    0.00    0.00    0.00    6.35
23:01:27       9   80.45    0.00    4.73    0.00    0.00    7.61    0.00    0.00    0.00    7.20
23:01:27      10   81.63    0.00    4.08    0.00    0.00    7.96    0.00    0.00    0.00    6.33
23:01:27      11   82.21    0.00    4.29    0.00    0.00    7.16    0.00    0.00    0.00    6.34
23:01:27      12   81.91    0.00    4.07    0.00    0.00    8.74    0.00    0.00    0.00    5.28
23:01:27      13   85.33    0.00    6.20    0.00    0.00    0.00    0.00    0.00    0.00    8.47
23:01:27      14   82.00    0.00    3.89    0.00    0.00    8.18    0.00    0.00    0.00    5.93
23:01:27      15   84.43    0.00    6.56    0.00    0.00    0.00    0.00    0.00    0.00    9.02

23:01:27     CPU    %usr   %nice    %sys %iowait    %irq   %soft  %steal  %guest  %gnice   %idle
23:01:32     all   82.79    0.00    5.18    0.00    0.00    4.27    0.00    0.00    0.00    7.77
23:01:32       0   84.84    0.00    6.35    0.00    0.00    0.00    0.00    0.00    0.00    8.81
23:01:32       1   84.84    0.00    6.15    0.00    0.00    0.00    0.00    0.00    0.00    9.02
23:01:32       2   84.43    0.00    5.74    0.00    0.00    0.00    0.00    0.00    0.00    9.84
23:01:32       3   85.07    0.00    5.93    0.00    0.00    0.00    0.00    0.00    0.00    9.00
23:01:32       4   85.36    0.00    6.19    0.00    0.00    0.00    0.00    0.00    0.00    8.45
23:01:32       5   81.22    0.00    4.29    0.00    0.00    8.16    0.00    0.00    0.00    6.33
23:01:32       6   85.42    0.00    5.75    0.00    0.00    0.00    0.00    0.00    0.00    8.83
23:01:32       7   80.57    0.00    4.50    0.00    0.00    8.18    0.00    0.00    0.00    6.75
23:01:32       8   80.74    0.00    4.10    0.00    0.00    8.81    0.00    0.00    0.00    6.35
23:01:32       9   81.15    0.00    4.51    0.00    0.00    7.58    0.00    0.00    0.00    6.76
23:01:32      10   79.06    0.00    5.13    0.00    0.00    8.62    0.00    0.00    0.00    7.19
23:01:32      11   80.33    0.00    4.10    0.00    0.00    8.61    0.00    0.00    0.00    6.97
23:01:32      12   80.74    0.00    3.48    0.00    0.00    9.84    0.00    0.00    0.00    5.94
23:01:32      13   85.66    0.00    5.94    0.00    0.00    0.00    0.00    0.00    0.00    8.40
23:01:32      14   79.88    0.00    4.72    0.00    0.00    8.42    0.00    0.00    0.00    6.98
23:01:32      15   85.36    0.00    5.98    0.00    0.00    0.00    0.00    0.00    0.00    8.66

23:01:32     CPU    %usr   %nice    %sys %iowait    %irq   %soft  %steal  %guest  %gnice   %idle
23:01:37     all   81.18    0.00    5.16    0.00    0.00    4.19    0.00    0.00    0.00    9.46
23:01:37       0   82.95    0.00    6.44    0.00    0.00    0.00    0.00    0.00    0.00   10.60
23:01:37       1   82.46    0.00    6.26    0.00    0.00    0.00    0.00    0.00    0.00   11.27
23:01:37       2   83.44    0.00    5.80    0.00    0.00    0.00    0.00    0.00    0.00   10.77
23:01:37       3   82.99    0.00    5.81    0.00    0.00    0.00    0.00    0.00    0.00   11.20
23:01:37       4   84.12    0.00    5.77    0.00    0.00    0.00    0.00    0.00    0.00   10.10
23:01:37       5   80.66    0.00    3.70    0.00    0.00    8.02    0.00    0.00    0.00    7.61
23:01:37       6   82.54    0.00    6.44    0.00    0.00    0.00    0.00    0.00    0.00   11.02
23:01:37       7   78.84    0.00    4.56    0.00    0.00    7.88    0.00    0.00    0.00    8.71
23:01:37       8   78.67    0.00    4.35    0.00    0.00    9.11    0.00    0.00    0.00    7.87
23:01:37       9   78.56    0.00    4.33    0.00    0.00    8.66    0.00    0.00    0.00    8.45
23:01:37      10   79.79    0.00    3.96    0.00    0.00    7.92    0.00    0.00    0.00    8.33
23:01:37      11   79.06    0.00    4.11    0.00    0.00    8.83    0.00    0.00    0.00    8.01
23:01:37      12   79.84    0.00    4.12    0.00    0.00    8.85    0.00    0.00    0.00    7.20
23:01:37      13   82.50    0.00    7.08    0.00    0.00    0.00    0.00    0.00    0.00   10.42
23:01:37      14   80.17    0.00    3.72    0.00    0.00    7.64    0.00    0.00    0.00    8.47
23:01:37      15   82.40    0.00    6.21    0.00    0.00    0.00    0.00    0.00    0.00   11.39

23:01:37     CPU    %usr   %nice    %sys %iowait    %irq   %soft  %steal  %guest  %gnice   %idle
23:01:42     all   81.92    0.00    5.34    0.00    0.00    4.41    0.00    0.00    0.00    8.33
23:01:42       0   84.44    0.00    6.22    0.00    0.00    0.00    0.00    0.00    0.00    9.34
23:01:42       1   83.82    0.00    6.43    0.00    0.00    0.00    0.00    0.00    0.00    9.75
23:01:42       2   83.44    0.00    6.00    0.00    0.00    0.00    0.00    0.00    0.00   10.56
23:01:42       3   84.06    0.00    6.42    0.00    0.00    0.00    0.00    0.00    0.00    9.52
23:01:42       4   84.80    0.00    6.16    0.00    0.00    0.00    0.00    0.00    0.00    9.03
23:01:42       5   80.33    0.00    4.14    0.00    0.00    8.90    0.00    0.00    0.00    6.63
23:01:42       6   83.81    0.00    6.35    0.00    0.00    0.00    0.00    0.00    0.00    9.84
23:01:42       7   79.51    0.00    4.71    0.00    0.00    8.61    0.00    0.00    0.00    7.17
23:01:42       8   79.22    0.00    4.32    0.00    0.00    9.88    0.00    0.00    0.00    6.58
23:01:42       9   79.13    0.00    4.96    0.00    0.00    8.26    0.00    0.00    0.00    7.64
23:01:42      10   79.75    0.00    4.34    0.00    0.00    8.47    0.00    0.00    0.00    7.44
23:01:42      11   79.84    0.00    4.32    0.00    0.00    9.05    0.00    0.00    0.00    6.79
23:01:42      12   81.11    0.00    3.90    0.00    0.00    8.62    0.00    0.00    0.00    6.37
23:01:42      13   84.23    0.00    6.22    0.00    0.00    0.00    0.00    0.00    0.00    9.54
23:01:42      14   79.84    0.00    4.32    0.00    0.00    8.64    0.00    0.00    0.00    7.20
23:01:42      15   83.51    0.00    6.60    0.00    0.00    0.00    0.00    0.00    0.00    9.90

23:01:42     CPU    %usr   %nice    %sys %iowait    %irq   %soft  %steal  %guest  %gnice   %idle
23:01:47     all   78.22    0.00    5.60    0.00    0.00    4.34    0.00    0.00    0.00   11.84
23:01:47       0   80.08    0.00    6.50    0.00    0.00    0.00    0.00    0.00    0.00   13.42
23:01:47       1   79.45    0.00    6.92    0.00    0.00    0.00    0.00    0.00    0.00   13.63
23:01:47       2   80.29    0.00    6.29    0.00    0.00    0.00    0.00    0.00    0.00   13.42
23:01:47       3   79.19    0.00    6.79    0.00    0.00    0.00    0.00    0.00    0.00   14.01
23:01:47       4   80.04    0.00    6.93    0.00    0.00    0.00    0.00    0.00    0.00   13.03
23:01:47       5   76.72    0.00    4.57    0.00    0.00    9.36    0.00    0.00    0.00    9.36
23:01:47       6   80.46    0.00    6.09    0.00    0.00    0.00    0.00    0.00    0.00   13.45
23:01:47       7   76.15    0.00    5.23    0.00    0.00    8.37    0.00    0.00    0.00   10.25
23:01:47       8   76.99    0.00    4.39    0.00    0.00    8.79    0.00    0.00    0.00    9.83
23:01:47       9   75.99    0.00    4.80    0.00    0.00    8.35    0.00    0.00    0.00   10.86
23:01:47      10   75.62    0.00    5.17    0.00    0.00    8.88    0.00    0.00    0.00   10.33
23:01:47      11   77.34    0.00    4.78    0.00    0.00    7.28    0.00    0.00    0.00   10.60
23:01:47      12   76.62    0.00    3.97    0.00    0.00   10.02    0.00    0.00    0.00    9.39
23:01:47      13   79.92    0.00    6.49    0.00    0.00    0.00    0.00    0.00    0.00   13.60
23:01:47      14   76.52    0.00    4.61    0.00    0.00    8.18    0.00    0.00    0.00   10.69
23:01:47      15   80.25    0.00    6.09    0.00    0.00    0.00    0.00    0.00    0.00   13.66

23:01:47     CPU    %usr   %nice    %sys %iowait    %irq   %soft  %steal  %guest  %gnice   %idle
23:01:52     all   74.18    0.00    6.13    0.00    0.00    4.62    0.00    0.00    0.00   15.07
23:01:52       0   75.80    0.00    6.79    0.00    0.00    0.00    0.00    0.00    0.00   17.41
23:01:52       1   74.89    0.00    6.96    0.00    0.00    0.00    0.00    0.00    0.00   18.14
23:01:52       2   74.63    0.00    7.76    0.00    0.00    0.00    0.00    0.00    0.00   17.61
23:01:52       3   76.58    0.00    6.96    0.00    0.00    0.00    0.00    0.00    0.00   16.46
23:01:52       4   75.68    0.00    7.76    0.00    0.00    0.00    0.00    0.00    0.00   16.56
23:01:52       5   74.47    0.00    4.64    0.00    0.00    8.44    0.00    0.00    0.00   12.45
23:01:52       6   76.42    0.00    6.95    0.00    0.00    0.00    0.00    0.00    0.00   16.63
23:01:52       7   72.63    0.00    5.05    0.00    0.00    8.63    0.00    0.00    0.00   13.68
23:01:52       8   72.18    0.00    5.23    0.00    0.00    9.41    0.00    0.00    0.00   13.18
23:01:52       9   72.00    0.00    5.05    0.00    0.00    8.42    0.00    0.00    0.00   14.53
23:01:52      10   71.01    0.00    5.46    0.00    0.00   10.08    0.00    0.00    0.00   13.45
23:01:52      11   72.90    0.00    5.46    0.00    0.00    9.24    0.00    0.00    0.00   12.39
23:01:52      12   73.58    0.00    4.40    0.00    0.00   10.06    0.00    0.00    0.00   11.95
23:01:52      13   77.00    0.00    7.17    0.00    0.00    0.00    0.00    0.00    0.00   15.82
23:01:52      14   72.38    0.00    5.02    0.00    0.00    9.41    0.00    0.00    0.00   13.18
23:01:52      15   74.84    0.00    7.40    0.00    0.00    0.00    0.00    0.00    0.00   17.76

23:01:52     CPU    %usr   %nice    %sys %iowait    %irq   %soft  %steal  %guest  %gnice   %idle
23:01:57     all   78.19    0.00    5.64    0.00    0.00    5.12    0.00    0.00    0.00   11.05
23:01:57       0   80.33    0.00    6.90    0.00    0.00    0.00    0.00    0.00    0.00   12.76
23:01:57       1   80.46    0.00    6.51    0.00    0.00    0.00    0.00    0.00    0.00   13.03
23:01:57       2   79.67    0.00    7.47    0.00    0.00    0.00    0.00    0.00    0.00   12.86
23:01:57       3   80.59    0.00    6.33    0.00    0.00    0.00    0.00    0.00    0.00   13.08
23:01:57       4   81.16    0.00    6.21    0.00    0.00    0.00    0.00    0.00    0.00   12.63
23:01:57       5   77.64    0.00    4.35    0.00    0.00    9.32    0.00    0.00    0.00    8.70
23:01:57       6   80.75    0.00    6.69    0.00    0.00    0.00    0.00    0.00    0.00   12.55
23:01:57       7   76.09    0.00    4.78    0.00    0.00    9.36    0.00    0.00    0.00    9.77
23:01:57       8   75.83    0.00    4.38    0.00    0.00   10.42    0.00    0.00    0.00    9.38
23:01:57       9   77.55    0.00    4.78    0.00    0.00    7.90    0.00    0.00    0.00    9.77
23:01:57      10   74.74    0.00    5.22    0.00    0.00   10.23    0.00    0.00    0.00    9.81
23:01:57      11   75.73    0.00    4.56    0.00    0.00   10.58    0.00    0.00    0.00    9.13
23:01:57      12   74.28    0.00    4.53    0.00    0.00   12.55    0.00    0.00    0.00    8.64
23:01:57      13   81.88    0.00    6.04    0.00    0.00    0.00    0.00    0.00    0.00   12.08
23:01:57      14   74.32    0.00    4.59    0.00    0.00   11.27    0.00    0.00    0.00    9.81
23:01:57      15   80.13    0.00    6.90    0.00    0.00    0.00    0.00    0.00    0.00   12.97

23:01:57     CPU    %usr   %nice    %sys %iowait    %irq   %soft  %steal  %guest  %gnice   %idle
23:02:02     all   83.44    0.00    5.22    0.00    0.00    4.65    0.00    0.00    0.00    6.69
23:02:02       0   85.80    0.00    6.58    0.00    0.00    0.00    0.00    0.00    0.00    7.61
23:02:02       1   85.60    0.00    6.38    0.00    0.00    0.00    0.00    0.00    0.00    8.02
23:02:02       2   85.36    0.00    6.39    0.00    0.00    0.00    0.00    0.00    0.00    8.25
23:02:02       3   85.63    0.00    6.57    0.00    0.00    0.00    0.00    0.00    0.00    7.80
23:02:02       4   87.06    0.00    5.75    0.00    0.00    0.00    0.00    0.00    0.00    7.19
23:02:02       5   80.53    0.00    4.51    0.00    0.00    9.63    0.00    0.00    0.00    5.33
23:02:02       6   85.69    0.00    6.13    0.00    0.00    0.00    0.00    0.00    0.00    8.18
23:02:02       7   81.31    0.00    4.31    0.00    0.00    8.21    0.00    0.00    0.00    6.16
23:02:02       8   81.80    0.00    3.68    0.00    0.00    9.00    0.00    0.00    0.00    5.52
23:02:02       9   80.49    0.00    4.31    0.00    0.00    9.24    0.00    0.00    0.00    5.95
23:02:02      10   80.33    0.00    4.71    0.00    0.00    9.63    0.00    0.00    0.00    5.33
23:02:02      11   81.60    0.00    4.29    0.00    0.00    8.79    0.00    0.00    0.00    5.32
23:02:02      12   79.71    0.00    3.69    0.00    0.00   10.86    0.00    0.00    0.00    5.74
23:02:02      13   86.65    0.00    5.95    0.00    0.00    0.00    0.00    0.00    0.00    7.39
23:02:02      14   81.10    0.00    4.27    0.00    0.00    8.94    0.00    0.00    0.00    5.69
23:02:02      15   86.42    0.00    5.97    0.00    0.00    0.00    0.00    0.00    0.00    7.61

23:02:02     CPU    %usr   %nice    %sys %iowait    %irq   %soft  %steal  %guest  %gnice   %idle
23:02:07     all   80.30    0.00    5.39    0.00    0.00    4.43    0.00    0.00    0.00    9.89
23:02:07       0   81.97    0.00    5.87    0.00    0.00    0.00    0.00    0.00    0.00   12.16
23:02:07       1   81.84    0.00    6.47    0.00    0.00    0.00    0.00    0.00    0.00   11.69
23:02:07       2   82.54    0.00    6.24    0.00    0.00    0.00    0.00    0.00    0.00   11.23
23:02:07       3   81.91    0.00    6.65    0.00    0.00    0.00    0.00    0.00    0.00   11.43
23:02:07       4   83.40    0.00    6.02    0.00    0.00    0.00    0.00    0.00    0.00   10.58
23:02:07       5   79.42    0.00    4.78    0.00    0.00    7.69    0.00    0.00    0.00    8.11
23:02:07       6   82.29    0.00    6.04    0.00    0.00    0.00    0.00    0.00    0.00   11.67
23:02:07       7   78.42    0.00    4.77    0.00    0.00    8.09    0.00    0.00    0.00    8.71
23:02:07       8   77.48    0.00    4.55    0.00    0.00    9.09    0.00    0.00    0.00    8.88
23:02:07       9   78.31    0.00    4.13    0.00    0.00    8.26    0.00    0.00    0.00    9.30
23:02:07      10   76.91    0.00    4.54    0.00    0.00    9.48    0.00    0.00    0.00    9.07
23:02:07      11   78.88    0.00    4.35    0.00    0.00    8.49    0.00    0.00    0.00    8.28
23:02:07      12   79.09    0.00    4.14    0.00    0.00    9.94    0.00    0.00    0.00    6.83
23:02:07      13   82.67    0.00    6.26    0.00    0.00    0.00    0.00    0.00    0.00   11.06
23:02:07      14   77.89    0.00    4.55    0.00    0.00    9.50    0.00    0.00    0.00    8.06
23:02:07      15   81.91    0.00    6.86    0.00    0.00    0.00    0.00    0.00    0.00   11.23

23:02:07     CPU    %usr   %nice    %sys %iowait    %irq   %soft  %steal  %guest  %gnice   %idle
23:02:12     all   78.62    0.00    5.50    0.00    0.00    4.13    0.01    0.00    0.00   11.73
23:02:12       0   79.63    0.00    6.65    0.00    0.00    0.00    0.00    0.00    0.00   13.72
23:02:12       1   79.75    0.00    6.40    0.00    0.00    0.00    0.00    0.00    0.00   13.84
23:02:12       2   79.92    0.00    6.21    0.00    0.00    0.00    0.00    0.00    0.00   13.87
23:02:12       3   80.08    0.00    6.85    0.00    0.00    0.00    0.00    0.00    0.00   13.07
23:02:12       4   81.16    0.00    5.59    0.00    0.00    0.00    0.00    0.00    0.00   13.25
23:02:12       5   77.53    0.00    4.54    0.00    0.00    8.25    0.00    0.00    0.00    9.69
23:02:12       6   78.97    0.00    7.22    0.00    0.00    0.00    0.00    0.00    0.00   13.81
23:02:12       7   77.07    0.00    4.55    0.00    0.00    8.06    0.00    0.00    0.00   10.33
23:02:12       8   77.69    0.00    4.55    0.00    0.00    7.85    0.00    0.00    0.00    9.92
23:02:12       9   77.16    0.00    4.94    0.00    0.00    7.61    0.00    0.00    0.00   10.29
23:02:12      10   76.13    0.00    4.53    0.00    0.00    9.05    0.21    0.00    0.00   10.08
23:02:12      11   76.43    0.00    4.51    0.00    0.00    9.22    0.00    0.00    0.00    9.84
23:02:12      12   77.73    0.00    4.33    0.00    0.00    8.87    0.00    0.00    0.00    9.07
23:02:12      13   80.70    0.00    6.16    0.00    0.00    0.00    0.00    0.00    0.00   13.14
23:02:12      14   77.69    0.00    4.75    0.00    0.00    7.02    0.00    0.00    0.00   10.54
23:02:12      15   80.42    0.00    6.25    0.00    0.00    0.00    0.00    0.00    0.00   13.33

23:02:12     CPU    %usr   %nice    %sys %iowait    %irq   %soft  %steal  %guest  %gnice   %idle
23:02:17     all   79.30    0.00    5.44    0.00    0.00    4.01    0.00    0.00    0.00   11.25
23:02:17       0   80.79    0.00    6.40    0.00    0.00    0.00    0.00    0.00    0.00   12.81
23:02:17       1   80.17    0.00    6.40    0.00    0.00    0.00    0.00    0.00    0.00   13.43
23:02:17       2   80.54    0.00    6.63    0.00    0.00    0.00    0.00    0.00    0.00   12.84
23:02:17       3   81.50    0.00    5.61    0.00    0.00    0.00    0.00    0.00    0.00   12.89
23:02:17       4   81.25    0.00    6.04    0.00    0.00    0.00    0.00    0.00    0.00   12.71
23:02:17       5   78.14    0.00    4.95    0.00    0.00    7.84    0.00    0.00    0.00    9.07
23:02:17       6   80.99    0.00    5.99    0.00    0.00    0.00    0.00    0.00    0.00   13.02
23:02:17       7   76.70    0.00    4.12    0.00    0.00    8.87    0.00    0.00    0.00   10.31
23:02:17       8   77.48    0.00    4.55    0.00    0.00    8.47    0.00    0.00    0.00    9.50
23:02:17       9   78.31    0.00    4.55    0.00    0.00    7.02    0.00    0.00    0.00   10.12
23:02:17      10   77.73    0.00    5.15    0.00    0.00    7.84    0.00    0.00    0.00    9.28
23:02:17      11   78.05    0.00    4.14    0.00    0.00    8.28    0.00    0.00    0.00    9.52
23:02:17      12   76.75    0.00    4.53    0.00    0.00    9.67    0.00    0.00    0.00    9.05
23:02:17      13   80.91    0.00    6.43    0.00    0.00    0.00    0.00    0.00    0.00   12.66
23:02:17      14   79.18    0.00    4.95    0.00    0.00    5.98    0.00    0.00    0.00    9.90
23:02:17      15   80.41    0.00    6.60    0.00    0.00    0.00    0.00    0.00    0.00   12.99

23:02:17     CPU    %usr   %nice    %sys %iowait    %irq   %soft  %steal  %guest  %gnice   %idle
23:02:22     all   80.47    0.00    5.53    0.00    0.00    3.68    0.00    0.00    0.00   10.32
23:02:22       0   82.38    0.00    5.94    0.00    0.00    0.00    0.00    0.00    0.00   11.68
23:02:22       1   81.31    0.00    7.19    0.00    0.00    0.00    0.00    0.00    0.00   11.50
23:02:22       2   81.56    0.00    6.56    0.00    0.00    0.00    0.00    0.00    0.00   11.89
23:02:22       3   81.80    0.00    6.34    0.00    0.00    0.00    0.00    0.00    0.00   11.86
23:02:22       4   81.57    0.00    6.63    0.00    0.00    0.00    0.00    0.00    0.00   11.80
23:02:22       5   80.16    0.00    4.09    0.00    0.00    6.95    0.00    0.00    0.00    8.79
23:02:22       6   81.37    0.00    6.21    0.00    0.00    0.00    0.00    0.00    0.00   12.42
23:02:22       7   78.07    0.00    4.92    0.00    0.00    8.20    0.00    0.00    0.00    8.81
23:02:22       8   78.73    0.00    4.09    0.00    0.00    8.38    0.00    0.00    0.00    8.79
23:02:22       9   78.89    0.00    5.12    0.00    0.00    6.56    0.00    0.00    0.00    9.43
23:02:22      10   79.22    0.00    4.73    0.00    0.00    7.41    0.00    0.00    0.00    8.64
23:02:22      11   79.55    0.00    4.91    0.00    0.00    6.95    0.00    0.00    0.00    8.59
23:02:22      12   79.39    0.00    4.90    0.00    0.00    7.76    0.00    0.00    0.00    7.96
23:02:22      13   82.38    0.00    6.15    0.00    0.00    0.00    0.00    0.00    0.00   11.48
23:02:22      14   79.96    0.00    4.34    0.00    0.00    6.61    0.00    0.00    0.00    9.09
23:02:22      15   81.19    0.00    6.34    0.00    0.00    0.00    0.00    0.00    0.00   12.47

23:02:22     CPU    %usr   %nice    %sys %iowait    %irq   %soft  %steal  %guest  %gnice   %idle
23:02:27     all   79.39    0.00    5.50    0.00    0.00    3.81    0.00    0.00    0.00   11.30
23:02:27       0   80.12    0.00    6.83    0.00    0.00    0.00    0.00    0.00    0.00   13.04
23:02:27       1   80.75    0.00    6.21    0.00    0.00    0.00    0.00    0.00    0.00   13.04
23:02:27       2   79.79    0.00    6.39    0.00    0.00    0.00    0.00    0.00    0.00   13.81
23:02:27       3   81.15    0.00    5.94    0.00    0.00    0.00    0.00    0.00    0.00   12.91
23:02:27       4   81.93    0.00    5.95    0.00    0.00    0.00    0.00    0.00    0.00   12.11
23:02:27       5   78.48    0.00    4.71    0.00    0.00    7.58    0.00    0.00    0.00    9.22
23:02:27       6   80.25    0.00    6.58    0.00    0.00    0.00    0.00    0.00    0.00   13.17
23:02:27       7   78.14    0.00    4.33    0.00    0.00    7.42    0.00    0.00    0.00   10.10
23:02:27       8   78.44    0.00    4.93    0.00    0.00    7.39    0.00    0.00    0.00    9.24
23:02:27       9   78.63    0.00    4.56    0.00    0.00    6.64    0.00    0.00    0.00   10.17
23:02:27      10   76.23    0.00    5.12    0.00    0.00    8.81    0.00    0.00    0.00    9.84
23:02:27      11   78.48    0.00    4.71    0.00    0.00    7.38    0.00    0.00    0.00    9.43
23:02:27      12   78.37    0.00    4.08    0.00    0.00    8.37    0.00    0.00    0.00    9.18
23:02:27      13   80.65    0.00    6.72    0.00    0.00    0.00    0.00    0.00    0.00   12.63
23:02:27      14   78.37    0.00    4.69    0.00    0.00    7.35    0.00    0.00    0.00    9.59
23:02:27      15   80.45    0.00    6.17    0.00    0.00    0.00    0.00    0.00    0.00   13.37

23:02:27     CPU    %usr   %nice    %sys %iowait    %irq   %soft  %steal  %guest  %gnice   %idle
23:02:32     all   78.94    0.00    5.59    0.00    0.00    4.45    0.00    0.00    0.00   11.01
23:02:32       0   82.16    0.00    5.81    0.00    0.00    0.00    0.00    0.00    0.00   12.03
23:02:32       1   80.33    0.00    6.83    0.00    0.00    0.00    0.00    0.00    0.00   12.84
23:02:32       2   81.37    0.00    6.21    0.00    0.00    0.00    0.00    0.00    0.00   12.42
23:02:32       3   80.99    0.00    6.61    0.00    0.00    0.00    0.00    0.00    0.00   12.40
23:02:32       4   81.20    0.00    6.40    0.00    0.00    0.00    0.00    0.00    0.00   12.40
23:02:32       5   77.11    0.00    4.54    0.00    0.00    9.48    0.00    0.00    0.00    8.87
23:02:32       6   80.37    0.00    6.82    0.00    0.00    0.00    0.00    0.00    0.00   12.81
23:02:32       7   75.36    0.00    4.93    0.00    0.00    8.83    0.00    0.00    0.00   10.88
23:02:32       8   76.29    0.00    4.74    0.00    0.00    9.69    0.00    0.00    0.00    9.28
23:02:32       9   77.02    0.00    5.38    0.00    0.00    7.25    0.00    0.00    0.00   10.35
23:02:32      10   76.29    0.00    4.74    0.00    0.00    9.48    0.00    0.00    0.00    9.48
23:02:32      11   77.43    0.00    4.55    0.00    0.00    8.28    0.00    0.00    0.00    9.73
23:02:32      12   77.53    0.00    4.54    0.00    0.00    9.48    0.00    0.00    0.00    8.45
23:02:32      13   81.24    0.00    6.39    0.00    0.00    0.00    0.00    0.00    0.00   12.37
23:02:32      14   77.43    0.00    4.35    0.00    0.00    8.70    0.00    0.00    0.00    9.52
23:02:32      15   80.99    0.00    6.61    0.00    0.00    0.00    0.00    0.00    0.00   12.40

23:02:32     CPU    %usr   %nice    %sys %iowait    %irq   %soft  %steal  %guest  %gnice   %idle
23:02:37     all   45.04    0.00    3.16    0.08    0.00    2.14    0.01    0.00    0.00   49.58
23:02:37       0   45.05    0.00    3.64    0.20    0.00    0.00    0.20    0.00    0.00   50.91
23:02:37       1   45.10    0.00    3.47    0.00    0.00    0.00    0.00    0.00    0.00   51.43
23:02:37       2   44.83    0.00    3.85    0.20    0.00    0.00    0.00    0.00    0.00   51.12
23:02:37       3   44.65    0.00    4.04    0.20    0.00    0.00    0.00    0.00    0.00   51.11
23:02:37       4   45.33    0.00    3.86    0.00    0.00    0.00    0.00    0.00    0.00   50.81
23:02:37       5   43.50    0.00    2.44    0.00    0.00    4.07    0.00    0.00    0.00   50.00
23:02:37       6   45.03    0.00    4.06    0.20    0.00    0.00    0.00    0.00    0.00   50.71
23:02:37       7   55.40    0.00    4.48    0.20    0.00    3.87    0.00    0.00    0.00   36.05
23:02:37       8   43.18    0.00    2.24    0.00    0.00    4.89    0.00    0.00    0.00   49.69
23:02:37       9   43.12    0.00    2.63    0.20    0.00    4.25    0.00    0.00    0.00   49.80
23:02:37      10   42.97    0.00    2.65    0.00    0.00    4.28    0.00    0.00    0.00   50.10
23:02:37      11   43.61    0.00    2.64    0.00    0.00    4.06    0.00    0.00    0.00   49.70
23:02:37      12   43.86    0.00    2.01    0.00    0.00    4.83    0.00    0.00    0.00   49.30
23:02:37      13   45.95    0.00    3.24    0.00    0.00    0.00    0.00    0.00    0.00   50.81
23:02:37      14   44.33    0.00    2.02    0.00    0.00    4.05    0.00    0.00    0.00   49.60
23:02:37      15   44.72    0.00    3.25    0.00    0.00    0.00    0.00    0.00    0.00   52.03
