Linux 6.17.0-1015-aws (ip-172-31-2-48) 	05/26/26 	_x86_64_	(4 CPU)

23:00:00     CPU    %usr   %nice    %sys %iowait    %irq   %soft  %steal  %guest  %gnice   %idle
23:00:05     all   17.52    0.00    3.47    0.15    0.00    0.81    0.10    0.00    0.00   77.95
23:00:05       0    7.65    0.00    4.43    0.60    0.00    0.00    0.20    0.00    0.00   87.12
23:00:05       1   33.06    0.00    2.02    0.00    0.00    2.42    0.00    0.00    0.00   62.50
23:00:05       2    8.85    0.00    3.82    0.00    0.00    0.00    0.20    0.00    0.00   87.12
23:00:05       3   20.56    0.00    3.63    0.00    0.00    0.81    0.00    0.00    0.00   75.00

23:00:05     CPU    %usr   %nice    %sys %iowait    %irq   %soft  %steal  %guest  %gnice   %idle
23:00:10     all   64.04    0.00   24.23    0.00    0.00    6.45    0.20    0.00    0.00    5.07
23:00:10       0   72.24    0.00   21.22    0.00    0.00    0.82    0.20    0.00    0.00    5.51
23:00:10       1   59.96    0.00   19.30    0.00    0.00   18.07    0.21    0.00    0.00    2.46
23:00:10       2   62.35    0.00   27.98    0.00    0.00    2.26    0.21    0.00    0.00    7.20
23:00:10       3   61.55    0.00   28.43    0.00    0.00    4.70    0.20    0.00    0.00    5.11

23:00:10     CPU    %usr   %nice    %sys %iowait    %irq   %soft  %steal  %guest  %gnice   %idle
23:00:15     all   65.41    0.00   23.40    0.00    0.00    7.01    0.10    0.00    0.00    4.07
23:00:15       0   60.08    0.00   27.44    0.00    0.00    6.65    0.21    0.00    0.00    5.61
23:00:15       1   60.79    0.00   26.35    0.00    0.00    8.71    0.00    0.00    0.00    4.15
23:00:15       2   59.63    0.00   24.22    0.00    0.00   12.84    0.21    0.00    0.00    3.11
23:00:15       3   80.77    0.00   15.79    0.00    0.00    0.00    0.00    0.00    0.00    3.44

23:00:15     CPU    %usr   %nice    %sys %iowait    %irq   %soft  %steal  %guest  %gnice   %idle
23:00:20     all   70.39    0.00   20.16    0.00    0.00    6.13    0.20    0.00    0.00    3.11
23:00:20       0   69.61    0.00   20.12    0.00    0.00    6.37    0.21    0.00    0.00    3.70
23:00:20       1   71.57    0.00   18.40    0.00    0.00    5.73    0.20    0.00    0.00    4.09
23:00:20       2   58.76    0.00   27.22    0.00    0.00   10.31    0.21    0.00    0.00    3.51
23:00:20       3   81.33    0.00   15.06    0.00    0.00    2.21    0.20    0.00    0.00    1.20

23:00:20     CPU    %usr   %nice    %sys %iowait    %irq   %soft  %steal  %guest  %gnice   %idle
23:00:25     all   64.12    0.00   24.13    0.00    0.00    6.88    0.21    0.00    0.00    4.67
23:00:25       0   65.98    0.00   22.06    0.00    0.00    7.22    0.21    0.00    0.00    4.54
23:00:25       1   63.73    0.00   28.89    0.00    0.00    0.00    0.20    0.00    0.00    7.17
23:00:25       2   63.51    0.00   23.92    0.00    0.00    8.04    0.21    0.00    0.00    4.33
23:00:25       3   63.27    0.00   21.63    0.00    0.00   12.24    0.20    0.00    0.00    2.65

23:00:25     CPU    %usr   %nice    %sys %iowait    %irq   %soft  %steal  %guest  %gnice   %idle
23:00:30     all   75.57    0.00   15.79    0.00    0.00    6.75    0.10    0.00    0.00    1.78
23:00:30       0   70.79    0.00   20.28    0.00    0.00    6.29    0.20    0.00    0.00    2.43
23:00:30       1   92.76    0.00    6.04    0.00    0.00    0.80    0.00    0.00    0.00    0.40
23:00:30       2   65.30    0.00   22.59    0.00    0.00    8.42    0.21    0.00    0.00    3.49
23:00:30       3   73.17    0.00   14.43    0.00    0.00   11.59    0.00    0.00    0.00    0.81

23:00:30     CPU    %usr   %nice    %sys %iowait    %irq   %soft  %steal  %guest  %gnice   %idle
23:00:35     all   72.00    0.00   16.51    0.00    0.00    6.66    0.20    0.00    0.00    4.62
23:00:35       0   77.98    0.00   14.95    0.00    0.00    5.45    0.20    0.00    0.00    1.41
23:00:35       1   73.01    0.00   18.81    0.00    0.00    5.73    0.20    0.00    0.00    2.25
23:00:35       2   66.40    0.00   17.41    0.00    0.00    8.70    0.20    0.00    0.00    7.29
23:00:35       3   70.61    0.00   14.90    0.00    0.00    6.73    0.20    0.00    0.00    7.55

23:00:35     CPU    %usr   %nice    %sys %iowait    %irq   %soft  %steal  %guest  %gnice   %idle
23:00:40     all   64.09    0.00   24.28    0.00    0.00    7.20    0.26    0.00    0.00    4.17
23:00:40       0   65.91    0.00   23.20    0.00    0.00    6.57    0.41    0.00    0.00    3.90
23:00:40       1   63.71    0.00   25.77    0.00    0.00    5.57    0.21    0.00    0.00    4.74
23:00:40       2   59.59    0.00   26.60    0.00    0.00    9.07    0.21    0.00    0.00    4.54
23:00:40       3   67.15    0.00   21.56    0.00    0.00    7.60    0.21    0.00    0.00    3.49

23:00:40     CPU    %usr   %nice    %sys %iowait    %irq   %soft  %steal  %guest  %gnice   %idle
23:00:45     all   64.40    0.00   23.66    0.00    0.00    7.56    0.15    0.00    0.00    4.22
23:00:45       0   63.52    0.00   24.18    0.00    0.00    7.58    0.20    0.00    0.00    4.51
23:00:45       1   68.51    0.00   21.68    0.00    0.00    5.52    0.20    0.00    0.00    4.09
23:00:45       2   60.66    0.00   25.47    0.00    0.00    9.32    0.21    0.00    0.00    4.35
23:00:45       3   64.88    0.00   23.35    0.00    0.00    7.85    0.00    0.00    0.00    3.93

23:00:45     CPU    %usr   %nice    %sys %iowait    %irq   %soft  %steal  %guest  %gnice   %idle
23:00:50     all   64.97    0.00   23.41    0.00    0.00    7.10    0.15    0.00    0.00    4.37
23:00:50       0   59.42    0.00   27.95    0.00    0.00    6.63    0.21    0.00    0.00    5.80
23:00:50       1   71.22    0.00   20.20    0.00    0.00    5.92    0.00    0.00    0.00    2.65
23:00:50       2   64.34    0.00   22.13    0.00    0.00    8.40    0.20    0.00    0.00    4.92
23:00:50       3   64.80    0.00   23.40    0.00    0.00    7.45    0.21    0.00    0.00    4.14

23:00:50     CPU    %usr   %nice    %sys %iowait    %irq   %soft  %steal  %guest  %gnice   %idle
23:00:55     all   69.06    0.00   20.08    0.00    0.00    7.33    0.20    0.00    0.00    3.33
23:00:55       0   70.49    0.00   19.47    0.00    0.00    6.35    0.20    0.00    0.00    3.48
23:00:55       1   69.34    0.00   20.78    0.00    0.00    6.17    0.21    0.00    0.00    3.50
23:00:55       2   75.66    0.00   12.58    0.00    0.00   10.14    0.20    0.00    0.00    1.42
23:00:55       3   60.62    0.00   27.63    0.00    0.00    6.60    0.21    0.00    0.00    4.95

23:00:55     CPU    %usr   %nice    %sys %iowait    %irq   %soft  %steal  %guest  %gnice   %idle
23:01:00     all   67.41    0.00   21.35    0.00    0.00    7.12    0.15    0.00    0.00    3.97
23:01:00       0   59.54    0.00   27.67    0.00    0.00    6.71    0.21    0.00    0.00    5.87
23:01:00       1   74.59    0.00   17.07    0.00    0.00    5.49    0.20    0.00    0.00    2.64
23:01:00       2   68.58    0.00   19.10    0.00    0.00    8.42    0.21    0.00    0.00    3.70
23:01:00       3   66.67    0.00   21.74    0.00    0.00    7.87    0.00    0.00    0.00    3.73

23:01:00     CPU    %usr   %nice    %sys %iowait    %irq   %soft  %steal  %guest  %gnice   %idle
23:01:05     all   63.60    0.00   24.08    0.00    0.00    7.44    0.15    0.00    0.00    4.72
23:01:05       0   68.64    0.00   19.14    0.00    0.00    7.74    0.20    0.00    0.00    4.28
23:01:05       1   63.30    0.00   25.77    0.00    0.00    5.36    0.00    0.00    0.00    5.57
23:01:05       2   62.37    0.00   24.54    0.00    0.00    8.59    0.20    0.00    0.00    4.29
23:01:05       3   60.04    0.00   26.92    0.00    0.00    8.07    0.21    0.00    0.00    4.76

23:01:05     CPU    %usr   %nice    %sys %iowait    %irq   %soft  %steal  %guest  %gnice   %idle
23:01:10     all   66.24    0.00   22.52    0.00    0.00    7.29    0.15    0.00    0.00    3.80
23:01:10       0   61.49    0.00   27.54    0.00    0.00    6.00    0.21    0.00    0.00    4.76
23:01:10       1   71.26    0.00   20.24    0.00    0.00    5.87    0.20    0.00    0.00    2.43
23:01:10       2   64.80    0.00   21.12    0.00    0.00    9.52    0.00    0.00    0.00    4.55
23:01:10       3   67.28    0.00   21.27    0.00    0.00    7.77    0.20    0.00    0.00    3.48

23:01:10     CPU    %usr   %nice    %sys %iowait    %irq   %soft  %steal  %guest  %gnice   %idle
23:01:15     all   68.73    0.00   20.30    0.00    0.00    7.43    0.21    0.00    0.00    3.33
23:01:15       0   72.13    0.00   17.21    0.00    0.00    7.17    0.20    0.00    0.00    3.28
23:01:15       1   68.23    0.00   22.40    0.00    0.00    5.91    0.20    0.00    0.00    3.26
23:01:15       2   63.51    0.00   23.30    0.00    0.00    9.07    0.41    0.00    0.00    3.71
23:01:15       3   71.05    0.00   18.28    0.00    0.00    7.60    0.00    0.00    0.00    3.08

23:01:15     CPU    %usr   %nice    %sys %iowait    %irq   %soft  %steal  %guest  %gnice   %idle
23:01:20     all   65.07    0.00   23.49    0.00    0.00    7.21    0.21    0.00    0.00    4.02
23:01:20       0   64.75    0.00   24.39    0.00    0.00    6.15    0.20    0.00    0.00    4.51
23:01:20       1   70.23    0.00   20.53    0.00    0.00    5.95    0.21    0.00    0.00    3.08
23:01:20       2   61.28    0.00   24.64    0.00    0.00    9.52    0.21    0.00    0.00    4.35
23:01:20       3   63.98    0.00   24.43    0.00    0.00    7.25    0.21    0.00    0.00    4.14

23:01:20     CPU    %usr   %nice    %sys %iowait    %irq   %soft  %steal  %guest  %gnice   %idle
23:01:25     all   66.67    0.00   23.93    0.00    0.00    6.81    0.15    0.00    0.00    2.44
23:01:25       0   67.81    0.00   23.89    0.00    0.00    6.68    0.20    0.00    0.00    1.42
23:01:25       1   64.95    0.00   25.98    0.00    0.00    5.15    0.00    0.00    0.00    3.92
23:01:25       2   67.68    0.00   22.63    0.00    0.00    8.48    0.20    0.00    0.00    1.01
23:01:25       3   66.19    0.00   23.28    0.00    0.00    6.88    0.20    0.00    0.00    3.44

23:01:25     CPU    %usr   %nice    %sys %iowait    %irq   %soft  %steal  %guest  %gnice   %idle
23:01:30     all   74.02    0.00   16.30    0.00    0.00    7.34    0.15    0.00    0.00    2.19
23:01:30       0   83.57    0.00    8.82    0.00    0.00    6.81    0.20    0.00    0.00    0.60
23:01:30       1   67.15    0.00   23.35    0.00    0.00    5.79    0.21    0.00    0.00    3.51
23:01:30       2   70.08    0.00   17.62    0.00    0.00    9.22    0.20    0.00    0.00    2.87
23:01:30       3   75.00    0.00   15.65    0.00    0.00    7.52    0.00    0.00    0.00    1.83

23:01:30     CPU    %usr   %nice    %sys %iowait    %irq   %soft  %steal  %guest  %gnice   %idle
23:01:35     all   64.78    0.00   23.75    0.00    0.00    7.35    0.21    0.00    0.00    3.91
23:01:35       0   71.11    0.00   18.44    0.00    0.00    6.76    0.41    0.00    0.00    3.28
23:01:35       1   63.45    0.00   26.90    0.00    0.00    5.13    0.21    0.00    0.00    4.31
23:01:35       2   61.65    0.00   24.74    0.00    0.00    9.48    0.00    0.00    0.00    4.12
23:01:35       3   62.89    0.00   24.95    0.00    0.00    8.04    0.21    0.00    0.00    3.92

23:01:35     CPU    %usr   %nice    %sys %iowait    %irq   %soft  %steal  %guest  %gnice   %idle
23:01:40     all   63.08    0.00   24.67    0.00    0.00    7.36    0.15    0.00    0.00    4.74
23:01:40       0   61.83    0.00   26.14    0.00    0.00    7.05    0.21    0.00    0.00    4.77
23:01:40       1   60.21    0.00   27.84    0.00    0.00    5.57    0.00    0.00    0.00    6.39
23:01:40       2   70.35    0.00   17.59    0.00    0.00    9.00    0.20    0.00    0.00    2.86
23:01:40       3   59.88    0.00   27.16    0.00    0.00    7.82    0.21    0.00    0.00    4.94

23:01:40     CPU    %usr   %nice    %sys %iowait    %irq   %soft  %steal  %guest  %gnice   %idle
23:01:45     all   63.79    0.00   24.77    0.00    0.00    7.05    0.20    0.00    0.00    4.19
23:01:45       0   71.28    0.00   18.33    0.00    0.00    6.52    0.20    0.00    0.00    3.67
23:01:45       1   62.45    0.00   26.73    0.00    0.00    5.71    0.20    0.00    0.00    4.90
23:01:45       2   57.49    0.00   28.34    0.00    0.00    9.24    0.21    0.00    0.00    4.72
23:01:45       3   63.88    0.00   25.71    0.00    0.00    6.73    0.20    0.00    0.00    3.47

23:01:45     CPU    %usr   %nice    %sys %iowait    %irq   %soft  %steal  %guest  %gnice   %idle
23:01:50     all   68.43    0.00   20.54    0.00    0.00    7.07    0.20    0.00    0.00    3.76
23:01:50       0   66.39    0.00   22.13    0.00    0.00    6.35    0.20    0.00    0.00    4.92
23:01:50       1   64.23    0.00   25.20    0.00    0.00    4.88    0.20    0.00    0.00    5.49
23:01:50       2   71.98    0.00   15.93    0.00    0.00    9.07    0.40    0.00    0.00    2.62
23:01:50       3   71.08    0.00   18.94    0.00    0.00    7.94    0.00    0.00    0.00    2.04

23:01:50     CPU    %usr   %nice    %sys %iowait    %irq   %soft  %steal  %guest  %gnice   %idle
23:01:55     all   66.89    0.00   21.70    0.00    0.00    6.94    0.21    0.00    0.00    4.27
23:01:55       0   63.20    0.00   25.16    0.00    0.00    5.82    0.42    0.00    0.00    5.41
23:01:55       1   69.67    0.00   20.49    0.00    0.00    5.74    0.00    0.00    0.00    4.10
23:01:55       2   61.24    0.00   25.77    0.00    0.00    7.84    0.21    0.00    0.00    4.95
23:01:55       3   73.32    0.00   15.48    0.00    0.00    8.35    0.20    0.00    0.00    2.65

23:01:55     CPU    %usr   %nice    %sys %iowait    %irq   %soft  %steal  %guest  %gnice   %idle
23:02:00     all   64.15    0.00   24.33    0.00    0.00    7.15    0.15    0.00    0.00    4.22
23:02:00       0   62.47    0.00   26.60    0.00    0.00    6.39    0.21    0.00    0.00    4.33
23:02:00       1   63.73    0.00   25.41    0.00    0.00    5.74    0.20    0.00    0.00    4.92
23:02:00       2   67.42    0.00   19.88    0.00    0.00    9.43    0.20    0.00    0.00    3.07
23:02:00       3   62.94    0.00   25.47    0.00    0.00    7.04    0.00    0.00    0.00    4.55

23:02:00     CPU    %usr   %nice    %sys %iowait    %irq   %soft  %steal  %guest  %gnice   %idle
23:02:05     all   66.41    0.00   22.26    0.00    0.00    7.44    0.21    0.00    0.00    3.69
23:02:05       0   66.67    0.00   22.70    0.00    0.00    6.34    0.20    0.00    0.00    4.09
23:02:05       1   70.73    0.00   20.12    0.00    0.00    5.89    0.20    0.00    0.00    3.05
23:02:05       2   62.32    0.00   24.22    0.00    0.00    9.11    0.21    0.00    0.00    4.14
23:02:05       3   65.84    0.00   22.02    0.00    0.00    8.44    0.21    0.00    0.00    3.50

23:02:05     CPU    %usr   %nice    %sys %iowait    %irq   %soft  %steal  %guest  %gnice   %idle
23:02:10     all   64.39    0.00   26.03    0.00    0.00    6.67    0.15    0.00    0.00    2.76
23:02:10       0   61.69    0.00   29.44    0.00    0.00    6.25    0.20    0.00    0.00    2.42
23:02:10       1   68.60    0.00   23.80    0.00    0.00    5.40    0.00    0.00    0.00    2.20
23:02:10       2   64.93    0.00   23.85    0.00    0.00    8.42    0.20    0.00    0.00    2.61
23:02:10       3   62.32    0.00   27.05    0.00    0.00    6.61    0.20    0.00    0.00    3.81

23:02:10     CPU    %usr   %nice    %sys %iowait    %irq   %soft  %steal  %guest  %gnice   %idle
23:02:15     all   62.50    0.00   25.82    0.00    0.00    7.04    0.15    0.00    0.00    4.49
23:02:15       0   62.99    0.00   24.34    0.00    0.00    7.16    0.20    0.00    0.00    5.32
23:02:15       1   65.04    0.00   24.80    0.00    0.00    5.69    0.20    0.00    0.00    4.27
23:02:15       2   59.14    0.00   28.34    0.00    0.00    8.62    0.21    0.00    0.00    3.70
23:02:15       3   62.80    0.00   25.81    0.00    0.00    6.71    0.00    0.00    0.00    4.67

23:02:15     CPU    %usr   %nice    %sys %iowait    %irq   %soft  %steal  %guest  %gnice   %idle
23:02:20     all   68.59    0.00   20.82    0.00    0.00    7.04    0.21    0.00    0.00    3.34
23:02:20       0   68.04    0.00   21.44    0.00    0.00    6.19    0.21    0.00    0.00    4.12
23:02:20       1   68.64    0.00   22.40    0.00    0.00    5.50    0.20    0.00    0.00    3.26
23:02:20       2   66.94    0.00   20.66    0.00    0.00    9.09    0.21    0.00    0.00    3.10
23:02:20       3   70.72    0.00   18.76    0.00    0.00    7.42    0.21    0.00    0.00    2.89

23:02:20     CPU    %usr   %nice    %sys %iowait    %irq   %soft  %steal  %guest  %gnice   %idle
23:02:25     all   74.54    0.00   16.28    0.00    0.00    6.89    0.15    0.00    0.00    2.14
23:02:25       0   69.42    0.00   21.49    0.00    0.00    4.96    0.21    0.00    0.00    3.93
23:02:25       1   79.07    0.00   13.62    0.00    0.00    5.89    0.00    0.00    0.00    1.42
23:02:25       2   78.43    0.00   11.09    0.00    0.00    9.27    0.20    0.00    0.00    1.01
23:02:25       3   71.11    0.00   19.06    0.00    0.00    7.38    0.20    0.00    0.00    2.25

23:02:25     CPU    %usr   %nice    %sys %iowait    %irq   %soft  %steal  %guest  %gnice   %idle
23:02:30     all   69.09    0.00   19.84    0.00    0.00    7.23    0.15    0.00    0.00    3.69
23:02:30       0   68.92    0.00   19.63    0.00    0.00    7.16    0.20    0.00    0.00    4.09
23:02:30       1   71.75    0.00   19.31    0.00    0.00    5.89    0.20    0.00    0.00    2.85
23:02:30       2   64.74    0.00   21.86    0.00    0.00    8.87    0.21    0.00    0.00    4.33
23:02:30       3   70.93    0.00   18.56    0.00    0.00    7.01    0.00    0.00    0.00    3.51

23:02:30     CPU    %usr   %nice    %sys %iowait    %irq   %soft  %steal  %guest  %gnice   %idle
23:02:35     all   61.35    0.00   22.18    0.00    0.00    7.15    0.21    0.00    0.00    9.11
23:02:35       0   64.20    0.00   19.96    0.00    0.00    7.00    0.21    0.00    0.00    8.64
23:02:35       1   60.08    0.00   24.90    0.00    0.00    5.56    0.21    0.00    0.00    9.26
23:02:35       2   57.56    0.00   23.19    0.00    0.00    9.52    0.21    0.00    0.00    9.52
23:02:35       3   63.52    0.00   20.70    0.00    0.00    6.56    0.20    0.00    0.00    9.02
