Linux 6.17.0-1015-aws (ip-172-31-5-230) 	05/26/26 	_x86_64_	(4 CPU)

23:00:01     CPU    %usr   %nice    %sys %iowait    %irq   %soft  %steal  %guest  %gnice   %idle
23:00:06     all   22.83    0.00    7.12    0.10    0.00    2.42    0.05    0.00    0.00   67.47
23:00:06       0   14.57    0.00    9.31    0.00    0.00    0.00    0.20    0.00    0.00   75.91
23:00:06       1   29.09    0.00    6.67    0.00    0.00    3.03    0.00    0.00    0.00   61.21
23:00:06       2   17.17    0.00    6.67    0.40    0.00    3.03    0.00    0.00    0.00   72.73
23:00:06       3   30.44    0.00    5.85    0.00    0.00    3.63    0.00    0.00    0.00   60.08

23:00:06     CPU    %usr   %nice    %sys %iowait    %irq   %soft  %steal  %guest  %gnice   %idle
23:00:11     all   65.94    0.00   21.96    0.00    0.00    9.87    0.25    0.00    0.00    1.97
23:00:11       0   67.28    0.00   26.75    0.00    0.00    0.00    0.21    0.00    0.00    5.76
23:00:11       1   63.43    0.00   24.04    0.00    0.00   11.11    0.20    0.00    0.00    1.21
23:00:11       2   64.92    0.00   22.38    0.00    0.00   11.49    0.40    0.00    0.00    0.81
23:00:11       3   68.14    0.00   14.83    0.00    0.00   16.63    0.20    0.00    0.00    0.20

23:00:11     CPU    %usr   %nice    %sys %iowait    %irq   %soft  %steal  %guest  %gnice   %idle
23:00:16     all   73.89    0.00   16.06    0.00    0.00    8.69    0.15    0.00    0.00    1.21
23:00:16       0   70.67    0.00   22.40    0.00    0.00    4.07    0.20    0.00    0.00    2.65
23:00:16       1   76.26    0.00   13.28    0.00    0.00    9.66    0.20    0.00    0.00    0.60
23:00:16       2   75.30    0.00   13.65    0.00    0.00   10.44    0.20    0.00    0.00    0.40
23:00:16       3   73.28    0.00   14.98    0.00    0.00   10.53    0.00    0.00    0.00    1.21

23:00:16     CPU    %usr   %nice    %sys %iowait    %irq   %soft  %steal  %guest  %gnice   %idle
23:00:21     all   75.46    0.00   13.64    0.00    0.00    9.79    0.25    0.00    0.00    0.86
23:00:21       0   73.10    0.00   18.28    0.00    0.00    6.78    0.21    0.00    0.00    1.64
23:00:21       1   73.64    0.00    8.45    0.00    0.00   17.10    0.20    0.00    0.00    0.60
23:00:21       2   74.54    0.00   14.87    0.00    0.00    9.57    0.20    0.00    0.00    0.81
23:00:21       3   80.48    0.00   13.08    0.00    0.00    5.63    0.40    0.00    0.00    0.40

23:00:21     CPU    %usr   %nice    %sys %iowait    %irq   %soft  %steal  %guest  %gnice   %idle
23:00:26     all   77.27    0.00   13.15    0.00    0.00    8.93    0.20    0.00    0.00    0.45
23:00:26       0   79.88    0.00   11.67    0.00    0.00    7.65    0.20    0.00    0.00    0.60
23:00:26       1   70.68    0.00   16.27    0.00    0.00   12.45    0.20    0.00    0.00    0.40
23:00:26       2   73.24    0.00   15.69    0.00    0.00   10.26    0.20    0.00    0.00    0.60
23:00:26       3   85.23    0.00    8.98    0.00    0.00    5.39    0.20    0.00    0.00    0.20

23:00:26     CPU    %usr   %nice    %sys %iowait    %irq   %soft  %steal  %guest  %gnice   %idle
23:00:31     all   76.46    0.00   14.70    0.00    0.00    7.88    0.20    0.00    0.00    0.76
23:00:31       0   78.02    0.00   13.51    0.00    0.00    7.26    0.40    0.00    0.00    0.81
23:00:31       1   75.65    0.00   13.88    0.00    0.00    9.86    0.00    0.00    0.00    0.60
23:00:31       2   79.28    0.00   11.47    0.00    0.00    8.85    0.20    0.00    0.00    0.20
23:00:31       3   72.86    0.00   20.00    0.00    0.00    5.51    0.20    0.00    0.00    1.43

23:00:31     CPU    %usr   %nice    %sys %iowait    %irq   %soft  %steal  %guest  %gnice   %idle
23:00:36     all   68.84    0.00   17.47    0.10    0.00    7.98    0.20    0.00    0.00    5.40
23:00:36       0   70.99    0.00   17.85    0.00    0.00    7.91    0.20    0.00    0.00    3.04
23:00:36       1   65.32    0.00   18.75    0.40    0.00    9.68    0.20    0.00    0.00    5.65
23:00:36       2   64.65    0.00   19.80    0.00    0.00    8.89    0.20    0.00    0.00    6.46
23:00:36       3   74.40    0.00   13.51    0.00    0.00    5.44    0.20    0.00    0.00    6.45

23:00:36     CPU    %usr   %nice    %sys %iowait    %irq   %soft  %steal  %guest  %gnice   %idle
23:00:41     all   67.86    0.00   21.12    0.00    0.00    9.35    0.25    0.00    0.00    1.41
23:00:41       0   71.72    0.00   17.98    0.00    0.00    8.69    0.40    0.00    0.00    1.21
23:00:41       1   69.09    0.00   17.17    0.00    0.00   12.53    0.20    0.00    0.00    1.01
23:00:41       2   65.45    0.00   23.23    0.00    0.00    9.70    0.20    0.00    0.00    1.41
23:00:41       3   65.18    0.00   26.11    0.00    0.00    6.48    0.20    0.00    0.00    2.02

23:00:41     CPU    %usr   %nice    %sys %iowait    %irq   %soft  %steal  %guest  %gnice   %idle
23:00:46     all   67.90    0.00   21.50    0.00    0.00    9.13    0.10    0.00    0.00    1.37
23:00:46       0   65.92    0.00   24.34    0.00    0.00    7.91    0.20    0.00    0.00    1.62
23:00:46       1   62.86    0.00   23.47    0.00    0.00   11.84    0.00    0.00    0.00    1.84
23:00:46       2   71.86    0.00   17.00    0.00    0.00   10.53    0.00    0.00    0.00    0.61
23:00:46       3   70.91    0.00   21.21    0.00    0.00    6.26    0.20    0.00    0.00    1.41

23:00:46     CPU    %usr   %nice    %sys %iowait    %irq   %soft  %steal  %guest  %gnice   %idle
23:00:51     all   68.17    0.00   21.99    0.00    0.00    8.68    0.30    0.00    0.00    0.85
23:00:51       0   70.60    0.00   20.40    0.00    0.00    8.00    0.40    0.00    0.00    0.60
23:00:51       1   65.59    0.00   23.14    0.00    0.00   10.66    0.20    0.00    0.00    0.40
23:00:51       2   68.54    0.00   21.04    0.00    0.00    9.22    0.20    0.00    0.00    1.00
23:00:51       3   67.94    0.00   23.39    0.00    0.00    6.85    0.40    0.00    0.00    1.41

23:00:51     CPU    %usr   %nice    %sys %iowait    %irq   %soft  %steal  %guest  %gnice   %idle
23:00:56     all   72.36    0.00   18.09    0.00    0.00    8.24    0.20    0.00    0.00    1.11
23:00:56       0   69.17    0.00   20.89    0.00    0.00    8.52    0.20    0.00    0.00    1.22
23:00:56       1   68.35    0.00   20.36    0.00    0.00   10.08    0.20    0.00    0.00    1.01
23:00:56       2   75.56    0.00   14.95    0.00    0.00    8.48    0.20    0.00    0.00    0.81
23:00:56       3   76.36    0.00   16.16    0.00    0.00    5.86    0.20    0.00    0.00    1.41

23:00:56     CPU    %usr   %nice    %sys %iowait    %irq   %soft  %steal  %guest  %gnice   %idle
23:01:01     all   66.43    0.00   23.71    0.00    0.00    9.10    0.20    0.00    0.00    0.55
23:01:01       0   59.04    0.00   31.93    0.00    0.00    8.43    0.20    0.00    0.00    0.40
23:01:01       1   68.74    0.00   19.04    0.00    0.00   11.62    0.20    0.00    0.00    0.40
23:01:01       2   64.07    0.00   25.15    0.00    0.00    9.78    0.20    0.00    0.00    0.80
23:01:01       3   73.85    0.00   18.76    0.00    0.00    6.59    0.20    0.00    0.00    0.60

23:01:01     CPU    %usr   %nice    %sys %iowait    %irq   %soft  %steal  %guest  %gnice   %idle
23:01:06     all   70.33    0.00   19.73    0.00    0.00    8.43    0.20    0.00    0.00    1.31
23:01:06       0   64.65    0.00   26.26    0.00    0.00    7.07    0.40    0.00    0.00    1.62
23:01:06       1   76.41    0.00   11.90    0.00    0.00   11.09    0.00    0.00    0.00    0.60
23:01:06       2   68.69    0.00   20.00    0.00    0.00    9.70    0.20    0.00    0.00    1.41
23:01:06       3   71.57    0.00   20.77    0.00    0.00    5.85    0.20    0.00    0.00    1.61

23:01:06     CPU    %usr   %nice    %sys %iowait    %irq   %soft  %steal  %guest  %gnice   %idle
23:01:11     all   69.25    0.00   20.01    0.00    0.00    8.81    0.20    0.00    0.00    1.72
23:01:11       0   64.56    0.00   24.85    0.00    0.00    8.35    0.20    0.00    0.00    2.04
23:01:11       1   70.74    0.00   16.83    0.00    0.00   11.42    0.20    0.00    0.00    0.80
23:01:11       2   68.98    0.00   18.78    0.00    0.00    9.80    0.20    0.00    0.00    2.24
23:01:11       3   72.67    0.00   19.64    0.00    0.00    5.67    0.20    0.00    0.00    1.82

23:01:11     CPU    %usr   %nice    %sys %iowait    %irq   %soft  %steal  %guest  %gnice   %idle
23:01:16     all   69.76    0.00   19.38    0.00    0.00    8.87    0.20    0.00    0.00    1.78
23:01:16       0   71.78    0.00   17.79    0.00    0.00    8.38    0.20    0.00    0.00    1.84
23:01:16       1   63.21    0.00   23.98    0.00    0.00   10.98    0.20    0.00    0.00    1.63
23:01:16       2   82.97    0.00    6.41    0.00    0.00   10.22    0.20    0.00    0.00    0.20
23:01:16       3   60.71    0.00   29.73    0.00    0.00    5.82    0.21    0.00    0.00    3.53

23:01:16     CPU    %usr   %nice    %sys %iowait    %irq   %soft  %steal  %guest  %gnice   %idle
23:01:21     all   71.38    0.00   17.69    0.00    0.00    9.35    0.20    0.00    0.00    1.37
23:01:21       0   74.29    0.00   14.57    0.00    0.00    9.92    0.20    0.00    0.00    1.01
23:01:21       1   63.06    0.00   23.47    0.00    0.00   11.63    0.20    0.00    0.00    1.63
23:01:21       2   68.10    0.00   20.65    0.00    0.00    9.41    0.20    0.00    0.00    1.64
23:01:21       3   79.96    0.00   12.15    0.00    0.00    6.48    0.20    0.00    0.00    1.21

23:01:21     CPU    %usr   %nice    %sys %iowait    %irq   %soft  %steal  %guest  %gnice   %idle
23:01:26     all   68.27    0.00   21.83    0.00    0.00    8.43    0.20    0.00    0.00    1.27
23:01:26       0   71.31    0.00   19.60    0.00    0.00    8.08    0.40    0.00    0.00    0.61
23:01:26       1   65.38    0.00   23.01    0.00    0.00   10.39    0.00    0.00    0.00    1.22
23:01:26       2   64.08    0.00   24.90    0.00    0.00    9.39    0.00    0.00    0.00    1.63
23:01:26       3   72.27    0.00   19.84    0.00    0.00    5.87    0.40    0.00    0.00    1.62

23:01:26     CPU    %usr   %nice    %sys %iowait    %irq   %soft  %steal  %guest  %gnice   %idle
23:01:31     all   67.43    0.00   21.46    0.00    0.00    9.03    0.20    0.00    0.00    1.88
23:01:31       0   75.90    0.00   14.66    0.00    0.00    8.43    0.20    0.00    0.00    0.80
23:01:31       1   66.87    0.00   20.81    0.00    0.00   10.51    0.20    0.00    0.00    1.62
23:01:31       2   65.04    0.00   22.56    0.00    0.00   10.98    0.20    0.00    0.00    1.22
23:01:31       3   61.73    0.00   27.98    0.00    0.00    6.17    0.21    0.00    0.00    3.91

23:01:31     CPU    %usr   %nice    %sys %iowait    %irq   %soft  %steal  %guest  %gnice   %idle
23:01:36     all   73.33    0.00   17.41    0.00    0.00    8.30    0.20    0.00    0.00    0.75
23:01:36       0   80.08    0.00   11.67    0.00    0.00    7.65    0.20    0.00    0.00    0.40
23:01:36       1   65.79    0.00   22.13    0.00    0.00   10.87    0.20    0.00    0.00    1.01
23:01:36       2   71.72    0.00   17.98    0.00    0.00    8.89    0.20    0.00    0.00    1.21
23:01:36       3   75.70    0.00   17.87    0.00    0.00    5.82    0.20    0.00    0.00    0.40

23:01:36     CPU    %usr   %nice    %sys %iowait    %irq   %soft  %steal  %guest  %gnice   %idle
23:01:41     all   74.47    0.00   15.15    0.00    0.00    9.23    0.25    0.00    0.00    0.90
23:01:41       0   78.49    0.00   11.95    0.00    0.00    9.16    0.40    0.00    0.00    0.00
23:01:41       1   68.83    0.00   18.22    0.00    0.00   11.34    0.20    0.00    0.00    1.42
23:01:41       2   76.05    0.00   13.17    0.00    0.00    9.98    0.20    0.00    0.00    0.60
23:01:41       3   74.45    0.00   17.30    0.00    0.00    6.44    0.20    0.00    0.00    1.61

23:01:41     CPU    %usr   %nice    %sys %iowait    %irq   %soft  %steal  %guest  %gnice   %idle
23:01:46     all   78.60    0.00   12.98    0.00    0.00    8.07    0.15    0.00    0.00    0.20
23:01:46       0   81.20    0.00   10.20    0.00    0.00    8.40    0.20    0.00    0.00    0.00
23:01:46       1   78.92    0.00   11.04    0.00    0.00    9.84    0.20    0.00    0.00    0.00
23:01:46       2   71.83    0.00   19.11    0.00    0.00    8.45    0.00    0.00    0.00    0.60
23:01:46       3   82.40    0.00   11.60    0.00    0.00    5.60    0.20    0.00    0.00    0.20

23:01:46     CPU    %usr   %nice    %sys %iowait    %irq   %soft  %steal  %guest  %gnice   %idle
23:01:51     all   77.08    0.00   13.74    0.00    0.00    8.48    0.20    0.00    0.00    0.50
23:01:51       0   72.93    0.00   17.37    0.00    0.00    8.48    0.20    0.00    0.00    1.01
23:01:51       1   72.80    0.00   16.60    0.00    0.00    9.80    0.00    0.00    0.00    0.80
23:01:51       2   78.60    0.00   11.00    0.00    0.00   10.00    0.20    0.00    0.00    0.20
23:01:51       3   83.97    0.00   10.02    0.00    0.00    5.61    0.40    0.00    0.00    0.00

23:01:51     CPU    %usr   %nice    %sys %iowait    %irq   %soft  %steal  %guest  %gnice   %idle
23:01:56     all   70.37    0.00   19.51    0.00    0.00    8.14    0.25    0.00    0.00    1.72
23:01:56       0   65.86    0.00   24.24    0.00    0.00    7.68    0.40    0.00    0.00    1.82
23:01:56       1   73.99    0.00   14.31    0.00    0.00   10.28    0.20    0.00    0.00    1.21
23:01:56       2   72.03    0.00   18.11    0.00    0.00    8.85    0.20    0.00    0.00    0.80
23:01:56       3   69.59    0.00   21.43    0.00    0.00    5.71    0.20    0.00    0.00    3.06

23:01:56     CPU    %usr   %nice    %sys %iowait    %irq   %soft  %steal  %guest  %gnice   %idle
23:02:01     all   71.58    0.00   18.48    0.00    0.00    8.48    0.25    0.00    0.00    1.21
23:02:01       0   77.11    0.00   14.86    0.00    0.00    7.23    0.20    0.00    0.00    0.60
23:02:01       1   70.77    0.00   17.54    0.00    0.00   10.69    0.20    0.00    0.00    0.81
23:02:01       2   66.73    0.00   21.30    0.00    0.00   10.55    0.20    0.00    0.00    1.22
23:02:01       3   71.66    0.00   20.24    0.00    0.00    5.47    0.40    0.00    0.00    2.23

23:02:01     CPU    %usr   %nice    %sys %iowait    %irq   %soft  %steal  %guest  %gnice   %idle
23:02:06     all   69.25    0.00   20.06    0.05    0.00    9.12    0.15    0.00    0.00    1.36
23:02:06       0   71.03    0.00   19.72    0.00    0.00    8.25    0.20    0.00    0.00    0.80
23:02:06       1   69.42    0.00   18.51    0.00    0.00   11.07    0.00    0.00    0.00    1.01
23:02:06       2   70.02    0.00   17.51    0.00    0.00   11.47    0.20    0.00    0.00    0.80
23:02:06       3   66.53    0.00   24.54    0.20    0.00    5.68    0.20    0.00    0.00    2.84

23:02:06     CPU    %usr   %nice    %sys %iowait    %irq   %soft  %steal  %guest  %gnice   %idle
23:02:11     all   76.81    0.00   14.33    0.00    0.00    7.65    0.20    0.00    0.00    1.01
23:02:11       0   80.61    0.00   11.31    0.00    0.00    7.47    0.20    0.00    0.00    0.40
23:02:11       1   79.28    0.00   11.27    0.00    0.00    8.85    0.20    0.00    0.00    0.40
23:02:11       2   74.25    0.00   15.69    0.00    0.00    9.05    0.20    0.00    0.00    0.80
23:02:11       3   73.05    0.00   19.14    0.00    0.00    5.14    0.21    0.00    0.00    2.47

23:02:11     CPU    %usr   %nice    %sys %iowait    %irq   %soft  %steal  %guest  %gnice   %idle
23:02:16     all   75.53    0.00   15.43    0.00    0.00    7.61    0.20    0.00    0.00    1.22
23:02:16       0   78.67    0.00   15.09    0.00    0.00    5.43    0.40    0.00    0.00    0.40
23:02:16       1   70.10    0.00   18.59    0.00    0.00   10.30    0.20    0.00    0.00    0.81
23:02:16       2   75.56    0.00   13.85    0.00    0.00    9.37    0.00    0.00    0.00    1.22
23:02:16       3   77.82    0.00   14.17    0.00    0.00    5.34    0.21    0.00    0.00    2.46

23:02:16     CPU    %usr   %nice    %sys %iowait    %irq   %soft  %steal  %guest  %gnice   %idle
23:02:21     all   73.59    0.00   17.02    0.00    0.00    8.13    0.20    0.00    0.00    1.06
23:02:21       0   68.43    0.00   22.20    0.00    0.00    7.54    0.20    0.00    0.00    1.63
23:02:21       1   77.67    0.00   11.87    0.00    0.00    9.66    0.20    0.00    0.00    0.60
23:02:21       2   69.09    0.00   20.61    0.00    0.00    8.89    0.20    0.00    0.00    1.21
23:02:21       3   79.07    0.00   13.48    0.00    0.00    6.44    0.20    0.00    0.00    0.80

23:02:21     CPU    %usr   %nice    %sys %iowait    %irq   %soft  %steal  %guest  %gnice   %idle
23:02:26     all   71.93    0.00   18.88    0.00    0.00    7.92    0.15    0.00    0.00    1.12
23:02:26       0   77.42    0.00   14.52    0.00    0.00    7.46    0.20    0.00    0.00    0.40
23:02:26       1   69.65    0.00   18.94    0.00    0.00   10.39    0.00    0.00    0.00    1.02
23:02:26       2   69.31    0.00   21.14    0.00    0.00    7.93    0.20    0.00    0.00    1.42
23:02:26       3   71.28    0.00   20.98    0.00    0.00    5.91    0.20    0.00    0.00    1.63

23:02:26     CPU    %usr   %nice    %sys %iowait    %irq   %soft  %steal  %guest  %gnice   %idle
23:02:31     all   73.75    0.00   16.86    0.00    0.00    8.08    0.30    0.00    0.00    1.01
23:02:31       0   72.18    0.00   17.54    0.00    0.00    8.67    0.40    0.00    0.00    1.21
23:02:31       1   69.76    0.00   20.16    0.00    0.00    9.27    0.20    0.00    0.00    0.60
23:02:31       2   72.91    0.00   17.11    0.00    0.00    8.55    0.20    0.00    0.00    1.22
23:02:31       3   80.12    0.00   12.65    0.00    0.00    5.82    0.40    0.00    0.00    1.00

23:02:31     CPU    %usr   %nice    %sys %iowait    %irq   %soft  %steal  %guest  %gnice   %idle
23:02:36     all   65.73    0.00   16.51    0.00    0.00    7.07    0.15    0.00    0.00   10.54
23:02:36       0   55.24    0.00   17.74    0.00    0.00    7.86    0.20    0.00    0.00   18.95
23:02:36       1   66.14    0.00   11.75    0.00    0.00    7.97    0.20    0.00    0.00   13.94
23:02:36       2   81.80    0.00   10.00    0.00    0.00    7.40    0.20    0.00    0.00    0.60
23:02:36       3   59.60    0.00   26.67    0.00    0.00    5.05    0.00    0.00    0.00    8.69
