Linux 6.17.0-1015-aws (ip-172-31-5-230) 	05/26/26 	_x86_64_	(4 CPU)

22:29:05     CPU    %usr   %nice    %sys %iowait    %irq   %soft  %steal  %guest  %gnice   %idle
22:29:10     all   19.13    0.00    4.72    0.00    0.00    0.56    0.10    0.00    0.00   75.49
22:29:10       0   22.45    0.00    5.31    0.00    0.00    0.82    0.20    0.00    0.00   71.22
22:29:10       1    9.29    0.00    5.45    0.00    0.00    0.00    0.00    0.00    0.00   85.25
22:29:10       2   22.02    0.00    1.82    0.00    0.00    1.41    0.20    0.00    0.00   74.55
22:29:10       3   22.81    0.00    6.31    0.00    0.00    0.00    0.00    0.00    0.00   70.88

22:29:10     CPU    %usr   %nice    %sys %iowait    %irq   %soft  %steal  %guest  %gnice   %idle
22:29:15     all   26.28    0.00   13.70    0.05    0.00    1.50    0.16    0.00    0.00   58.30
22:29:15       0   21.85    0.00   16.34    0.00    0.00    2.65    0.22    0.00    0.00   58.94
22:29:15       1   43.42    0.00    9.47    0.00    0.00    0.00    0.21    0.00    0.00   46.91
22:29:15       2   20.09    0.00   15.85    0.00    0.00    2.68    0.00    0.00    0.00   61.38
22:29:15       3   18.78    0.00   13.50    0.21    0.00    0.84    0.21    0.00    0.00   66.46

22:29:15     CPU    %usr   %nice    %sys %iowait    %irq   %soft  %steal  %guest  %gnice   %idle
22:29:20     all   30.74    0.00   14.18    0.00    0.00    2.17    0.11    0.00    0.00   52.80
22:29:20       0   44.65    0.00   13.21    0.00    0.00    3.56    0.21    0.00    0.00   38.36
22:29:20       1   20.21    0.00   14.95    0.00    0.00    0.84    0.00    0.00    0.00   64.00
22:29:20       2   30.85    0.00   13.83    0.00    0.00    1.91    0.21    0.00    0.00   53.19
22:29:20       3   27.14    0.00   14.74    0.00    0.00    2.35    0.00    0.00    0.00   55.77

22:29:20     CPU    %usr   %nice    %sys %iowait    %irq   %soft  %steal  %guest  %gnice   %idle
22:29:25     all   30.71    0.00   13.56    0.00    0.00    1.95    0.21    0.00    0.00   53.56
22:29:25       0   40.04    0.00   12.50    0.00    0.00    3.39    0.21    0.00    0.00   43.86
22:29:25       1   20.95    0.00   14.52    0.00    0.00    0.62    0.21    0.00    0.00   63.69
22:29:25       2   41.44    0.00   12.26    0.00    0.00    2.33    0.21    0.00    0.00   43.76
22:29:25       3   20.51    0.00   14.96    0.00    0.00    1.50    0.21    0.00    0.00   62.82

22:29:25     CPU    %usr   %nice    %sys %iowait    %irq   %soft  %steal  %guest  %gnice   %idle
22:29:30     all   29.46    0.00   14.57    0.11    0.00    1.95    0.16    0.00    0.00   53.76
22:29:30       0   24.03    0.00   15.80    0.22    0.00    1.95    0.22    0.00    0.00   57.79
22:29:30       1   23.14    0.00   15.50    0.00    0.00    0.83    0.21    0.00    0.00   60.33
22:29:30       2   24.26    0.00   16.38    0.21    0.00    1.70    0.21    0.00    0.00   57.23
22:29:30       3   45.98    0.00   10.72    0.00    0.00    3.30    0.00    0.00    0.00   40.00

22:29:30     CPU    %usr   %nice    %sys %iowait    %irq   %soft  %steal  %guest  %gnice   %idle
22:29:35     all   32.14    0.00   14.31    0.00    0.00    2.14    0.05    0.00    0.00   51.36
22:29:35       0   24.45    0.00   16.59    0.00    0.00    2.62    0.00    0.00    0.00   56.33
22:29:35       1   23.52    0.00   15.47    0.00    0.00    0.85    0.00    0.00    0.00   60.17
22:29:35       2   31.98    0.00   14.93    0.00    0.00    2.35    0.00    0.00    0.00   50.75
22:29:35       3   48.31    0.00   10.34    0.00    0.00    2.74    0.21    0.00    0.00   38.40

22:29:35     CPU    %usr   %nice    %sys %iowait    %irq   %soft  %steal  %guest  %gnice   %idle
22:29:40     all   29.44    0.00   13.80    0.00    0.00    1.84    0.16    0.00    0.00   54.77
22:29:40       0   35.82    0.00   12.37    0.00    0.00    2.99    0.21    0.00    0.00   48.61
22:29:40       1   33.54    0.00   13.79    0.00    0.00    0.62    0.21    0.00    0.00   51.85
22:29:40       2   25.64    0.00   14.19    0.00    0.00    1.48    0.21    0.00    0.00   58.47
22:29:40       3   22.67    0.00   14.83    0.00    0.00    2.33    0.00    0.00    0.00   60.17

22:29:40     CPU    %usr   %nice    %sys %iowait    %irq   %soft  %steal  %guest  %gnice   %idle
22:29:45     all   30.19    0.00   14.32    0.05    0.00    2.08    0.16    0.00    0.00   53.20
22:29:45       0   37.34    0.00   14.11    0.00    0.00    3.11    0.00    0.00    0.00   45.44
22:29:45       1   31.06    0.00   12.42    0.00    0.00    0.62    0.21    0.00    0.00   55.69
22:29:45       2   28.45    0.00   14.85    0.00    0.00    2.30    0.21    0.00    0.00   54.18
22:29:45       3   23.85    0.00   15.90    0.21    0.00    2.30    0.21    0.00    0.00   57.53

22:29:45     CPU    %usr   %nice    %sys %iowait    %irq   %soft  %steal  %guest  %gnice   %idle
22:29:50     all   33.98    0.00   14.32    0.00    0.00    2.14    0.16    0.00    0.00   49.40
22:29:50       0   26.24    0.00   16.13    0.00    0.00    2.80    0.22    0.00    0.00   54.62
22:29:50       1   24.74    0.00   16.22    0.00    0.00    0.62    0.21    0.00    0.00   58.21
22:29:50       2   24.15    0.00   15.89    0.00    0.00    1.91    0.00    0.00    0.00   58.05
22:29:50       3   59.60    0.00    9.29    0.00    0.00    3.23    0.20    0.00    0.00   27.68

22:29:50     CPU    %usr   %nice    %sys %iowait    %irq   %soft  %steal  %guest  %gnice   %idle
22:29:55     all   31.44    0.00   14.39    0.00    0.00    1.93    0.11    0.00    0.00   52.14
22:29:55       0   38.15    0.00   13.58    0.00    0.00    2.80    0.22    0.00    0.00   45.26
22:29:55       1   23.64    0.00   15.69    0.00    0.00    0.84    0.00    0.00    0.00   59.83
22:29:55       2   38.15    0.00   13.36    0.00    0.00    2.16    0.22    0.00    0.00   46.12
22:29:55       3   26.08    0.00   14.87    0.00    0.00    1.94    0.00    0.00    0.00   57.11

22:29:55     CPU    %usr   %nice    %sys %iowait    %irq   %soft  %steal  %guest  %gnice   %idle
22:30:00     all   29.71    0.00   14.07    0.00    0.00    2.00    0.22    0.00    0.00   54.00
22:30:00       0   24.94    0.00   16.34    0.00    0.00    2.43    0.22    0.00    0.00   56.07
22:30:00       1   22.81    0.00   14.71    0.00    0.00    0.85    0.21    0.00    0.00   61.41
22:30:00       2   22.30    0.00   15.89    0.00    0.00    1.55    0.22    0.00    0.00   60.04
22:30:00       3   48.20    0.00    9.51    0.00    0.00    3.17    0.21    0.00    0.00   38.90

22:30:00     CPU    %usr   %nice    %sys %iowait    %irq   %soft  %steal  %guest  %gnice   %idle
22:30:05     all   35.39    0.00   14.45    0.05    0.00    2.16    0.11    0.00    0.00   47.84
22:30:05       0   31.82    0.00   16.67    0.00    0.00    3.25    0.22    0.00    0.00   48.05
22:30:05       1   29.17    0.00   14.58    0.21    0.00    0.62    0.00    0.00    0.00   55.42
22:30:05       2   51.14    0.00   11.43    0.00    0.00    2.49    0.21    0.00    0.00   34.72
22:30:05       3   29.18    0.00   15.22    0.00    0.00    2.33    0.00    0.00    0.00   53.28

22:30:05     CPU    %usr   %nice    %sys %iowait    %irq   %soft  %steal  %guest  %gnice   %idle
22:30:10     all   35.35    0.00   14.60    0.00    0.00    2.44    0.16    0.00    0.00   47.45
22:30:10       0   31.81    0.00   16.78    0.00    0.00    2.83    0.22    0.00    0.00   48.37
22:30:10       1   27.71    0.00   15.83    0.00    0.00    0.62    0.21    0.00    0.00   55.62
22:30:10       2   34.40    0.00   14.96    0.00    0.00    1.71    0.00    0.00    0.00   48.93
22:30:10       3   47.38    0.00   10.90    0.00    0.00    4.61    0.21    0.00    0.00   36.90

22:30:10     CPU    %usr   %nice    %sys %iowait    %irq   %soft  %steal  %guest  %gnice   %idle
22:30:15     all   32.35    0.00   13.60    0.05    0.00    2.04    0.20    0.00    0.00   51.76
22:30:15       0   40.61    0.00   13.47    0.00    0.00    2.86    0.20    0.00    0.00   42.86
22:30:15       1   36.94    0.00   12.65    0.00    0.00    1.84    0.20    0.00    0.00   48.37
22:30:15       2   27.72    0.00   13.55    0.21    0.00    1.64    0.21    0.00    0.00   56.67
22:30:15       3   24.19    0.00   14.72    0.00    0.00    1.81    0.20    0.00    0.00   59.07

22:30:15     CPU    %usr   %nice    %sys %iowait    %irq   %soft  %steal  %guest  %gnice   %idle
22:30:20     all   29.54    0.00   13.59    0.05    0.00    1.88    0.16    0.00    0.00   54.78
22:30:20       0   35.53    0.00   12.94    0.00    0.00    3.07    0.22    0.00    0.00   48.25
22:30:20       1   35.82    0.00   12.58    0.00    0.00    2.77    0.21    0.00    0.00   48.61
22:30:20       2   27.71    0.00   14.29    0.00    0.00    1.73    0.22    0.00    0.00   56.06
22:30:20       3   19.37    0.00   14.53    0.21    0.00    0.00    0.00    0.00    0.00   65.89

22:30:20     CPU    %usr   %nice    %sys %iowait    %irq   %soft  %steal  %guest  %gnice   %idle
22:30:25     all   31.27    0.00   13.79    0.00    0.00    2.01    0.05    0.00    0.00   52.88
22:30:25       0   38.05    0.00   13.32    0.00    0.00    3.17    0.00    0.00    0.00   45.45
22:30:25       1   27.00    0.00   13.92    0.00    0.00    2.53    0.00    0.00    0.00   56.54
22:30:25       2   31.13    0.00   14.50    0.00    0.00    1.92    0.00    0.00    0.00   52.45
22:30:25       3   28.93    0.00   13.42    0.00    0.00    0.42    0.21    0.00    0.00   57.02

22:30:25     CPU    %usr   %nice    %sys %iowait    %irq   %soft  %steal  %guest  %gnice   %idle
22:30:30     all   28.99    0.00   14.47    0.00    0.00    1.85    0.21    0.00    0.00   54.49
22:30:30       0   22.68    0.00   16.85    0.00    0.00    3.24    0.22    0.00    0.00   57.02
22:30:30       1   33.75    0.00   12.22    0.00    0.00    0.41    0.21    0.00    0.00   53.42
22:30:30       2   36.63    0.00   12.84    0.00    0.00    1.68    0.21    0.00    0.00   48.63
22:30:30       3   22.62    0.00   16.07    0.00    0.00    2.11    0.21    0.00    0.00   58.99

22:30:30     CPU    %usr   %nice    %sys %iowait    %irq   %soft  %steal  %guest  %gnice   %idle
22:30:35     all   32.16    0.00   13.63    0.00    0.00    1.89    0.21    0.00    0.00   52.11
22:30:35       0   42.23    0.00   13.45    0.00    0.00    2.73    0.21    0.00    0.00   41.39
22:30:35       1   25.89    0.00   13.57    0.00    0.00    0.63    0.21    0.00    0.00   59.71
22:30:35       2   37.68    0.00   12.42    0.00    0.00    2.11    0.21    0.00    0.00   47.58
22:30:35       3   22.77    0.00   15.11    0.00    0.00    2.13    0.21    0.00    0.00   59.79

22:30:35     CPU    %usr   %nice    %sys %iowait    %irq   %soft  %steal  %guest  %gnice   %idle
22:30:40     all   30.51    0.00   14.28    0.00    0.00    2.06    0.05    0.00    0.00   53.09
22:30:40       0   25.27    0.00   16.27    0.00    0.00    3.00    0.21    0.00    0.00   55.25
22:30:40       1   23.54    0.00   15.62    0.00    0.00    0.83    0.00    0.00    0.00   60.00
22:30:40       2   37.00    0.00   12.47    0.00    0.00    2.11    0.00    0.00    0.00   48.41
22:30:40       3   36.31    0.00   12.74    0.00    0.00    2.34    0.00    0.00    0.00   48.62

22:30:40     CPU    %usr   %nice    %sys %iowait    %irq   %soft  %steal  %guest  %gnice   %idle
22:30:45     all   28.53    0.00   13.71    0.00    0.00    1.75    0.16    0.00    0.00   55.85
22:30:45       0   24.03    0.00   15.15    0.00    0.00    2.38    0.00    0.00    0.00   58.44
22:30:45       1   21.97    0.00   14.64    0.00    0.00    0.63    0.21    0.00    0.00   62.55
22:30:45       2   34.11    0.00   12.08    0.00    0.00    1.91    0.21    0.00    0.00   51.69
22:30:45       3   33.96    0.00   13.00    0.00    0.00    2.10    0.21    0.00    0.00   50.73

22:30:45     CPU    %usr   %nice    %sys %iowait    %irq   %soft  %steal  %guest  %gnice   %idle
22:30:50     all   35.40    0.00   12.61    0.05    0.00    1.65    0.16    0.00    0.00   50.13
22:30:50       0   40.12    0.00   13.31    0.21    0.00    2.29    0.21    0.00    0.00   43.87
22:30:50       1   23.98    0.00   15.16    0.00    0.00    0.61    0.20    0.00    0.00   60.04
22:30:50       2   40.86    0.00   10.88    0.00    0.00    1.23    0.21    0.00    0.00   46.82
22:30:50       3   36.74    0.00   11.06    0.00    0.00    2.51    0.00    0.00    0.00   49.69

22:30:50     CPU    %usr   %nice    %sys %iowait    %irq   %soft  %steal  %guest  %gnice   %idle
22:30:55     all   27.27    0.00   12.91    0.00    0.00    1.81    0.10    0.00    0.00   57.90
22:30:55       0   20.42    0.00   13.75    0.00    0.00    3.33    0.21    0.00    0.00   62.29
22:30:55       1   20.29    0.00   14.34    0.00    0.00    0.41    0.00    0.00    0.00   64.96
22:30:55       2   33.40    0.00   11.96    0.00    0.00    1.44    0.00    0.00    0.00   53.20
22:30:55       3   34.99    0.00   11.59    0.00    0.00    2.07    0.21    0.00    0.00   51.14

22:30:55     CPU    %usr   %nice    %sys %iowait    %irq   %soft  %steal  %guest  %gnice   %idle
22:31:00     all   30.61    0.00   14.35    0.05    0.00    1.98    0.10    0.00    0.00   52.91
22:31:00       0   39.54    0.00   13.39    0.00    0.00    3.35    0.00    0.00    0.00   43.72
22:31:00       1   22.29    0.00   14.72    0.20    0.00    0.61    0.20    0.00    0.00   61.96
22:31:00       2   38.16    0.00   13.42    0.00    0.00    2.10    0.21    0.00    0.00   46.12
22:31:00       3   22.71    0.00   15.83    0.00    0.00    1.88    0.00    0.00    0.00   59.58

22:31:00     CPU    %usr   %nice    %sys %iowait    %irq   %soft  %steal  %guest  %gnice   %idle
22:31:05     all   32.29    0.00   13.60    0.00    0.00    1.75    0.21    0.00    0.00   52.15
22:31:05       0   30.39    0.00   14.66    0.00    0.00    2.37    0.22    0.00    0.00   52.37
22:31:05       1   38.51    0.00   12.22    0.00    0.00    0.62    0.21    0.00    0.00   48.45
22:31:05       2   22.56    0.00   15.18    0.00    0.00    1.52    0.22    0.00    0.00   60.52
22:31:05       3   37.26    0.00   12.42    0.00    0.00    2.53    0.21    0.00    0.00   47.58

22:31:05     CPU    %usr   %nice    %sys %iowait    %irq   %soft  %steal  %guest  %gnice   %idle
22:31:10     all   30.95    0.00   13.34    0.00    0.00    1.87    0.16    0.00    0.00   53.68
22:31:10       0   23.06    0.00   15.09    0.00    0.00    2.59    0.22    0.00    0.00   59.05
22:31:10       1   23.83    0.00   14.47    0.00    0.00    0.64    0.00    0.00    0.00   61.06
22:31:10       2   22.29    0.00   15.58    0.00    0.00    1.08    0.22    0.00    0.00   60.82
22:31:10       3   53.97    0.00    8.37    0.00    0.00    3.14    0.21    0.00    0.00   34.31

22:31:10     CPU    %usr   %nice    %sys %iowait    %irq   %soft  %steal  %guest  %gnice   %idle
22:31:15     all   38.19    0.00   13.34    0.05    0.00    1.69    0.05    0.00    0.00   46.68
22:31:15       0   27.53    0.00   16.13    0.00    0.00    2.15    0.00    0.00    0.00   54.19
22:31:15       1   35.42    0.00   13.33    0.00    0.00    0.42    0.21    0.00    0.00   50.62
22:31:15       2   43.82    0.00   11.95    0.21    0.00    2.10    0.00    0.00    0.00   41.93
22:31:15       3   45.78    0.00   12.03    0.00    0.00    2.11    0.00    0.00    0.00   40.08

22:31:15     CPU    %usr   %nice    %sys %iowait    %irq   %soft  %steal  %guest  %gnice   %idle
22:31:20     all   34.45    0.00   13.47    0.00    0.00    2.16    0.21    0.00    0.00   49.72
22:31:20       0   32.43    0.00   14.14    0.00    0.00    2.70    0.21    0.00    0.00   50.52
22:31:20       1   22.90    0.00   15.13    0.00    0.00    0.61    0.20    0.00    0.00   61.15
22:31:20       2   38.76    0.00   13.61    0.00    0.00    2.27    0.21    0.00    0.00   45.15
22:31:20       3   43.67    0.00   11.02    0.00    0.00    3.06    0.20    0.00    0.00   42.04

22:31:20     CPU    %usr   %nice    %sys %iowait    %irq   %soft  %steal  %guest  %gnice   %idle
22:31:25     all   29.03    0.00   14.07    0.00    0.00    1.83    0.10    0.00    0.00   54.97
22:31:25       0   38.75    0.00   13.33    0.00    0.00    3.33    0.00    0.00    0.00   44.58
22:31:25       1   30.72    0.00   12.37    0.00    0.00    0.62    0.00    0.00    0.00   56.29
22:31:25       2   23.78    0.00   15.50    0.00    0.00    1.49    0.21    0.00    0.00   59.02
22:31:25       3   22.69    0.00   15.13    0.00    0.00    1.89    0.21    0.00    0.00   60.08

22:31:25     CPU    %usr   %nice    %sys %iowait    %irq   %soft  %steal  %guest  %gnice   %idle
22:31:30     all   28.81    0.00   14.41    0.00    0.00    1.75    0.11    0.00    0.00   54.93
22:31:30       0   25.59    0.00   15.70    0.00    0.00    2.15    0.22    0.00    0.00   56.34
22:31:30       1   21.71    0.00   15.03    0.00    0.00    0.84    0.21    0.00    0.00   62.21
22:31:30       2   35.88    0.00   13.16    0.00    0.00    2.12    0.00    0.00    0.00   48.83
22:31:30       3   32.14    0.00   13.74    0.00    0.00    1.90    0.00    0.00    0.00   52.22

22:31:30     CPU    %usr   %nice    %sys %iowait    %irq   %soft  %steal  %guest  %gnice   %idle
22:31:35     all   31.23    0.00   13.65    0.00    0.00    2.05    0.21    0.00    0.00   52.86
22:31:35       0   22.39    0.00   15.14    0.00    0.00    2.77    0.21    0.00    0.00   59.49
22:31:35       1   37.04    0.00   12.96    0.00    0.00    0.82    0.21    0.00    0.00   48.97
22:31:35       2   21.99    0.00   14.80    0.00    0.00    1.69    0.21    0.00    0.00   61.31
22:31:35       3   43.19    0.00   11.74    0.00    0.00    2.94    0.21    0.00    0.00   41.93

22:31:35     CPU    %usr   %nice    %sys %iowait    %irq   %soft  %steal  %guest  %gnice   %idle
22:31:40     all   25.48    0.00   11.52    0.05    0.00    1.50    0.16    0.00    0.00   61.29
22:31:40       0   34.09    0.00   11.16    0.00    0.00    2.27    0.21    0.00    0.00   52.27
22:31:40       1   17.72    0.00   12.63    0.20    0.00    0.41    0.20    0.00    0.00   68.84
22:31:40       2   31.95    0.00    9.96    0.00    0.00    1.87    0.21    0.00    0.00   56.02
22:31:40       3   18.20    0.00   12.34    0.00    0.00    1.46    0.00    0.00    0.00   67.99
