info: Loading workload script /workload/performance.rn...
info: Connecting to ["http://172.31.15.155:8000", "http://172.31.15.213:8000", "http://172.31.13.152:8000"]... 
info: Connected to '' cluster running ScyllaDB 2026.1.0~dev-0.20251003.20aeed160740 with build-id d177add4e6a23f71d527ca6e182d27a1f9ad74b4
info: Preparing...
info: Warming up...
info: Running benchmark...
CONFIG ═════════════════════════════════════════════════════════════════════════════════════════════════════════════════════
            Date            Mon, 25 May 2026                                                          
            Time            18:36:09 +0000                                                            
         Cluster                                                                                      
      DB version            ScyllaDB 2026.1.0~dev-0.20251003.20aeed160740 with build-id d177add4e6a23f71d527ca6e182d27a1f9ad74b4                                            
        Workload            performance.rn                                                            
     Function(s)            get:0.5, update:0.5                                                       
            Tags                                                                                      
────────────────────────────────────────────────────────────────────────────────────────────────────────────────────────────
-P alternator.consistentReads            false                                                                     
   -P fieldcount            10                                                                        
  -P fieldlength            512                                                                       
-P requestdistribution            "uniform"                                                                 
    -P row_count            100000                                                                    
        -P table            "latte_performance"                                                       
────────────────────────────────────────────────────────────────────────────────────────────────────────────────────────────
         Threads                   16                                                                 
     Concurrency     [req]          8                                                                 
        Max rate    [op/s]      20000                                                                 
          Warmup       [s]          5                                                                 
              └─      [op]                                                                            
        Run time       [s]       30.0                                                                 
              └─      [op]                                                                            
        Sampling       [s]        1.0                                                                 
              └─      [op]                                                                            
 Request timeout       [s]          5                                                                 
         Retries                                                                                      
  ┌──────┴number                   10                                                                 
  ├─min interval      [ms]        100                                                                 
  └─max interval      [ms]       5000                                                                 

LOG ════════════════════════════════════════════════════════════════════════════════════════════════════════════════════════
    Time    Cycles    Errors    Thrpt.     ────────────────────────────────── Latency [ms/op] ──────────────────────────────
     [s]      [op]      [op]    [op/s]             Min        50        75        90        95        99      99.9       Max
   1.001     19964         0     19945           0.537     2.124     2.722     3.447     4.135     5.980     8.856    11.608
   2.001     19980         0     19983           0.581     2.228     2.918     3.822     4.649     6.230     9.322    12.583
   3.001     20011         0     20011           0.561     1.975     2.497     3.025     3.428     4.841     6.693     9.052
   4.001     20012         0     20011           0.535     2.152     2.785     3.484     4.110     5.591     7.430    10.183
   5.001     20009         0     20007           0.540     2.096     2.744     3.527     4.252     5.980     7.959    12.632
   6.002     19983         0     19985           0.541     1.994     2.531     3.129     3.637     5.046     6.861     8.135
   7.001     20001         0     20004           0.564     2.251     2.925     3.760     4.452     5.874     8.073     9.576
   8.001     20005         0     20000           0.514     1.912     2.372     2.847     3.127     3.717     5.128     7.307
   9.001     19980         0     19985           0.561     2.382     3.109     4.059     4.829     6.611     9.880    13.312
  10.001     20025         0     20022           0.574     2.091     2.714     3.445     4.108     5.648     7.885    10.871
  11.002     19987         0     19986           0.553     2.034     2.617     3.219     3.768     5.485    11.878    15.098
  12.001     20007         0     20010           0.580     2.316     3.043     4.035     4.743     6.296     8.847    10.478
  13.002     20000         0     20000           0.525     1.864     2.314     2.769     3.033     3.590     4.284     5.833
  14.001     19985         0     19984           0.566     2.314     3.054     4.049     4.809     6.312     8.192    11.756
  15.001     20014         0     20014           0.537     2.063     2.664     3.336     3.965     5.456     7.270     8.847
  16.001     20004         0     20006           0.559     2.030     2.613     3.320     4.016     5.833     8.389    11.813
  17.001     19996         0     19995           0.524     2.308     3.011     4.082     4.944     6.742     9.708    13.148
  18.001     20006         0     20007           0.560     1.970     2.460     2.955     3.262     3.994     5.632     7.946
  19.001     19994         0     19993           0.566     2.341     3.039     3.973     4.706     6.189     9.503    11.289
  20.001     20004         0     20006           0.572     2.094     2.728     3.467     4.121     5.562     7.381    10.207
  21.001     19975         0     19973           0.594     2.144     2.775     3.580     4.379     6.271     8.749    11.895
  22.001     20028         0     20028           0.533     2.345     3.047     3.992     4.764     6.726     8.888    11.928
  23.001     20001         0     20000           0.495     1.960     2.433     2.904     3.199     3.908     8.016    15.753
  24.001     19979         0     19980           0.601     2.447     3.250     4.415     5.267     7.447    10.928    12.804
  25.002     20024         0     20022           0.596     2.050     2.634     3.265     3.832     5.173     6.992     8.774
  26.001     19985         0     19986           0.566     2.148     2.843     3.908     4.899     6.865    10.068    13.631
  27.001     20006         0     20007           0.576     2.236     2.937     3.869     4.645     6.181     8.511    11.772
  28.001     20004         0     20004           0.516     1.986     2.529     3.121     3.645     5.317     7.959    10.297
  29.002     19982         0     19984           0.613     2.476     3.310     4.444     5.243     7.045     9.617    12.853
  30.000     19995         0     20020           0.553     1.934     2.427     2.949     3.289     4.485     7.090    10.379
  30.002         5         0      6478           1.544     2.335     2.454     3.023     3.023     3.023     3.023     3.023

SUMMARY STATS ══════════════════════════════════════════════════════════════════════════════════════════════════════════════
    Elapsed time       [s]     30.006                                                                 
        CPU time       [s]    115.488                                                                 
 CPU utilisation       [%]       24.1                                                                 
          Cycles      [op]     599951                                                                 
          Errors      [op]          0                                                                 
              └─       [%]        0.0                                                                 
        Requests     [req]     599951                                                                 
              └─  [req/op]        1.0                                                                 
         Retries     [ret]          0                                                                 
              └─ [ret/req]    0.00000                                                                 
            Rows     [row]     231566                                                                 
              └─ [row/req]        0.4                                                                 
     Concurrency     [req]          2 ± 0                                                             
              └─       [%]         23                                                                 
      Throughput    [op/s]      19994 ± 50                                                            
              ├─   [req/s]      19994 ± 50                                                            
              └─   [row/s]       7717 ± 19                                                            
   Cycle latency      [ms]      2.315 ± 0.008                                                         
 Request latency      [ms]      1.894 ± 0.006                                                         

CYCLE LATENCY for get [ms]  ════════════════════════════════════════════════════════════════════════════════════════════════
          Min                   0.495 ± 0.047                                                         
           25                   1.374 ± 0.009                                                         
           50                   1.811 ± 0.013                                                         
           75                   2.417 ± 0.019                                                         
           90                   3.400 ± 0.046                                                         
           95                   4.223 ± 0.056                                                         
           98                   5.267 ± 0.080                                                         
           99                   6.025 ± 0.103                                                         
           99.9                 8.847 ± 0.442                                                         
           99.99               11.674 ± 1.344                                                         
          Max                  15.098 ± 2.784                                                         

CYCLE LATENCY for update [ms]  ═════════════════════════════════════════════════════════════════════════════════════════════
          Min                   0.667 ± 0.075                                                         
           25                   1.948 ± 0.007                                                         
           50                   2.390 ± 0.007                                                         
           75                   2.931 ± 0.010                                                         
           90                   3.633 ± 0.019                                                         
           95                   4.342 ± 0.032                                                         
           98                   5.255 ± 0.053                                                         
           99                   5.939 ± 0.080                                                         
           99.9                 8.593 ± 0.353                                                         
           99.99               11.608 ± 1.117                                                         
          Max                  15.753 ± 1.977                                                         

info: Saved report to /output/latte_1.json
TIMEFORMAT 35.515 131.045 24.418
