Linux 6.17.0-1015-aws (ip-172-31-15-213) 	05/25/26 	_x86_64_	(4 CPU)

18:36:05     CPU    %usr   %nice    %sys %iowait    %irq   %soft  %steal  %guest  %gnice   %idle
18:36:10     all   16.19    0.00    5.60    0.00    0.00    0.72    0.15    0.00    0.00   77.34
18:36:10       0   13.35    0.00    4.11    0.00    0.00    1.85    0.21    0.00    0.00   80.49
18:36:10       1   23.11    0.00    5.73    0.00    0.00    0.00    0.20    0.00    0.00   70.96
18:36:10       2    9.20    0.00    5.93    0.00    0.00    0.00    0.20    0.00    0.00   84.66
18:36:10       3   19.13    0.00    6.65    0.00    0.00    1.04    0.00    0.00    0.00   73.18

18:36:10     CPU    %usr   %nice    %sys %iowait    %irq   %soft  %steal  %guest  %gnice   %idle
18:36:15     all   30.78    0.00   13.95    0.00    0.00    1.74    0.11    0.00    0.00   53.42
18:36:15       0   30.67    0.00   14.67    0.00    0.00    3.56    0.00    0.00    0.00   51.11
18:36:15       1   25.60    0.00   15.10    0.00    0.00    1.53    0.00    0.00    0.00   57.77
18:36:15       2   34.32    0.00   13.56    0.00    0.00    0.00    0.21    0.00    0.00   51.91
18:36:15       3   32.40    0.00   12.53    0.00    0.00    1.94    0.22    0.00    0.00   52.92

18:36:15     CPU    %usr   %nice    %sys %iowait    %irq   %soft  %steal  %guest  %gnice   %idle
18:36:20     all   23.26    0.00   11.58    0.00    0.00    1.55    0.11    0.00    0.00   63.50
18:36:20       0   31.68    0.00   12.28    0.00    0.00    3.23    0.22    0.00    0.00   52.59
18:36:20       1   14.03    0.00   12.47    0.00    0.00    2.23    0.00    0.00    0.00   71.27
18:36:20       2   32.23    0.00   10.12    0.00    0.00    0.00    0.21    0.00    0.00   57.44
18:36:20       3   14.50    0.00   11.51    0.00    0.00    0.85    0.00    0.00    0.00   73.13

18:36:20     CPU    %usr   %nice    %sys %iowait    %irq   %soft  %steal  %guest  %gnice   %idle
18:36:25     all   27.28    0.00   12.31    0.00    0.00    1.65    0.16    0.00    0.00   58.60
18:36:25       0   28.29    0.00   12.72    0.00    0.00    3.07    0.22    0.00    0.00   55.70
18:36:25       1   35.88    0.00   10.83    0.00    0.00    2.34    0.21    0.00    0.00   50.74
18:36:25       2   27.58    0.00   12.63    0.00    0.00    0.42    0.00    0.00    0.00   59.37
18:36:25       3   17.47    0.00   13.05    0.00    0.00    0.84    0.21    0.00    0.00   68.42

18:36:25     CPU    %usr   %nice    %sys %iowait    %irq   %soft  %steal  %guest  %gnice   %idle
18:36:30     all   23.84    0.00   11.81    0.00    0.00    1.76    0.05    0.00    0.00   62.53
18:36:30       0   19.52    0.00   13.82    0.00    0.00    2.85    0.00    0.00    0.00   63.82
18:36:30       1   28.78    0.00   10.87    0.00    0.00    2.56    0.00    0.00    0.00   57.78
18:36:30       2   30.50    0.00   10.58    0.00    0.00    0.83    0.21    0.00    0.00   57.88
18:36:30       3   16.31    0.00   12.08    0.00    0.00    0.85    0.00    0.00    0.00   70.76

18:36:30     CPU    %usr   %nice    %sys %iowait    %irq   %soft  %steal  %guest  %gnice   %idle
18:36:35     all   28.04    0.00   12.01    0.05    0.00    1.90    0.16    0.00    0.00   57.83
18:36:35       0   18.78    0.00   13.54    0.22    0.00    2.84    0.22    0.00    0.00   64.41
18:36:35       1   44.61    0.00    9.51    0.00    0.00    2.75    0.00    0.00    0.00   43.13
18:36:35       2   17.82    0.00   13.21    0.00    0.00    0.84    0.21    0.00    0.00   67.92
18:36:35       3   30.71    0.00   11.83    0.00    0.00    1.24    0.21    0.00    0.00   56.02

18:36:35     CPU    %usr   %nice    %sys %iowait    %irq   %soft  %steal  %guest  %gnice   %idle
18:36:40     all   23.10    0.00   11.74    0.11    0.00    1.61    0.11    0.00    0.00   63.34
18:36:40       0   18.50    0.00   13.22    0.00    0.00    3.08    0.22    0.00    0.00   64.98
18:36:40       1   16.27    0.00   13.67    0.00    0.00    1.74    0.22    0.00    0.00   68.11
18:36:40       2   29.81    0.00    9.94    0.21    0.00    0.85    0.00    0.00    0.00   59.20
18:36:40       3   27.41    0.00   10.25    0.21    0.00    0.84    0.00    0.00    0.00   61.30

18:36:40     CPU    %usr   %nice    %sys %iowait    %irq   %soft  %steal  %guest  %gnice   %idle
18:36:45     all   25.37    0.00   10.28    0.00    0.00    1.51    0.10    0.00    0.00   62.73
18:36:45       0   25.69    0.00   10.83    0.00    0.00    2.76    0.21    0.00    0.00   60.51
18:36:45       1   23.33    0.00    9.58    0.00    0.00    1.88    0.00    0.00    0.00   65.21
18:36:45       2   24.90    0.00    9.96    0.00    0.00    0.62    0.21    0.00    0.00   64.32
18:36:45       3   27.54    0.00   10.77    0.00    0.00    0.83    0.00    0.00    0.00   60.87
