Linux 6.17.0-1015-aws (ip-172-31-15-155) 	05/25/26 	_x86_64_	(4 CPU)

18:36:04     CPU    %usr   %nice    %sys %iowait    %irq   %soft  %steal  %guest  %gnice   %idle
18:36:09     all   16.21    0.00    3.78    0.00    0.00    0.81    0.10    0.00    0.00   79.10
18:36:09       0   14.31    0.00    2.62    0.00    0.00    1.81    0.00    0.00    0.00   81.25
18:36:09       1    5.85    0.00    4.03    0.00    0.00    0.00    0.00    0.00    0.00   90.12
18:36:09       2   38.43    0.00    4.23    0.00    0.00    1.41    0.20    0.00    0.00   55.73
18:36:09       3    6.24    0.00    4.23    0.00    0.00    0.00    0.20    0.00    0.00   89.34

18:36:09     CPU    %usr   %nice    %sys %iowait    %irq   %soft  %steal  %guest  %gnice   %idle
18:36:14     all   61.88    0.00   22.46    0.00    0.00    9.37    0.10    0.00    0.00    6.19
18:36:14       0   58.03    0.00   19.08    0.00    0.00   17.67    0.20    0.00    0.00    5.02
18:36:14       1   71.72    0.00   21.21    0.00    0.00    0.00    0.20    0.00    0.00    6.87
18:36:14       2   58.43    0.00   16.47    0.00    0.00   19.48    0.00    0.00    0.00    5.62
18:36:14       3   59.39    0.00   33.13    0.00    0.00    0.20    0.00    0.00    0.00    7.27

18:36:14     CPU    %usr   %nice    %sys %iowait    %irq   %soft  %steal  %guest  %gnice   %idle
18:36:19     all   57.49    0.00   24.69    0.00    0.00    7.85    0.31    0.00    0.00    9.66
18:36:19       0   54.75    0.00   25.41    0.00    0.00   12.40    0.41    0.00    0.00    7.02
18:36:19       1   52.18    0.00   30.15    0.00    0.00    4.57    0.21    0.00    0.00   12.89
18:36:19       2   69.86    0.00   13.44    0.00    0.00   11.20    0.41    0.00    0.00    5.09
18:36:19       3   52.92    0.00   30.00    0.00    0.00    3.12    0.21    0.00    0.00   13.75

18:36:19     CPU    %usr   %nice    %sys %iowait    %irq   %soft  %steal  %guest  %gnice   %idle
18:36:24     all   57.86    0.00   25.08    0.00    0.00    8.07    0.16    0.00    0.00    8.84
18:36:24       0   60.41    0.00   22.27    0.00    0.00    9.69    0.21    0.00    0.00    7.42
18:36:24       1   60.37    0.00   23.65    0.00    0.00    6.85    0.00    0.00    0.00    9.13
18:36:24       2   57.61    0.00   24.69    0.00    0.00   10.08    0.21    0.00    0.00    7.41
18:36:24       3   53.01    0.00   29.73    0.00    0.00    5.61    0.21    0.00    0.00   11.43

18:36:24     CPU    %usr   %nice    %sys %iowait    %irq   %soft  %steal  %guest  %gnice   %idle
18:36:29     all   57.90    0.00   24.86    0.00    0.00    8.65    0.21    0.00    0.00    8.39
18:36:29       0   57.99    0.00   23.98    0.00    0.00   11.07    0.20    0.00    0.00    6.76
18:36:29       1   57.64    0.00   25.62    0.00    0.00    6.82    0.21    0.00    0.00    9.71
18:36:29       2   63.39    0.00   19.84    0.00    0.00   10.43    0.20    0.00    0.00    6.13
18:36:29       3   52.49    0.00   30.08    0.00    0.00    6.22    0.21    0.00    0.00   11.00

18:36:29     CPU    %usr   %nice    %sys %iowait    %irq   %soft  %steal  %guest  %gnice   %idle
18:36:34     all   57.99    0.00   25.22    0.00    0.00    8.37    0.10    0.00    0.00    8.32
18:36:34       0   56.85    0.00   25.77    0.00    0.00    9.82    0.20    0.00    0.00    7.36
18:36:34       1   54.17    0.00   28.33    0.00    0.00    7.08    0.00    0.00    0.00   10.42
18:36:34       2   67.48    0.00   17.07    0.00    0.00   10.57    0.20    0.00    0.00    4.67
18:36:34       3   53.29    0.00   29.84    0.00    0.00    5.97    0.00    0.00    0.00   10.91

18:36:34     CPU    %usr   %nice    %sys %iowait    %irq   %soft  %steal  %guest  %gnice   %idle
18:36:39     all   58.92    0.00   24.68    0.00    0.00    8.23    0.21    0.00    0.00    7.97
18:36:39       0   61.60    0.00   21.56    0.00    0.00    9.65    0.21    0.00    0.00    6.98
18:36:39       1   55.58    0.00   26.86    0.00    0.00    7.02    0.21    0.00    0.00   10.33
18:36:39       2   62.06    0.00   21.24    0.00    0.00   10.72    0.21    0.00    0.00    5.77
18:36:39       3   56.44    0.00   29.04    0.00    0.00    5.52    0.20    0.00    0.00    8.79

18:36:39     CPU    %usr   %nice    %sys %iowait    %irq   %soft  %steal  %guest  %gnice   %idle
18:36:44     all   57.85    0.00   23.28    0.00    0.00    8.41    0.15    0.00    0.00   10.31
18:36:44       0   56.21    0.00   23.83    0.00    0.00    9.78    0.20    0.00    0.00    9.98
18:36:44       1   58.76    0.00   22.06    0.00    0.00    7.84    0.00    0.00    0.00   11.34
18:36:44       2   56.24    0.00   25.36    0.00    0.00    9.61    0.41    0.00    0.00    8.38
18:36:44       3   60.21    0.00   21.86    0.00    0.00    6.39    0.00    0.00    0.00   11.55
