info: Loading workload script /workload/performance.rn...
info: Connecting to ["http://172.31.15.155:8000", "http://172.31.15.213:8000", "http://172.31.13.152:8000"]... 
info: Connected to '' cluster running ScyllaDB 2026.1.0~dev-0.20251003.20aeed160740 with build-id d177add4e6a23f71d527ca6e182d27a1f9ad74b4
info: Preparing...
info: Warming up...
info: Running benchmark...
CONFIG ═════════════════════════════════════════════════════════════════════════════════════════════════════════════════════
            Date            Mon, 25 May 2026                                                          
            Time            18:56:47 +0000                                                            
         Cluster                                                                                      
      DB version            ScyllaDB 2026.1.0~dev-0.20251003.20aeed160740 with build-id d177add4e6a23f71d527ca6e182d27a1f9ad74b4                                            
        Workload            performance.rn                                                            
     Function(s)            get:0.5, update:0.5                                                       
            Tags                                                                                      
────────────────────────────────────────────────────────────────────────────────────────────────────────────────────────────
-P alternator.consistentReads            false                                                                     
   -P fieldcount            10                                                                        
  -P fieldlength            512                                                                       
-P requestdistribution            "uniform"                                                                 
    -P row_count            100000                                                                    
        -P table            "latte_performance"                                                       
────────────────────────────────────────────────────────────────────────────────────────────────────────────────────────────
         Threads                   16                                                                 
     Concurrency     [req]          8                                                                 
        Max rate    [op/s]                                                                            
          Warmup       [s]          5                                                                 
              └─      [op]                                                                            
        Run time       [s]       30.0                                                                 
              └─      [op]                                                                            
        Sampling       [s]        1.0                                                                 
              └─      [op]                                                                            
 Request timeout       [s]          5                                                                 
         Retries                                                                                      
  ┌──────┴number                   10                                                                 
  ├─min interval      [ms]        100                                                                 
  └─max interval      [ms]       5000                                                                 

LOG ════════════════════════════════════════════════════════════════════════════════════════════════════════════════════════
    Time    Cycles    Errors    Thrpt.     ────────────────────────────────── Latency [ms/op] ──────────────────────────────
     [s]      [op]      [op]    [op/s]             Min        50        75        90        95        99      99.9       Max
   1.001     43505         0     43468           0.500     2.750     3.541     4.399     5.194     7.320    11.125    15.491
   2.002     37393         0     37392           0.511     3.095     4.178     5.628     6.398     8.839    11.960    13.607
   3.001     39850         0     39846           0.541     2.877     3.852     5.128     6.070     9.331    15.557    23.691
   4.001     40590         0     40600           0.531     2.814     3.725     5.116     6.144     8.880    11.977    15.499
   5.001     35769         0     35761           0.521     3.066     4.399     6.193     7.324    10.224    15.032    23.249
   6.002     46023         0     46026           0.538     2.693     3.385     4.080     4.567     5.657     7.840    10.494
   7.001     35922         0     35924           0.517     3.101     4.342     6.009     7.164    10.150    14.893    17.875
   8.001     41025         0     41018           0.538     2.841     3.693     4.923     5.894     8.438    12.313    19.104
   9.001     41871         0     41870           0.525     2.767     3.574     4.641     5.837     9.052    12.870    20.218
  10.001     36746         0     36755           0.528     3.031     4.366     5.886     6.844     9.871    12.517    15.983
  11.001     42014         0     42011           0.531     2.806     3.639     4.661     5.652     8.020    11.444    13.869
  12.001     40482         0     40480           0.516     2.839     3.744     5.022     6.115     9.003    12.526    19.759
  13.002     35746         0     35740           0.535     3.052     4.317     6.210     7.479    10.453    14.017    16.794
  14.002     45690         0     45698           0.539     2.703     3.324     3.961     4.379     5.722    11.510    15.163
  15.001     34242         0     34236           0.564     3.172     4.719     6.537     7.844    10.879    13.607    17.416
  16.002     40237         0     40243           0.538     2.877     3.758     4.993     6.083     8.970    12.476    17.531
  17.001     39311         0     39312           0.565     2.908     3.834     5.206     6.431     9.331    12.550    14.582
  18.001     35726         0     35731           0.550     3.088     4.399     6.152     7.266    10.322    13.148    15.835
  19.001     45152         0     45148           0.520     2.759     3.400     3.994     4.354     5.235    11.567    19.562
  20.001     36590         0     36586           0.514     3.002     4.297     6.038     7.123     9.740    14.295    27.476
  21.002     38184         0     38180           0.541     2.951     3.987     5.657     6.550     9.880    13.435    16.507
  22.001     45242         0     45256           0.553     2.734     3.355     3.971     4.399     6.009    14.688    18.842
  23.001     35045         0     35042           0.529     3.156     4.575     6.201     7.270    10.060    13.410    20.922
  24.001     40614         0     40605           0.524     2.875     3.719     4.919     6.050     8.716    11.870    14.516
  25.001     41283         0     41291           0.503     2.830     3.699     4.768     5.792     8.487    11.461    16.630
  26.001     35595         0     35591           0.500     3.127     4.415     6.140     7.258    10.355    14.983    21.676
  27.001     44151         0     44151           0.581     2.779     3.445     4.123     4.645     6.275    11.813    17.121
  28.001     35926         0     35927           0.545     3.037     4.325     6.210     7.324    10.297    14.254    19.497
  29.001     38624         0     38624           0.547     2.902     3.922     5.530     6.726     9.544    12.157    16.490
  30.000     43908         0     43951           0.525     2.761     3.451     4.157     4.751     7.447    12.231    16.490
  30.002        27         0     21111           2.347     3.760     5.095     5.698     6.189     6.218     6.218     6.218

SUMMARY STATS ══════════════════════════════════════════════════════════════════════════════════════════════════════════════
    Elapsed time       [s]     30.009                                                                 
        CPU time       [s]    231.534                                                                 
 CPU utilisation       [%]       48.2                                                                 
          Cycles      [op]    1192483                                                                 
          Errors      [op]          0                                                                 
              └─       [%]        0.0                                                                 
        Requests     [req]    1192483                                                                 
              └─  [req/op]        1.0                                                                 
         Retries     [ret]          0                                                                 
              └─ [ret/req]    0.00000                                                                 
            Rows     [row]     523641                                                                 
              └─ [row/req]        0.4                                                                 
     Concurrency     [req]          7 ± 0                                                             
              └─       [%]         85                                                                 
      Throughput    [op/s]      39738 ± 2136                                                          
              ├─   [req/s]      39738 ± 2136                                                          
              └─   [row/s]      17450 ± 938                                                           
   Cycle latency      [ms]      3.219 ± 0.006                                                         
 Request latency      [ms]      3.163 ± 0.007                                                         

CYCLE LATENCY for get [ms]  ════════════════════════════════════════════════════════════════════════════════════════════════
          Min                   0.500 ± 0.015                                                         
           25                   1.957 ± 0.008                                                         
           50                   2.689 ± 0.008                                                         
           75                   3.721 ± 0.015                                                         
           90                   5.300 ± 0.037                                                         
           95                   6.382 ± 0.039                                                         
           98                   8.114 ± 0.094                                                         
           99                   9.470 ± 0.103                                                         
           99.9                13.238 ± 0.275                                                         
           99.99               17.465 ± 1.087                                                         
          Max                  27.099 ± 5.447                                                         

CYCLE LATENCY for update [ms]  ═════════════════════════════════════════════════════════════════════════════════════════════
          Min                   0.704 ± 0.053                                                         
           25                   2.417 ± 0.004                                                         
           50                   3.031 ± 0.006                                                         
           75                   3.854 ± 0.009                                                         
           90                   5.095 ± 0.023                                                         
           95                   6.169 ± 0.031                                                         
           98                   7.696 ± 0.067                                                         
           99                   8.905 ± 0.076                                                         
           99.9                12.509 ± 0.276                                                         
           99.99               17.908 ± 1.444                                                         
          Max                  27.476 ± 1.531                                                         

info: Saved report to /output/latte_1.json
TIMEFORMAT 35.557 233.824 37.575
