Linux 6.17.0-1015-aws (ip-172-31-15-155) 	05/25/26 	_x86_64_	(4 CPU)

18:56:43     CPU    %usr   %nice    %sys %iowait    %irq   %soft  %steal  %guest  %gnice   %idle
18:56:48     all   15.97    0.00    3.32    0.10    0.00    0.81    0.10    0.00    0.00   79.70
18:56:48       0    6.25    0.00    3.63    0.20    0.00    0.81    0.20    0.00    0.00   88.91
18:56:48       1   14.95    0.00    4.44    0.20    0.00    0.00    0.00    0.00    0.00   80.40
18:56:48       2   18.47    0.00    2.21    0.00    0.00    0.80    0.20    0.00    0.00   78.31
18:56:48       3   24.19    0.00    3.02    0.00    0.00    1.61    0.00    0.00    0.00   71.17

18:56:48     CPU    %usr   %nice    %sys %iowait    %irq   %soft  %steal  %guest  %gnice   %idle
18:56:53     all   62.38    0.00   23.00    0.00    0.00    9.94    0.20    0.00    0.00    4.47
18:56:53       0   65.66    0.00   25.30    0.00    0.00    7.23    0.20    0.00    0.00    1.61
18:56:53       1   65.79    0.00   27.97    0.00    0.00    0.00    0.20    0.00    0.00    6.04
18:56:53       2   61.45    0.00   22.29    0.00    0.00   10.64    0.20    0.00    0.00    5.42
18:56:53       3   56.63    0.00   16.47    0.00    0.00   21.89    0.20    0.00    0.00    4.82

18:56:53     CPU    %usr   %nice    %sys %iowait    %irq   %soft  %steal  %guest  %gnice   %idle
18:56:58     all   66.08    0.00   22.61    0.00    0.00   10.10    0.15    0.00    0.00    1.06
18:56:58       0   65.32    0.00   22.38    0.00    0.00   11.09    0.00    0.00    0.00    1.21
18:56:58       1   71.63    0.00   26.16    0.00    0.00    0.00    0.20    0.00    0.00    2.01
18:56:58       2   66.20    0.00   22.13    0.00    0.00   11.07    0.20    0.00    0.00    0.40
18:56:58       3   61.20    0.00   19.80    0.00    0.00   18.20    0.20    0.00    0.00    0.60

18:56:58     CPU    %usr   %nice    %sys %iowait    %irq   %soft  %steal  %guest  %gnice   %idle
18:57:03     all   66.30    0.00   22.48    0.00    0.00   10.11    0.20    0.00    0.00    0.91
18:57:03       0   64.11    0.00   16.33    0.00    0.00   18.55    0.40    0.00    0.00    0.60
18:57:03       1   64.59    0.00   33.00    0.00    0.00    0.00    0.20    0.00    0.00    2.21
18:57:03       2   70.28    0.00   19.28    0.00    0.00    9.84    0.20    0.00    0.00    0.40
18:57:03       3   66.20    0.00   21.33    0.00    0.00   12.07    0.00    0.00    0.00    0.40

18:57:03     CPU    %usr   %nice    %sys %iowait    %irq   %soft  %steal  %guest  %gnice   %idle
18:57:08     all   67.36    0.00   21.41    0.00    0.00   10.33    0.20    0.00    0.00    0.71
18:57:08       0   66.13    0.00   18.95    0.00    0.00   13.91    0.20    0.00    0.00    0.81
18:57:08       1   68.15    0.00   25.96    0.00    0.00    4.67    0.00    0.00    0.00    1.22
18:57:08       2   67.07    0.00   20.88    0.00    0.00   11.24    0.40    0.00    0.00    0.40
18:57:08       3   68.07    0.00   19.88    0.00    0.00   11.45    0.20    0.00    0.00    0.40

18:57:08     CPU    %usr   %nice    %sys %iowait    %irq   %soft  %steal  %guest  %gnice   %idle
18:57:13     all   66.73    0.00   22.09    0.00    0.00   10.17    0.20    0.00    0.00    0.81
18:57:13       0   64.85    0.00   25.25    0.00    0.00    8.48    0.20    0.00    0.00    1.21
18:57:13       1   68.67    0.00   20.48    0.00    0.00    9.64    0.20    0.00    0.00    1.00
18:57:13       2   68.01    0.00   20.93    0.00    0.00   10.46    0.20    0.00    0.00    0.40
18:57:13       3   65.39    0.00   21.73    0.00    0.00   12.07    0.20    0.00    0.00    0.60

18:57:13     CPU    %usr   %nice    %sys %iowait    %irq   %soft  %steal  %guest  %gnice   %idle
18:57:18     all   67.19    0.00   21.76    0.00    0.00   10.20    0.10    0.00    0.00    0.75
18:57:18       0   67.27    0.00   23.49    0.00    0.00    8.03    0.20    0.00    0.00    1.00
18:57:18       1   71.31    0.00   18.59    0.00    0.00    9.29    0.00    0.00    0.00    0.81
18:57:18       2   67.33    0.00   21.64    0.00    0.00   10.42    0.20    0.00    0.00    0.40
18:57:18       3   62.85    0.00   23.29    0.00    0.00   13.05    0.00    0.00    0.00    0.80

18:57:18     CPU    %usr   %nice    %sys %iowait    %irq   %soft  %steal  %guest  %gnice   %idle
18:57:23     all   65.69    0.00   21.18    0.00    0.00   10.01    0.20    0.00    0.00    2.92
18:57:23       0   69.15    0.00   17.94    0.00    0.00    9.07    0.20    0.00    0.00    3.63
18:57:23       1   62.37    0.00   24.35    0.00    0.00    8.85    0.20    0.00    0.00    4.23
18:57:23       2   67.61    0.00   21.13    0.00    0.00   10.66    0.20    0.00    0.00    0.40
18:57:23       3   63.65    0.00   21.29    0.00    0.00   11.45    0.20    0.00    0.00    3.41
