Linux 6.17.0-1015-aws (ip-172-31-15-213) 	05/25/26 	_x86_64_	(4 CPU)

18:56:44     CPU    %usr   %nice    %sys %iowait    %irq   %soft  %steal  %guest  %gnice   %idle
18:56:49     all   18.35    0.00    5.69    0.05    0.00    0.56    0.10    0.00    0.00   75.24
18:56:49       0   15.24    0.00    4.27    0.20    0.00    0.00    0.00    0.00    0.00   80.28
18:56:49       1   34.98    0.00    6.58    0.00    0.00    1.23    0.00    0.00    0.00   57.20
18:56:49       2    9.98    0.00    6.11    0.00    0.00    0.00    0.20    0.00    0.00   83.71
18:56:49       3   13.28    0.00    5.81    0.00    0.00    1.04    0.21    0.00    0.00   79.67

18:56:49     CPU    %usr   %nice    %sys %iowait    %irq   %soft  %steal  %guest  %gnice   %idle
18:56:54     all   30.34    0.00   14.43    0.33    0.00    2.24    0.11    0.00    0.00   52.54
18:56:54       0   20.35    0.00   15.15    0.43    0.00    0.22    0.22    0.00    0.00   63.64
18:56:54       1   40.13    0.00   14.19    0.22    0.00    4.66    0.00    0.00    0.00   40.80
18:56:54       2   23.36    0.00   13.97    0.22    0.00    0.66    0.22    0.00    0.00   61.57
18:56:54       3   37.77    0.00   14.41    0.44    0.00    3.49    0.00    0.00    0.00   43.89

18:56:54     CPU    %usr   %nice    %sys %iowait    %irq   %soft  %steal  %guest  %gnice   %idle
18:56:59     all   34.20    0.00   15.20    0.16    0.00    2.28    0.22    0.00    0.00   47.94
18:56:59       0   29.37    0.00   15.55    0.22    0.00    0.65    0.22    0.00    0.00   54.00
18:56:59       1   40.09    0.00   14.60    0.00    0.00    4.36    0.22    0.00    0.00   40.74
18:56:59       2   28.41    0.00   16.55    0.22    0.00    2.68    0.22    0.00    0.00   51.90
18:56:59       3   38.69    0.00   14.16    0.21    0.00    1.48    0.21    0.00    0.00   45.24

18:56:59     CPU    %usr   %nice    %sys %iowait    %irq   %soft  %steal  %guest  %gnice   %idle
18:57:04     all   32.18    0.00   16.09    0.49    0.00    2.00    0.16    0.00    0.00   49.08
18:57:04       0   28.69    0.00   17.13    0.64    0.00    1.07    0.21    0.00    0.00   52.25
18:57:04       1   35.14    0.00   15.62    0.65    0.00    3.25    0.22    0.00    0.00   45.12
18:57:04       2   39.87    0.00   14.16    0.22    0.00    2.83    0.00    0.00    0.00   42.92
18:57:04       3   25.16    0.00   17.42    0.43    0.00    0.86    0.22    0.00    0.00   55.91

18:57:04     CPU    %usr   %nice    %sys %iowait    %irq   %soft  %steal  %guest  %gnice   %idle
18:57:09     all   33.15    0.00   15.67    0.38    0.00    1.97    0.11    0.00    0.00   48.72
18:57:09       0   24.84    0.00   16.85    0.43    0.00    0.86    0.22    0.00    0.00   56.80
18:57:09       1   29.66    0.00   17.30    0.45    0.00    2.70    0.00    0.00    0.00   49.89
18:57:09       2   40.65    0.00   14.13    0.22    0.00    2.83    0.22    0.00    0.00   41.96
18:57:09       3   37.37    0.00   14.47    0.43    0.00    1.51    0.00    0.00    0.00   46.22

18:57:09     CPU    %usr   %nice    %sys %iowait    %irq   %soft  %steal  %guest  %gnice   %idle
18:57:14     all   35.40    0.00   15.20    0.05    0.00    2.29    0.16    0.00    0.00   46.90
18:57:14       0   38.12    0.00   14.13    0.21    0.00    1.07    0.00    0.00    0.00   46.47
18:57:14       1   36.28    0.00   15.04    0.00    0.00    3.98    0.22    0.00    0.00   44.47
18:57:14       2   27.52    0.00   17.45    0.00    0.00    2.91    0.22    0.00    0.00   51.90
18:57:14       3   39.36    0.00   14.26    0.00    0.00    1.28    0.21    0.00    0.00   44.89

18:57:14     CPU    %usr   %nice    %sys %iowait    %irq   %soft  %steal  %guest  %gnice   %idle
18:57:19     all   32.50    0.00   16.09    0.33    0.00    2.07    0.11    0.00    0.00   48.91
18:57:19       0   39.48    0.00   14.59    0.43    0.00    1.07    0.21    0.00    0.00   44.21
18:57:19       1   25.50    0.00   17.67    0.22    0.00    3.13    0.00    0.00    0.00   53.47
18:57:19       2   41.14    0.00   14.66    0.22    0.00    3.06    0.22    0.00    0.00   40.70
18:57:19       3   23.71    0.00   17.46    0.43    0.00    1.08    0.00    0.00    0.00   57.33

18:57:19     CPU    %usr   %nice    %sys %iowait    %irq   %soft  %steal  %guest  %gnice   %idle
18:57:24     all   30.72    0.00   13.79    0.05    0.00    1.70    0.21    0.00    0.00   53.51
18:57:24       0   45.96    0.00    8.07    0.00    0.00    1.04    0.21    0.00    0.00   44.72
18:57:24       1   25.32    0.00   14.94    0.00    0.00    2.16    0.22    0.00    0.00   57.36
18:57:24       2   23.38    0.00   16.67    0.22    0.00    3.03    0.22    0.00    0.00   56.49
18:57:24       3   27.60    0.00   15.71    0.00    0.00    0.64    0.21    0.00    0.00   55.84
