Linux 6.17.0-1015-aws (ip-172-31-7-97) 	05/26/26 	_x86_64_	(16 CPU)

22:44:34     CPU    %usr   %nice    %sys %iowait    %irq   %soft  %steal  %guest  %gnice   %idle
22:44:39     all   17.86    0.00    2.49    0.10    0.00    0.68    0.00    0.00    0.00   78.86
22:44:39       0   17.38    0.00    3.27    0.41    0.00    0.00    0.00    0.00    0.00   78.94
22:44:39       1   17.96    0.00    2.24    0.00    0.00    0.00    0.00    0.00    0.00   79.80
22:44:39       2   18.69    0.00    2.46    0.00    0.00    0.00    0.00    0.00    0.00   78.85
22:44:39       3   17.92    0.00    2.65    0.41    0.00    0.00    0.00    0.00    0.00   79.02
22:44:39       4   17.79    0.00    2.25    0.20    0.00    0.00    0.00    0.00    0.00   79.75
22:44:39       5   18.01    0.00    2.69    0.00    0.00    1.04    0.00    0.00    0.00   78.26
22:44:39       6   18.37    0.00    3.06    0.00    0.00    0.00    0.00    0.00    0.00   78.57
22:44:39       7   17.70    0.00    2.26    0.21    0.00    1.65    0.00    0.00    0.00   78.19
22:44:39       8   17.49    0.00    2.06    0.00    0.00    1.44    0.00    0.00    0.00   79.01
22:44:39       9   18.22    0.00    2.07    0.00    0.00    1.66    0.00    0.00    0.00   78.05
22:44:39      10   17.84    0.00    2.07    0.00    0.00    1.04    0.00    0.00    0.00   79.05
22:44:39      11   18.52    0.00    2.26    0.00    0.00    1.23    0.00    0.00    0.00   77.98
22:44:39      12   18.52    0.00    2.47    0.00    0.00    1.65    0.00    0.00    0.00   77.37
22:44:39      13   17.66    0.00    2.46    0.00    0.00    0.00    0.00    0.00    0.00   79.88
22:44:39      14   17.05    0.00    2.49    0.21    0.00    1.25    0.00    0.00    0.00   79.00
22:44:39      15   16.67    0.00    3.09    0.21    0.00    0.00    0.00    0.00    0.00   80.04

22:44:39     CPU    %usr   %nice    %sys %iowait    %irq   %soft  %steal  %guest  %gnice   %idle
22:44:44     all   34.53    0.00    4.30    0.00    0.00    1.32    0.00    0.00    0.00   59.85
22:44:44       0   34.94    0.00    4.60    0.00    0.00    0.00    0.00    0.00    0.00   60.46
22:44:44       1   34.45    0.00    4.18    0.00    0.00    0.00    0.00    0.00    0.00   61.38
22:44:44       2   33.12    0.00    4.79    0.00    0.00    0.00    0.00    0.00    0.00   62.08
22:44:44       3   34.03    0.00    4.38    0.00    0.00    0.00    0.00    0.00    0.00   61.59
22:44:44       4   34.52    0.00    4.18    0.00    0.00    0.00    0.00    0.00    0.00   61.30
22:44:44       5   34.39    0.00    4.46    0.00    0.00    2.76    0.00    0.00    0.00   58.39
22:44:44       6   33.82    0.00    3.99    0.00    0.00    0.00    0.00    0.00    0.00   62.18
22:44:44       7   34.75    0.00    4.45    0.00    0.00    3.39    0.00    0.00    0.00   57.42
22:44:44       8   34.89    0.00    4.47    0.00    0.00    1.91    0.00    0.00    0.00   58.72
22:44:44       9   34.82    0.00    4.25    0.00    0.00    3.40    0.00    0.00    0.00   57.54
22:44:44      10   33.83    0.00    4.44    0.00    0.00    2.33    0.00    0.00    0.00   59.41
22:44:44      11   36.23    0.00    3.81    0.00    0.00    2.12    0.00    0.00    0.00   57.84
22:44:44      12   36.38    0.00    4.04    0.00    0.00    2.98    0.00    0.00    0.00   56.60
22:44:44      13   35.07    0.00    3.97    0.00    0.00    0.00    0.00    0.00    0.00   60.96
22:44:44      14   33.47    0.00    4.24    0.00    0.00    2.33    0.00    0.00    0.00   59.96
22:44:44      15   33.82    0.00    4.59    0.00    0.00    0.00    0.00    0.00    0.00   61.59

22:44:44     CPU    %usr   %nice    %sys %iowait    %irq   %soft  %steal  %guest  %gnice   %idle
22:44:49     all   35.81    0.00    4.48    0.00    0.00    1.42    0.00    0.00    0.00   58.28
22:44:49       0   36.31    0.00    4.36    0.00    0.00    0.00    0.00    0.00    0.00   59.34
22:44:49       1   35.46    0.00    4.74    0.00    0.00    0.00    0.00    0.00    0.00   59.79
22:44:49       2   35.55    0.00    4.37    0.00    0.00    0.00    0.00    0.00    0.00   60.08
22:44:49       3   36.44    0.00    4.55    0.00    0.00    0.00    0.00    0.00    0.00   59.01
22:44:49       4   36.44    0.00    4.76    0.00    0.00    0.00    0.00    0.00    0.00   58.80
22:44:49       5   37.47    0.00    4.84    0.00    0.00    2.53    0.00    0.00    0.00   55.16
22:44:49       6   34.58    0.00    4.76    0.00    0.00    0.00    0.00    0.00    0.00   60.66
22:44:49       7   35.10    0.00    4.23    0.00    0.00    3.59    0.00    0.00    0.00   57.08
22:44:49       8   36.06    0.00    4.40    0.00    0.00    2.31    0.00    0.00    0.00   57.23
22:44:49       9   35.94    0.00    4.02    0.00    0.00    3.59    0.00    0.00    0.00   56.45
22:44:49      10   35.52    0.00    4.02    0.00    0.00    2.33    0.00    0.00    0.00   58.14
22:44:49      11   35.81    0.00    4.24    0.00    0.00    2.75    0.00    0.00    0.00   57.20
22:44:49      12   36.69    0.00    4.61    0.00    0.00    3.35    0.00    0.00    0.00   55.35
22:44:49      13   35.55    0.00    4.99    0.00    0.00    0.00    0.00    0.00    0.00   59.46
22:44:49      14   34.95    0.00    4.42    0.00    0.00    2.53    0.00    0.00    0.00   58.11
22:44:49      15   35.19    0.00    4.32    0.00    0.00    0.00    0.00    0.00    0.00   60.49

22:44:49     CPU    %usr   %nice    %sys %iowait    %irq   %soft  %steal  %guest  %gnice   %idle
22:44:54     all   35.57    0.00    4.55    0.00    0.00    1.40    0.00    0.00    0.00   58.47
22:44:54       0   35.01    0.00    4.19    0.00    0.00    0.00    0.00    0.00    0.00   60.80
22:44:54       1   34.73    0.00    4.39    0.00    0.00    0.00    0.00    0.00    0.00   60.88
22:44:54       2   35.07    0.00    4.38    0.00    0.00    0.00    0.00    0.00    0.00   60.54
22:44:54       3   34.85    0.00    4.77    0.00    0.00    0.00    0.00    0.00    0.00   60.37
22:44:54       4   36.19    0.00    4.60    0.00    0.00    0.00    0.00    0.00    0.00   59.21
22:44:54       5   36.44    0.00    4.45    0.00    0.00    2.75    0.00    0.00    0.00   56.36
22:44:54       6   34.38    0.00    4.79    0.00    0.00    0.00    0.00    0.00    0.00   60.83
22:44:54       7   36.02    0.00    4.03    0.00    0.00    2.97    0.00    0.00    0.00   56.99
22:44:54       8   35.58    0.00    4.84    0.00    0.00    2.32    0.00    0.00    0.00   57.26
22:44:54       9   36.08    0.00    4.43    0.00    0.00    3.80    0.00    0.00    0.00   55.70
22:44:54      10   35.43    0.00    4.82    0.00    0.00    2.31    0.00    0.00    0.00   57.44
22:44:54      11   35.61    0.00    4.48    0.00    0.00    2.77    0.00    0.00    0.00   57.14
22:44:54      12   38.36    0.00    4.40    0.00    0.00    3.14    0.00    0.00    0.00   54.09
22:44:54      13   35.55    0.00    4.78    0.00    0.00    0.00    0.00    0.00    0.00   59.67
22:44:54      14   35.58    0.00    4.63    0.00    0.00    2.53    0.00    0.00    0.00   57.26
22:44:54      15   34.37    0.00    4.76    0.00    0.00    0.00    0.00    0.00    0.00   60.87

22:44:54     CPU    %usr   %nice    %sys %iowait    %irq   %soft  %steal  %guest  %gnice   %idle
22:44:59     all   34.66    0.00    4.46    0.00    0.00    1.33    0.00    0.00    0.00   59.55
22:44:59       0   33.40    0.00    4.86    0.00    0.00    0.00    0.00    0.00    0.00   61.73
22:44:59       1   33.26    0.00    4.42    0.00    0.00    0.00    0.00    0.00    0.00   62.32
22:44:59       2   33.19    0.00    4.62    0.00    0.00    0.00    0.00    0.00    0.00   62.18
22:44:59       3   34.38    0.00    5.00    0.00    0.00    0.00    0.00    0.00    0.00   60.62
22:44:59       4   34.75    0.00    4.45    0.00    0.00    0.00    0.00    0.00    0.00   60.81
22:44:59       5   35.04    0.00    4.49    0.00    0.00    2.99    0.00    0.00    0.00   57.48
22:44:59       6   33.82    0.00    4.59    0.00    0.00    0.00    0.00    0.00    0.00   61.59
22:44:59       7   35.46    0.00    4.03    0.00    0.00    2.97    0.00    0.00    0.00   57.54
22:44:59       8   35.47    0.00    4.06    0.00    0.00    2.35    0.00    0.00    0.00   58.12
22:44:59       9   34.62    0.00    4.49    0.00    0.00    3.21    0.00    0.00    0.00   57.69
22:44:59      10   35.50    0.00    4.62    0.00    0.00    2.10    0.00    0.00    0.00   57.77
22:44:59      11   35.03    0.00    4.67    0.00    0.00    2.55    0.00    0.00    0.00   57.75
22:44:59      12   35.32    0.00    4.47    0.00    0.00    3.19    0.00    0.00    0.00   57.02
22:44:59      13   35.49    0.00    4.38    0.00    0.00    0.00    0.00    0.00    0.00   60.13
22:44:59      14   35.79    0.00    3.79    0.00    0.00    2.11    0.00    0.00    0.00   58.32
22:44:59      15   34.03    0.00    4.41    0.00    0.00    0.00    0.00    0.00    0.00   61.55

22:44:59     CPU    %usr   %nice    %sys %iowait    %irq   %soft  %steal  %guest  %gnice   %idle
22:45:04     all   35.87    0.00    4.53    0.00    0.00    1.36    0.01    0.00    0.00   58.23
22:45:04       0   35.44    0.00    4.64    0.00    0.00    0.00    0.00    0.00    0.00   59.92
22:45:04       1   35.77    0.00    4.39    0.00    0.00    0.00    0.00    0.00    0.00   59.83
22:45:04       2   34.73    0.00    5.02    0.00    0.00    0.00    0.00    0.00    0.00   60.25
22:45:04       3   34.52    0.00    4.60    0.00    0.00    0.00    0.00    0.00    0.00   60.88
22:45:04       4   36.40    0.00    4.81    0.00    0.00    0.00    0.00    0.00    0.00   58.79
22:45:04       5   36.84    0.00    4.84    0.00    0.00    3.16    0.00    0.00    0.00   55.16
22:45:04       6   35.83    0.00    4.17    0.00    0.00    0.00    0.00    0.00    0.00   60.00
22:45:04       7   37.10    0.00    4.05    0.00    0.00    2.77    0.00    0.00    0.00   56.08
22:45:04       8   35.58    0.00    4.42    0.00    0.00    2.53    0.00    0.00    0.00   57.47
22:45:04       9   36.81    0.00    4.04    0.00    0.00    3.40    0.00    0.00    0.00   55.74
22:45:04      10   35.17    0.00    4.45    0.00    0.00    2.54    0.21    0.00    0.00   57.63
22:45:04      11   36.84    0.00    4.63    0.00    0.00    2.53    0.00    0.00    0.00   56.00
22:45:04      12   37.18    0.00    4.49    0.00    0.00    2.78    0.00    0.00    0.00   55.56
22:45:04      13   35.65    0.00    4.43    0.00    0.00    0.00    0.00    0.00    0.00   59.92
22:45:04      14   35.24    0.00    4.46    0.00    0.00    2.12    0.00    0.00    0.00   58.17
22:45:04      15   34.93    0.00    4.99    0.00    0.00    0.00    0.00    0.00    0.00   60.08

22:45:04     CPU    %usr   %nice    %sys %iowait    %irq   %soft  %steal  %guest  %gnice   %idle
22:45:09     all   34.45    0.00    4.31    0.01    0.00    1.38    0.00    0.00    0.00   59.86
22:45:09       0   32.70    0.00    4.22    0.00    0.00    0.00    0.00    0.00    0.00   63.08
22:45:09       1   33.61    0.00    4.20    0.00    0.00    0.00    0.00    0.00    0.00   62.18
22:45:09       2   34.10    0.00    4.39    0.00    0.00    0.00    0.00    0.00    0.00   61.51
22:45:09       3   33.19    0.00    4.38    0.00    0.00    0.00    0.00    0.00    0.00   62.42
22:45:09       4   33.61    0.00    4.77    0.00    0.00    0.00    0.00    0.00    0.00   61.62
22:45:09       5   35.17    0.00    4.24    0.00    0.00    3.39    0.00    0.00    0.00   57.20
22:45:09       6   33.40    0.00    4.98    0.00    0.00    0.00    0.00    0.00    0.00   61.62
22:45:09       7   34.74    0.00    4.42    0.00    0.00    3.16    0.00    0.00    0.00   57.68
22:45:09       8   39.92    0.00    4.03    0.00    0.00    2.34    0.00    0.00    0.00   53.72
22:45:09       9   35.03    0.00    3.82    0.00    0.00    3.61    0.00    0.00    0.00   57.54
22:45:09      10   34.53    0.00    3.81    0.00    0.00    2.12    0.00    0.00    0.00   59.53
22:45:09      11   34.11    0.00    3.79    0.21    0.00    2.32    0.00    0.00    0.00   59.58
22:45:09      12   33.83    0.00    4.44    0.00    0.00    2.75    0.00    0.00    0.00   58.99
22:45:09      13   34.58    0.00    4.58    0.00    0.00    0.00    0.00    0.00    0.00   60.83
22:45:09      14   35.08    0.00    4.20    0.00    0.00    2.52    0.00    0.00    0.00   58.19
22:45:09      15   33.61    0.00    4.59    0.00    0.00    0.00    0.00    0.00    0.00   61.80

22:45:09     CPU    %usr   %nice    %sys %iowait    %irq   %soft  %steal  %guest  %gnice   %idle
22:45:14     all   33.71    0.00    4.19    0.00    0.00    1.37    0.00    0.00    0.00   60.73
22:45:14       0   33.89    0.00    4.18    0.00    0.00    0.00    0.00    0.00    0.00   61.92
22:45:14       1   32.56    0.00    4.02    0.00    0.00    0.00    0.00    0.00    0.00   63.42
22:45:14       2   33.61    0.00    3.55    0.00    0.00    0.00    0.00    0.00    0.00   62.84
22:45:14       3   32.85    0.00    4.39    0.00    0.00    0.00    0.00    0.00    0.00   62.76
22:45:14       4   33.54    0.00    4.40    0.00    0.00    0.00    0.00    0.00    0.00   62.05
22:45:14       5   33.97    0.00    3.82    0.00    0.00    3.18    0.00    0.00    0.00   59.02
22:45:14       6   32.98    0.00    4.83    0.00    0.00    0.00    0.00    0.00    0.00   62.18
22:45:14       7   34.53    0.00    4.03    0.00    0.00    2.54    0.00    0.00    0.00   58.90
22:45:14       8   33.33    0.00    4.22    0.00    0.00    2.74    0.00    0.00    0.00   59.70
22:45:14       9   34.32    0.00    4.03    0.00    0.00    3.18    0.00    0.00    0.00   58.47
22:45:14      10   34.04    0.00    4.44    0.00    0.00    1.69    0.00    0.00    0.00   59.83
22:45:14      11   33.55    0.00    4.70    0.00    0.00    2.56    0.00    0.00    0.00   59.19
22:45:14      12   34.96    0.00    3.81    0.00    0.00    3.81    0.00    0.00    0.00   57.42
22:45:14      13   33.54    0.00    4.58    0.00    0.00    0.00    0.00    0.00    0.00   61.88
22:45:14      14   34.53    0.00    4.03    0.00    0.00    2.33    0.00    0.00    0.00   59.11
22:45:14      15   33.19    0.00    3.99    0.00    0.00    0.00    0.00    0.00    0.00   62.82

22:45:14     CPU    %usr   %nice    %sys %iowait    %irq   %soft  %steal  %guest  %gnice   %idle
22:45:19     all   32.57    0.00    4.35    0.00    0.00    1.18    0.00    0.00    0.00   61.90
22:45:19       0   31.57    0.00    4.66    0.00    0.00    0.00    0.00    0.00    0.00   63.77
22:45:19       1   32.84    0.00    4.05    0.00    0.00    0.00    0.00    0.00    0.00   63.11
22:45:19       2   31.42    0.00    4.46    0.00    0.00    0.00    0.00    0.00    0.00   64.12
22:45:19       3   31.78    0.00    4.45    0.00    0.00    0.00    0.00    0.00    0.00   63.77
22:45:19       4   32.77    0.00    4.83    0.00    0.00    0.00    0.00    0.00    0.00   62.39
22:45:19       5   32.54    0.00    4.53    0.00    0.00    2.16    0.00    0.00    0.00   60.78
22:45:19       6   31.85    0.00    4.67    0.00    0.00    0.00    0.00    0.00    0.00   63.48
22:45:19       7   32.83    0.00    4.32    0.00    0.00    2.59    0.00    0.00    0.00   60.26
22:45:19       8   32.83    0.00    4.54    0.00    0.00    2.38    0.00    0.00    0.00   60.26
22:45:19       9   33.19    0.00    4.31    0.00    0.00    3.66    0.00    0.00    0.00   58.84
22:45:19      10   33.05    0.00    4.29    0.00    0.00    1.93    0.00    0.00    0.00   60.73
22:45:19      11   33.62    0.00    3.69    0.00    0.00    2.17    0.00    0.00    0.00   60.52
22:45:19      12   32.97    0.00    4.31    0.00    0.00    2.37    0.00    0.00    0.00   60.34
22:45:19      13   31.85    0.00    3.82    0.00    0.00    0.00    0.00    0.00    0.00   64.33
22:45:19      14   34.40    0.00    3.85    0.00    0.00    1.71    0.00    0.00    0.00   60.04
22:45:19      15   31.63    0.00    4.88    0.00    0.00    0.00    0.00    0.00    0.00   63.48

22:45:19     CPU    %usr   %nice    %sys %iowait    %irq   %soft  %steal  %guest  %gnice   %idle
22:45:24     all   28.97    0.00    4.03    0.00    0.00    0.84    0.03    0.00    0.00   66.13
22:45:24       0   28.05    0.00    4.07    0.00    0.00    0.00    0.00    0.00    0.00   67.88
22:45:24       1   28.57    0.00    4.48    0.00    0.00    0.00    0.00    0.00    0.00   66.95
22:45:24       2   26.84    0.00    3.68    0.00    0.00    0.00    0.00    0.00    0.00   69.48
22:45:24       3   28.57    0.00    4.11    0.00    0.00    0.00    0.00    0.00    0.00   67.32
22:45:24       4   28.54    0.00    4.08    0.00    0.00    0.00    0.00    0.00    0.00   67.38
22:45:24       5   30.18    0.00    3.74    0.00    0.00    1.76    0.22    0.00    0.00   64.10
22:45:24       6   28.66    0.00    4.09    0.00    0.00    0.00    0.00    0.00    0.00   67.24
22:45:24       7   29.91    0.00    3.71    0.00    0.00    1.97    0.00    0.00    0.00   64.41
22:45:24       8   30.15    0.00    4.12    0.00    0.00    1.08    0.22    0.00    0.00   64.43
22:45:24       9   28.85    0.00    4.41    0.00    0.00    2.20    0.00    0.00    0.00   64.54
22:45:24      10   29.10    0.00    3.50    0.00    0.00    1.53    0.00    0.00    0.00   65.86
22:45:24      11   28.23    0.00    4.38    0.00    0.00    1.75    0.00    0.00    0.00   65.65
22:45:24      12   30.44    0.00    4.00    0.00    0.00    1.78    0.00    0.00    0.00   63.78
22:45:24      13   28.85    0.00    4.91    0.00    0.00    0.00    0.00    0.00    0.00   66.24
22:45:24      14   30.79    0.00    3.28    0.00    0.00    1.53    0.00    0.00    0.00   64.41
22:45:24      15   27.90    0.00    3.86    0.00    0.00    0.00    0.00    0.00    0.00   68.24

22:45:24     CPU    %usr   %nice    %sys %iowait    %irq   %soft  %steal  %guest  %gnice   %idle
22:45:29     all   29.97    0.00    3.98    0.00    0.00    1.13    0.00    0.00    0.00   64.91
22:45:29       0   29.08    0.00    4.60    0.00    0.00    0.00    0.00    0.00    0.00   66.32
22:45:29       1   29.66    0.00    3.81    0.00    0.00    0.00    0.00    0.00    0.00   66.53
22:45:29       2   29.24    0.00    3.81    0.00    0.00    0.00    0.00    0.00    0.00   66.95
22:45:29       3   29.29    0.00    4.39    0.00    0.00    0.00    0.00    0.00    0.00   66.32
22:45:29       4   30.08    0.00    3.81    0.00    0.00    0.00    0.00    0.00    0.00   66.10
22:45:29       5   29.89    0.00    4.52    0.00    0.00    2.58    0.00    0.00    0.00   63.01
22:45:29       6   29.15    0.00    3.83    0.00    0.00    0.00    0.00    0.00    0.00   67.02
22:45:29       7   31.12    0.00    3.86    0.00    0.00    2.15    0.00    0.00    0.00   62.88
22:45:29       8   30.00    0.00    4.04    0.00    0.00    1.70    0.00    0.00    0.00   64.26
22:45:29       9   30.84    0.00    3.64    0.00    0.00    2.78    0.00    0.00    0.00   62.74
22:45:29      10   30.87    0.00    3.59    0.00    0.00    1.90    0.00    0.00    0.00   63.64
22:45:29      11   30.13    0.00    3.42    0.00    0.00    2.14    0.00    0.00    0.00   64.32
22:45:29      12   30.43    0.00    4.04    0.00    0.00    2.98    0.00    0.00    0.00   62.55
22:45:29      13   30.08    0.00    4.45    0.00    0.00    0.00    0.00    0.00    0.00   65.47
22:45:29      14   30.90    0.00    3.86    0.00    0.00    1.93    0.00    0.00    0.00   63.30
22:45:29      15   28.87    0.00    4.03    0.00    0.00    0.00    0.00    0.00    0.00   67.09

22:45:29     CPU    %usr   %nice    %sys %iowait    %irq   %soft  %steal  %guest  %gnice   %idle
22:45:34     all   31.52    0.00    4.11    0.00    0.00    1.20    0.00    0.00    0.00   63.18
22:45:34       0   31.14    0.00    4.45    0.00    0.00    0.00    0.00    0.00    0.00   64.41
22:45:34       1   31.85    0.00    3.82    0.00    0.00    0.00    0.00    0.00    0.00   64.33
22:45:34       2   30.51    0.00    4.24    0.00    0.00    0.00    0.00    0.00    0.00   65.25
22:45:34       3   30.88    0.00    3.78    0.00    0.00    0.00    0.00    0.00    0.00   65.34
22:45:34       4   30.64    0.00    4.26    0.00    0.00    0.00    0.00    0.00    0.00   65.11
22:45:34       5   32.20    0.00    3.62    0.00    0.00    2.99    0.00    0.00    0.00   61.19
22:45:34       6   30.15    0.00    4.99    0.00    0.00    0.00    0.00    0.00    0.00   64.86
22:45:34       7   31.99    0.00    4.24    0.00    0.00    2.97    0.00    0.00    0.00   60.81
22:45:34       8   32.40    0.00    3.65    0.00    0.00    1.93    0.00    0.00    0.00   62.02
22:45:34       9   32.83    0.00    4.32    0.00    0.00    2.81    0.00    0.00    0.00   60.04
22:45:34      10   31.91    0.00    4.07    0.00    0.00    1.50    0.00    0.00    0.00   62.53
22:45:34      11   30.74    0.00    4.11    0.00    0.00    2.60    0.00    0.00    0.00   62.55
22:45:34      12   32.98    0.00    4.28    0.00    0.00    2.14    0.00    0.00    0.00   60.60
22:45:34      13   30.70    0.00    4.26    0.00    0.00    0.00    0.00    0.00    0.00   65.03
22:45:34      14   32.06    0.00    3.82    0.00    0.00    2.34    0.00    0.00    0.00   61.78
22:45:34      15   31.36    0.00    3.81    0.00    0.00    0.00    0.00    0.00    0.00   64.83

22:45:34     CPU    %usr   %nice    %sys %iowait    %irq   %soft  %steal  %guest  %gnice   %idle
22:45:39     all   32.70    0.00    4.43    0.00    0.00    1.25    0.00    0.00    0.00   61.62
22:45:39       0   32.13    0.00    4.68    0.00    0.00    0.00    0.00    0.00    0.00   63.19
22:45:39       1   32.35    0.00    4.02    0.00    0.00    0.00    0.00    0.00    0.00   63.64
22:45:39       2   32.77    0.00    4.02    0.00    0.00    0.00    0.00    0.00    0.00   63.21
22:45:39       3   32.56    0.00    4.02    0.00    0.00    0.00    0.00    0.00    0.00   63.42
22:45:39       4   31.91    0.00    4.47    0.00    0.00    0.00    0.00    0.00    0.00   63.62
22:45:39       5   33.48    0.00    4.51    0.00    0.00    3.00    0.00    0.00    0.00   59.01
22:45:39       6   31.84    0.00    4.49    0.00    0.00    0.00    0.00    0.00    0.00   63.68
22:45:39       7   33.55    0.00    4.30    0.00    0.00    2.80    0.00    0.00    0.00   59.35
22:45:39       8   33.05    0.00    4.26    0.00    0.00    1.92    0.00    0.00    0.00   60.77
22:45:39       9   32.68    0.00    4.36    0.00    0.00    2.83    0.00    0.00    0.00   60.13
22:45:39      10   32.62    0.00    4.69    0.00    0.00    2.13    0.00    0.00    0.00   60.55
22:45:39      11   32.68    0.00    4.55    0.00    0.00    2.38    0.00    0.00    0.00   60.39
22:45:39      12   33.76    0.00    4.52    0.00    0.00    3.01    0.00    0.00    0.00   58.71
22:45:39      13   32.08    0.00    5.03    0.00    0.00    0.00    0.00    0.00    0.00   62.89
22:45:39      14   33.40    0.00    4.50    0.00    0.00    2.14    0.00    0.00    0.00   59.96
22:45:39      15   32.34    0.00    4.47    0.00    0.00    0.00    0.00    0.00    0.00   63.19

22:45:39     CPU    %usr   %nice    %sys %iowait    %irq   %soft  %steal  %guest  %gnice   %idle
22:45:44     all   35.88    0.00    4.56    0.00    0.00    1.39    0.00    0.00    0.00   58.17
22:45:44       0   35.85    0.00    4.40    0.00    0.00    0.00    0.00    0.00    0.00   59.75
22:45:44       1   36.27    0.00    4.82    0.00    0.00    0.00    0.00    0.00    0.00   58.91
22:45:44       2   35.14    0.00    4.57    0.00    0.00    0.00    0.00    0.00    0.00   60.29
22:45:44       3   35.33    0.00    5.17    0.00    0.00    0.00    0.00    0.00    0.00   59.50
22:45:44       4   35.98    0.00    4.60    0.00    0.00    0.00    0.00    0.00    0.00   59.41
22:45:44       5   35.11    0.00    4.89    0.00    0.00    3.19    0.00    0.00    0.00   56.81
22:45:44       6   36.23    0.00    4.35    0.00    0.00    0.00    0.00    0.00    0.00   59.42
22:45:44       7   36.25    0.00    4.48    0.00    0.00    2.99    0.00    0.00    0.00   56.29
22:45:44       8   34.46    0.00    4.65    0.00    0.00    2.75    0.00    0.00    0.00   58.14
22:45:44       9   36.79    0.00    4.44    0.00    0.00    3.38    0.00    0.00    0.00   55.39
22:45:44      10   35.79    0.00    4.84    0.00    0.00    2.32    0.00    0.00    0.00   57.05
22:45:44      11   36.23    0.00    4.24    0.00    0.00    2.54    0.00    0.00    0.00   56.99
22:45:44      12   36.44    0.00    4.45    0.00    0.00    2.97    0.00    0.00    0.00   56.14
22:45:44      13   35.83    0.00    4.79    0.00    0.00    0.00    0.00    0.00    0.00   59.38
22:45:44      14   36.60    0.00    4.26    0.00    0.00    2.34    0.00    0.00    0.00   56.81
22:45:44      15   35.85    0.00    3.98    0.00    0.00    0.00    0.00    0.00    0.00   60.17

22:45:44     CPU    %usr   %nice    %sys %iowait    %irq   %soft  %steal  %guest  %gnice   %idle
22:45:49     all   35.29    0.00    4.56    0.00    0.00    1.41    0.00    0.00    0.00   58.74
22:45:49       0   34.66    0.00    4.41    0.00    0.00    0.00    0.00    0.00    0.00   60.92
22:45:49       1   35.56    0.00    4.39    0.00    0.00    0.00    0.00    0.00    0.00   60.04
22:45:49       2   34.17    0.00    4.61    0.00    0.00    0.00    0.00    0.00    0.00   61.22
22:45:49       3   34.81    0.00    4.43    0.00    0.00    0.00    0.00    0.00    0.00   60.76
22:45:49       4   34.52    0.00    4.81    0.00    0.00    0.00    0.00    0.00    0.00   60.67
22:45:49       5   36.17    0.00    4.04    0.00    0.00    2.77    0.00    0.00    0.00   57.02
22:45:49       6   34.38    0.00    4.61    0.00    0.00    0.00    0.00    0.00    0.00   61.01
22:45:49       7   35.32    0.00    4.47    0.00    0.00    3.19    0.00    0.00    0.00   57.02
22:45:49       8   35.43    0.00    4.61    0.00    0.00    2.10    0.00    0.00    0.00   57.86
22:45:49       9   36.65    0.00    4.03    0.00    0.00    3.81    0.00    0.00    0.00   55.51
22:45:49      10   36.23    0.00    3.60    0.00    0.00    2.54    0.00    0.00    0.00   57.63
22:45:49      11   35.03    0.00    5.10    0.00    0.00    2.76    0.00    0.00    0.00   57.11
22:45:49      12   36.32    0.00    5.34    0.00    0.00    3.21    0.00    0.00    0.00   55.13
22:45:49      13   35.28    0.00    5.22    0.00    0.00    0.00    0.00    0.00    0.00   59.50
22:45:49      14   34.96    0.00    4.45    0.00    0.00    2.33    0.00    0.00    0.00   58.26
22:45:49      15   35.22    0.00    4.82    0.00    0.00    0.00    0.00    0.00    0.00   59.96

22:45:49     CPU    %usr   %nice    %sys %iowait    %irq   %soft  %steal  %guest  %gnice   %idle
22:45:54     all   36.66    0.00    4.59    0.00    0.00    1.45    0.00    0.00    0.00   57.30
22:45:54       0   35.43    0.00    5.45    0.00    0.00    0.00    0.00    0.00    0.00   59.12
22:45:54       1   35.43    0.00    4.82    0.00    0.00    0.00    0.00    0.00    0.00   59.75
22:45:54       2   35.77    0.00    4.39    0.00    0.00    0.00    0.00    0.00    0.00   59.83
22:45:54       3   36.17    0.00    5.20    0.00    0.00    0.00    0.00    0.00    0.00   58.63
22:45:54       4   36.74    0.00    5.22    0.00    0.00    0.00    0.00    0.00    0.00   58.04
22:45:54       5   37.26    0.00    4.28    0.00    0.00    2.78    0.00    0.00    0.00   55.67
22:45:54       6   38.41    0.00    4.18    0.00    0.00    0.00    0.00    0.00    0.00   57.41
22:45:54       7   37.31    0.00    3.84    0.00    0.00    3.62    0.00    0.00    0.00   55.22
22:45:54       8   36.32    0.00    4.27    0.00    0.00    2.56    0.00    0.00    0.00   56.84
22:45:54       9   36.94    0.00    4.67    0.00    0.00    3.61    0.00    0.00    0.00   54.78
22:45:54      10   36.52    0.00    4.88    0.00    0.00    2.34    0.00    0.00    0.00   56.26
22:45:54      11   36.60    0.00    5.11    0.00    0.00    2.77    0.00    0.00    0.00   55.53
22:45:54      12   38.43    0.00    4.25    0.00    0.00    2.97    0.00    0.00    0.00   54.35
22:45:54      13   37.82    0.00    4.20    0.00    0.00    0.00    0.00    0.00    0.00   57.98
22:45:54      14   36.46    0.00    3.84    0.00    0.00    2.77    0.00    0.00    0.00   56.93
22:45:54      15   34.95    0.00    4.84    0.00    0.00    0.00    0.00    0.00    0.00   60.21

22:45:54     CPU    %usr   %nice    %sys %iowait    %irq   %soft  %steal  %guest  %gnice   %idle
22:45:59     all   35.77    0.00    4.45    0.00    0.00    1.39    0.01    0.00    0.00   58.37
22:45:59       0   34.87    0.00    4.62    0.00    0.00    0.00    0.00    0.00    0.00   60.50
22:45:59       1   34.53    0.00    4.24    0.00    0.00    0.00    0.00    0.00    0.00   61.23
22:45:59       2   35.06    0.00    4.56    0.00    0.00    0.00    0.00    0.00    0.00   60.37
22:45:59       3   34.99    0.00    5.18    0.00    0.00    0.00    0.00    0.00    0.00   59.83
22:45:59       4   35.29    0.00    4.41    0.00    0.00    0.00    0.00    0.00    0.00   60.29
22:45:59       5   35.74    0.00    4.04    0.00    0.00    3.40    0.00    0.00    0.00   56.81
22:45:59       6   35.56    0.00    4.81    0.00    0.00    0.00    0.00    0.00    0.00   59.62
22:45:59       7   36.15    0.00    4.65    0.00    0.00    3.17    0.00    0.00    0.00   56.03
22:45:59       8   36.36    0.00    3.81    0.00    0.00    2.33    0.00    0.00    0.00   57.51
22:45:59       9   36.40    0.00    4.18    0.00    0.00    3.35    0.21    0.00    0.00   55.86
22:45:59      10   36.38    0.00    4.26    0.00    0.00    1.91    0.00    0.00    0.00   57.45
22:45:59      11   36.63    0.00    4.21    0.00    0.00    2.74    0.00    0.00    0.00   56.42
22:45:59      12   37.31    0.00    3.84    0.00    0.00    2.99    0.00    0.00    0.00   55.86
22:45:59      13   35.54    0.00    4.96    0.00    0.00    0.00    0.00    0.00    0.00   59.50
22:45:59      14   36.76    0.00    4.41    0.00    0.00    2.52    0.00    0.00    0.00   56.30
22:45:59      15   34.80    0.00    5.03    0.00    0.00    0.00    0.00    0.00    0.00   60.17

22:45:59     CPU    %usr   %nice    %sys %iowait    %irq   %soft  %steal  %guest  %gnice   %idle
22:46:04     all   35.07    0.00    4.46    0.00    0.00    1.39    0.00    0.00    0.00   59.09
22:46:04       0   34.87    0.00    4.41    0.00    0.00    0.00    0.00    0.00    0.00   60.71
22:46:04       1   34.23    0.00    4.54    0.00    0.00    0.00    0.00    0.00    0.00   61.24
22:46:04       2   33.54    0.00    4.61    0.00    0.00    0.00    0.00    0.00    0.00   61.84
22:46:04       3   34.59    0.00    3.77    0.00    0.00    0.00    0.00    0.00    0.00   61.64
22:46:04       4   34.66    0.00    5.01    0.00    0.00    0.00    0.00    0.00    0.00   60.33
22:46:04       5   35.44    0.00    3.80    0.00    0.00    3.16    0.00    0.00    0.00   57.59
22:46:04       6   35.14    0.00    4.78    0.00    0.00    0.00    0.00    0.00    0.00   60.08
22:46:04       7   36.08    0.00    4.64    0.00    0.00    3.16    0.00    0.00    0.00   56.12
22:46:04       8   35.98    0.00    4.39    0.00    0.00    1.88    0.00    0.00    0.00   57.74
22:46:04       9   35.38    0.00    4.66    0.00    0.00    3.39    0.00    0.00    0.00   56.57
22:46:04      10   34.31    0.00    4.39    0.00    0.00    2.72    0.00    0.00    0.00   58.58
22:46:04      11   35.53    0.00    4.26    0.00    0.00    2.55    0.00    0.00    0.00   57.66
22:46:04      12   35.79    0.00    4.84    0.00    0.00    2.95    0.00    0.00    0.00   56.42
22:46:04      13   35.49    0.00    4.38    0.00    0.00    0.00    0.00    0.00    0.00   60.13
22:46:04      14   35.10    0.00    4.02    0.00    0.00    2.54    0.00    0.00    0.00   58.35
22:46:04      15   34.99    0.00    4.76    0.00    0.00    0.00    0.00    0.00    0.00   60.25

22:46:04     CPU    %usr   %nice    %sys %iowait    %irq   %soft  %steal  %guest  %gnice   %idle
22:46:09     all   36.47    0.00    4.48    0.00    0.00    1.41    0.01    0.00    0.00   57.63
22:46:09       0   35.38    0.00    4.24    0.00    0.00    0.00    0.00    0.00    0.00   60.38
22:46:09       1   35.43    0.00    4.19    0.00    0.00    0.00    0.00    0.00    0.00   60.38
22:46:09       2   35.54    0.00    4.96    0.00    0.00    0.00    0.21    0.00    0.00   59.30
22:46:09       3   35.62    0.00    5.00    0.00    0.00    0.00    0.00    0.00    0.00   59.38
22:46:09       4   36.46    0.00    4.58    0.00    0.00    0.00    0.00    0.00    0.00   58.96
22:46:09       5   36.32    0.00    4.06    0.00    0.00    3.21    0.00    0.00    0.00   56.41
22:46:09       6   37.03    0.00    4.39    0.00    0.00    0.00    0.00    0.00    0.00   58.58
22:46:09       7   37.71    0.00    4.24    0.00    0.00    2.97    0.00    0.00    0.00   55.08
22:46:09       8   37.47    0.00    4.63    0.00    0.00    2.32    0.00    0.00    0.00   55.58
22:46:09       9   35.47    0.00    4.49    0.00    0.00    3.85    0.00    0.00    0.00   56.20
22:46:09      10   36.97    0.00    4.20    0.00    0.00    2.31    0.00    0.00    0.00   56.51
22:46:09      11   36.86    0.00    4.45    0.00    0.00    2.33    0.00    0.00    0.00   56.36
22:46:09      12   37.63    0.00    4.44    0.00    0.00    3.17    0.00    0.00    0.00   54.76
22:46:09      13   36.25    0.00    4.79    0.00    0.00    0.00    0.00    0.00    0.00   58.96
22:46:09      14   36.92    0.00    4.64    0.00    0.00    2.53    0.00    0.00    0.00   55.91
22:46:09      15   36.44    0.00    4.35    0.00    0.00    0.00    0.00    0.00    0.00   59.21

22:46:09     CPU    %usr   %nice    %sys %iowait    %irq   %soft  %steal  %guest  %gnice   %idle
22:46:14     all   32.68    0.00    4.36    0.00    0.00    1.30    0.00    0.00    0.00   61.67
22:46:14       0   31.70    0.00    4.68    0.00    0.00    0.00    0.00    0.00    0.00   63.62
22:46:14       1   31.91    0.00    4.26    0.00    0.00    0.00    0.00    0.00    0.00   63.83
22:46:14       2   30.64    0.00    4.68    0.00    0.00    0.00    0.00    0.00    0.00   64.68
22:46:14       3   31.99    0.00    4.45    0.00    0.00    0.00    0.00    0.00    0.00   63.56
22:46:14       4   33.12    0.00    4.88    0.00    0.00    0.00    0.00    0.00    0.00   62.00
22:46:14       5   33.41    0.00    4.53    0.00    0.00    2.37    0.00    0.00    0.00   59.70
22:46:14       6   32.55    0.00    4.26    0.00    0.00    0.00    0.00    0.00    0.00   63.19
22:46:14       7   33.41    0.00    4.09    0.00    0.00    3.02    0.00    0.00    0.00   59.48
22:46:14       8   33.76    0.00    4.46    0.00    0.00    2.34    0.00    0.00    0.00   59.45
22:46:14       9   34.06    0.00    3.90    0.00    0.00    3.69    0.00    0.00    0.00   58.35
22:46:14      10   31.55    0.00    4.08    0.00    0.00    1.93    0.00    0.00    0.00   62.45
22:46:14      11   32.33    0.00    4.31    0.00    0.00    2.37    0.00    0.00    0.00   60.99
22:46:14      12   33.69    0.00    4.32    0.00    0.00    2.81    0.00    0.00    0.00   59.18
22:46:14      13   33.47    0.00    4.45    0.00    0.00    0.00    0.00    0.00    0.00   62.08
22:46:14      14   33.33    0.00    3.85    0.00    0.00    2.35    0.00    0.00    0.00   60.47
22:46:14      15   31.98    0.00    4.48    0.00    0.00    0.00    0.00    0.00    0.00   63.54

22:46:14     CPU    %usr   %nice    %sys %iowait    %irq   %soft  %steal  %guest  %gnice   %idle
22:46:19     all   31.52    0.00    4.28    0.00    0.00    1.21    0.00    0.00    0.00   62.99
22:46:19       0   32.14    0.00    4.62    0.00    0.00    0.00    0.00    0.00    0.00   63.24
22:46:19       1   30.41    0.00    4.50    0.00    0.00    0.00    0.00    0.00    0.00   65.10
22:46:19       2   30.85    0.00    4.26    0.00    0.00    0.00    0.00    0.00    0.00   64.89
22:46:19       3   31.42    0.00    4.46    0.00    0.00    0.00    0.00    0.00    0.00   64.12
22:46:19       4   30.90    0.00    3.86    0.00    0.00    0.00    0.00    0.00    0.00   65.24
22:46:19       5   31.60    0.00    4.33    0.00    0.00    2.38    0.00    0.00    0.00   61.69
22:46:19       6   31.30    0.00    4.20    0.00    0.00    0.00    0.00    0.00    0.00   64.50
22:46:19       7   32.17    0.00    4.13    0.00    0.00    2.83    0.00    0.00    0.00   60.87
22:46:19       8   30.17    0.00    4.09    0.00    0.00    2.80    0.00    0.00    0.00   62.93
22:46:19       9   32.61    0.00    3.91    0.00    0.00    3.26    0.00    0.00    0.00   60.22
22:46:19      10   31.55    0.00    4.51    0.00    0.00    1.93    0.00    0.00    0.00   62.02
22:46:19      11   31.89    0.00    3.90    0.00    0.00    1.95    0.00    0.00    0.00   62.26
22:46:19      12   32.03    0.00    4.55    0.00    0.00    2.38    0.00    0.00    0.00   61.04
22:46:19      13   31.36    0.00    4.66    0.00    0.00    0.00    0.00    0.00    0.00   63.98
22:46:19      14   32.25    0.00    4.11    0.00    0.00    1.95    0.00    0.00    0.00   61.69
22:46:19      15   31.71    0.00    4.44    0.00    0.00    0.00    0.00    0.00    0.00   63.85

22:46:19     CPU    %usr   %nice    %sys %iowait    %irq   %soft  %steal  %guest  %gnice   %idle
22:46:24     all   30.50    0.00    4.30    0.00    0.00    1.06    0.00    0.00    0.00   64.13
22:46:24       0   29.78    0.00    4.35    0.00    0.00    0.00    0.00    0.00    0.00   65.87
22:46:24       1   28.51    0.00    3.95    0.00    0.00    0.00    0.00    0.00    0.00   67.54
22:46:24       2   29.40    0.00    4.51    0.00    0.00    0.00    0.00    0.00    0.00   66.09
22:46:24       3   30.52    0.00    4.11    0.00    0.00    0.00    0.00    0.00    0.00   65.37
22:46:24       4   31.41    0.00    5.13    0.00    0.00    0.00    0.00    0.00    0.00   63.46
22:46:24       5   30.91    0.00    4.19    0.00    0.00    1.99    0.00    0.00    0.00   62.91
22:46:24       6   30.11    0.00    4.30    0.00    0.00    0.00    0.00    0.00    0.00   65.59
22:46:24       7   31.06    0.00    4.41    0.00    0.00    2.20    0.00    0.00    0.00   62.33
22:46:24       8   30.99    0.00    3.96    0.00    0.00    2.42    0.00    0.00    0.00   62.64
22:46:24       9   30.60    0.00    3.77    0.00    0.00    2.88    0.00    0.00    0.00   62.75
22:46:24      10   30.40    0.00    4.41    0.00    0.00    1.76    0.00    0.00    0.00   63.44
22:46:24      11   32.10    0.00    4.15    0.00    0.00    1.75    0.00    0.00    0.00   62.01
22:46:24      12   31.66    0.00    4.80    0.00    0.00    2.62    0.00    0.00    0.00   60.92
22:46:24      13   29.44    0.00    4.33    0.00    0.00    0.00    0.00    0.00    0.00   66.23
22:46:24      14   30.85    0.00    4.60    0.00    0.00    1.53    0.00    0.00    0.00   63.02
22:46:24      15   30.32    0.00    3.87    0.00    0.00    0.00    0.00    0.00    0.00   65.81

22:46:24     CPU    %usr   %nice    %sys %iowait    %irq   %soft  %steal  %guest  %gnice   %idle
22:46:29     all   27.79    0.00    4.09    0.00    0.00    1.04    0.00    0.00    0.00   67.07
22:46:29       0   27.07    0.00    4.15    0.00    0.00    0.00    0.00    0.00    0.00   68.78
22:46:29       1   26.68    0.00    4.12    0.00    0.00    0.00    0.00    0.00    0.00   69.20
22:46:29       2   28.57    0.00    3.90    0.00    0.00    0.00    0.00    0.00    0.00   67.53
22:46:29       3   27.03    0.00    4.18    0.00    0.00    0.00    0.00    0.00    0.00   68.79
22:46:29       4   27.95    0.00    4.15    0.00    0.00    0.00    0.00    0.00    0.00   67.90
22:46:29       5   28.98    0.00    3.98    0.00    0.00    2.21    0.00    0.00    0.00   64.82
22:46:29       6   26.70    0.00    3.72    0.00    0.00    0.00    0.00    0.00    0.00   69.58
22:46:29       7   28.09    0.00    4.04    0.00    0.00    2.25    0.00    0.00    0.00   65.62
22:46:29       8   28.88    0.00    4.38    0.00    0.00    1.75    0.00    0.00    0.00   64.99
22:46:29       9   28.32    0.00    4.20    0.00    0.00    2.43    0.00    0.00    0.00   65.04
22:46:29      10   27.15    0.00    4.42    0.00    0.00    1.55    0.00    0.00    0.00   66.89
22:46:29      11   28.32    0.00    3.76    0.00    0.00    2.43    0.00    0.00    0.00   65.49
22:46:29      12   28.73    0.00    4.01    0.00    0.00    2.00    0.00    0.00    0.00   65.26
22:46:29      13   27.43    0.00    4.54    0.00    0.00    0.00    0.00    0.00    0.00   68.03
22:46:29      14   27.53    0.00    4.19    0.00    0.00    2.20    0.00    0.00    0.00   66.08
22:46:29      15   27.29    0.00    3.71    0.00    0.00    0.00    0.00    0.00    0.00   69.00

22:46:29     CPU    %usr   %nice    %sys %iowait    %irq   %soft  %steal  %guest  %gnice   %idle
22:46:34     all   33.34    0.00    4.48    0.00    0.00    1.41    0.00    0.00    0.00   60.76
22:46:34       0   32.47    0.00    5.16    0.00    0.00    0.00    0.00    0.00    0.00   62.37
22:46:34       1   32.62    0.00    4.29    0.00    0.00    0.00    0.00    0.00    0.00   63.09
22:46:34       2   32.06    0.00    4.46    0.00    0.00    0.00    0.00    0.00    0.00   63.48
22:46:34       3   31.91    0.00    5.32    0.00    0.00    0.00    0.00    0.00    0.00   62.77
22:46:34       4   33.62    0.00    4.28    0.00    0.00    0.00    0.00    0.00    0.00   62.10
22:46:34       5   33.55    0.00    4.58    0.00    0.00    2.83    0.00    0.00    0.00   59.04
22:46:34       6   33.55    0.00    4.70    0.00    0.00    0.00    0.00    0.00    0.00   61.75
22:46:34       7   33.48    0.00    4.78    0.00    0.00    3.26    0.00    0.00    0.00   58.48
22:46:34       8   33.62    0.00    4.15    0.00    0.00    2.40    0.00    0.00    0.00   59.83
22:46:34       9   34.20    0.00    4.14    0.00    0.00    3.70    0.00    0.00    0.00   57.95
22:46:34      10   33.48    0.00    4.54    0.00    0.00    2.59    0.00    0.00    0.00   59.40
22:46:34      11   34.34    0.00    4.10    0.00    0.00    3.02    0.00    0.00    0.00   58.53
22:46:34      12   33.84    0.00    4.34    0.00    0.00    3.25    0.00    0.00    0.00   58.57
22:46:34      13   33.83    0.00    4.50    0.00    0.00    0.00    0.00    0.00    0.00   61.67
22:46:34      14   33.91    0.00    4.13    0.00    0.00    1.74    0.00    0.00    0.00   60.22
22:46:34      15   33.05    0.00    4.24    0.00    0.00    0.00    0.00    0.00    0.00   62.71

22:46:34     CPU    %usr   %nice    %sys %iowait    %irq   %soft  %steal  %guest  %gnice   %idle
22:46:39     all   31.45    0.00    4.38    0.00    0.00    1.35    0.00    0.00    0.00   62.81
22:46:39       0   31.75    0.00    4.32    0.00    0.00    0.00    0.00    0.00    0.00   63.93
22:46:39       1   30.62    0.00    4.50    0.00    0.00    0.00    0.00    0.00    0.00   64.88
22:46:39       2   30.04    0.00    4.51    0.00    0.00    0.00    0.00    0.00    0.00   65.45
22:46:39       3   30.62    0.00    4.50    0.00    0.00    0.00    0.00    0.00    0.00   64.88
22:46:39       4   31.55    0.00    4.29    0.00    0.00    0.00    0.00    0.00    0.00   64.16
22:46:39       5   32.97    0.00    4.18    0.00    0.00    2.64    0.00    0.00    0.00   60.22
22:46:39       6   30.90    0.00    4.08    0.00    0.00    0.00    0.00    0.00    0.00   65.02
22:46:39       7   30.65    0.00    4.78    0.00    0.00    3.48    0.00    0.00    0.00   61.09
22:46:39       8   31.66    0.00    4.15    0.00    0.00    2.18    0.00    0.00    0.00   62.01
22:46:39       9   32.10    0.00    4.59    0.00    0.00    3.49    0.00    0.00    0.00   59.83
22:46:39      10   32.32    0.00    4.34    0.00    0.00    2.17    0.00    0.00    0.00   61.17
22:46:39      11   30.20    0.00    5.03    0.00    0.00    2.84    0.00    0.00    0.00   61.93
22:46:39      12   33.12    0.00    4.36    0.00    0.00    3.05    0.00    0.00    0.00   59.48
22:46:39      13   31.48    0.00    4.28    0.00    0.00    0.00    0.00    0.00    0.00   64.24
22:46:39      14   32.24    0.00    4.14    0.00    0.00    1.96    0.00    0.00    0.00   61.66
22:46:39      15   31.10    0.00    4.10    0.00    0.00    0.00    0.00    0.00    0.00   64.79

22:46:39     CPU    %usr   %nice    %sys %iowait    %irq   %soft  %steal  %guest  %gnice   %idle
22:46:44     all   32.68    0.00    4.58    0.01    0.00    1.32    0.01    0.00    0.00   61.40
22:46:44       0   31.98    0.00    4.69    0.00    0.00    0.00    0.00    0.00    0.00   63.33
22:46:44       1   32.42    0.00    4.66    0.00    0.00    0.00    0.21    0.00    0.00   62.71
22:46:44       2   32.98    0.00    4.04    0.00    0.00    0.00    0.00    0.00    0.00   62.98
22:46:44       3   32.34    0.00    4.68    0.21    0.00    0.00    0.00    0.00    0.00   62.77
22:46:44       4   32.34    0.00    4.89    0.00    0.00    0.00    0.00    0.00    0.00   62.77
22:46:44       5   32.97    0.00    4.31    0.00    0.00    3.02    0.00    0.00    0.00   59.70
22:46:44       6   32.55    0.00    4.71    0.00    0.00    0.00    0.00    0.00    0.00   62.74
22:46:44       7   32.03    0.00    4.79    0.00    0.00    3.27    0.00    0.00    0.00   59.91
22:46:44       8   33.41    0.00    4.74    0.00    0.00    2.16    0.00    0.00    0.00   59.70
22:46:44       9   33.26    0.00    4.13    0.00    0.00    3.04    0.00    0.00    0.00   59.57
22:46:44      10   33.19    0.00    4.12    0.00    0.00    1.95    0.00    0.00    0.00   60.74
22:46:44      11   31.51    0.00    4.16    0.00    0.00    3.06    0.00    0.00    0.00   61.27
22:46:44      12   33.41    0.00    5.21    0.00    0.00    2.82    0.00    0.00    0.00   58.57
22:46:44      13   32.55    0.00    4.71    0.00    0.00    0.00    0.00    0.00    0.00   62.74
22:46:44      14   33.26    0.00    4.72    0.00    0.00    1.93    0.00    0.00    0.00   60.09
22:46:44      15   32.63    0.00    4.66    0.00    0.00    0.00    0.00    0.00    0.00   62.71

22:46:44     CPU    %usr   %nice    %sys %iowait    %irq   %soft  %steal  %guest  %gnice   %idle
22:46:49     all   36.60    0.00    4.47    0.00    0.00    1.48    0.00    0.00    0.00   57.46
22:46:49       0   36.90    0.00    4.40    0.00    0.00    0.00    0.00    0.00    0.00   58.70
22:46:49       1   35.91    0.00    5.01    0.00    0.00    0.00    0.00    0.00    0.00   59.08
22:46:49       2   34.96    0.00    4.45    0.00    0.00    0.00    0.00    0.00    0.00   60.59
22:46:49       3   35.91    0.00    4.38    0.00    0.00    0.00    0.00    0.00    0.00   59.71
22:46:49       4   37.11    0.00    4.19    0.00    0.00    0.00    0.00    0.00    0.00   58.70
22:46:49       5   37.39    0.00    4.06    0.00    0.00    3.63    0.00    0.00    0.00   54.91
22:46:49       6   35.56    0.00    5.02    0.00    0.00    0.00    0.00    0.00    0.00   59.41
22:46:49       7   37.58    0.00    3.61    0.00    0.00    3.61    0.00    0.00    0.00   55.20
22:46:49       8   36.71    0.00    4.85    0.00    0.00    2.53    0.00    0.00    0.00   55.91
22:46:49       9   36.97    0.00    4.06    0.00    0.00    3.42    0.00    0.00    0.00   55.56
22:46:49      10   36.02    0.00    4.66    0.00    0.00    2.33    0.00    0.00    0.00   56.99
22:46:49      11   36.79    0.00    4.44    0.00    0.00    2.54    0.00    0.00    0.00   56.24
22:46:49      12   37.39    0.00    4.06    0.00    0.00    3.21    0.00    0.00    0.00   55.34
22:46:49      13   36.93    0.00    4.56    0.00    0.00    0.00    0.00    0.00    0.00   58.51
22:46:49      14   36.58    0.00    4.86    0.00    0.00    2.54    0.00    0.00    0.00   56.03
22:46:49      15   37.01    0.00    4.78    0.00    0.00    0.00    0.00    0.00    0.00   58.21

22:46:49     CPU    %usr   %nice    %sys %iowait    %irq   %soft  %steal  %guest  %gnice   %idle
22:46:54     all   34.48    0.00    4.54    0.00    0.00    1.37    0.00    0.00    0.00   59.60
22:46:54       0   34.03    0.00    4.83    0.00    0.00    0.00    0.00    0.00    0.00   61.13
22:46:54       1   33.68    0.00    4.21    0.00    0.00    0.00    0.00    0.00    0.00   62.11
22:46:54       2   33.47    0.00    4.18    0.00    0.00    0.00    0.00    0.00    0.00   62.34
22:46:54       3   34.18    0.00    3.61    0.00    0.00    0.00    0.00    0.00    0.00   62.21
22:46:54       4   35.28    0.00    4.59    0.00    0.00    0.00    0.00    0.00    0.00   60.13
22:46:54       5   34.75    0.00    4.90    0.00    0.00    3.20    0.00    0.00    0.00   57.14
22:46:54       6   35.34    0.00    4.78    0.00    0.00    0.00    0.00    0.00    0.00   59.88
22:46:54       7   35.24    0.00    4.46    0.00    0.00    3.18    0.00    0.00    0.00   57.11
22:46:54       8   34.40    0.00    4.49    0.00    0.00    2.14    0.00    0.00    0.00   58.97
22:46:54       9   33.98    0.00    4.52    0.00    0.00    3.23    0.00    0.00    0.00   58.28
22:46:54      10   33.19    0.00    4.23    0.00    0.00    2.54    0.00    0.00    0.00   60.04
22:46:54      11   34.96    0.00    4.66    0.00    0.00    2.54    0.00    0.00    0.00   57.84
22:46:54      12   35.55    0.00    5.14    0.00    0.00    2.78    0.00    0.00    0.00   56.53
22:46:54      13   34.17    0.00    4.82    0.00    0.00    0.00    0.00    0.00    0.00   61.01
22:46:54      14   35.59    0.00    4.87    0.00    0.00    2.54    0.00    0.00    0.00   56.99
22:46:54      15   33.89    0.00    4.42    0.00    0.00    0.00    0.00    0.00    0.00   61.68

22:46:54     CPU    %usr   %nice    %sys %iowait    %irq   %soft  %steal  %guest  %gnice   %idle
22:46:59     all   34.65    0.00    4.49    0.00    0.00    1.37    0.00    0.00    0.00   59.49
22:46:59       0   34.03    0.00    4.41    0.00    0.00    0.00    0.00    0.00    0.00   61.55
22:46:59       1   34.66    0.00    3.78    0.00    0.00    0.00    0.00    0.00    0.00   61.55
22:46:59       2   33.19    0.00    4.59    0.00    0.00    0.00    0.00    0.00    0.00   62.21
22:46:59       3   34.38    0.00    4.38    0.00    0.00    0.00    0.00    0.00    0.00   61.25
22:46:59       4   34.94    0.00    5.23    0.00    0.00    0.00    0.00    0.00    0.00   59.83
22:46:59       5   34.68    0.00    4.68    0.00    0.00    2.77    0.00    0.00    0.00   57.87
22:46:59       6   34.31    0.00    4.18    0.00    0.00    0.00    0.00    0.00    0.00   61.51
22:46:59       7   35.05    0.00    4.30    0.00    0.00    3.01    0.00    0.00    0.00   57.63
22:46:59       8   34.25    0.00    4.65    0.00    0.00    2.96    0.00    0.00    0.00   58.14
22:46:59       9   35.59    0.00    4.45    0.00    0.00    3.39    0.00    0.00    0.00   56.57
22:46:59      10   33.96    0.00    4.61    0.00    0.00    2.31    0.00    0.00    0.00   59.12
22:46:59      11   34.04    0.00    5.07    0.00    0.00    2.54    0.00    0.00    0.00   58.35
22:46:59      12   36.58    0.00    4.23    0.00    0.00    2.96    0.00    0.00    0.00   56.24
22:46:59      13   34.10    0.00    4.57    0.00    0.00    0.00    0.00    0.00    0.00   61.33
22:46:59      14   35.68    0.00    4.27    0.00    0.00    2.14    0.00    0.00    0.00   57.91
22:46:59      15   35.00    0.00    4.38    0.00    0.00    0.00    0.00    0.00    0.00   60.62

22:46:59     CPU    %usr   %nice    %sys %iowait    %irq   %soft  %steal  %guest  %gnice   %idle
22:47:04     all   33.51    0.00    4.22    0.00    0.00    1.36    0.01    0.00    0.00   60.90
22:47:04       0   32.98    0.00    4.68    0.00    0.00    0.00    0.21    0.00    0.00   62.13
22:47:04       1   32.91    0.00    4.25    0.00    0.00    0.00    0.00    0.00    0.00   62.85
22:47:04       2   33.69    0.00    3.86    0.00    0.00    0.00    0.00    0.00    0.00   62.45
22:47:04       3   33.26    0.00    4.42    0.00    0.00    0.00    0.00    0.00    0.00   62.32
22:47:04       4   33.83    0.00    4.86    0.00    0.00    0.00    0.00    0.00    0.00   61.31
22:47:04       5   34.34    0.00    3.89    0.00    0.00    3.02    0.00    0.00    0.00   58.75
22:47:04       6   32.63    0.00    4.24    0.00    0.00    0.00    0.00    0.00    0.00   63.14
22:47:04       7   33.48    0.00    4.10    0.00    0.00    3.24    0.00    0.00    0.00   59.18
22:47:04       8   34.05    0.00    4.09    0.00    0.00    2.16    0.00    0.00    0.00   59.70
22:47:04       9   33.41    0.00    4.09    0.00    0.00    3.66    0.00    0.00    0.00   58.84
22:47:04      10   33.41    0.00    4.09    0.00    0.00    2.16    0.00    0.00    0.00   60.34
22:47:04      11   33.69    0.00    4.10    0.00    0.00    2.16    0.00    0.00    0.00   60.04
22:47:04      12   34.34    0.00    4.10    0.00    0.00    3.02    0.00    0.00    0.00   58.53
22:47:04      13   33.76    0.00    4.25    0.00    0.00    0.00    0.00    0.00    0.00   62.00
22:47:04      14   34.40    0.00    4.06    0.00    0.00    2.56    0.00    0.00    0.00   58.97
22:47:04      15   32.00    0.00    4.42    0.00    0.00    0.00    0.00    0.00    0.00   63.58

22:47:04     CPU    %usr   %nice    %sys %iowait    %irq   %soft  %steal  %guest  %gnice   %idle
22:47:09     all   17.31    0.00    2.40    0.06    0.00    0.60    0.00    0.00    0.00   79.63
22:47:09       0   15.91    0.00    2.69    0.00    0.00    0.00    0.00    0.00    0.00   81.40
22:47:09       1   17.11    0.00    2.27    0.00    0.00    0.00    0.00    0.00    0.00   80.62
22:47:09       2   15.43    0.00    2.67    0.00    0.00    0.00    0.00    0.00    0.00   81.89
22:47:09       3   18.76    0.00    2.47    0.00    0.00    0.00    0.00    0.00    0.00   78.76
22:47:09       4   16.98    0.00    2.07    0.21    0.00    0.00    0.00    0.00    0.00   80.75
22:47:09       5   16.46    0.00    2.29    0.00    0.00    1.46    0.00    0.00    0.00   79.79
22:47:09       6   17.11    0.00    2.06    0.00    0.00    0.00    0.00    0.00    0.00   80.82
22:47:09       7   16.25    0.00    2.08    0.00    0.00    1.46    0.00    0.00    0.00   80.21
22:47:09       8   17.01    0.00    2.70    0.00    0.00    1.04    0.00    0.00    0.00   79.25
22:47:09       9   18.14    0.00    2.11    0.00    0.00    1.05    0.00    0.00    0.00   78.69
22:47:09      10   16.70    0.00    1.88    0.00    0.00    1.04    0.00    0.00    0.00   80.38
22:47:09      11   16.84    0.00    2.74    0.00    0.00    1.26    0.00    0.00    0.00   79.16
22:47:09      12   17.26    0.00    2.49    0.00    0.00    1.25    0.00    0.00    0.00   79.00
22:47:09      13   15.83    0.00    2.92    0.21    0.00    0.00    0.00    0.00    0.00   81.04
22:47:09      14   24.74    0.00    2.49    0.21    0.00    1.04    0.00    0.00    0.00   71.52
22:47:09      15   16.39    0.00    2.49    0.41    0.00    0.00    0.00    0.00    0.00   80.71
