Linux 6.17.0-1015-aws (ip-172-31-11-190) 	05/26/26 	_x86_64_	(4 CPU)

22:44:34     CPU    %usr   %nice    %sys %iowait    %irq   %soft  %steal  %guest  %gnice   %idle
22:44:39     all   18.76    0.00    5.91    0.00    0.00    0.57    0.05    0.00    0.00   74.72
22:44:39       0   20.20    0.00    6.33    0.00    0.00    0.00    0.00    0.00    0.00   73.47
22:44:39       1   29.67    0.00    5.81    0.00    0.00    1.24    0.00    0.00    0.00   63.28
22:44:39       2   10.29    0.00    5.97    0.00    0.00    0.41    0.00    0.00    0.00   83.33
22:44:39       3   14.96    0.00    5.53    0.00    0.00    0.61    0.20    0.00    0.00   78.69

22:44:39     CPU    %usr   %nice    %sys %iowait    %irq   %soft  %steal  %guest  %gnice   %idle
22:44:44     all   29.15    0.00   13.05    0.00    0.00    1.75    0.22    0.00    0.00   55.84
22:44:44       0   24.66    0.00   15.16    0.00    0.00    2.94    0.23    0.00    0.00   57.01
22:44:44       1   21.15    0.00   14.32    0.00    0.00    1.10    0.22    0.00    0.00   63.22
22:44:44       2   50.11    0.00    9.38    0.00    0.00    2.99    0.21    0.00    0.00   37.31
22:44:44       3   20.13    0.00   13.49    0.00    0.00    0.00    0.21    0.00    0.00   66.17

22:44:44     CPU    %usr   %nice    %sys %iowait    %irq   %soft  %steal  %guest  %gnice   %idle
22:44:49     all   31.28    0.00   12.74    0.00    0.00    1.55    0.06    0.00    0.00   54.37
22:44:49       0   37.39    0.00   12.61    0.00    0.00    2.48    0.00    0.00    0.00   47.52
22:44:49       1   20.27    0.00   14.48    0.00    0.00    1.34    0.22    0.00    0.00   63.70
22:44:49       2   36.53    0.00   13.14    0.00    0.00    2.23    0.00    0.00    0.00   48.11
22:44:49       3   31.03    0.00   10.78    0.00    0.00    0.22    0.00    0.00    0.00   57.97

22:44:49     CPU    %usr   %nice    %sys %iowait    %irq   %soft  %steal  %guest  %gnice   %idle
22:44:54     all   27.67    0.00   13.16    0.00    0.00    1.84    0.22    0.00    0.00   57.12
22:44:54       0   40.51    0.00   10.76    0.00    0.00    1.90    0.21    0.00    0.00   46.62
22:44:54       1   22.29    0.00   12.95    0.00    0.00    0.00    0.21    0.00    0.00   64.54
22:44:54       2   23.30    0.00   14.51    0.00    0.00    2.20    0.22    0.00    0.00   59.78
22:44:54       3   24.16    0.00   14.54    0.00    0.00    3.36    0.22    0.00    0.00   57.72

22:44:54     CPU    %usr   %nice    %sys %iowait    %irq   %soft  %steal  %guest  %gnice   %idle
22:44:59     all   29.51    0.00   13.18    0.00    0.00    1.60    0.06    0.00    0.00   55.65
22:44:59       0   20.54    0.00   15.12    0.00    0.00    1.13    0.00    0.00    0.00   63.21
22:44:59       1   19.52    0.00   13.67    0.00    0.00    0.22    0.00    0.00    0.00   66.59
22:44:59       2   49.89    0.00   10.19    0.00    0.00    2.76    0.00    0.00    0.00   37.15
22:44:59       3   27.17    0.00   13.93    0.00    0.00    2.28    0.23    0.00    0.00   56.39

22:44:59     CPU    %usr   %nice    %sys %iowait    %irq   %soft  %steal  %guest  %gnice   %idle
22:45:04     all   32.31    0.00   13.26    0.00    0.00    1.65    0.17    0.00    0.00   52.61
22:45:04       0   23.28    0.00   13.53    0.00    0.00    1.11    0.00    0.00    0.00   62.08
22:45:04       1   33.11    0.00   14.35    0.00    0.00    1.55    0.22    0.00    0.00   50.77
22:45:04       2   23.54    0.00   15.02    0.00    0.00    1.57    0.22    0.00    0.00   59.64
22:45:04       3   48.61    0.00   10.28    0.00    0.00    2.36    0.21    0.00    0.00   38.54

22:45:04     CPU    %usr   %nice    %sys %iowait    %irq   %soft  %steal  %guest  %gnice   %idle
22:45:09     all   25.37    0.00   11.33    0.06    0.00    1.33    0.11    0.00    0.00   61.80
22:45:09       0   22.88    0.00   11.98    0.22    0.00    1.09    0.22    0.00    0.00   63.62
22:45:09       1   33.04    0.00   10.20    0.00    0.00    1.11    0.22    0.00    0.00   55.43
22:45:09       2   27.11    0.00   10.89    0.00    0.00    2.00    0.00    0.00    0.00   60.00
22:45:09       3   18.49    0.00   12.25    0.00    0.00    1.11    0.00    0.00    0.00   68.15

22:45:09     CPU    %usr   %nice    %sys %iowait    %irq   %soft  %steal  %guest  %gnice   %idle
22:45:14     all   31.37    0.00   12.89    0.05    0.00    1.68    0.16    0.00    0.00   53.85
22:45:14       0   44.73    0.00   10.54    0.00    0.00    1.72    0.00    0.00    0.00   43.01
22:45:14       1   21.09    0.00   13.91    0.22    0.00    1.30    0.22    0.00    0.00   63.26
22:45:14       2   37.50    0.00   12.28    0.00    0.00    2.37    0.22    0.00    0.00   47.63
22:45:14       3   21.88    0.00   14.88    0.00    0.00    1.31    0.22    0.00    0.00   61.71

22:45:14     CPU    %usr   %nice    %sys %iowait    %irq   %soft  %steal  %guest  %gnice   %idle
22:45:19     all   29.45    0.00   13.13    0.00    0.00    1.59    0.11    0.00    0.00   55.72
22:45:19       0   25.00    0.00   14.19    0.00    0.00    1.06    0.21    0.00    0.00   59.53
22:45:19       1   34.10    0.00   12.97    0.00    0.00    1.67    0.00    0.00    0.00   51.26
22:45:19       2   36.27    0.00   11.37    0.00    0.00    2.36    0.00    0.00    0.00   50.00
22:45:19       3   22.37    0.00   13.98    0.00    0.00    1.29    0.22    0.00    0.00   62.15

22:45:19     CPU    %usr   %nice    %sys %iowait    %irq   %soft  %steal  %guest  %gnice   %idle
22:45:24     all   47.72    0.00   13.03    0.05    0.00    1.87    0.21    0.00    0.00   37.12
22:45:24       0   56.82    0.00   11.98    0.00    0.00    1.45    0.21    0.00    0.00   29.55
22:45:24       1   52.43    0.00   11.74    0.00    0.00    2.02    0.20    0.00    0.00   33.60
22:45:24       2   50.21    0.00   12.96    0.21    0.00    2.26    0.21    0.00    0.00   34.16
22:45:24       3   30.52    0.00   15.58    0.00    0.00    1.73    0.22    0.00    0.00   51.95

22:45:24     CPU    %usr   %nice    %sys %iowait    %irq   %soft  %steal  %guest  %gnice   %idle
22:45:29     all   29.02    0.00   11.82    0.00    0.00    1.29    0.16    0.00    0.00   57.71
22:45:29       0   19.61    0.00   12.85    0.00    0.00    0.87    0.22    0.00    0.00   66.45
22:45:29       1   30.37    0.00   11.50    0.00    0.00    1.30    0.22    0.00    0.00   56.62
22:45:29       2   32.26    0.00   11.18    0.00    0.00    1.51    0.00    0.00    0.00   55.05
22:45:29       3   33.61    0.00   11.76    0.00    0.00    1.47    0.21    0.00    0.00   52.94

22:45:29     CPU    %usr   %nice    %sys %iowait    %irq   %soft  %steal  %guest  %gnice   %idle
22:45:34     all   25.33    0.00   11.39    0.00    0.00    1.33    0.06    0.00    0.00   61.89
22:45:34       0   22.05    0.00   12.25    0.00    0.00    1.11    0.00    0.00    0.00   64.59
22:45:34       1   28.13    0.00   10.55    0.00    0.00    1.32    0.00    0.00    0.00   60.00
22:45:34       2   33.70    0.00   10.07    0.00    0.00    1.97    0.22    0.00    0.00   54.05
22:45:34       3   17.23    0.00   12.75    0.00    0.00    0.89    0.00    0.00    0.00   69.13

22:45:34     CPU    %usr   %nice    %sys %iowait    %irq   %soft  %steal  %guest  %gnice   %idle
22:45:39     all   35.10    0.00   12.54    0.00    0.00    1.50    0.11    0.00    0.00   50.75
22:45:39       0   39.19    0.00   11.23    0.00    0.00    1.06    0.00    0.00    0.00   48.52
22:45:39       1   42.25    0.00   10.19    0.00    0.00    1.70    0.21    0.00    0.00   45.65
22:45:39       2   35.87    0.00   12.17    0.00    0.00    1.52    0.00    0.00    0.00   50.43
22:45:39       3   22.89    0.00   16.63    0.00    0.00    1.73    0.22    0.00    0.00   58.53

22:45:39     CPU    %usr   %nice    %sys %iowait    %irq   %soft  %steal  %guest  %gnice   %idle
22:45:44     all   28.79    0.00   12.74    0.06    0.00    1.49    0.22    0.00    0.00   56.70
22:45:44       0   32.54    0.00   11.06    0.00    0.00    1.08    0.22    0.00    0.00   55.10
22:45:44       1   27.17    0.00   11.80    0.00    0.00    1.56    0.22    0.00    0.00   59.24
22:45:44       2   20.18    0.00   15.25    0.00    0.00    1.79    0.22    0.00    0.00   62.56
22:45:44       3   35.01    0.00   12.91    0.22    0.00    1.53    0.22    0.00    0.00   50.11

22:45:44     CPU    %usr   %nice    %sys %iowait    %irq   %soft  %steal  %guest  %gnice   %idle
22:45:49     all   32.70    0.00   14.30    0.00    0.00    1.97    0.05    0.00    0.00   50.98
22:45:49       0   30.00    0.00   13.91    0.00    0.00    1.30    0.00    0.00    0.00   54.78
22:45:49       1   36.96    0.00   14.13    0.00    0.00    1.96    0.22    0.00    0.00   46.74
22:45:49       2   27.91    0.00   15.16    0.00    0.00    2.64    0.00    0.00    0.00   54.29
22:45:49       3   35.89    0.00   14.00    0.00    0.00    1.97    0.00    0.00    0.00   48.14

22:45:49     CPU    %usr   %nice    %sys %iowait    %irq   %soft  %steal  %guest  %gnice   %idle
22:45:54     all   31.62    0.00   13.81    0.00    0.00    1.62    0.22    0.00    0.00   52.73
22:45:54       0   41.56    0.00   11.60    0.00    0.00    1.69    0.21    0.00    0.00   44.94
22:45:54       1   23.75    0.00   15.47    0.00    0.00    1.09    0.22    0.00    0.00   59.48
22:45:54       2   26.59    0.00   15.16    0.00    0.00    1.98    0.22    0.00    0.00   56.04
22:45:54       3   34.20    0.00   13.07    0.00    0.00    1.74    0.22    0.00    0.00   50.76

22:45:54     CPU    %usr   %nice    %sys %iowait    %irq   %soft  %steal  %guest  %gnice   %idle
22:45:59     all   27.00    0.00   11.67    0.00    0.00    1.56    0.06    0.00    0.00   59.72
22:45:59       0   24.56    0.00   11.06    0.00    0.00    1.11    0.00    0.00    0.00   63.27
22:45:59       1   41.99    0.00    9.52    0.00    0.00    1.52    0.00    0.00    0.00   46.97
22:45:59       2   19.95    0.00   13.38    0.00    0.00    2.04    0.00    0.00    0.00   64.63
22:45:59       3   20.90    0.00   12.81    0.00    0.00    1.57    0.22    0.00    0.00   64.49

22:45:59     CPU    %usr   %nice    %sys %iowait    %irq   %soft  %steal  %guest  %gnice   %idle
22:46:04     all   30.31    0.00   13.38    0.00    0.00    1.58    0.22    0.00    0.00   54.51
22:46:04       0   40.69    0.00   11.13    0.00    0.00    1.50    0.21    0.00    0.00   46.47
22:46:04       1   28.73    0.00   13.16    0.00    0.00    1.10    0.22    0.00    0.00   56.80
22:46:04       2   29.49    0.00   14.19    0.00    0.00    2.22    0.22    0.00    0.00   53.88
22:46:04       3   22.10    0.00   15.10    0.00    0.00    1.53    0.22    0.00    0.00   61.05

22:46:04     CPU    %usr   %nice    %sys %iowait    %irq   %soft  %steal  %guest  %gnice   %idle
22:46:09     all   30.62    0.00   13.16    0.00    0.00    1.49    0.11    0.00    0.00   54.62
22:46:09       0   21.43    0.00   16.07    0.00    0.00    0.89    0.00    0.00    0.00   61.61
22:46:09       1   21.22    0.00   14.00    0.00    0.00    1.13    0.23    0.00    0.00   63.43
22:46:09       2   56.36    0.00    9.32    0.00    0.00    2.75    0.00    0.00    0.00   31.57
22:46:09       3   21.97    0.00   13.45    0.00    0.00    1.12    0.22    0.00    0.00   63.23

22:46:09     CPU    %usr   %nice    %sys %iowait    %irq   %soft  %steal  %guest  %gnice   %idle
22:46:14     all   25.56    0.00   12.56    0.00    0.00    1.48    0.11    0.00    0.00   60.29
22:46:14       0   32.55    0.00   11.13    0.00    0.00    1.50    0.21    0.00    0.00   54.60
22:46:14       1   30.35    0.00   11.79    0.00    0.00    1.31    0.22    0.00    0.00   56.33
22:46:14       2   19.78    0.00   13.78    0.00    0.00    2.00    0.00    0.00    0.00   64.44
22:46:14       3   19.20    0.00   13.62    0.00    0.00    1.12    0.00    0.00    0.00   66.07

22:46:14     CPU    %usr   %nice    %sys %iowait    %irq   %soft  %steal  %guest  %gnice   %idle
22:46:19     all   32.26    0.00   12.60    0.00    0.00    1.72    0.16    0.00    0.00   53.26
22:46:19       0   25.05    0.00   13.17    0.00    0.00    1.30    0.00    0.00    0.00   60.48
22:46:19       1   38.33    0.00   12.63    0.00    0.00    1.28    0.21    0.00    0.00   47.54
22:46:19       2   35.96    0.00   11.06    0.00    0.00    2.55    0.21    0.00    0.00   50.21
22:46:19       3   29.54    0.00   13.57    0.00    0.00    1.75    0.22    0.00    0.00   54.92

22:46:19     CPU    %usr   %nice    %sys %iowait    %irq   %soft  %steal  %guest  %gnice   %idle
22:46:24     all   27.64    0.00   12.63    0.00    0.00    1.64    0.11    0.00    0.00   57.98
22:46:24       0   31.24    0.00   11.53    0.00    0.00    1.26    0.21    0.00    0.00   55.77
22:46:24       1   21.43    0.00   13.87    0.00    0.00    1.68    0.00    0.00    0.00   63.03
22:46:24       2   22.13    0.00   13.88    0.00    0.00    2.17    0.00    0.00    0.00   61.82
22:46:24       3   35.67    0.00   11.25    0.00    0.00    1.49    0.21    0.00    0.00   51.38

22:46:24     CPU    %usr   %nice    %sys %iowait    %irq   %soft  %steal  %guest  %gnice   %idle
22:46:29     all   34.86    0.00   13.56    0.00    0.00    1.84    0.11    0.00    0.00   49.63
22:46:29       0   40.17    0.00   11.92    0.00    0.00    1.67    0.00    0.00    0.00   46.23
22:46:29       1   25.16    0.00   14.80    0.00    0.00    1.06    0.21    0.00    0.00   58.77
22:46:29       2   46.22    0.00   12.61    0.00    0.00    2.94    0.21    0.00    0.00   38.03
22:46:29       3   27.79    0.00   14.95    0.00    0.00    1.68    0.00    0.00    0.00   55.58

22:46:29     CPU    %usr   %nice    %sys %iowait    %irq   %soft  %steal  %guest  %gnice   %idle
22:46:34     all   45.85    0.00   13.93    0.00    0.00    1.98    0.21    0.00    0.00   38.03
22:46:34       0   45.05    0.00   13.26    0.00    0.00    1.47    0.21    0.00    0.00   40.00
22:46:34       1   56.12    0.00   11.39    0.00    0.00    1.48    0.21    0.00    0.00   30.80
22:46:34       2   26.50    0.00   18.93    0.00    0.00    2.45    0.22    0.00    0.00   51.89
22:46:34       3   54.80    0.00   12.37    0.00    0.00    2.56    0.21    0.00    0.00   30.06

22:46:34     CPU    %usr   %nice    %sys %iowait    %irq   %soft  %steal  %guest  %gnice   %idle
22:46:39     all   26.51    0.00   13.01    0.00    0.00    1.24    0.11    0.00    0.00   59.13
22:46:39       0   27.35    0.00   12.18    0.00    0.00    0.85    0.00    0.00    0.00   59.62
22:46:39       1   32.70    0.00   12.66    0.00    0.00    1.05    0.21    0.00    0.00   53.38
22:46:39       2   20.58    0.00   14.38    0.00    0.00    1.55    0.00    0.00    0.00   63.50
22:46:39       3   25.11    0.00   12.88    0.00    0.00    1.53    0.22    0.00    0.00   60.26

22:46:39     CPU    %usr   %nice    %sys %iowait    %irq   %soft  %steal  %guest  %gnice   %idle
22:46:44     all   31.82    0.00   14.20    0.00    0.00    1.74    0.16    0.00    0.00   52.08
22:46:44       0   24.20    0.00   14.86    0.00    0.00    1.27    0.21    0.00    0.00   59.45
22:46:44       1   30.25    0.00   15.13    0.00    0.00    1.05    0.00    0.00    0.00   53.57
22:46:44       2   35.61    0.00   14.07    0.00    0.00    2.77    0.21    0.00    0.00   47.33
22:46:44       3   37.16    0.00   12.73    0.00    0.00    1.88    0.21    0.00    0.00   48.02

22:46:44     CPU    %usr   %nice    %sys %iowait    %irq   %soft  %steal  %guest  %gnice   %idle
22:46:49     all   29.68    0.00   13.21    0.05    0.00    1.55    0.16    0.00    0.00   55.35
22:46:49       0   34.74    0.00   12.21    0.00    0.00    1.05    0.21    0.00    0.00   51.79
22:46:49       1   24.73    0.00   14.07    0.00    0.00    1.28    0.21    0.00    0.00   59.70
22:46:49       2   35.05    0.00   12.26    0.00    0.00    2.58    0.00    0.00    0.00   50.11
22:46:49       3   24.15    0.00   14.32    0.21    0.00    1.28    0.21    0.00    0.00   59.83

22:46:49     CPU    %usr   %nice    %sys %iowait    %irq   %soft  %steal  %guest  %gnice   %idle
22:46:54     all   29.13    0.00   13.20    0.05    0.00    1.85    0.16    0.00    0.00   55.59
22:46:54       0   42.98    0.00   10.21    0.00    0.00    2.13    0.21    0.00    0.00   44.47
22:46:54       1   25.27    0.00   13.29    0.00    0.00    1.31    0.22    0.00    0.00   59.91
22:46:54       2   26.44    0.00   14.67    0.22    0.00    2.44    0.22    0.00    0.00   56.00
22:46:54       3   21.37    0.00   14.76    0.00    0.00    1.54    0.00    0.00    0.00   62.33

22:46:54     CPU    %usr   %nice    %sys %iowait    %irq   %soft  %steal  %guest  %gnice   %idle
22:46:59     all   45.21    0.00   12.89    0.00    0.00    1.79    0.05    0.00    0.00   40.06
22:46:59       0   43.38    0.00   14.97    0.00    0.00    1.52    0.00    0.00    0.00   40.13
22:46:59       1   36.60    0.00   14.81    0.00    0.00    1.31    0.00    0.00    0.00   47.28
22:46:59       2   62.31    0.00    7.92    0.00    0.00    2.57    0.00    0.00    0.00   27.19
22:46:59       3   38.26    0.00   13.91    0.00    0.00    1.74    0.22    0.00    0.00   45.87

22:46:59     CPU    %usr   %nice    %sys %iowait    %irq   %soft  %steal  %guest  %gnice   %idle
22:47:04     all   37.78    0.00   14.82    0.05    0.00    1.97    0.21    0.00    0.00   45.16
22:47:04       0   27.02    0.00   17.23    0.21    0.00    1.49    0.21    0.00    0.00   53.83
22:47:04       1   34.68    0.00   15.11    0.00    0.00    1.28    0.21    0.00    0.00   48.72
22:47:04       2   58.25    0.00    9.81    0.00    0.00    3.34    0.21    0.00    0.00   28.39
22:47:04       3   30.67    0.00   17.28    0.00    0.00    1.73    0.22    0.00    0.00   50.11

22:47:04     CPU    %usr   %nice    %sys %iowait    %irq   %soft  %steal  %guest  %gnice   %idle
22:47:09     all   30.51    0.00   11.42    0.00    0.00    1.32    0.05    0.00    0.00   56.70
22:47:09       0   16.50    0.00   13.85    0.00    0.00    0.81    0.00    0.00    0.00   68.84
22:47:09       1   16.09    0.00   15.48    0.00    0.00    0.61    0.00    0.00    0.00   67.82
22:47:09       2   59.84    0.00    7.10    0.00    0.00    2.43    0.20    0.00    0.00   30.43
22:47:09       3   29.49    0.00    9.29    0.00    0.00    1.41    0.00    0.00    0.00   59.80
