Linux 6.17.0-1015-aws (ip-172-31-5-230) 	05/26/26 	_x86_64_	(4 CPU)

22:56:56     CPU    %usr   %nice    %sys %iowait    %irq   %soft  %steal  %guest  %gnice   %idle
22:57:01     all   21.73    0.00    7.11    0.10    0.00    3.33    0.20    0.00    0.00   67.52
22:57:01       0   19.03    0.00    7.49    0.20    0.00    1.21    0.20    0.00    0.00   71.86
22:57:01       1   19.19    0.00    8.48    0.00    0.00    0.00    0.20    0.00    0.00   72.12
22:57:01       2   23.29    0.00    3.82    0.20    0.00   12.05    0.20    0.00    0.00   60.44
22:57:01       3   25.40    0.00    8.67    0.00    0.00    0.00    0.20    0.00    0.00   65.73

22:57:01     CPU    %usr   %nice    %sys %iowait    %irq   %soft  %steal  %guest  %gnice   %idle
22:57:06     all   62.58    0.00   23.39    0.00    0.00   10.23    0.20    0.00    0.00    3.59
22:57:06       0   65.31    0.00   26.77    0.00    0.00    5.48    0.20    0.00    0.00    2.23
22:57:06       1   63.88    0.00   27.55    0.00    0.00    0.00    0.20    0.00    0.00    8.37
22:57:06       2   51.90    0.00   17.84    0.00    0.00   29.86    0.20    0.00    0.00    0.20
22:57:06       3   69.37    0.00   21.50    0.00    0.00    5.27    0.20    0.00    0.00    3.65

22:57:06     CPU    %usr   %nice    %sys %iowait    %irq   %soft  %steal  %guest  %gnice   %idle
22:57:11     all   69.13    0.00   19.86    0.00    0.00    8.55    0.20    0.00    0.00    2.26
22:57:11       0   72.06    0.00   20.36    0.00    0.00    4.99    0.40    0.00    0.00    2.20
22:57:11       1   72.01    0.00   21.91    0.00    0.00    0.00    0.20    0.00    0.00    5.88
22:57:11       2   60.92    0.00   20.24    0.00    0.00   18.64    0.00    0.00    0.00    0.20
22:57:11       3   71.57    0.00   16.94    0.00    0.00   10.48    0.20    0.00    0.00    0.81

22:57:11     CPU    %usr   %nice    %sys %iowait    %irq   %soft  %steal  %guest  %gnice   %idle
22:57:16     all   71.17    0.00   18.23    0.00    0.00    9.09    0.20    0.00    0.00    1.31
22:57:16       0   78.36    0.00   14.83    0.00    0.00    5.81    0.40    0.00    0.00    0.60
22:57:16       1   70.71    0.00   22.22    0.00    0.00    3.84    0.00    0.00    0.00    3.23
22:57:16       2   65.26    0.00   18.27    0.00    0.00   15.66    0.20    0.00    0.00    0.60
22:57:16       3   70.34    0.00   17.64    0.00    0.00   11.02    0.20    0.00    0.00    0.80

22:57:16     CPU    %usr   %nice    %sys %iowait    %irq   %soft  %steal  %guest  %gnice   %idle
22:57:21     all   71.19    0.00   18.26    0.00    0.00    9.33    0.20    0.00    0.00    1.01
22:57:21       0   69.78    0.00   22.92    0.00    0.00    5.48    0.20    0.00    0.00    1.62
22:57:21       1   72.23    0.00   15.69    0.00    0.00   11.07    0.20    0.00    0.00    0.80
22:57:21       2   66.40    0.00   22.20    0.00    0.00    9.57    0.20    0.00    0.00    1.63
22:57:21       3   76.25    0.00   12.38    0.00    0.00   11.18    0.20    0.00    0.00    0.00

22:57:21     CPU    %usr   %nice    %sys %iowait    %irq   %soft  %steal  %guest  %gnice   %idle
22:57:26     all   72.60    0.00   17.41    0.00    0.00    8.88    0.20    0.00    0.00    0.91
22:57:26       0   79.32    0.00   14.86    0.00    0.00    4.82    0.40    0.00    0.00    0.60
22:57:26       1   75.30    0.00   13.25    0.00    0.00   10.64    0.20    0.00    0.00    0.60
22:57:26       2   66.60    0.00   21.86    0.00    0.00   10.12    0.20    0.00    0.00    1.21
22:57:26       3   69.11    0.00   19.72    0.00    0.00    9.96    0.00    0.00    0.00    1.22

22:57:26     CPU    %usr   %nice    %sys %iowait    %irq   %soft  %steal  %guest  %gnice   %idle
22:57:31     all   70.45    0.00   17.35    0.00    0.00    8.07    0.25    0.00    0.00    3.88
22:57:31       0   69.72    0.00   20.12    0.00    0.00    5.49    0.20    0.00    0.00    4.47
22:57:31       1   67.14    0.00   17.54    0.00    0.00    8.67    0.20    0.00    0.00    6.45
22:57:31       2   66.53    0.00   20.36    0.00    0.00    8.47    0.40    0.00    0.00    4.23
22:57:31       3   78.36    0.00   11.42    0.00    0.00    9.62    0.20    0.00    0.00    0.40

22:57:31     CPU    %usr   %nice    %sys %iowait    %irq   %soft  %steal  %guest  %gnice   %idle
22:57:36     all   72.31    0.00   16.93    0.00    0.00    9.50    0.20    0.00    0.00    1.06
22:57:36       0   70.67    0.00   20.98    0.00    0.00    5.50    0.41    0.00    0.00    2.44
22:57:36       1   75.86    0.00   11.47    0.00    0.00   12.27    0.20    0.00    0.00    0.20
22:57:36       2   73.04    0.00   17.71    0.00    0.00    8.65    0.00    0.00    0.00    0.60
22:57:36       3   69.64    0.00   17.61    0.00    0.00   11.54    0.20    0.00    0.00    1.01

22:57:36     CPU    %usr   %nice    %sys %iowait    %irq   %soft  %steal  %guest  %gnice   %idle
22:57:41     all   70.21    0.00   18.59    0.00    0.00    9.63    0.25    0.00    0.00    1.32
22:57:41       0   69.12    0.00   23.31    0.00    0.00    4.91    0.41    0.00    0.00    2.25
22:57:41       1   65.04    0.00   23.37    0.00    0.00    9.76    0.20    0.00    0.00    1.63
22:57:41       2   66.87    0.00   22.36    0.00    0.00    9.15    0.20    0.00    0.00    1.42
22:57:41       3   79.64    0.00    5.59    0.00    0.00   14.57    0.20    0.00    0.00    0.00

22:57:41     CPU    %usr   %nice    %sys %iowait    %irq   %soft  %steal  %guest  %gnice   %idle
22:57:46     all   69.18    0.00   20.09    0.00    0.00    9.10    0.10    0.00    0.00    1.53
22:57:46       0   72.56    0.00   20.12    0.00    0.00    5.28    0.20    0.00    0.00    1.83
22:57:46       1   71.14    0.00   15.45    0.00    0.00   12.20    0.00    0.00    0.00    1.22
22:57:46       2   66.67    0.00   22.90    0.00    0.00    8.18    0.20    0.00    0.00    2.04
22:57:46       3   66.33    0.00   21.91    0.00    0.00   10.75    0.00    0.00    0.00    1.01

22:57:46     CPU    %usr   %nice    %sys %iowait    %irq   %soft  %steal  %guest  %gnice   %idle
22:57:51     all   67.92    0.00   21.52    0.00    0.00    8.90    0.25    0.00    0.00    1.41
22:57:51       0   67.81    0.00   23.08    0.00    0.00    6.28    0.40    0.00    0.00    2.43
22:57:51       1   71.54    0.00   16.83    0.00    0.00   10.22    0.20    0.00    0.00    1.20
22:57:51       2   64.59    0.00   25.75    0.00    0.00    8.45    0.20    0.00    0.00    1.01
22:57:51       3   67.74    0.00   20.44    0.00    0.00   10.62    0.20    0.00    0.00    1.00

22:57:51     CPU    %usr   %nice    %sys %iowait    %irq   %soft  %steal  %guest  %gnice   %idle
22:57:56     all   64.18    0.00   26.76    0.00    0.00    7.85    0.20    0.00    0.00    1.00
22:57:56       0   71.46    0.00   22.16    0.00    0.00    5.39    0.40    0.00    0.00    0.60
22:57:56       1   57.72    0.00   33.07    0.00    0.00    8.42    0.20    0.00    0.00    0.60
22:57:56       2   58.40    0.00   32.20    0.00    0.00    7.80    0.20    0.00    0.00    1.40
22:57:56       3   69.14    0.00   19.64    0.00    0.00    9.82    0.00    0.00    0.00    1.40

22:57:56     CPU    %usr   %nice    %sys %iowait    %irq   %soft  %steal  %guest  %gnice   %idle
22:58:01     all   59.80    0.00   30.23    0.00    0.00    8.57    0.25    0.00    0.00    1.15
22:58:01       0   64.33    0.00   27.86    0.00    0.00    5.21    0.20    0.00    0.00    2.40
22:58:01       1   57.55    0.00   32.19    0.00    0.00    9.26    0.20    0.00    0.00    0.80
22:58:01       2   66.13    0.00   23.85    0.00    0.00    8.22    0.40    0.00    0.00    1.40
22:58:01       3   51.20    0.00   37.00    0.00    0.00   11.60    0.20    0.00    0.00    0.00

22:58:01     CPU    %usr   %nice    %sys %iowait    %irq   %soft  %steal  %guest  %gnice   %idle
22:58:06     all   68.77    0.00   20.97    0.00    0.00    8.64    0.20    0.00    0.00    1.41
22:58:06       0   69.15    0.00   23.39    0.00    0.00    5.04    0.40    0.00    0.00    2.02
22:58:06       1   65.24    0.00   23.98    0.00    0.00    8.74    0.20    0.00    0.00    1.83
22:58:06       2   72.43    0.00   16.90    0.00    0.00    9.86    0.00    0.00    0.00    0.80
22:58:06       3   68.22    0.00   19.64    0.00    0.00   10.93    0.20    0.00    0.00    1.01

22:58:06     CPU    %usr   %nice    %sys %iowait    %irq   %soft  %steal  %guest  %gnice   %idle
22:58:11     all   71.53    0.00   19.75    0.00    0.00    7.92    0.20    0.00    0.00    0.60
22:58:11       0   84.40    0.00    9.80    0.00    0.00    5.40    0.20    0.00    0.00    0.20
22:58:11       1   70.68    0.00   19.68    0.00    0.00    8.43    0.20    0.00    0.00    1.00
22:58:11       2   65.00    0.00   26.40    0.00    0.00    7.80    0.40    0.00    0.00    0.40
22:58:11       3   66.00    0.00   23.14    0.00    0.00   10.06    0.00    0.00    0.00    0.80

22:58:11     CPU    %usr   %nice    %sys %iowait    %irq   %soft  %steal  %guest  %gnice   %idle
22:58:16     all   64.43    0.00   25.71    0.00    0.00    8.90    0.20    0.00    0.00    0.75
22:58:16       0   66.80    0.00   25.40    0.00    0.00    6.00    0.40    0.00    0.00    1.40
22:58:16       1   51.10    0.00   37.68    0.00    0.00   11.02    0.00    0.00    0.00    0.20
22:58:16       2   66.40    0.00   24.40    0.00    0.00    7.80    0.20    0.00    0.00    1.20
22:58:16       3   73.40    0.00   15.40    0.00    0.00   10.80    0.20    0.00    0.00    0.20

22:58:16     CPU    %usr   %nice    %sys %iowait    %irq   %soft  %steal  %guest  %gnice   %idle
22:58:21     all   67.10    0.00   22.10    0.00    0.00    9.23    0.25    0.00    0.00    1.31
22:58:21       0   66.19    0.00   24.49    0.00    0.00    6.88    0.40    0.00    0.00    2.02
22:58:21       1   73.19    0.00   16.94    0.00    0.00    8.67    0.20    0.00    0.00    1.01
22:58:21       2   68.15    0.00   20.49    0.00    0.00    9.53    0.20    0.00    0.00    1.62
22:58:21       3   60.92    0.00   26.45    0.00    0.00   11.82    0.20    0.00    0.00    0.60

22:58:21     CPU    %usr   %nice    %sys %iowait    %irq   %soft  %steal  %guest  %gnice   %idle
22:58:26     all   66.29    0.00   22.88    0.00    0.00    8.74    0.15    0.00    0.00    1.93
22:58:26       0   67.42    0.00   23.57    0.00    0.00    5.94    0.20    0.00    0.00    2.87
22:58:26       1   62.96    0.00   25.91    0.00    0.00    9.11    0.20    0.00    0.00    1.82
22:58:26       2   69.04    0.00   20.16    0.00    0.00    8.55    0.20    0.00    0.00    2.04
22:58:26       3   65.79    0.00   21.86    0.00    0.00   11.34    0.00    0.00    0.00    1.01

22:58:26     CPU    %usr   %nice    %sys %iowait    %irq   %soft  %steal  %guest  %gnice   %idle
22:58:31     all   66.26    0.00   22.56    0.00    0.00    9.04    0.25    0.00    0.00    1.88
22:58:31       0   64.29    0.00   26.73    0.00    0.00    5.71    0.41    0.00    0.00    2.86
22:58:31       1   66.46    0.00   22.49    0.00    0.00    8.79    0.20    0.00    0.00    2.04
22:58:31       2   62.32    0.00   25.05    0.00    0.00   10.18    0.20    0.00    0.00    2.24
22:58:31       3   71.89    0.00   16.06    0.00    0.00   11.45    0.20    0.00    0.00    0.40

22:58:31     CPU    %usr   %nice    %sys %iowait    %irq   %soft  %steal  %guest  %gnice   %idle
22:58:36     all   67.56    0.00   21.36    0.00    0.00    9.36    0.20    0.00    0.00    1.52
22:58:36       0   68.62    0.00   23.28    0.00    0.00    5.67    0.40    0.00    0.00    2.02
22:58:36       1   67.75    0.00   20.69    0.00    0.00    9.94    0.00    0.00    0.00    1.62
22:58:36       2   65.31    0.00   22.92    0.00    0.00   10.14    0.20    0.00    0.00    1.42
22:58:36       3   68.55    0.00   18.55    0.00    0.00   11.69    0.20    0.00    0.00    1.01

22:58:36     CPU    %usr   %nice    %sys %iowait    %irq   %soft  %steal  %guest  %gnice   %idle
22:58:41     all   71.59    0.00   18.55    0.00    0.00    8.65    0.25    0.00    0.00    0.96
22:58:41       0   78.87    0.00   14.49    0.00    0.00    5.63    0.40    0.00    0.00    0.60
22:58:41       1   66.33    0.00   22.78    0.00    0.00    9.07    0.20    0.00    0.00    1.61
22:58:41       2   71.43    0.00   17.51    0.00    0.00    9.66    0.20    0.00    0.00    1.21
22:58:41       3   69.74    0.00   19.44    0.00    0.00   10.22    0.20    0.00    0.00    0.40

22:58:41     CPU    %usr   %nice    %sys %iowait    %irq   %soft  %steal  %guest  %gnice   %idle
22:58:46     all   68.91    0.00   20.26    0.00    0.00    9.63    0.15    0.00    0.00    1.05
22:58:46       0   62.50    0.00   27.62    0.00    0.00    6.65    0.20    0.00    0.00    3.02
22:58:46       1   79.24    0.00   11.38    0.00    0.00    8.78    0.20    0.00    0.00    0.40
22:58:46       2   67.13    0.00   22.65    0.00    0.00    9.42    0.20    0.00    0.00    0.60
22:58:46       3   66.67    0.00   19.48    0.00    0.00   13.65    0.00    0.00    0.00    0.20

22:58:46     CPU    %usr   %nice    %sys %iowait    %irq   %soft  %steal  %guest  %gnice   %idle
22:58:51     all   71.51    0.00   18.68    0.00    0.00    9.26    0.25    0.00    0.00    0.30
22:58:51       0   72.20    0.00   20.60    0.00    0.00    6.60    0.40    0.00    0.00    0.20
22:58:51       1   65.39    0.00   22.94    0.00    0.00   10.87    0.20    0.00    0.00    0.60
22:58:51       2   80.40    0.00   11.20    0.00    0.00    7.80    0.20    0.00    0.00    0.40
22:58:51       3   68.00    0.00   20.00    0.00    0.00   11.80    0.20    0.00    0.00    0.00

22:58:51     CPU    %usr   %nice    %sys %iowait    %irq   %soft  %steal  %guest  %gnice   %idle
22:58:56     all   74.69    0.00   15.96    0.00    0.00    8.80    0.20    0.00    0.00    0.35
22:58:56       0   79.36    0.00   14.43    0.00    0.00    5.81    0.20    0.00    0.00    0.20
22:58:56       1   70.40    0.00   18.60    0.00    0.00   10.60    0.20    0.00    0.00    0.20
22:58:56       2   75.00    0.00   16.40    0.00    0.00    8.40    0.20    0.00    0.00    0.00
22:58:56       3   74.00    0.00   14.40    0.00    0.00   10.40    0.20    0.00    0.00    1.00

22:58:56     CPU    %usr   %nice    %sys %iowait    %irq   %soft  %steal  %guest  %gnice   %idle
22:59:01     all   70.97    0.00   19.00    0.00    0.00    8.06    0.20    0.00    0.00    1.76
22:59:01       0   69.98    0.00   21.91    0.00    0.00    5.68    0.41    0.00    0.00    2.03
22:59:01       1   66.80    0.00   22.74    0.00    0.00    8.45    0.20    0.00    0.00    1.81
22:59:01       2   65.45    0.00   22.42    0.00    0.00    8.69    0.20    0.00    0.00    3.23
22:59:01       3   81.56    0.00    9.02    0.00    0.00    9.42    0.00    0.00    0.00    0.00

22:59:01     CPU    %usr   %nice    %sys %iowait    %irq   %soft  %steal  %guest  %gnice   %idle
22:59:06     all   70.86    0.00   19.22    0.00    0.00    8.45    0.20    0.00    0.00    1.26
22:59:06       0   69.92    0.00   21.75    0.00    0.00    6.10    0.41    0.00    0.00    1.83
22:59:06       1   68.76    0.00   20.89    0.00    0.00    9.13    0.00    0.00    0.00    1.22
22:59:06       2   75.76    0.00   14.55    0.00    0.00    8.48    0.20    0.00    0.00    1.01
22:59:06       3   69.01    0.00   19.72    0.00    0.00   10.06    0.20    0.00    0.00    1.01

22:59:06     CPU    %usr   %nice    %sys %iowait    %irq   %soft  %steal  %guest  %gnice   %idle
22:59:11     all   68.08    0.00   21.29    0.00    0.00    9.00    0.20    0.00    0.00    1.42
22:59:11       0   64.63    0.00   26.22    0.00    0.00    6.71    0.20    0.00    0.00    2.24
22:59:11       1   64.78    0.00   22.87    0.00    0.00   10.32    0.20    0.00    0.00    1.82
22:59:11       2   76.21    0.00   14.31    0.00    0.00    8.27    0.20    0.00    0.00    1.01
22:59:11       3   66.67    0.00   21.82    0.00    0.00   10.71    0.20    0.00    0.00    0.61

22:59:11     CPU    %usr   %nice    %sys %iowait    %irq   %soft  %steal  %guest  %gnice   %idle
22:59:16     all   68.18    0.00   21.29    0.00    0.00    8.80    0.20    0.00    0.00    1.52
22:59:16       0   65.45    0.00   25.20    0.00    0.00    5.89    0.41    0.00    0.00    3.05
22:59:16       1   67.88    0.00   21.41    0.00    0.00    9.49    0.20    0.00    0.00    1.01
22:59:16       2   64.71    0.00   23.94    0.00    0.00    9.53    0.20    0.00    0.00    1.62
22:59:16       3   74.65    0.00   14.69    0.00    0.00   10.26    0.00    0.00    0.00    0.40

22:59:16     CPU    %usr   %nice    %sys %iowait    %irq   %soft  %steal  %guest  %gnice   %idle
22:59:21     all   71.34    0.00   18.58    0.00    0.00    8.41    0.25    0.00    0.00    1.42
22:59:21       0   77.39    0.00   14.66    0.00    0.00    5.50    0.20    0.00    0.00    2.24
22:59:21       1   70.30    0.00   19.80    0.00    0.00    8.89    0.20    0.00    0.00    0.81
22:59:21       2   73.23    0.00   17.04    0.00    0.00    7.71    0.41    0.00    0.00    1.62
22:59:21       3   64.52    0.00   22.78    0.00    0.00   11.49    0.20    0.00    0.00    1.01

22:59:21     CPU    %usr   %nice    %sys %iowait    %irq   %soft  %steal  %guest  %gnice   %idle
22:59:26     all   71.71    0.00   19.08    0.00    0.00    7.95    0.25    0.00    0.00    1.01
22:59:26       0   73.74    0.00   20.00    0.00    0.00    4.85    0.40    0.00    0.00    1.01
22:59:26       1   76.81    0.00   14.72    0.00    0.00    7.66    0.20    0.00    0.00    0.60
22:59:26       2   71.40    0.00   18.46    0.00    0.00    8.32    0.20    0.00    0.00    1.62
22:59:26       3   64.84    0.00   23.17    0.00    0.00   10.98    0.20    0.00    0.00    0.81

22:59:26     CPU    %usr   %nice    %sys %iowait    %irq   %soft  %steal  %guest  %gnice   %idle
22:59:31     all   57.67    0.00   23.58    0.05    0.00    6.74    0.15    0.00    0.00   11.81
22:59:31       0   52.83    0.00   24.49    0.00    0.00    4.45    0.20    0.00    0.00   18.02
22:59:31       1   63.25    0.00   23.90    0.20    0.00    6.22    0.00    0.00    0.00    6.43
22:59:31       2   61.92    0.00   20.24    0.00    0.00    7.82    0.20    0.00    0.00    9.82
22:59:31       3   52.61    0.00   25.70    0.00    0.00    8.43    0.20    0.00    0.00   13.05
