Linux 6.17.0-1015-aws (ip-172-31-15-213) 	05/25/26 	_x86_64_	(4 CPU)

18:40:41     CPU    %usr   %nice    %sys %iowait    %irq   %soft  %steal  %guest  %gnice   %idle
18:40:46     all   21.13    0.00    7.89    0.10    0.00    1.92    0.00    0.00    0.00   68.96
18:40:46       0   23.12    0.00    8.11    0.00    0.00    1.83    0.00    0.00    0.00   66.94
18:40:46       1   14.84    0.00    6.71    0.20    0.00    0.00    0.00    0.00    0.00   78.25
18:40:46       2   34.21    0.00    6.44    0.00    0.00    5.84    0.00    0.00    0.00   53.52
18:40:46       3   12.30    0.00   10.28    0.20    0.00    0.00    0.00    0.00    0.00   77.22

18:40:46     CPU    %usr   %nice    %sys %iowait    %irq   %soft  %steal  %guest  %gnice   %idle
18:40:51     all   55.56    0.00   24.95    0.00    0.00    8.21    0.26    0.00    0.00   11.02
18:40:51       0   57.20    0.00   25.31    0.00    0.00    7.82    0.41    0.00    0.00    9.26
18:40:51       1   61.59    0.00   24.59    0.00    0.00    0.00    0.20    0.00    0.00   13.62
18:40:51       2   50.30    0.00   18.66    0.00    0.00   24.95    0.20    0.00    0.00    5.88
18:40:51       3   53.17    0.00   31.29    0.00    0.00    0.00    0.20    0.00    0.00   15.34

18:40:51     CPU    %usr   %nice    %sys %iowait    %irq   %soft  %steal  %guest  %gnice   %idle
18:40:56     all   50.05    0.00   22.31    0.00    0.00    5.12    0.16    0.00    0.00   22.36
18:40:56       0   48.04    0.00   25.00    0.00    0.00    5.00    0.22    0.00    0.00   21.74
18:40:56       1   43.91    0.00   25.00    0.00    0.00    5.65    0.00    0.00    0.00   25.43
18:40:56       2   66.67    0.00   14.56    0.00    0.00    9.92    0.21    0.00    0.00    8.65
18:40:56       3   41.46    0.00   24.79    0.00    0.00    0.00    0.21    0.00    0.00   33.54

18:40:56     CPU    %usr   %nice    %sys %iowait    %irq   %soft  %steal  %guest  %gnice   %idle
18:41:01     all   50.64    0.00   23.04    0.21    0.00    4.83    0.16    0.00    0.00   21.11
18:41:01       0   54.09    0.00   20.26    0.22    0.00    4.96    0.22    0.00    0.00   20.26
18:41:01       1   49.24    0.00   25.16    0.22    0.00    5.86    0.22    0.00    0.00   19.31
18:41:01       2   49.89    0.00   24.62    0.22    0.00    8.79    0.22    0.00    0.00   16.26
18:41:01       3   49.38    0.00   22.20    0.21    0.00    0.00    0.00    0.00    0.00   28.22

18:41:01     CPU    %usr   %nice    %sys %iowait    %irq   %soft  %steal  %guest  %gnice   %idle
18:41:06     all   50.27    0.00   23.19    0.05    0.00    4.92    0.16    0.00    0.00   21.41
18:41:06       0   63.11    0.00   14.93    0.00    0.00    5.97    0.21    0.00    0.00   15.78
18:41:06       1   45.63    0.00   25.98    0.22    0.00    5.68    0.00    0.00    0.00   22.49
18:41:06       2   47.07    0.00   26.46    0.00    0.00    4.99    0.22    0.00    0.00   21.26
18:41:06       3   45.02    0.00   25.54    0.00    0.00    3.03    0.22    0.00    0.00   26.19

18:41:06     CPU    %usr   %nice    %sys %iowait    %irq   %soft  %steal  %guest  %gnice   %idle
18:41:11     all   49.26    0.00   23.68    0.16    0.00    4.91    0.22    0.00    0.00   21.77
18:41:11       0   45.13    0.00   24.78    0.22    0.00    4.87    0.44    0.00    0.00   24.56
18:41:11       1   53.88    0.00   21.34    0.22    0.00    6.68    0.22    0.00    0.00   17.67
18:41:11       2   44.67    0.00   26.22    0.00    0.00    4.44    0.22    0.00    0.00   24.44
18:41:11       3   53.10    0.00   22.48    0.21    0.00    3.64    0.00    0.00    0.00   20.56

18:41:11     CPU    %usr   %nice    %sys %iowait    %irq   %soft  %steal  %guest  %gnice   %idle
18:41:16     all   50.16    0.00   23.24    0.16    0.00    4.88    0.16    0.00    0.00   21.40
18:41:16       0   49.13    0.00   22.27    0.22    0.00    5.90    0.22    0.00    0.00   22.27
18:41:16       1   55.84    0.00   20.56    0.00    0.00    6.06    0.00    0.00    0.00   17.53
18:41:16       2   49.78    0.00   22.08    0.22    0.00    4.55    0.22    0.00    0.00   23.16
18:41:16       3   45.91    0.00   28.02    0.22    0.00    3.02    0.22    0.00    0.00   22.63

18:41:16     CPU    %usr   %nice    %sys %iowait    %irq   %soft  %steal  %guest  %gnice   %idle
18:41:21     all   44.20    0.00   19.16    0.05    0.00    4.13    0.16    0.00    0.00   32.29
18:41:21       0   38.15    0.00   21.12    0.00    0.00    4.96    0.22    0.00    0.00   35.56
18:41:21       1   55.79    0.00   10.33    0.00    0.00    5.58    0.21    0.00    0.00   28.10
18:41:21       2   39.57    0.00   21.49    0.21    0.00    3.62    0.21    0.00    0.00   34.89
18:41:21       3   42.89    0.00   23.99    0.00    0.00    2.34    0.00    0.00    0.00   30.79
