Linux 6.17.0-1010-aws (ip-172-31-15-179) 	04/20/26 	_x86_64_	(8 CPU)

12:41:47      UID       PID    %usr %system  %guest   %wait    %CPU   CPU  Command
12:41:52        0         1    0.20    0.20    0.00    0.00    0.40     5  systemd
12:41:52        0        15    0.00    0.20    0.00    0.40    0.20     3  rcu_sched
12:41:52        0       734    0.20    0.00    0.00    0.00    0.20     7  systemd-logind
12:41:52        0      1122    0.20    0.00    0.00    0.00    0.20     7  amazon-ssm-agen
12:41:52        0      1991    0.60    0.20    0.00    0.00    0.80     4  containerd
12:41:52        0      2232    0.40    0.20    0.00    0.00    0.60     0  dockerd
12:41:52        0     23257    0.00    0.20    0.00    0.00    0.20     4  kworker/u32:3-kvfree_rcu_reclaim
12:41:52        0     23802    0.20    0.00    0.00    0.00    0.20     0  docker
12:41:52        0     23844    0.40    0.00    0.00    0.00    0.40     6  bash
12:41:52        0     23875  538.72   42.91    0.00    0.00  581.64     1  java

12:41:52      UID       PID    %usr %system  %guest   %wait    %CPU   CPU  Command
12:41:57        0        54    0.00    0.20    0.00    0.00    0.20     6  ksoftirqd/6
12:41:57        0      1991    0.00    0.20    0.00    0.00    0.20     4  containerd
12:41:57        0     23213    0.00    0.20    0.00    0.20    0.20     0  kworker/u32:2-events_power_efficient
12:41:57     1000     23736    0.00    0.20    0.00    0.00    0.20     6  pidstat
12:41:57        0     23875  684.40   78.80    0.00    0.00  763.20     1  java

12:41:57      UID       PID    %usr %system  %guest   %wait    %CPU   CPU  Command
12:42:02        0      1991    0.20    0.00    0.00    0.00    0.20     4  containerd
12:42:02        0     23213    0.00    0.20    0.00    0.00    0.20     7  kworker/u32:2-kvfree_rcu_reclaim
12:42:02     1000     23736    0.20    0.00    0.00    0.00    0.20     6  pidstat
12:42:02        0     23875  651.60   97.80    0.00    0.00  749.40     1  java

12:42:02      UID       PID    %usr %system  %guest   %wait    %CPU   CPU  Command
12:42:07        0        30    0.00    0.20    0.00    0.00    0.20     2  ksoftirqd/2
12:42:07        0     23189    0.00    0.20    0.00    0.00    0.20     5  kworker/5:0-events
12:42:07        0     23202    0.00    0.20    0.00    0.00    0.20     2  kworker/2:2-events
12:42:07        0     23213    0.00    0.20    0.00    0.00    0.20     5  kworker/u32:2-kvfree_rcu_reclaim
12:42:07        0     23221    0.00    0.20    0.00    0.00    0.20     7  kworker/7:2-events
12:42:07        0     23261    0.00    0.20    0.00    0.20    0.20     0  kworker/0:2-events
12:42:07        0     23508    0.20    0.00    0.00    0.00    0.20     5  kworker/u32:5-events_power_efficient
12:42:07     1000     23736    0.00    0.20    0.00    0.00    0.20     6  pidstat
12:42:07        0     23875  623.80  117.80    0.00    0.00  741.60     1  java

12:42:07      UID       PID    %usr %system  %guest   %wait    %CPU   CPU  Command
12:42:12        0        15    0.00    0.20    0.00    0.00    0.20     3  rcu_sched
12:42:12        0       309    0.00    0.20    0.00    0.00    0.20     4  kworker/4:2-events
12:42:12        0     23257    0.00    0.20    0.00    0.00    0.20     4  kworker/u32:3-kvfree_rcu_reclaim
12:42:12        0     23406    0.00    0.20    0.00    0.00    0.20     1  kworker/1:0-events
12:42:12        0     23508    0.20    0.00    0.00    0.00    0.20     5  kworker/u32:5-kvfree_rcu_reclaim
12:42:12     1000     23736    0.00    0.20    0.00    0.00    0.20     6  pidstat
12:42:12        0     23875  590.00  132.40    0.00    0.00  722.40     1  java

12:42:12      UID       PID    %usr %system  %guest   %wait    %CPU   CPU  Command
12:42:17        0     23875  483.20  156.60    0.00    0.00  639.80     1  java

12:42:17      UID       PID    %usr %system  %guest   %wait    %CPU   CPU  Command
12:42:22        0        36    0.00    0.20    0.00    0.00    0.20     3  ksoftirqd/3
12:42:22        0     23257    0.00    0.20    0.00    0.00    0.20     5  kworker/u32:3-events_power_efficient
12:42:22        0     24080  208.40   17.60    0.00    0.00  226.00     4  java

12:42:22      UID       PID    %usr %system  %guest   %wait    %CPU   CPU  Command
12:42:27        0        14    0.00    0.20    0.00    0.00    0.20     0  ksoftirqd/0
12:42:27        0        15    0.00    0.20    0.00    0.00    0.20     4  rcu_sched
12:42:27        0      1991    0.20    0.20    0.00    0.00    0.40     4  containerd
12:42:27     1000     23736    0.20    0.20    0.00    0.00    0.40     6  pidstat
12:42:27        0     24080  700.80   68.20    0.00    0.00  769.00     4  java

12:42:27      UID       PID    %usr %system  %guest   %wait    %CPU   CPU  Command
12:42:32        0     23407    0.20    0.00    0.00    0.20    0.20     0  kworker/u32:4-kvfree_rcu_reclaim
12:42:32        0     24080  676.40   88.40    0.00    0.00  764.80     4  java

12:42:32      UID       PID    %usr %system  %guest   %wait    %CPU   CPU  Command
12:42:37        0        24    0.00    0.20    0.00    0.00    0.20     1  ksoftirqd/1
12:42:37        0        60    0.00    0.20    0.00    0.00    0.20     7  ksoftirqd/7
12:42:37        0       231    0.20    0.00    0.00    0.00    0.20     3  multipathd
12:42:37        0       951    0.00    0.20    0.00    0.00    0.20     6  kworker/6:2-events
12:42:37        0     23407    0.20    0.00    0.00    0.00    0.20     1  kworker/u32:4-kvfree_rcu_reclaim
12:42:37        0     23508    0.20    0.00    0.00    0.00    0.20     4  kworker/u32:5-kvfree_rcu_reclaim
12:42:37     1000     23736    0.20    0.20    0.00    0.00    0.40     6  pidstat
12:42:37        0     24080  648.00  105.40    0.00    0.00  753.40     4  java

12:42:37      UID       PID    %usr %system  %guest   %wait    %CPU   CPU  Command
12:42:42        0        42    0.00    0.20    0.00    0.00    0.20     4  ksoftirqd/4
12:42:42        0        48    0.00    0.20    0.00    0.00    0.20     5  ksoftirqd/5
12:42:42        0      2232    0.20    0.00    0.00    0.00    0.20     0  dockerd
12:42:42        0      6639    0.00    0.20    0.00    0.00    0.20     3  kworker/3:2-events
12:42:42        0     23508    0.20    0.00    0.00    0.00    0.20     1  kworker/u32:5-kvfree_rcu_reclaim
12:42:42        0     24080  615.80  118.20    0.00    0.00  734.00     4  java

12:42:42      UID       PID    %usr %system  %guest   %wait    %CPU   CPU  Command
12:42:47        0        30    0.00    0.20    0.00    0.00    0.20     2  ksoftirqd/2
12:42:47        0      1991    0.20    0.00    0.00    0.00    0.20     4  containerd
12:42:47        0     23221    0.00    0.20    0.00    0.00    0.20     7  kworker/7:2-events
12:42:47        0     23257    0.00    0.20    0.00    0.00    0.20     5  kworker/u32:3-flush-259:0
12:42:47        0     23261    0.00    0.20    0.00    0.00    0.20     0  kworker/0:2-events
12:42:47        0     23508    0.20    0.00    0.00    0.20    0.20     3  kworker/u32:5-kvfree_rcu_reclaim
12:42:47     1000     23736    0.00    0.20    0.00    0.00    0.20     6  pidstat
12:42:47        0     24080  593.80  130.80    0.00    0.00  724.60     4  java

12:42:47      UID       PID    %usr %system  %guest   %wait    %CPU   CPU  Command
12:42:52        0        15    0.00    0.20    0.00    0.00    0.20     2  rcu_sched
12:42:52        0        54    0.00    0.20    0.00    0.00    0.20     6  ksoftirqd/6
12:42:52        0     23189    0.00    0.20    0.00    0.00    0.20     5  kworker/5:0-events
12:42:52        0     23406    0.00    0.20    0.00    0.00    0.20     1  kworker/1:0-events
12:42:52     1000     23736    0.20    0.00    0.00    0.00    0.20     6  pidstat
12:42:52        0     23822    0.20    0.00    0.00    0.00    0.20     7  containerd-shim
12:42:52        0     24080  544.20  141.00    0.00    0.00  685.20     4  java

12:42:52      UID       PID    %usr %system  %guest   %wait    %CPU   CPU  Command
12:42:57        0     23202    0.00    0.20    0.00    0.00    0.20     2  kworker/2:2-events
12:42:57        0     23257    0.00    0.20    0.00    0.20    0.20     4  kworker/u32:3-kvfree_rcu_reclaim
12:42:57        0     23407    0.20    0.00    0.00    0.20    0.20     2  kworker/u32:4-kvfree_rcu_reclaim
12:42:57     1000     23736    0.00    0.20    0.00    0.00    0.20     6  pidstat
12:42:57        0     24080  451.80  163.00    0.00    0.00  614.80     4  java

12:42:57      UID       PID    %usr %system  %guest   %wait    %CPU   CPU  Command
12:43:02        0        14    0.00    0.20    0.00    0.00    0.20     0  ksoftirqd/0
12:43:02        0        24    0.00    0.20    0.00    0.00    0.20     1  ksoftirqd/1
12:43:02        0        30    0.00    0.20    0.00    0.00    0.20     2  ksoftirqd/2
12:43:02        0        36    0.00    0.20    0.00    0.00    0.20     3  ksoftirqd/3
12:43:02        0        60    0.00    0.20    0.00    0.00    0.20     7  ksoftirqd/7
12:43:02        0       309    0.00    0.20    0.00    0.00    0.20     4  kworker/4:2-events
12:43:02        0      1991    0.20    0.20    0.00    0.00    0.40     4  containerd
12:43:02        0     23257    0.00    0.20    0.00    0.00    0.20     6  kworker/u32:3-kvfree_rcu_reclaim
12:43:02        0     23407    0.20    0.00    0.00    0.00    0.20     1  kworker/u32:4-kvfree_rcu_reclaim
12:43:02        0     24080  450.80  163.00    0.00    0.00  613.80     4  java

12:43:02      UID       PID    %usr %system  %guest   %wait    %CPU   CPU  Command
12:43:07        0        42    0.00    0.20    0.00    0.00    0.20     4  ksoftirqd/4
12:43:07        0        48    0.00    0.20    0.00    0.00    0.20     5  ksoftirqd/5
12:43:07        0     23407    0.20    0.00    0.00    0.20    0.20     5  kworker/u32:4-kvfree_rcu_reclaim
12:43:07     1000     23736    0.00    0.20    0.00    0.00    0.20     6  pidstat
12:43:07        0     24080  447.00  160.40    0.00    0.00  607.40     4  java

12:43:07      UID       PID    %usr %system  %guest   %wait    %CPU   CPU  Command
12:43:12        0        15    0.00    0.20    0.00    0.00    0.20     0  rcu_sched
12:43:12        0        24    0.00    0.20    0.00    0.00    0.20     1  ksoftirqd/1
12:43:12        0        30    0.00    0.20    0.00    0.20    0.20     2  ksoftirqd/2
12:43:12        0        54    0.00    0.20    0.00    0.00    0.20     6  ksoftirqd/6
12:43:12        0     23257    0.00    0.20    0.00    0.00    0.20     3  kworker/u32:3-kvfree_rcu_reclaim
12:43:12        0     23407    0.20    0.00    0.00    0.00    0.20     0  kworker/u32:4-kvfree_rcu_reclaim
12:43:12     1000     23736    0.20    0.00    0.00    0.20    0.20     6  pidstat
12:43:12        0     24080  450.00  162.20    0.00    0.00  612.20     4  java

12:43:12      UID       PID    %usr %system  %guest   %wait    %CPU   CPU  Command
12:43:17        0        42    0.00    0.20    0.00    0.00    0.20     4  ksoftirqd/4
12:43:17        0       951    0.00    0.20    0.00    0.00    0.20     6  kworker/6:2-events
12:43:17        0     23221    0.00    0.20    0.00    0.00    0.20     7  kworker/7:2-events
12:43:17        0     23257    0.00    0.20    0.00    0.20    0.20     6  kworker/u32:3-kvfree_rcu_reclaim
12:43:17        0     23407    0.20    0.00    0.00    0.20    0.20     7  kworker/u32:4-flush-259:0
12:43:17        0     23508    0.00    0.20    0.00    0.00    0.20     5  kworker/u32:5-kvfree_rcu_reclaim
12:43:17     1000     23736    0.00    0.20    0.00    0.00    0.20     6  pidstat
12:43:17        0     24080  446.20  164.00    0.00    0.00  610.20     4  java

12:43:17      UID       PID    %usr %system  %guest   %wait    %CPU   CPU  Command
12:43:22        0        14    0.00    0.20    0.00    0.00    0.20     0  ksoftirqd/0
12:43:22        0        60    0.00    0.20    0.00    0.00    0.20     7  ksoftirqd/7
12:43:22        0     23213    0.00    0.20    0.00    0.00    0.20     3  kworker/u32:2-events_power_efficient
12:43:22        0     23261    0.00    0.20    0.00    0.00    0.20     0  kworker/0:2-mm_percpu_wq
12:43:22        0     23508    0.00    0.20    0.00    0.00    0.20     4  kworker/u32:5-flush-259:0
12:43:22        0     24080  291.20  106.80    0.00    0.00  398.00     4  java
