Linux 6.17.0-1015-aws (ip-172-31-13-152) 	05/25/26 	_x86_64_	(4 CPU)

18:37:13     CPU    %usr   %nice    %sys %iowait    %irq   %soft  %steal  %guest  %gnice   %idle
18:37:18     all   30.97    0.00   11.23    0.00    0.00    3.04    0.20    0.00    0.00   54.55
18:37:18       0   30.91    0.00   10.71    0.00    0.00    0.00    0.20    0.00    0.00   58.18
18:37:18       1   26.94    0.00   11.63    0.00    0.00    4.69    0.20    0.00    0.00   56.53
18:37:18       2   30.04    0.00   11.90    0.00    0.00    0.00    0.20    0.00    0.00   57.86
18:37:18       3   35.96    0.00   10.71    0.00    0.00    7.47    0.20    0.00    0.00   45.66

18:37:18     CPU    %usr   %nice    %sys %iowait    %irq   %soft  %steal  %guest  %gnice   %idle
18:37:23     all   51.85    0.00   21.83    0.00    0.00    5.90    0.16    0.00    0.00   20.26
18:37:23       0   55.28    0.00   21.53    0.00    0.00    0.00    0.21    0.00    0.00   22.98
18:37:23       1   49.16    0.00   22.90    0.00    0.00    8.61    0.00    0.00    0.00   19.33
18:37:23       2   53.42    0.00   21.74    0.00    0.00    0.00    0.21    0.00    0.00   24.64
18:37:23       3   49.47    0.00   21.14    0.00    0.00   15.22    0.21    0.00    0.00   13.95

18:37:23     CPU    %usr   %nice    %sys %iowait    %irq   %soft  %steal  %guest  %gnice   %idle
18:37:28     all   43.54    0.00   20.30    0.00    0.00    3.53    0.21    0.00    0.00   32.42
18:37:28       0   38.45    0.00   21.64    0.00    0.00    2.52    0.21    0.00    0.00   37.18
18:37:28       1   44.83    0.00   19.83    0.00    0.00    0.41    0.21    0.00    0.00   34.71
18:37:28       2   39.61    0.00   20.78    0.00    0.00    4.11    0.22    0.00    0.00   35.28
18:37:28       3   51.16    0.00   18.95    0.00    0.00    7.16    0.21    0.00    0.00   22.53

18:37:28     CPU    %usr   %nice    %sys %iowait    %irq   %soft  %steal  %guest  %gnice   %idle
18:37:33     all   42.66    0.00   19.17    0.00    0.00    3.52    0.16    0.00    0.00   34.49
18:37:33       0   39.87    0.00   20.70    0.00    0.00    2.61    0.00    0.00    0.00   36.82
18:37:33       1   35.91    0.00   21.09    0.00    0.00    0.00    0.21    0.00    0.00   42.80
18:37:33       2   48.62    0.00   16.99    0.00    0.00    5.52    0.21    0.00    0.00   28.66
18:37:33       3   46.34    0.00   17.89    0.00    0.00    6.03    0.22    0.00    0.00   29.53

18:37:33     CPU    %usr   %nice    %sys %iowait    %irq   %soft  %steal  %guest  %gnice   %idle
18:37:38     all   45.26    0.00   20.47    0.05    0.00    3.80    0.10    0.00    0.00   30.31
18:37:38       0   40.37    0.00   23.19    0.00    0.00    3.31    0.21    0.00    0.00   32.92
18:37:38       1   48.74    0.00   19.46    0.00    0.00    5.86    0.00    0.00    0.00   25.94
18:37:38       2   38.25    0.00   21.21    0.00    0.00    0.62    0.00    0.00    0.00   39.92
18:37:38       3   53.77    0.00   17.99    0.21    0.00    5.44    0.21    0.00    0.00   22.38

18:37:38     CPU    %usr   %nice    %sys %iowait    %irq   %soft  %steal  %guest  %gnice   %idle
18:37:43     all   46.87    0.00   20.23    0.00    0.00    3.52    0.21    0.00    0.00   29.16
18:37:43       0   41.11    0.00   21.41    0.00    0.00    3.21    0.21    0.00    0.00   34.05
18:37:43       1   41.97    0.00   23.34    0.00    0.00    5.14    0.21    0.00    0.00   29.34
18:37:43       2   49.39    0.00   17.89    0.00    0.00    0.00    0.20    0.00    0.00   32.52
18:37:43       3   54.72    0.00   18.45    0.00    0.00    5.87    0.21    0.00    0.00   20.75

18:37:43     CPU    %usr   %nice    %sys %iowait    %irq   %soft  %steal  %guest  %gnice   %idle
18:37:48     all   44.43    0.00   20.75    0.00    0.00    3.57    0.21    0.00    0.00   31.04
18:37:48       0   38.91    0.00   22.59    0.00    0.00    2.93    0.21    0.00    0.00   35.36
18:37:48       1   54.88    0.00   16.26    0.00    0.00    0.61    0.20    0.00    0.00   28.05
18:37:48       2   41.45    0.00   21.58    0.00    0.00    4.70    0.21    0.00    0.00   32.05
18:37:48       3   42.06    0.00   22.75    0.00    0.00    6.22    0.21    0.00    0.00   28.76

18:37:48     CPU    %usr   %nice    %sys %iowait    %irq   %soft  %steal  %guest  %gnice   %idle
18:37:53     all   30.39    0.00   13.93    0.00    0.00    2.47    0.05    0.00    0.00   53.16
18:37:53       0   25.10    0.00   14.85    0.00    0.00    2.09    0.21    0.00    0.00   57.74
18:37:53       1   23.28    0.00   14.98    0.00    0.00    0.00    0.00    0.00    0.00   61.74
18:37:53       2   47.36    0.00   11.18    0.00    0.00    4.27    0.00    0.00    0.00   37.20
18:37:53       3   25.57    0.00   14.76    0.00    0.00    3.53    0.00    0.00    0.00   56.13
