Linux 6.17.0-1015-aws (ip-172-31-15-155) 	05/25/26 	_x86_64_	(4 CPU)

18:37:11     CPU    %usr   %nice    %sys %iowait    %irq   %soft  %steal  %guest  %gnice   %idle
18:37:16     all   14.01    0.00    3.22    0.00    0.00    0.76    0.05    0.00    0.00   81.96
18:37:16       0    4.85    0.00    2.22    0.00    0.00    1.41    0.20    0.00    0.00   91.31
18:37:16       1   17.14    0.00    3.83    0.00    0.00    0.20    0.00    0.00    0.00   78.83
18:37:16       2    4.62    0.00    3.01    0.00    0.00    0.20    0.00    0.00    0.00   92.17
18:37:16       3   29.44    0.00    3.83    0.00    0.00    1.21    0.00    0.00    0.00   65.52

18:37:16     CPU    %usr   %nice    %sys %iowait    %irq   %soft  %steal  %guest  %gnice   %idle
18:37:21     all   55.88    0.00   24.65    0.05    0.00    7.96    0.21    0.00    0.00   11.25
18:37:21       0   53.00    0.00   21.33    0.00    0.00   17.39    0.21    0.00    0.00    8.07
18:37:21       1   50.31    0.00   33.95    0.00    0.00    0.00    0.20    0.00    0.00   15.54
18:37:21       2   59.88    0.00   25.93    0.00    0.00    0.00    0.21    0.00    0.00   13.99
18:37:21       3   60.33    0.00   17.38    0.20    0.00   14.52    0.20    0.00    0.00    7.36

18:37:21     CPU    %usr   %nice    %sys %iowait    %irq   %soft  %steal  %guest  %gnice   %idle
18:37:26     all   47.67    0.00   19.38    0.05    0.00    4.12    0.11    0.00    0.00   28.67
18:37:26       0   42.14    0.00   22.32    0.23    0.00    7.97    0.23    0.00    0.00   27.11
18:37:26       1   60.55    0.00   14.14    0.00    0.00    0.63    0.00    0.00    0.00   24.68
18:37:26       2   40.65    0.00   20.22    0.00    0.00    0.87    0.22    0.00    0.00   38.04
18:37:26       3   46.65    0.00   21.21    0.00    0.00    7.37    0.00    0.00    0.00   24.78

18:37:26     CPU    %usr   %nice    %sys %iowait    %irq   %soft  %steal  %guest  %gnice   %idle
18:37:31     all   47.25    0.00   19.25    0.00    0.00    4.13    0.22    0.00    0.00   29.15
18:37:31       0   42.70    0.00   21.68    0.00    0.00    3.98    0.22    0.00    0.00   31.42
18:37:31       1   53.16    0.00   17.65    0.00    0.00    4.79    0.22    0.00    0.00   24.18
18:37:31       2   39.59    0.00   21.49    0.00    0.00    5.20    0.23    0.00    0.00   33.48
18:37:31       3   53.12    0.00   16.34    0.00    0.00    2.58    0.22    0.00    0.00   27.74

18:37:31     CPU    %usr   %nice    %sys %iowait    %irq   %soft  %steal  %guest  %gnice   %idle
18:37:36     all   42.95    0.00   19.51    0.00    0.00    3.41    0.23    0.00    0.00   33.90
18:37:36       0   43.96    0.00   20.50    0.00    0.00    2.96    0.23    0.00    0.00   32.35
18:37:36       1   46.83    0.00   18.78    0.00    0.00    4.07    0.23    0.00    0.00   30.09
18:37:36       2   41.94    0.00   18.89    0.00    0.00    4.38    0.23    0.00    0.00   34.56
18:37:36       3   39.05    0.00   19.86    0.00    0.00    2.26    0.23    0.00    0.00   38.60

18:37:36     CPU    %usr   %nice    %sys %iowait    %irq   %soft  %steal  %guest  %gnice   %idle
18:37:41     all   45.08    0.00   19.64    0.00    0.00    4.43    0.11    0.00    0.00   30.74
18:37:41       0   46.71    0.00   20.61    0.00    0.00    4.39    0.22    0.00    0.00   28.07
18:37:41       1   44.42    0.00   19.04    0.00    0.00    4.81    0.00    0.00    0.00   31.73
18:37:41       2   40.62    0.00   20.54    0.00    0.00    6.03    0.22    0.00    0.00   32.59
18:37:41       3   48.39    0.00   18.42    0.00    0.00    2.57    0.00    0.00    0.00   30.62

18:37:41     CPU    %usr   %nice    %sys %iowait    %irq   %soft  %steal  %guest  %gnice   %idle
18:37:46     all   46.85    0.00   19.37    0.00    0.00    4.14    0.28    0.00    0.00   29.36
18:37:46       0   41.72    0.00   22.52    0.00    0.00    3.97    0.44    0.00    0.00   31.35
18:37:46       1   42.15    0.00   23.54    0.00    0.00    5.38    0.22    0.00    0.00   28.70
18:37:46       2   53.98    0.00   15.49    0.00    0.00    4.65    0.22    0.00    0.00   25.66
18:37:46       3   49.46    0.00   16.05    0.00    0.00    2.60    0.22    0.00    0.00   31.67

18:37:46     CPU    %usr   %nice    %sys %iowait    %irq   %soft  %steal  %guest  %gnice   %idle
18:37:51     all   46.07    0.00   19.38    0.00    0.00    4.42    0.05    0.00    0.00   30.08
18:37:51       0   58.44    0.00   14.77    0.00    0.00    5.06    0.21    0.00    0.00   21.52
18:37:51       1   42.51    0.00   21.15    0.00    0.00    5.07    0.00    0.00    0.00   31.28
18:37:51       2   44.25    0.00   20.80    0.00    0.00    5.53    0.00    0.00    0.00   29.42
18:37:51       3   38.50    0.00   21.02    0.00    0.00    1.99    0.00    0.00    0.00   38.50
