Linux 6.17.0-1015-aws (ip-172-31-15-213) 	05/25/26 	_x86_64_	(4 CPU)

18:37:12     CPU    %usr   %nice    %sys %iowait    %irq   %soft  %steal  %guest  %gnice   %idle
18:37:17     all   21.77    0.00    7.96    0.00    0.00    2.37    0.15    0.00    0.00   67.74
18:37:17       0   13.88    0.00    6.64    0.00    0.00    5.23    0.20    0.00    0.00   74.04
18:37:17       1   22.13    0.00    6.84    0.00    0.00    2.82    0.20    0.00    0.00   68.01
18:37:17       2   29.15    0.00    7.49    0.00    0.00    1.42    0.20    0.00    0.00   61.74
18:37:17       3   21.98    0.00   10.89    0.00    0.00    0.00    0.00    0.00    0.00   67.14

18:37:17     CPU    %usr   %nice    %sys %iowait    %irq   %soft  %steal  %guest  %gnice   %idle
18:37:22     all   53.72    0.00   24.97    0.05    0.00    8.69    0.16    0.00    0.00   12.41
18:37:22       0   57.61    0.00   13.58    0.00    0.00   18.72    0.21    0.00    0.00    9.88
18:37:22       1   52.49    0.00   26.76    0.00    0.00    8.92    0.00    0.00    0.00   11.83
18:37:22       2   56.99    0.00   23.80    0.00    0.00    6.68    0.21    0.00    0.00   12.32
18:37:22       3   47.84    0.00   35.73    0.21    0.00    0.41    0.21    0.00    0.00   15.61

18:37:22     CPU    %usr   %nice    %sys %iowait    %irq   %soft  %steal  %guest  %gnice   %idle
18:37:27     all   52.12    0.00   22.20    0.00    0.00    4.89    0.22    0.00    0.00   20.58
18:37:27       0   62.34    0.00   14.04    0.00    0.00    5.11    0.21    0.00    0.00   18.30
18:37:27       1   47.84    0.00   26.19    0.00    0.00    4.11    0.22    0.00    0.00   21.65
18:37:27       2   50.44    0.00   23.58    0.00    0.00    4.59    0.44    0.00    0.00   20.96
18:37:27       3   47.57    0.00   25.22    0.00    0.00    5.75    0.00    0.00    0.00   21.46

18:37:27     CPU    %usr   %nice    %sys %iowait    %irq   %soft  %steal  %guest  %gnice   %idle
18:37:32     all   50.65    0.00   22.55    0.00    0.00    4.78    0.16    0.00    0.00   21.85
18:37:32       0   59.87    0.00   16.49    0.00    0.00    4.99    0.22    0.00    0.00   18.44
18:37:32       1   44.23    0.00   25.93    0.00    0.00    4.58    0.00    0.00    0.00   25.27
18:37:32       2   53.25    0.00   20.78    0.00    0.00    3.90    0.22    0.00    0.00   21.86
18:37:32       3   45.20    0.00   27.07    0.00    0.00    5.68    0.22    0.00    0.00   21.83

18:37:32     CPU    %usr   %nice    %sys %iowait    %irq   %soft  %steal  %guest  %gnice   %idle
18:37:37     all   51.97    0.00   21.45    0.00    0.00    4.80    0.16    0.00    0.00   21.62
18:37:37       0   50.44    0.00   21.56    0.00    0.00    4.44    0.22    0.00    0.00   23.33
18:37:37       1   45.22    0.00   24.57    0.00    0.00    4.35    0.22    0.00    0.00   25.65
18:37:37       2   58.26    0.00   18.70    0.00    0.00    3.70    0.22    0.00    0.00   19.13
18:37:37       3   53.90    0.00   21.00    0.00    0.00    6.71    0.00    0.00    0.00   18.40

18:37:37     CPU    %usr   %nice    %sys %iowait    %irq   %soft  %steal  %guest  %gnice   %idle
18:37:42     all   50.60    0.00   22.33    0.00    0.00    5.07    0.22    0.00    0.00   21.79
18:37:42       0   47.45    0.00   24.39    0.00    0.00    5.76    0.44    0.00    0.00   21.95
18:37:42       1   44.64    0.00   26.70    0.00    0.00    5.03    0.00    0.00    0.00   23.63
18:37:42       2   55.97    0.00   19.31    0.00    0.00    4.12    0.22    0.00    0.00   20.39
18:37:42       3   54.18    0.00   19.06    0.00    0.00    5.35    0.21    0.00    0.00   21.20

18:37:42     CPU    %usr   %nice    %sys %iowait    %irq   %soft  %steal  %guest  %gnice   %idle
18:37:47     all   49.95    0.00   22.85    0.00    0.00    4.74    0.22    0.00    0.00   22.25
18:37:47       0   52.62    0.00   20.52    0.00    0.00    5.02    0.22    0.00    0.00   21.62
18:37:47       1   48.59    0.00   22.78    0.00    0.00    5.21    0.22    0.00    0.00   23.21
18:37:47       2   52.40    0.00   22.27    0.00    0.00    3.49    0.44    0.00    0.00   21.40
18:37:47       3   46.17    0.00   25.82    0.00    0.00    5.25    0.00    0.00    0.00   22.76

18:37:47     CPU    %usr   %nice    %sys %iowait    %irq   %soft  %steal  %guest  %gnice   %idle
18:37:52     all   42.77    0.00   17.81    0.00    0.00    3.79    0.16    0.00    0.00   35.47
18:37:52       0   37.72    0.00   18.97    0.00    0.00    4.74    0.22    0.00    0.00   38.36
18:37:52       1   37.39    0.00   21.79    0.00    0.00    3.63    0.00    0.00    0.00   37.18
18:37:52       2   47.97    0.00   15.20    0.00    0.00    2.78    0.21    0.00    0.00   33.83
18:37:52       3   47.90    0.00   15.34    0.00    0.00    3.99    0.21    0.00    0.00   32.56
