info: Loading workload script /workload/hot_partition.rn...
info: Connecting to ["http://172.31.15.155:8000", "http://172.31.15.213:8000", "http://172.31.13.152:8000"]... 
info: Connected to '' cluster running ScyllaDB 2026.1.0~dev-0.20251003.20aeed160740 with build-id d177add4e6a23f71d527ca6e182d27a1f9ad74b4
info: Preparing...
info: Warming up...
info: Running benchmark...
CONFIG ═════════════════════════════════════════════════════════════════════════════════════════════════════════════════════
            Date            Mon, 25 May 2026                                                          
            Time            18:39:34 +0000                                                            
         Cluster                                                                                      
      Datacenter                                                                                      
            Rack                                                                                      
      DB version            ScyllaDB 2026.1.0~dev-0.20251003.20aeed160740 with build-id d177add4e6a23f71d527ca6e182d27a1f9ad74b4                                            
        Workload            hot_partition.rn                                                          
     Function(s)            get:0.3, update:0.7                                                       
Request compression            Off                                                                       
Header whitelist            default                                                                   
 Active interval            default                                                                   
   Idle interval            default                                                                   
Routing fallback            default                                                                   
Key route affinity            default                                                                   
Key route affinity tables            none                                                                      
            Tags                                                                                      
────────────────────────────────────────────────────────────────────────────────────────────────────────────────────────────
-P alternator.consistentReads            false                                                                     
-P cold_partitions            90016                                                                     
   -P fieldcount            10                                                                        
  -P fieldlength            512                                                                       
-P hot_items_per_partition            312                                                                       
-P hot_partitions            32                                                                        
-P hot_traffic_ratio            0.99                                                                      
-P requestdistribution            "uniform"                                                                 
    -P row_count            100000                                                                    
        -P table            "latte_hot_partition"                                                     
────────────────────────────────────────────────────────────────────────────────────────────────────────────────────────────
         Threads                   16                                                                 
     Concurrency     [req]          8                                                                 
        Max rate    [op/s]      20000                                                                 
          Warmup       [s]          5                                                                 
              └─      [op]                                                                            
        Run time       [s]       30.0                                                                 
              └─      [op]                                                                            
        Sampling       [s]        1.0                                                                 
              └─      [op]                                                                            
 Request timeout       [s]          5                                                                 
         Retries                                                                                      
  ┌──────┴number                   10                                                                 
  ├─min interval      [ms]        100                                                                 
  └─max interval      [ms]       5000                                                                 

LOG ════════════════════════════════════════════════════════════════════════════════════════════════════════════════════════
    Time    Cycles    Errors    Thrpt.     ────────────────────────────────── Latency [ms/op] ──────────────────────────────
     [s]      [op]      [op]    [op/s]             Min        50        75        90        95        99      99.9       Max
   1.001     19967         0     19951           0.367     2.034     2.531     3.035     3.420     4.465     6.259     7.999
   2.001     19999         0     20000           0.371     2.165     2.740     3.363     3.910     5.489     7.696    15.180
   3.001     20003         0     20002           0.383     2.058     2.566     3.115     3.545     4.698     6.259     7.557
   4.001     19993         0     19992           0.365     2.107     2.650     3.222     3.695     5.014     6.955     9.937
   5.001     20011         0     20012           0.355     2.130     2.679     3.236     3.738     5.120     6.705     9.585
   6.002     19996         0     19994           0.383     2.026     2.490     2.988     3.320     4.239     6.054     7.782
   7.002     20000         0     19999           0.390     2.238     2.834     3.521     4.084     5.321     6.762     9.003
   8.001     19999         0     20001           0.376     2.015     2.484     2.966     3.281     4.170     6.119     8.634
   9.001     19995         0     19996           0.400     2.214     2.808     3.484     4.039     5.329     6.906     7.631
  10.002     20008         0     20008           0.354     2.041     2.533     3.047     3.418     4.682     6.140     7.963
  11.001     19992         0     19993           0.349     2.142     2.697     3.291     3.813     5.177     7.037     8.847
  12.001     20007         0     20008           0.374     2.138     2.714     3.355     3.916     5.300     7.062     9.495
  13.002     19989         0     19988           0.314     2.054     2.554     3.086     3.471     4.706     6.537     9.912
  14.001     20002         0     20001           0.364     2.218     2.843     3.545     4.166     5.530     7.242    11.133
  15.002     20009         0     20008           0.345     2.000     2.451     2.931     3.195     4.053     5.730     7.487
  16.002     20002         0     20004           0.398     2.191     2.802     3.484     4.037     5.325     6.955     9.691
  17.001     19990         0     19990           0.353     2.042     2.523     3.031     3.391     4.473     7.049     9.880
  18.002     20004         0     20003           0.349     2.165     2.738     3.351     3.846     5.231     6.562     8.016
  19.001     19996         0     19998           0.389     2.142     2.720     3.318     3.865     5.169     6.398     8.430
  20.001     20006         0     20005           0.382     2.026     2.497     2.986     3.308     4.436     6.386     8.495
  21.001     19991         0     19992           0.389     2.173     2.759     3.422     4.000     5.296     7.295     9.126
  22.001     20007         0     20007           0.368     2.019     2.501     3.004     3.334     4.452     5.984     9.830
  23.001     20005         0     20003           0.360     2.165     2.767     3.416     4.008     5.427     7.119    10.166
  24.002     20006         0     20003           0.378     2.114     2.644     3.183     3.633     4.719     6.414     8.495
  25.001     19987         0     19992           0.374     2.136     2.681     3.246     3.742     5.042     6.562     7.565
  26.002     19998         0     19996           0.390     2.049     2.566     3.111     3.529     4.854     6.410     7.832
  27.001     19998         0     20000           0.375     2.077     2.595     3.156     3.615     5.009     7.111    10.076
  28.002     20006         0     20006           0.371     2.130     2.683     3.232     3.690     5.038     7.049    11.936
  29.002     20002         0     20002           0.373     2.078     2.597     3.170     3.602     4.743     7.082    10.895
  30.000     19967         0     20008           0.375     2.089     2.623     3.176     3.645     5.067     6.791     9.060
  30.001         1         0      6777           1.916     1.917     1.917     1.917     1.917     1.917     1.917     1.917

SUMMARY STATS ══════════════════════════════════════════════════════════════════════════════════════════════════════════════
    Elapsed time       [s]     30.006                                                                 
        CPU time       [s]    133.237                                                                 
 CPU utilisation       [%]       27.8                                                                 
          Cycles      [op]     599936                                                                 
          Errors      [op]          0                                                                 
              └─       [%]        0.0                                                                 
        Requests     [req]     599936                                                                 
              └─  [req/op]        1.0                                                                 
         Retries     [ret]          0                                                                 
              └─ [ret/req]    0.00000                                                                 
            Rows     [row]     178339                                                                 
              └─ [row/req]        0.3                                                                 
     Concurrency     [req]          2 ± 0                                                             
              └─       [%]         21                                                                 
      Throughput    [op/s]      19994 ± 54                                                            
              ├─   [req/s]      19994 ± 54                                                            
              └─   [row/s]       5943 ± 16                                                            
   Cycle latency      [ms]      2.199 ± 0.009                                                         
 Request latency      [ms]      1.771 ± 0.004                                                         

CYCLE LATENCY for get [ms]  ════════════════════════════════════════════════════════════════════════════════════════════════
          Min                   0.314 ± 0.051                                                         
           25                   1.189 ± 0.005                                                         
           50                   1.548 ± 0.006                                                         
           75                   2.036 ± 0.009                                                         
           90                   2.632 ± 0.022                                                         
           95                   3.176 ± 0.027                                                         
           98                   4.012 ± 0.050                                                         
           99                   4.620 ± 0.051                                                         
           99.9                 6.652 ± 0.270                                                         
           99.99                9.003 ± 0.577                                                         
          Max                  11.936 ± 3.023                                                         

CYCLE LATENCY for update [ms]  ═════════════════════════════════════════════════════════════════════════════════════════════
          Min                   0.690 ± 0.071                                                         
           25                   1.888 ± 0.005                                                         
           50                   2.290 ± 0.005                                                         
           75                   2.796 ± 0.006                                                         
           90                   3.326 ± 0.011                                                         
           95                   3.803 ± 0.018                                                         
           98                   4.563 ± 0.029                                                         
           99                   5.140 ± 0.041                                                         
           99.9                 6.787 ± 0.092                                                         
           99.99                8.839 ± 0.587                                                         
          Max                  15.180 ± 6.790                                                         

info: Saved report to /output/latte_1.json
TIMEFORMAT 35.590 156.962 28.756
