Linux 6.17.0-1010-aws (ip-172-31-15-179) 	04/20/26 	_x86_64_	(8 CPU)

10:39:21      UID       PID    %usr %system  %guest   %wait    %CPU   CPU  Command
10:39:26        0         1    0.20    0.00    0.00    0.00    0.20     5  systemd
10:39:26        0      1991    0.40    0.20    0.00    0.00    0.60     4  containerd
10:39:26        0      2232    0.20    0.20    0.00    0.00    0.40     0  dockerd
10:39:26     1000      8219    0.00    0.20    0.00    0.00    0.20     6  systemd
10:39:26        0      8454    0.20    0.00    0.00    0.00    0.20     1  kworker/u32:1-writeback
10:39:26        0     10378    0.20    0.00    0.00    0.00    0.20     1  docker
10:39:26        0     10420    0.20    0.00    0.00    0.00    0.20     5  bash
10:39:26        0     10452  525.35   45.51    0.00    0.00  570.86     2  java

10:39:26      UID       PID    %usr %system  %guest   %wait    %CPU   CPU  Command
10:39:31        0      1991    0.20    0.00    0.00    0.00    0.20     4  containerd
10:39:31        0      6639    0.00    0.20    0.00    0.00    0.20     3  kworker/3:2-events
10:39:31     1000     10313    0.00    0.20    0.00    0.00    0.20     2  pidstat
10:39:31        0     10452  610.60   85.00    0.00    0.00  695.60     2  java

10:39:31      UID       PID    %usr %system  %guest   %wait    %CPU   CPU  Command
10:39:36        0        15    0.00    0.20    0.00    0.00    0.20     7  rcu_sched
10:39:36        0        42    0.00    0.20    0.00    0.00    0.20     4  ksoftirqd/4
10:39:36        0        48    0.00    0.20    0.00    0.00    0.20     5  ksoftirqd/5
10:39:36        0       951    0.00    0.20    0.00    0.00    0.20     6  kworker/6:2-events
10:39:36        0      5993    0.00    0.20    0.00    0.00    0.20     0  kworker/u32:4-events_power_efficient
10:39:36        0     10452  361.40   72.00    0.00    0.00  433.40     2  java

10:39:36      UID       PID    %usr %system  %guest   %wait    %CPU   CPU  Command
10:39:41        0        24    0.00    0.20    0.00    0.00    0.20     1  ksoftirqd/1
10:39:41        0        36    0.00    0.20    0.00    0.00    0.20     3  ksoftirqd/3
10:39:41        0      1991    0.00    0.20    0.00    0.00    0.20     4  containerd
10:39:41     1000     10313    0.20    0.20    0.00    0.00    0.40     3  pidstat
10:39:41        0     10452  153.20   59.00    0.00    0.00  212.20     2  java

10:39:41      UID       PID    %usr %system  %guest   %wait    %CPU   CPU  Command
10:39:46        0        48    0.00    0.20    0.00    0.00    0.20     5  ksoftirqd/5
10:39:46        0        71    0.00    0.20    0.00    0.00    0.20     6  kworker/u32:2-events_power_efficient
10:39:46        0       106    0.00    0.20    0.00    0.00    0.20     7  kworker/7:1-events
10:39:46        0     10452  148.80   56.80    0.00    0.00  205.60     2  java

10:39:46      UID       PID    %usr %system  %guest   %wait    %CPU   CPU  Command
10:39:51        0     10452  162.40   60.00    0.00    0.00  222.40     2  java

10:39:51      UID       PID    %usr %system  %guest   %wait    %CPU   CPU  Command
10:39:56        0        42    0.00    0.20    0.00    0.00    0.20     4  ksoftirqd/4
10:39:56        0      1991    0.20    0.00    0.00    0.00    0.20     4  containerd
10:39:56        0      2232    0.20    0.00    0.00    0.00    0.20     0  dockerd
10:39:56     1000     10313    0.00    0.20    0.00    0.00    0.20     3  pidstat
10:39:56        0     10561  219.00   15.40    0.00    0.00  234.40     2  java

10:39:56      UID       PID    %usr %system  %guest   %wait    %CPU   CPU  Command
10:40:01        0        36    0.00    0.20    0.00    0.00    0.20     3  ksoftirqd/3
10:40:01     1000     10313    0.00    0.20    0.00    0.00    0.20     3  pidstat
10:40:01        0     10561  658.00   78.40    0.00    0.00  736.40     2  java

10:40:01      UID       PID    %usr %system  %guest   %wait    %CPU   CPU  Command
10:40:06        0        15    0.00    0.20    0.00    0.20    0.20     4  rcu_sched
10:40:06        0        30    0.00    0.20    0.00    0.00    0.20     2  ksoftirqd/2
10:40:06        0        54    0.00    0.20    0.00    0.00    0.20     6  ksoftirqd/6
10:40:06        0        60    0.00    0.20    0.00    0.00    0.20     7  ksoftirqd/7
10:40:06        0        71    0.00    0.20    0.00    0.00    0.20     6  kworker/u32:2-events_power_efficient
10:40:06     1000     10313    0.20    0.00    0.00    0.00    0.20     3  pidstat
10:40:06        0     10561  545.80   79.00    0.00    0.00  624.80     2  java

10:40:06      UID       PID    %usr %system  %guest   %wait    %CPU   CPU  Command
10:40:11        0        14    0.00    0.20    0.00    0.00    0.20     0  ksoftirqd/0
10:40:11        0        48    0.00    0.20    0.00    0.00    0.20     5  ksoftirqd/5
10:40:11        0      8454    0.00    0.20    0.00    0.00    0.20     6  kworker/u32:1-events_unbound
10:40:11     1000     10313    0.00    0.20    0.00    0.00    0.20     3  pidstat
10:40:11        0     10561  204.40   57.20    0.00    0.00  261.60     2  java

10:40:11      UID       PID    %usr %system  %guest   %wait    %CPU   CPU  Command
10:40:16        0        24    0.00    0.20    0.00    0.00    0.20     1  ksoftirqd/1
10:40:16        0        92    0.00    0.20    0.00    0.00    0.20     1  kworker/1:1-events
10:40:16        0      1991    0.20    0.00    0.00    0.00    0.20     4  containerd
10:40:16        0      4791    0.00    0.20    0.00    0.00    0.20     7  kworker/u32:6-events_power_efficient
10:40:16        0     10561  160.60   57.20    0.00    0.00  217.80     2  java

10:40:16      UID       PID    %usr %system  %guest   %wait    %CPU   CPU  Command
10:40:21        0         1    0.00    0.20    0.00    0.00    0.20     7  systemd
10:40:21        0        14    0.00    0.20    0.00    0.00    0.20     0  ksoftirqd/0
10:40:21        0        48    0.00    0.20    0.00    0.00    0.20     5  ksoftirqd/5
10:40:21        0      1991    0.00    0.20    0.00    0.00    0.20     4  containerd
10:40:21     1000     10313    0.00    0.20    0.00    0.00    0.20     0  pidstat
10:40:21        0     10561  159.60   58.60    0.00    0.00  218.20     2  java

10:40:21      UID       PID    %usr %system  %guest   %wait    %CPU   CPU  Command
10:40:26        0        30    0.00    0.20    0.00    0.00    0.20     2  ksoftirqd/2
10:40:26        0        36    0.00    0.20    0.00    0.00    0.20     3  ksoftirqd/3
10:40:26        0     10561  149.60   55.40    0.00    0.00  205.00     2  java

10:40:26      UID       PID    %usr %system  %guest   %wait    %CPU   CPU  Command
10:40:31        0        14    0.00    0.20    0.00    0.00    0.20     0  ksoftirqd/0
10:40:31        0        71    0.00    0.20    0.00    0.00    0.20     5  kworker/u32:2-flush-259:0
10:40:31        0     10561  147.00   55.40    0.00    0.00  202.40     2  java

10:40:31      UID       PID    %usr %system  %guest   %wait    %CPU   CPU  Command
10:40:36        0        24    0.00    0.20    0.00    0.00    0.20     1  ksoftirqd/1
10:40:36        0        36    0.00    0.20    0.00    0.00    0.20     3  ksoftirqd/3
10:40:36     1000     10313    0.20    0.20    0.00    0.00    0.40     3  pidstat
10:40:36        0     10561  144.80   56.20    0.00    0.00  201.00     2  java

10:40:36      UID       PID    %usr %system  %guest   %wait    %CPU   CPU  Command
10:40:41        0        14    0.00    0.20    0.00    0.00    0.20     0  ksoftirqd/0
10:40:41        0        30    0.00    0.20    0.00    0.00    0.20     2  ksoftirqd/2
10:40:41        0      1122    0.20    0.20    0.00    0.00    0.40     7  amazon-ssm-agen
10:40:41        0     10561  142.60   54.00    0.00    0.00  196.60     2  java

10:40:41      UID       PID    %usr %system  %guest   %wait    %CPU   CPU  Command
10:40:46        0        36    0.00    0.20    0.00    0.00    0.20     3  ksoftirqd/3
10:40:46        0      1991    0.00    0.20    0.00    0.00    0.20     4  containerd
10:40:46        0      9904    0.00    0.20    0.00    0.00    0.20     0  kworker/0:1-events
10:40:46        0     10561  142.20   53.20    0.00    0.00  195.40     2  java

10:40:46      UID       PID    %usr %system  %guest   %wait    %CPU   CPU  Command
10:40:51        0        14    0.00    0.20    0.00    0.00    0.20     0  ksoftirqd/0
10:40:51        0        30    0.00    0.20    0.00    0.00    0.20     2  ksoftirqd/2
10:40:51        0        60    0.00    0.20    0.00    0.00    0.20     7  ksoftirqd/7
10:40:51        0      1991    0.20    0.00    0.00    0.00    0.20     4  containerd
10:40:51        0      4791    0.00    0.20    0.00    0.00    0.20     4  kworker/u32:6-kvfree_rcu_reclaim
10:40:51     1000     10313    0.20    0.20    0.00    0.00    0.40     0  pidstat
10:40:51        0     10561  141.80   55.20    0.00    0.00  197.00     2  java

10:40:51      UID       PID    %usr %system  %guest   %wait    %CPU   CPU  Command
10:40:56        0     10561   91.20   35.60    0.00    0.00  126.80     2  java
