Linux 6.17.0-1015-aws (ip-172-31-3-246) 	05/27/26 	_x86_64_	(4 CPU)

19:38:13     CPU    %usr   %nice    %sys %iowait    %irq   %soft  %steal  %guest  %gnice   %idle
19:38:18     all   15.60    0.00    3.93    0.00    0.00    1.06    0.10    0.00    0.00   79.32
19:38:18       0    9.68    0.00    2.82    0.00    0.00    0.00    0.00    0.00    0.00   87.50
19:38:18       1   18.07    0.00    3.21    0.00    0.00    1.81    0.20    0.00    0.00   76.71
19:38:18       2   22.13    0.00    4.83    0.00    0.00    1.21    0.00    0.00    0.00   71.83
19:38:18       3   12.50    0.00    4.84    0.00    0.00    1.21    0.20    0.00    0.00   81.25

19:38:18     CPU    %usr   %nice    %sys %iowait    %irq   %soft  %steal  %guest  %gnice   %idle
19:38:23     all   65.98    0.00   21.64    0.00    0.00   10.16    0.15    0.00    0.00    2.07
19:38:23       0   71.14    0.00   23.17    0.00    0.00    0.00    0.20    0.00    0.00    5.49
19:38:23       1   62.58    0.00   18.51    0.00    0.00   18.51    0.00    0.00    0.00    0.40
19:38:23       2   65.45    0.00   21.41    0.00    0.00   11.92    0.20    0.00    0.00    1.01
19:38:23       3   64.78    0.00   23.48    0.00    0.00   10.12    0.20    0.00    0.00    1.42

19:38:23     CPU    %usr   %nice    %sys %iowait    %irq   %soft  %steal  %guest  %gnice   %idle
19:38:28     all   67.72    0.00   20.90    0.00    0.00    9.82    0.25    0.00    0.00    1.31
19:38:28       0   69.01    0.00   20.32    0.00    0.00    8.85    0.20    0.00    0.00    1.61
19:38:28       1   64.37    0.00   25.10    0.00    0.00    8.70    0.20    0.00    0.00    1.62
19:38:28       2   71.63    0.00   16.50    0.00    0.00   11.07    0.20    0.00    0.00    0.60
19:38:28       3   65.86    0.00   21.69    0.00    0.00   10.64    0.40    0.00    0.00    1.41

19:38:28     CPU    %usr   %nice    %sys %iowait    %irq   %soft  %steal  %guest  %gnice   %idle
19:38:33     all   66.79    0.00   21.38    0.00    0.00   10.16    0.25    0.00    0.00    1.42
19:38:33       0   66.33    0.00   22.11    0.00    0.00   10.34    0.20    0.00    0.00    1.01
19:38:33       1   64.90    0.00   24.08    0.00    0.00    7.96    0.41    0.00    0.00    2.65
19:38:33       2   66.67    0.00   20.40    0.00    0.00   12.12    0.20    0.00    0.00    0.61
19:38:33       3   69.25    0.00   18.94    0.00    0.00   10.18    0.20    0.00    0.00    1.43

19:38:33     CPU    %usr   %nice    %sys %iowait    %irq   %soft  %steal  %guest  %gnice   %idle
19:38:38     all   68.84    0.00   19.60    0.00    0.00    9.95    0.25    0.00    0.00    1.36
19:38:38       0   69.35    0.00   18.55    0.00    0.00   10.08    0.40    0.00    0.00    1.61
19:38:38       1   69.64    0.00   20.85    0.00    0.00    7.89    0.20    0.00    0.00    1.42
19:38:38       2   67.47    0.00   20.00    0.00    0.00   11.52    0.20    0.00    0.00    0.81
19:38:38       3   68.89    0.00   18.99    0.00    0.00   10.30    0.20    0.00    0.00    1.62

19:38:38     CPU    %usr   %nice    %sys %iowait    %irq   %soft  %steal  %guest  %gnice   %idle
19:38:43     all   66.87    0.00   21.84    0.00    0.00    9.93    0.25    0.00    0.00    1.11
19:38:43       0   67.47    0.00   21.62    0.00    0.00    9.49    0.20    0.00    0.00    1.21
19:38:43       1   62.70    0.00   27.22    0.00    0.00    8.06    0.40    0.00    0.00    1.61
19:38:43       2   64.79    0.00   22.94    0.00    0.00   11.27    0.20    0.00    0.00    0.80
19:38:43       3   72.53    0.00   15.56    0.00    0.00   10.91    0.20    0.00    0.00    0.81

19:38:43     CPU    %usr   %nice    %sys %iowait    %irq   %soft  %steal  %guest  %gnice   %idle
19:38:48     all   82.27    0.00    9.19    0.00    0.00    7.84    0.20    0.00    0.00    0.50
19:38:48       0   74.75    0.00   16.77    0.00    0.00    6.67    0.20    0.00    0.00    1.62
19:38:48       1   85.37    0.00    7.41    0.00    0.00    7.01    0.20    0.00    0.00    0.00
19:38:48       2   81.93    0.00    7.03    0.00    0.00   10.64    0.20    0.00    0.00    0.20
19:38:48       3   86.97    0.00    5.61    0.00    0.00    7.01    0.20    0.00    0.00    0.20

19:38:48     CPU    %usr   %nice    %sys %iowait    %irq   %soft  %steal  %guest  %gnice   %idle
19:38:53     all   87.79    0.00    7.15    0.00    0.00    4.70    0.20    0.00    0.00    0.15
19:38:53       0   91.02    0.00    5.59    0.00    0.00    3.19    0.20    0.00    0.00    0.00
19:38:53       1   80.52    0.00   12.85    0.00    0.00    6.02    0.20    0.00    0.00    0.40
19:38:53       2   90.60    0.00    4.80    0.00    0.00    4.40    0.20    0.00    0.00    0.00
19:38:53       3   89.00    0.00    5.40    0.00    0.00    5.20    0.20    0.00    0.00    0.20

19:38:53     CPU    %usr   %nice    %sys %iowait    %irq   %soft  %steal  %guest  %gnice   %idle
19:38:58     all   57.79    0.00   23.94    0.00    0.00    6.47    0.27    0.00    0.00   11.54
19:38:58       0   53.04    0.00   27.17    0.00    0.00    6.74    0.22    0.00    0.00   12.83
19:38:58       1   48.13    0.00   31.43    0.00    0.00    4.18    0.44    0.00    0.00   15.82
19:38:58       2   73.39    0.00   12.68    0.00    0.00    7.90    0.00    0.00    0.00    6.03
19:38:58       3   55.77    0.00   25.05    0.00    0.00    6.97    0.44    0.00    0.00   11.76

19:38:58     CPU    %usr   %nice    %sys %iowait    %irq   %soft  %steal  %guest  %gnice   %idle
19:39:03     all   54.39    0.00   26.13    0.00    0.00    6.71    0.22    0.00    0.00   12.55
19:39:03       0   50.33    0.00   28.76    0.00    0.00    6.32    0.22    0.00    0.00   14.38
19:39:03       1   52.85    0.00   27.19    0.00    0.00    4.82    0.22    0.00    0.00   14.91
19:39:03       2   55.65    0.00   26.30    0.00    0.00    8.48    0.22    0.00    0.00    9.35
19:39:03       3   58.73    0.00   22.27    0.00    0.00    7.21    0.22    0.00    0.00   11.57

19:39:03     CPU    %usr   %nice    %sys %iowait    %irq   %soft  %steal  %guest  %gnice   %idle
19:39:08     all   54.48    0.00   25.52    0.00    0.00    7.16    0.22    0.00    0.00   12.62
19:39:08       0   53.59    0.00   27.23    0.00    0.00    6.54    0.22    0.00    0.00   12.42
19:39:08       1   54.45    0.00   25.16    0.00    0.00    5.86    0.22    0.00    0.00   14.32
19:39:08       2   60.65    0.00   21.94    0.00    0.00    9.03    0.22    0.00    0.00    8.17
19:39:08       3   48.99    0.00   27.87    0.00    0.00    7.19    0.22    0.00    0.00   15.73

19:39:08     CPU    %usr   %nice    %sys %iowait    %irq   %soft  %steal  %guest  %gnice   %idle
19:39:13     all   54.89    0.00   25.95    0.00    0.00    6.73    0.27    0.00    0.00   12.16
19:39:13       0   61.29    0.00   21.94    0.00    0.00    6.67    0.22    0.00    0.00    9.89
19:39:13       1   52.30    0.00   28.23    0.00    0.00    4.81    0.44    0.00    0.00   14.22
19:39:13       2   50.66    0.00   29.26    0.00    0.00    8.08    0.22    0.00    0.00   11.79
19:39:13       3   55.19    0.00   24.46    0.00    0.00    7.36    0.22    0.00    0.00   12.77

19:39:13     CPU    %usr   %nice    %sys %iowait    %irq   %soft  %steal  %guest  %gnice   %idle
19:39:18     all   56.02    0.00   25.24    0.00    0.00    6.98    0.21    0.00    0.00   11.55
19:39:18       0   61.65    0.00   21.61    0.00    0.00    7.84    0.21    0.00    0.00    8.69
19:39:18       1   50.75    0.00   29.25    0.00    0.00    4.95    0.22    0.00    0.00   14.84
19:39:18       2   62.47    0.00   21.32    0.00    0.00    7.89    0.21    0.00    0.00    8.10
19:39:18       3   48.90    0.00   28.95    0.00    0.00    7.24    0.22    0.00    0.00   14.69

19:39:18     CPU    %usr   %nice    %sys %iowait    %irq   %soft  %steal  %guest  %gnice   %idle
19:39:23     all   55.59    0.00   25.70    0.00    0.00    7.16    0.33    0.00    0.00   11.23
19:39:23       0   65.96    0.00   18.09    0.00    0.00    7.23    0.43    0.00    0.00    8.30
19:39:23       1   48.59    0.00   31.24    0.00    0.00    4.56    0.22    0.00    0.00   15.40
19:39:23       2   58.87    0.00   24.03    0.00    0.00    9.52    0.22    0.00    0.00    7.36
19:39:23       3   48.56    0.00   29.71    0.00    0.00    7.32    0.44    0.00    0.00   13.97

19:39:23     CPU    %usr   %nice    %sys %iowait    %irq   %soft  %steal  %guest  %gnice   %idle
19:39:28     all   54.98    0.00   25.58    0.00    0.00    6.74    0.22    0.00    0.00   12.49
19:39:28       0   51.11    0.00   28.89    0.00    0.00    6.67    0.22    0.00    0.00   13.11
19:39:28       1   55.36    0.00   25.16    0.00    0.00    4.60    0.22    0.00    0.00   14.66
19:39:28       2   53.17    0.00   28.01    0.00    0.00    7.88    0.22    0.00    0.00   10.72
19:39:28       3   60.17    0.00   20.35    0.00    0.00    7.79    0.22    0.00    0.00   11.47

19:39:28     CPU    %usr   %nice    %sys %iowait    %irq   %soft  %steal  %guest  %gnice   %idle
19:39:33     all   55.16    0.00   24.99    0.00    0.00    6.55    0.22    0.00    0.00   13.09
19:39:33       0   62.77    0.00   21.06    0.00    0.00    6.81    0.21    0.00    0.00    9.15
19:39:33       1   47.11    0.00   29.56    0.00    0.00    4.44    0.22    0.00    0.00   18.67
19:39:33       2   58.79    0.00   24.73    0.00    0.00    7.81    0.22    0.00    0.00    8.46
19:39:33       3   51.55    0.00   24.78    0.00    0.00    7.08    0.22    0.00    0.00   16.37

19:39:33     CPU    %usr   %nice    %sys %iowait    %irq   %soft  %steal  %guest  %gnice   %idle
19:39:38     all   55.61    0.00   25.34    0.00    0.00    6.66    0.21    0.00    0.00   12.18
19:39:38       0   55.15    0.00   26.82    0.00    0.00    6.87    0.21    0.00    0.00   10.94
19:39:38       1   60.89    0.00   21.78    0.00    0.00    4.65    0.21    0.00    0.00   12.47
19:39:38       2   56.47    0.00   25.43    0.00    0.00    8.19    0.22    0.00    0.00    9.70
19:39:38       3   49.78    0.00   27.39    0.00    0.00    6.96    0.22    0.00    0.00   15.65

19:39:38     CPU    %usr   %nice    %sys %iowait    %irq   %soft  %steal  %guest  %gnice   %idle
19:39:43     all   55.50    0.00   25.07    0.00    0.00    6.93    0.22    0.00    0.00   12.29
19:39:43       0   54.94    0.00   27.04    0.00    0.00    6.87    0.21    0.00    0.00   10.94
19:39:43       1   58.23    0.00   21.65    0.00    0.00    4.76    0.22    0.00    0.00   15.15
19:39:43       2   59.31    0.00   23.55    0.00    0.00    8.57    0.21    0.00    0.00    8.35
19:39:43       3   49.34    0.00   28.10    0.00    0.00    7.52    0.22    0.00    0.00   14.82

19:39:43     CPU    %usr   %nice    %sys %iowait    %irq   %soft  %steal  %guest  %gnice   %idle
19:39:48     all   55.95    0.00   25.04    0.00    0.00    7.27    0.27    0.00    0.00   11.47
19:39:48       0   52.04    0.00   28.39    0.00    0.00    6.88    0.22    0.00    0.00   12.47
19:39:48       1   50.22    0.00   30.40    0.00    0.00    4.41    0.44    0.00    0.00   14.54
19:39:48       2   62.21    0.00   20.17    0.00    0.00    8.92    0.21    0.00    0.00    8.49
19:39:48       3   59.10    0.00   21.41    0.00    0.00    8.78    0.21    0.00    0.00   10.49

19:39:48     CPU    %usr   %nice    %sys %iowait    %irq   %soft  %steal  %guest  %gnice   %idle
19:39:53     all   55.92    0.00   25.35    0.00    0.00    6.78    0.27    0.00    0.00   11.68
19:39:53       0   52.40    0.00   27.95    0.00    0.00    6.11    0.22    0.00    0.00   13.32
19:39:53       1   58.80    0.00   23.39    0.00    0.00    4.72    0.21    0.00    0.00   12.88
19:39:53       2   50.97    0.00   30.02    0.00    0.00    7.99    0.22    0.00    0.00   10.80
19:39:53       3   61.36    0.00   20.17    0.00    0.00    8.28    0.42    0.00    0.00    9.77

19:39:53     CPU    %usr   %nice    %sys %iowait    %irq   %soft  %steal  %guest  %gnice   %idle
19:39:58     all   56.20    0.00   25.84    0.00    0.00    6.75    0.16    0.00    0.00   11.04
19:39:58       0   52.94    0.00   27.89    0.00    0.00    6.97    0.22    0.00    0.00   11.98
19:39:58       1   50.11    0.00   30.99    0.00    0.00    4.62    0.22    0.00    0.00   14.07
19:39:58       2   61.47    0.00   22.73    0.00    0.00    7.79    0.00    0.00    0.00    8.01
19:39:58       3   60.17    0.00   21.86    0.00    0.00    7.58    0.22    0.00    0.00   10.17

19:39:58     CPU    %usr   %nice    %sys %iowait    %irq   %soft  %steal  %guest  %gnice   %idle
19:40:03     all   54.86    0.00   25.90    0.00    0.00    6.61    0.27    0.00    0.00   12.35
19:40:03       0   50.88    0.00   29.07    0.00    0.00    6.83    0.22    0.00    0.00   13.00
19:40:03       1   56.86    0.00   24.40    0.00    0.00    4.79    0.44    0.00    0.00   13.51
19:40:03       2   60.34    0.00   21.77    0.00    0.00    7.76    0.22    0.00    0.00    9.91
19:40:03       3   51.21    0.00   28.48    0.00    0.00    7.06    0.22    0.00    0.00   13.02

19:40:03     CPU    %usr   %nice    %sys %iowait    %irq   %soft  %steal  %guest  %gnice   %idle
19:40:08     all   55.99    0.00   25.42    0.00    0.00    6.62    0.22    0.00    0.00   11.76
19:40:08       0   52.95    0.00   28.67    0.00    0.00    6.56    0.22    0.00    0.00   11.60
19:40:08       1   66.17    0.00   17.56    0.00    0.00    4.50    0.21    0.00    0.00   11.56
19:40:08       2   53.74    0.00   27.97    0.00    0.00    7.93    0.22    0.00    0.00   10.13
19:40:08       3   50.78    0.00   27.72    0.00    0.00    7.54    0.22    0.00    0.00   13.75

19:40:08     CPU    %usr   %nice    %sys %iowait    %irq   %soft  %steal  %guest  %gnice   %idle
19:40:13     all   54.90    0.00   25.63    0.00    0.00    6.96    0.22    0.00    0.00   12.30
19:40:13       0   49.56    0.00   29.82    0.00    0.00    7.02    0.22    0.00    0.00   13.38
19:40:13       1   63.40    0.00   18.94    0.00    0.00    5.11    0.21    0.00    0.00   12.34
19:40:13       2   53.28    0.00   28.17    0.00    0.00    8.30    0.22    0.00    0.00   10.04
19:40:13       3   53.08    0.00   25.77    0.00    0.00    7.49    0.22    0.00    0.00   13.44

19:40:13     CPU    %usr   %nice    %sys %iowait    %irq   %soft  %steal  %guest  %gnice   %idle
19:40:18     all   54.79    0.00   25.98    0.00    0.00    6.75    0.27    0.00    0.00   12.20
19:40:18       0   52.40    0.00   29.48    0.00    0.00    6.11    0.22    0.00    0.00   11.79
19:40:18       1   54.78    0.00   25.87    0.00    0.00    4.78    0.22    0.00    0.00   14.35
19:40:18       2   51.97    0.00   27.63    0.00    0.00    8.33    0.22    0.00    0.00   11.84
19:40:18       3   59.96    0.00   21.00    0.00    0.00    7.79    0.43    0.00    0.00   10.82

19:40:18     CPU    %usr   %nice    %sys %iowait    %irq   %soft  %steal  %guest  %gnice   %idle
19:40:23     all   57.38    0.00   24.78    0.00    0.00    6.84    0.16    0.00    0.00   10.83
19:40:23       0   63.35    0.00   21.19    0.00    0.00    7.20    0.21    0.00    0.00    8.05
19:40:23       1   54.03    0.00   27.23    0.00    0.00    4.79    0.22    0.00    0.00   13.73
19:40:23       2   52.40    0.00   28.60    0.00    0.00    8.52    0.00    0.00    0.00   10.48
19:40:23       3   59.53    0.00   22.27    0.00    0.00    6.85    0.21    0.00    0.00   11.13

19:40:23     CPU    %usr   %nice    %sys %iowait    %irq   %soft  %steal  %guest  %gnice   %idle
19:40:28     all   56.47    0.00   25.22    0.00    0.00    6.74    0.27    0.00    0.00   11.30
19:40:28       0   50.55    0.00   30.42    0.00    0.00    5.03    0.22    0.00    0.00   13.79
19:40:28       1   63.01    0.00   20.00    0.00    0.00    5.81    0.43    0.00    0.00   10.75
19:40:28       2   53.20    0.00   28.26    0.00    0.00    7.73    0.22    0.00    0.00   10.60
19:40:28       3   58.92    0.00   22.37    0.00    0.00    8.39    0.22    0.00    0.00   10.11

19:40:28     CPU    %usr   %nice    %sys %iowait    %irq   %soft  %steal  %guest  %gnice   %idle
19:40:33     all   56.79    0.00   25.20    0.00    0.00    6.87    0.21    0.00    0.00   10.92
19:40:33       0   60.75    0.00   23.17    0.00    0.00    5.85    0.21    0.00    0.00   10.02
19:40:33       1   57.69    0.00   25.21    0.00    0.00    4.06    0.21    0.00    0.00   12.82
19:40:33       2   57.57    0.00   24.73    0.00    0.00   10.02    0.21    0.00    0.00    7.46
19:40:33       3   50.98    0.00   27.77    0.00    0.00    7.59    0.22    0.00    0.00   13.45

19:40:33     CPU    %usr   %nice    %sys %iowait    %irq   %soft  %steal  %guest  %gnice   %idle
19:40:38     all   60.94    0.00   22.72    0.11    0.00    6.55    0.27    0.00    0.00    9.42
19:40:38       0   52.36    0.00   28.54    0.21    0.00    4.94    0.43    0.00    0.00   13.52
19:40:38       1   68.76    0.00   18.24    0.21    0.00    5.45    0.21    0.00    0.00    7.13
19:40:38       2   53.80    0.00   27.77    0.00    0.00    8.68    0.22    0.00    0.00    9.54
19:40:38       3   68.42    0.00   16.63    0.00    0.00    7.16    0.21    0.00    0.00    7.58

19:40:38     CPU    %usr   %nice    %sys %iowait    %irq   %soft  %steal  %guest  %gnice   %idle
19:40:43     all   78.86    0.00   13.48    0.00    0.00    5.61    0.15    0.00    0.00    1.90
19:40:43       0   86.97    0.00    7.21    0.00    0.00    5.41    0.00    0.00    0.00    0.40
19:40:43       1   84.17    0.00   11.62    0.00    0.00    3.81    0.20    0.00    0.00    0.20
19:40:43       2   64.06    0.00   23.49    0.00    0.00    6.22    0.20    0.00    0.00    6.02
19:40:43       3   80.20    0.00   11.60    0.00    0.00    7.00    0.20    0.00    0.00    1.00

19:40:43     CPU    %usr   %nice    %sys %iowait    %irq   %soft  %steal  %guest  %gnice   %idle
19:40:48     all   64.70    0.00   19.43    0.00    0.00    6.51    0.26    0.00    0.00    9.10
19:40:48       0   77.66    0.00   11.27    0.00    0.00    6.15    0.41    0.00    0.00    4.51
19:40:48       1   58.76    0.00   24.54    0.00    0.00    5.36    0.21    0.00    0.00   11.13
19:40:48       2   64.07    0.00   19.71    0.00    0.00    8.42    0.21    0.00    0.00    7.60
19:40:48       3   58.11    0.00   22.32    0.00    0.00    6.11    0.21    0.00    0.00   13.26
