Linux 6.17.0-1015-aws (ip-172-31-14-61) 	05/29/26 	_x86_64_	(4 CPU)

03:52:39     CPU    %usr   %nice    %sys %iowait    %irq   %soft  %steal  %guest  %gnice   %idle
03:52:44     all   23.48    0.00    6.73    0.10    0.00    1.06    0.15    0.00    0.00   68.47
03:52:44       0   19.72    0.00    6.71    0.00    0.00    1.22    0.00    0.00    0.00   72.36
03:52:44       1   29.32    0.00    5.22    0.00    0.00    1.41    0.20    0.00    0.00   63.86
03:52:44       2   29.07    0.00    7.32    0.20    0.00    0.61    0.20    0.00    0.00   62.60
03:52:44       3   15.79    0.00    7.69    0.20    0.00    1.01    0.20    0.00    0.00   75.10

03:52:44     CPU    %usr   %nice    %sys %iowait    %irq   %soft  %steal  %guest  %gnice   %idle
03:52:49     all   58.91    0.00   22.31    0.00    0.00    4.22    0.26    0.00    0.00   14.29
03:52:49       0   63.26    0.00   20.67    0.00    0.00    3.13    0.42    0.00    0.00   12.53
03:52:49       1   57.23    0.00   23.27    0.00    0.00    6.08    0.21    0.00    0.00   13.21
03:52:49       2   61.25    0.00   20.83    0.00    0.00    3.75    0.21    0.00    0.00   13.96
03:52:49       3   53.70    0.00   24.57    0.00    0.00    3.91    0.22    0.00    0.00   17.61

03:52:49     CPU    %usr   %nice    %sys %iowait    %irq   %soft  %steal  %guest  %gnice   %idle
03:52:54     all   58.72    0.00   22.64    0.05    0.00    4.62    0.21    0.00    0.00   13.76
03:52:54       0   62.58    0.00   20.58    0.00    0.00    4.37    0.21    0.00    0.00   12.27
03:52:54       1   61.16    0.00   21.90    0.00    0.00    5.99    0.21    0.00    0.00   10.74
03:52:54       2   55.58    0.00   24.21    0.00    0.00    3.79    0.21    0.00    0.00   16.21
03:52:54       3   55.39    0.00   23.92    0.22    0.00    4.31    0.22    0.00    0.00   15.95

03:52:54     CPU    %usr   %nice    %sys %iowait    %irq   %soft  %steal  %guest  %gnice   %idle
03:52:59     all   58.32    0.00   23.05    0.05    0.00    4.47    0.21    0.00    0.00   13.89
03:52:59       0   68.38    0.00   17.25    0.00    0.00    3.70    0.21    0.00    0.00   10.47
03:52:59       1   57.14    0.00   24.84    0.00    0.00    5.80    0.21    0.00    0.00   12.01
03:52:59       2   54.35    0.00   25.05    0.21    0.00    4.03    0.21    0.00    0.00   16.14
03:52:59       3   52.94    0.00   25.27    0.00    0.00    4.36    0.22    0.00    0.00   17.21

03:52:59     CPU    %usr   %nice    %sys %iowait    %irq   %soft  %steal  %guest  %gnice   %idle
03:53:04     all   59.02    0.00   22.04    0.00    0.00    4.25    0.16    0.00    0.00   14.53
03:53:04       0   62.63    0.00   20.88    0.00    0.00    3.55    0.21    0.00    0.00   12.73
03:53:04       1   61.00    0.00   20.95    0.00    0.00    5.81    0.00    0.00    0.00   12.24
03:53:04       2   58.79    0.00   21.97    0.00    0.00    3.56    0.21    0.00    0.00   15.48
03:53:04       3   53.53    0.00   24.41    0.00    0.00    4.07    0.21    0.00    0.00   17.77

03:53:04     CPU    %usr   %nice    %sys %iowait    %irq   %soft  %steal  %guest  %gnice   %idle
03:53:09     all   58.53    0.00   22.74    0.00    0.00    4.32    0.32    0.00    0.00   14.11
03:53:09       0   59.79    0.00   22.92    0.00    0.00    3.96    0.21    0.00    0.00   13.12
03:53:09       1   67.36    0.00   16.32    0.00    0.00    5.79    0.41    0.00    0.00   10.12
03:53:09       2   54.62    0.00   26.05    0.00    0.00    3.36    0.21    0.00    0.00   15.76
03:53:09       3   51.96    0.00   25.87    0.00    0.00    4.13    0.43    0.00    0.00   17.61

03:53:09     CPU    %usr   %nice    %sys %iowait    %irq   %soft  %steal  %guest  %gnice   %idle
03:53:14     all   55.22    0.00   20.22    0.05    0.00    4.13    0.16    0.00    0.00   20.22
03:53:14       0   56.34    0.00   19.54    0.21    0.00    3.33    0.00    0.00    0.00   20.58
03:53:14       1   58.71    0.00   18.67    0.00    0.00    5.60    0.21    0.00    0.00   16.80
03:53:14       2   51.67    0.00   21.88    0.00    0.00    3.54    0.21    0.00    0.00   22.71
03:53:14       3   54.14    0.00   20.81    0.00    0.00    4.03    0.21    0.00    0.00   20.81

03:53:14     CPU    %usr   %nice    %sys %iowait    %irq   %soft  %steal  %guest  %gnice   %idle
03:53:19     all   58.46    0.00   22.53    0.00    0.00    4.20    0.16    0.00    0.00   14.65
03:53:19       0   70.45    0.00   15.50    0.00    0.00    3.72    0.21    0.00    0.00   10.12
03:53:19       1   55.35    0.00   24.53    0.00    0.00    5.45    0.21    0.00    0.00   14.47
03:53:19       2   57.20    0.00   23.80    0.00    0.00    3.76    0.00    0.00    0.00   15.24
03:53:19       3   50.43    0.00   26.51    0.00    0.00    3.88    0.22    0.00    0.00   18.97

03:53:19     CPU    %usr   %nice    %sys %iowait    %irq   %soft  %steal  %guest  %gnice   %idle
03:53:24     all   59.37    0.00   22.04    0.00    0.00    4.70    0.26    0.00    0.00   13.63
03:53:24       0   57.44    0.00   24.59    0.00    0.00    4.34    0.41    0.00    0.00   13.22
03:53:24       1   70.66    0.00   14.26    0.00    0.00    6.20    0.21    0.00    0.00    8.68
03:53:24       2   54.37    0.00   24.79    0.00    0.00    3.96    0.21    0.00    0.00   16.67
03:53:24       3   54.82    0.00   24.63    0.00    0.00    4.28    0.21    0.00    0.00   16.06

03:53:24     CPU    %usr   %nice    %sys %iowait    %irq   %soft  %steal  %guest  %gnice   %idle
03:53:29     all   58.51    0.00   22.53    0.00    0.00    4.52    0.32    0.00    0.00   14.13
03:53:29       0   68.45    0.00   16.91    0.00    0.00    4.54    0.21    0.00    0.00    9.90
03:53:29       1   58.51    0.00   22.82    0.00    0.00    6.02    0.41    0.00    0.00   12.24
03:53:29       2   56.28    0.00   24.27    0.00    0.00    3.77    0.21    0.00    0.00   15.48
03:53:29       3   50.33    0.00   26.36    0.00    0.00    3.70    0.44    0.00    0.00   19.17

03:53:29     CPU    %usr   %nice    %sys %iowait    %irq   %soft  %steal  %guest  %gnice   %idle
03:53:34     all   60.63    0.00   22.10    0.00    0.00    4.67    0.21    0.00    0.00   12.39
03:53:34       0   64.05    0.00   20.25    0.00    0.00    4.55    0.21    0.00    0.00   10.95
03:53:34       1   60.33    0.00   22.13    0.00    0.00    5.85    0.21    0.00    0.00   11.48
03:53:34       2   62.29    0.00   20.42    0.00    0.00    4.58    0.21    0.00    0.00   12.50
03:53:34       3   55.63    0.00   25.76    0.00    0.00    3.68    0.22    0.00    0.00   14.72

03:53:34     CPU    %usr   %nice    %sys %iowait    %irq   %soft  %steal  %guest  %gnice   %idle
03:53:39     all   59.76    0.00   22.55    0.00    0.00    4.60    0.16    0.00    0.00   12.93
03:53:39       0   64.18    0.00   19.88    0.00    0.00    4.14    0.00    0.00    0.00   11.80
03:53:39       1   61.78    0.00   21.07    0.00    0.00    6.20    0.21    0.00    0.00   10.74
03:53:39       2   55.88    0.00   24.79    0.00    0.00    3.99    0.21    0.00    0.00   15.13
03:53:39       3   57.05    0.00   24.57    0.00    0.00    4.06    0.21    0.00    0.00   14.10

03:53:39     CPU    %usr   %nice    %sys %iowait    %irq   %soft  %steal  %guest  %gnice   %idle
03:53:44     all   59.94    0.00   22.49    0.00    0.00    4.29    0.21    0.00    0.00   13.08
03:53:44       0   66.67    0.00   18.52    0.00    0.00    4.32    0.21    0.00    0.00   10.29
03:53:44       1   55.86    0.00   25.52    0.00    0.00    5.02    0.21    0.00    0.00   13.39
03:53:44       2   62.37    0.00   20.37    0.00    0.00    3.74    0.21    0.00    0.00   13.31
03:53:44       3   54.60    0.00   25.70    0.00    0.00    4.07    0.21    0.00    0.00   15.42

03:53:44     CPU    %usr   %nice    %sys %iowait    %irq   %soft  %steal  %guest  %gnice   %idle
03:53:49     all   60.59    0.00   22.23    0.00    0.00    4.38    0.26    0.00    0.00   12.53
03:53:49       0   69.28    0.00   17.53    0.00    0.00    3.71    0.21    0.00    0.00    9.28
03:53:49       1   58.21    0.00   24.32    0.00    0.00    5.82    0.21    0.00    0.00   11.43
03:53:49       2   62.32    0.00   20.91    0.00    0.00    3.93    0.21    0.00    0.00   12.63
03:53:49       3   52.25    0.00   26.34    0.00    0.00    4.07    0.43    0.00    0.00   16.92

03:53:49     CPU    %usr   %nice    %sys %iowait    %irq   %soft  %steal  %guest  %gnice   %idle
03:53:54     all   60.24    0.00   22.05    0.00    0.00    4.70    0.31    0.00    0.00   12.70
03:53:54       0   66.74    0.00   17.56    0.00    0.00    4.55    0.41    0.00    0.00   10.74
03:53:54       1   61.98    0.00   20.45    0.00    0.00    6.20    0.41    0.00    0.00   10.95
03:53:54       2   56.39    0.00   24.53    0.00    0.00    4.19    0.21    0.00    0.00   14.68
03:53:54       3   55.65    0.00   25.80    0.00    0.00    3.84    0.21    0.00    0.00   14.50

03:53:54     CPU    %usr   %nice    %sys %iowait    %irq   %soft  %steal  %guest  %gnice   %idle
03:53:59     all   59.06    0.00   23.04    0.00    0.00    4.41    0.21    0.00    0.00   13.28
03:53:59       0   57.62    0.00   25.47    0.00    0.00    4.18    0.21    0.00    0.00   12.53
03:53:59       1   66.60    0.00   17.73    0.00    0.00    5.57    0.21    0.00    0.00    9.90
03:53:59       2   55.67    0.00   25.42    0.00    0.00    3.57    0.21    0.00    0.00   15.13
03:53:59       3   56.13    0.00   23.66    0.00    0.00    4.30    0.22    0.00    0.00   15.70

03:53:59     CPU    %usr   %nice    %sys %iowait    %irq   %soft  %steal  %guest  %gnice   %idle
03:54:04     all   58.18    0.00   22.51    0.00    0.00    4.25    0.16    0.00    0.00   14.90
03:54:04       0   63.69    0.00   19.29    0.00    0.00    3.94    0.00    0.00    0.00   13.07
03:54:04       1   56.39    0.00   23.27    0.00    0.00    5.66    0.21    0.00    0.00   14.47
03:54:04       2   61.04    0.00   20.83    0.00    0.00    3.54    0.21    0.00    0.00   14.37
03:54:04       3   51.39    0.00   26.77    0.00    0.00    3.85    0.21    0.00    0.00   17.77

03:54:04     CPU    %usr   %nice    %sys %iowait    %irq   %soft  %steal  %guest  %gnice   %idle
03:54:09     all   58.83    0.00   22.92    0.00    0.00    4.36    0.21    0.00    0.00   13.67
03:54:09       0   57.14    0.00   24.64    0.00    0.00    4.14    0.21    0.00    0.00   13.87
03:54:09       1   67.43    0.00   16.80    0.00    0.00    6.22    0.21    0.00    0.00    9.34
03:54:09       2   56.03    0.00   24.52    0.00    0.00    3.59    0.21    0.00    0.00   15.64
03:54:09       3   54.53    0.00   25.86    0.00    0.00    3.45    0.22    0.00    0.00   15.95

03:54:09     CPU    %usr   %nice    %sys %iowait    %irq   %soft  %steal  %guest  %gnice   %idle
03:54:14     all   59.20    0.00   22.71    0.00    0.00    4.67    0.21    0.00    0.00   13.21
03:54:14       0   61.92    0.00   21.76    0.00    0.00    3.77    0.21    0.00    0.00   12.34
03:54:14       1   62.32    0.00   20.50    0.00    0.00    5.59    0.21    0.00    0.00   11.39
03:54:14       2   56.25    0.00   25.00    0.00    0.00    4.38    0.00    0.00    0.00   14.37
03:54:14       3   56.22    0.00   23.61    0.00    0.00    4.94    0.43    0.00    0.00   14.81

03:54:14     CPU    %usr   %nice    %sys %iowait    %irq   %soft  %steal  %guest  %gnice   %idle
03:54:19     all   58.57    0.00   22.71    0.00    0.00    4.21    0.26    0.00    0.00   14.25
03:54:19       0   60.17    0.00   22.22    0.00    0.00    4.19    0.21    0.00    0.00   13.21
03:54:19       1   62.24    0.00   19.92    0.00    0.00    5.19    0.41    0.00    0.00   12.24
03:54:19       2   55.14    0.00   26.00    0.00    0.00    3.14    0.21    0.00    0.00   15.51
03:54:19       3   56.65    0.00   22.75    0.00    0.00    4.29    0.21    0.00    0.00   16.09

03:54:19     CPU    %usr   %nice    %sys %iowait    %irq   %soft  %steal  %guest  %gnice   %idle
03:54:24     all   60.04    0.00   22.24    0.00    0.00    4.21    0.21    0.00    0.00   13.30
03:54:24       0   64.81    0.00   19.55    0.00    0.00    3.50    0.21    0.00    0.00   11.93
03:54:24       1   65.00    0.00   18.54    0.00    0.00    5.42    0.21    0.00    0.00   10.83
03:54:24       2   56.12    0.00   25.74    0.00    0.00    4.01    0.21    0.00    0.00   13.92
03:54:24       3   53.90    0.00   25.32    0.00    0.00    3.90    0.22    0.00    0.00   16.67

03:54:24     CPU    %usr   %nice    %sys %iowait    %irq   %soft  %steal  %guest  %gnice   %idle
03:54:29     all   60.13    0.00   21.98    0.00    0.00    4.35    0.21    0.00    0.00   13.33
03:54:29       0   70.12    0.00   16.80    0.00    0.00    3.94    0.21    0.00    0.00    8.92
03:54:29       1   57.05    0.00   23.86    0.00    0.00    5.39    0.21    0.00    0.00   13.49
03:54:29       2   61.38    0.00   21.29    0.00    0.00    3.97    0.21    0.00    0.00   13.15
03:54:29       3   51.62    0.00   26.13    0.00    0.00    4.10    0.22    0.00    0.00   17.93

03:54:29     CPU    %usr   %nice    %sys %iowait    %irq   %soft  %steal  %guest  %gnice   %idle
03:54:34     all   59.41    0.00   22.65    0.00    0.00    4.18    0.37    0.00    0.00   13.39
03:54:34       0   60.25    0.00   22.57    0.00    0.00    3.93    0.41    0.00    0.00   12.84
03:54:34       1   63.54    0.00   20.00    0.00    0.00    5.21    0.42    0.00    0.00   10.83
03:54:34       2   58.71    0.00   22.82    0.00    0.00    3.53    0.21    0.00    0.00   14.73
03:54:34       3   55.03    0.00   25.27    0.00    0.00    4.07    0.43    0.00    0.00   15.20

03:54:34     CPU    %usr   %nice    %sys %iowait    %irq   %soft  %steal  %guest  %gnice   %idle
03:54:39     all   59.13    0.00   22.35    0.00    0.00    4.51    0.16    0.00    0.00   13.85
03:54:39       0   57.74    0.00   24.06    0.00    0.00    4.18    0.00    0.00    0.00   14.02
03:54:39       1   68.31    0.00   16.46    0.00    0.00    5.76    0.21    0.00    0.00    9.26
03:54:39       2   54.41    0.00   25.42    0.00    0.00    3.99    0.21    0.00    0.00   15.97
03:54:39       3   55.79    0.00   23.61    0.00    0.00    4.08    0.21    0.00    0.00   16.31

03:54:39     CPU    %usr   %nice    %sys %iowait    %irq   %soft  %steal  %guest  %gnice   %idle
03:54:44     all   60.08    0.00   22.42    0.00    0.00    4.40    0.21    0.00    0.00   12.89
03:54:44       0   67.49    0.00   17.70    0.00    0.00    4.32    0.21    0.00    0.00   10.29
03:54:44       1   57.38    0.00   24.74    0.00    0.00    5.41    0.21    0.00    0.00   12.27
03:54:44       2   62.50    0.00   21.46    0.00    0.00    4.17    0.21    0.00    0.00   11.67
03:54:44       3   52.60    0.00   25.97    0.00    0.00    3.68    0.22    0.00    0.00   17.53

03:54:44     CPU    %usr   %nice    %sys %iowait    %irq   %soft  %steal  %guest  %gnice   %idle
03:54:49     all   60.34    0.00   22.41    0.00    0.00    4.22    0.26    0.00    0.00   12.77
03:54:49       0   64.27    0.00   19.71    0.00    0.00    4.31    0.41    0.00    0.00   11.29
03:54:49       1   64.12    0.00   20.00    0.00    0.00    5.15    0.21    0.00    0.00   10.52
03:54:49       2   57.02    0.00   24.11    0.00    0.00    3.56    0.21    0.00    0.00   15.09
03:54:49       3   55.74    0.00   25.96    0.00    0.00    3.83    0.21    0.00    0.00   14.26

03:54:49     CPU    %usr   %nice    %sys %iowait    %irq   %soft  %steal  %guest  %gnice   %idle
03:54:54     all   59.69    0.00   23.04    0.00    0.00    4.15    0.21    0.00    0.00   12.91
03:54:54       0   67.22    0.00   18.46    0.00    0.00    3.94    0.21    0.00    0.00   10.17
03:54:54       1   56.28    0.00   25.73    0.00    0.00    4.81    0.21    0.00    0.00   12.97
03:54:54       2   62.24    0.00   21.58    0.00    0.00    3.94    0.21    0.00    0.00   12.03
03:54:54       3   52.70    0.00   26.57    0.00    0.00    3.89    0.22    0.00    0.00   16.63

03:54:54     CPU    %usr   %nice    %sys %iowait    %irq   %soft  %steal  %guest  %gnice   %idle
03:54:59     all   60.11    0.00   22.73    0.00    0.00    4.28    0.26    0.00    0.00   12.62
03:54:59       0   61.44    0.00   23.30    0.00    0.00    3.71    0.21    0.00    0.00   11.34
03:54:59       1   61.16    0.00   21.28    0.00    0.00    5.37    0.21    0.00    0.00   11.98
03:54:59       2   64.60    0.00   19.46    0.00    0.00    3.93    0.41    0.00    0.00   11.59
03:54:59       3   53.00    0.00   27.04    0.00    0.00    4.08    0.21    0.00    0.00   15.67

03:54:59     CPU    %usr   %nice    %sys %iowait    %irq   %soft  %steal  %guest  %gnice   %idle
03:55:04     all   60.28    0.00   21.93    0.00    0.00    4.29    0.21    0.00    0.00   13.29
03:55:04       0   63.28    0.00   20.33    0.00    0.00    4.15    0.21    0.00    0.00   12.03
03:55:04       1   61.41    0.00   21.58    0.00    0.00    5.19    0.21    0.00    0.00   11.62
03:55:04       2   55.35    0.00   23.90    0.00    0.00    3.77    0.21    0.00    0.00   16.77
03:55:04       3   61.06    0.00   21.91    0.00    0.00    4.04    0.21    0.00    0.00   12.77

03:55:04     CPU    %usr   %nice    %sys %iowait    %irq   %soft  %steal  %guest  %gnice   %idle
03:55:09     all   59.16    0.00   22.52    0.00    0.00    4.41    0.26    0.00    0.00   13.65
03:55:09       0   62.24    0.00   20.95    0.00    0.00    3.94    0.21    0.00    0.00   12.66
03:55:09       1   63.41    0.00   19.75    0.00    0.00    5.61    0.21    0.00    0.00   11.02
03:55:09       2   58.30    0.00   23.86    0.00    0.00    4.15    0.21    0.00    0.00   13.49
03:55:09       3   52.39    0.00   25.65    0.00    0.00    3.91    0.43    0.00    0.00   17.61

03:55:09     CPU    %usr   %nice    %sys %iowait    %irq   %soft  %steal  %guest  %gnice   %idle
03:55:14     all   53.27    0.00   19.78    0.00    0.00    3.89    0.21    0.00    0.00   22.85
03:55:14       0   52.36    0.00   19.10    0.00    0.00    3.90    0.21    0.00    0.00   24.44
03:55:14       1   63.43    0.00   18.80    0.00    0.00    4.96    0.41    0.00    0.00   12.40
03:55:14       2   50.21    0.00   19.55    0.00    0.00    3.50    0.00    0.00    0.00   26.75
03:55:14       3   46.91    0.00   21.75    0.00    0.00    3.20    0.21    0.00    0.00   27.93
