Linux 6.17.0-1015-aws (ip-172-31-3-246) 	05/27/26 	_x86_64_	(4 CPU)

19:47:51     CPU    %usr   %nice    %sys %iowait    %irq   %soft  %steal  %guest  %gnice   %idle
19:47:56     all   17.01    0.00    3.88    0.05    0.00    1.16    0.15    0.00    0.00   77.76
19:47:56       0   20.77    0.00    3.83    0.00    0.00    0.00    0.20    0.00    0.00   75.20
19:47:56       1   19.11    0.00    2.82    0.00    0.00    4.63    0.00    0.00    0.00   73.44
19:47:56       2   21.08    0.00    5.22    0.20    0.00    0.00    0.20    0.00    0.00   73.29
19:47:56       3    7.06    0.00    3.63    0.00    0.00    0.00    0.20    0.00    0.00   89.11

19:47:56     CPU    %usr   %nice    %sys %iowait    %irq   %soft  %steal  %guest  %gnice   %idle
19:48:01     all   56.16    0.00   24.44    0.00    0.00   11.56    0.20    0.00    0.00    7.64
19:48:01       0   66.94    0.00   23.12    0.00    0.00    0.00    0.20    0.00    0.00    9.74
19:48:01       1   41.60    0.00   12.80    0.00    0.00   45.40    0.20    0.00    0.00    0.00
19:48:01       2   59.83    0.00   30.02    0.00    0.00    0.00    0.21    0.00    0.00    9.94
19:48:01       3   56.56    0.00   32.17    0.00    0.00    0.00    0.20    0.00    0.00   11.07

19:48:01     CPU    %usr   %nice    %sys %iowait    %irq   %soft  %steal  %guest  %gnice   %idle
19:48:06     all   59.18    0.00   23.88    0.00    0.00   10.15    0.20    0.00    0.00    6.58
19:48:06       0   64.12    0.00   25.15    0.00    0.00    3.92    0.21    0.00    0.00    6.60
19:48:06       1   52.21    0.00   16.47    0.00    0.00   30.32    0.20    0.00    0.00    0.80
19:48:06       2   58.33    0.00   27.64    0.00    0.00    5.89    0.20    0.00    0.00    7.93
19:48:06       3   62.27    0.00   26.39    0.00    0.00    0.00    0.21    0.00    0.00   11.13

19:48:06     CPU    %usr   %nice    %sys %iowait    %irq   %soft  %steal  %guest  %gnice   %idle
19:48:11     all   65.31    0.00   22.67    0.00    0.00    8.81    0.20    0.00    0.00    3.01
19:48:11       0   75.40    0.00   16.33    0.00    0.00    7.26    0.40    0.00    0.00    0.60
19:48:11       1   62.75    0.00   18.62    0.00    0.00   17.81    0.00    0.00    0.00    0.81
19:48:11       2   66.67    0.00   21.27    0.00    0.00   10.02    0.20    0.00    0.00    1.84
19:48:11       3   56.20    0.00   34.71    0.00    0.00    0.00    0.21    0.00    0.00    8.88

19:48:11     CPU    %usr   %nice    %sys %iowait    %irq   %soft  %steal  %guest  %gnice   %idle
19:48:16     all   65.99    0.00   21.81    0.05    0.00    8.54    0.20    0.00    0.00    3.41
19:48:16       0   64.62    0.00   20.86    0.00    0.00   11.66    0.20    0.00    0.00    2.66
19:48:16       1   61.30    0.00   21.79    0.20    0.00   13.24    0.20    0.00    0.00    3.26
19:48:16       2   73.04    0.00   16.70    0.00    0.00    9.26    0.20    0.00    0.00    0.80
19:48:16       3   64.90    0.00   27.96    0.00    0.00    0.00    0.20    0.00    0.00    6.94

19:48:16     CPU    %usr   %nice    %sys %iowait    %irq   %soft  %steal  %guest  %gnice   %idle
19:48:21     all   64.47    0.00   23.21    0.00    0.00    9.12    0.25    0.00    0.00    2.94
19:48:21       0   61.17    0.00   20.72    0.00    0.00   17.30    0.20    0.00    0.00    0.60
19:48:21       1   64.21    0.00   22.90    0.00    0.00    9.20    0.41    0.00    0.00    3.27
19:48:21       2   69.35    0.00   19.35    0.00    0.00    9.88    0.20    0.00    0.00    1.21
19:48:21       3   63.14    0.00   29.94    0.00    0.00    0.00    0.20    0.00    0.00    6.72

19:48:21     CPU    %usr   %nice    %sys %iowait    %irq   %soft  %steal  %guest  %gnice   %idle
19:48:26     all   60.87    0.00   22.44    0.00    0.00    9.11    0.15    0.00    0.00    7.43
19:48:26       0   57.61    0.00   21.30    0.00    0.00   12.78    0.00    0.00    0.00    8.32
19:48:26       1   57.93    0.00   25.00    0.00    0.00    8.33    0.20    0.00    0.00    8.54
19:48:26       2   63.23    0.00   18.18    0.00    0.00   10.51    0.20    0.00    0.00    7.88
19:48:26       3   64.74    0.00   25.36    0.00    0.00    4.74    0.21    0.00    0.00    4.95

19:48:26     CPU    %usr   %nice    %sys %iowait    %irq   %soft  %steal  %guest  %gnice   %idle
19:48:31     all   57.04    0.00   26.01    0.00    0.00    8.11    0.26    0.00    0.00    8.58
19:48:31       0   59.37    0.00   25.26    0.00    0.00    6.32    0.42    0.00    0.00    8.63
19:48:31       1   49.05    0.00   29.81    0.00    0.00    7.61    0.21    0.00    0.00   13.32
19:48:31       2   63.98    0.00   20.70    0.00    0.00    9.73    0.21    0.00    0.00    5.38
19:48:31       3   55.62    0.00   28.33    0.00    0.00    8.75    0.21    0.00    0.00    7.08

19:48:31     CPU    %usr   %nice    %sys %iowait    %irq   %soft  %steal  %guest  %gnice   %idle
19:48:36     all   58.10    0.00   25.28    0.00    0.00    7.81    0.21    0.00    0.00    8.60
19:48:36       0   55.70    0.00   28.48    0.00    0.00    6.12    0.21    0.00    0.00    9.49
19:48:36       1   53.60    0.00   28.60    0.00    0.00    6.99    0.21    0.00    0.00   10.59
19:48:36       2   67.77    0.00   17.56    0.00    0.00    9.71    0.21    0.00    0.00    4.75
19:48:36       3   55.14    0.00   26.62    0.00    0.00    8.39    0.21    0.00    0.00    9.64

19:48:36     CPU    %usr   %nice    %sys %iowait    %irq   %soft  %steal  %guest  %gnice   %idle
19:48:41     all   59.79    0.00   24.71    0.00    0.00    7.49    0.26    0.00    0.00    7.75
19:48:41       0   54.18    0.00   28.48    0.00    0.00    5.57    0.21    0.00    0.00   11.56
19:48:41       1   67.70    0.00   19.14    0.00    0.00    7.41    0.41    0.00    0.00    5.35
19:48:41       2   54.39    0.00   29.92    0.00    0.00    9.00    0.00    0.00    0.00    6.69
19:48:41       3   62.63    0.00   21.50    0.00    0.00    7.93    0.42    0.00    0.00    7.52

19:48:41     CPU    %usr   %nice    %sys %iowait    %irq   %soft  %steal  %guest  %gnice   %idle
19:48:46     all   59.88    0.00   25.23    0.05    0.00    8.01    0.21    0.00    0.00    6.62
19:48:46       0   58.25    0.00   27.77    0.00    0.00    6.05    0.21    0.00    0.00    7.72
19:48:46       1   64.95    0.00   20.41    0.00    0.00    7.84    0.21    0.00    0.00    6.60
19:48:46       2   55.07    0.00   29.19    0.21    0.00    9.73    0.21    0.00    0.00    5.59
19:48:46       3   61.19    0.00   23.61    0.00    0.00    8.42    0.21    0.00    0.00    6.57

19:48:46     CPU    %usr   %nice    %sys %iowait    %irq   %soft  %steal  %guest  %gnice   %idle
19:48:51     all   59.01    0.00   25.76    0.00    0.00    7.64    0.21    0.00    0.00    7.38
19:48:51       0   61.44    0.00   24.95    0.00    0.00    5.98    0.21    0.00    0.00    7.42
19:48:51       1   62.96    0.00   22.02    0.00    0.00    6.79    0.41    0.00    0.00    7.82
19:48:51       2   57.85    0.00   28.10    0.00    0.00    8.88    0.00    0.00    0.00    5.17
19:48:51       3   53.73    0.00   28.01    0.00    0.00    8.92    0.21    0.00    0.00    9.13

19:48:51     CPU    %usr   %nice    %sys %iowait    %irq   %soft  %steal  %guest  %gnice   %idle
19:48:56     all   58.29    0.00   25.54    0.00    0.00    7.74    0.26    0.00    0.00    8.16
19:48:56       0   53.78    0.00   30.25    0.00    0.00    5.46    0.42    0.00    0.00   10.08
19:48:56       1   55.79    0.00   26.74    0.00    0.00    7.37    0.21    0.00    0.00    9.89
19:48:56       2   64.03    0.00   21.00    0.00    0.00    9.36    0.21    0.00    0.00    5.41
19:48:56       3   59.50    0.00   24.22    0.00    0.00    8.77    0.21    0.00    0.00    7.31

19:48:56     CPU    %usr   %nice    %sys %iowait    %irq   %soft  %steal  %guest  %gnice   %idle
19:49:01     all   58.35    0.00   25.90    0.00    0.00    7.43    0.21    0.00    0.00    8.11
19:49:01       0   54.33    0.00   30.66    0.00    0.00    5.29    0.21    0.00    0.00    9.51
19:49:01       1   58.16    0.00   24.69    0.00    0.00    7.53    0.21    0.00    0.00    9.41
19:49:01       2   56.78    0.00   27.35    0.00    0.00    9.19    0.21    0.00    0.00    6.47
19:49:01       3   64.03    0.00   21.00    0.00    0.00    7.69    0.21    0.00    0.00    7.07

19:49:01     CPU    %usr   %nice    %sys %iowait    %irq   %soft  %steal  %guest  %gnice   %idle
19:49:06     all   58.76    0.00   25.39    0.00    0.00    8.03    0.21    0.00    0.00    7.61
19:49:06       0   58.46    0.00   26.51    0.00    0.00    6.26    0.21    0.00    0.00    8.56
19:49:06       1   51.59    0.00   31.08    0.00    0.00    7.40    0.21    0.00    0.00    9.73
19:49:06       2   68.65    0.00   16.80    0.00    0.00   10.25    0.20    0.00    0.00    4.10
19:49:06       3   56.07    0.00   27.41    0.00    0.00    8.16    0.21    0.00    0.00    8.16

19:49:06     CPU    %usr   %nice    %sys %iowait    %irq   %soft  %steal  %guest  %gnice   %idle
19:49:11     all   58.91    0.00   25.31    0.00    0.00    7.66    0.26    0.00    0.00    7.86
19:49:11       0   64.12    0.00   22.89    0.00    0.00    6.39    0.21    0.00    0.00    6.39
19:49:11       1   62.29    0.00   21.88    0.00    0.00    6.67    0.42    0.00    0.00    8.75
19:49:11       2   56.25    0.00   28.33    0.00    0.00    9.58    0.00    0.00    0.00    5.83
19:49:11       3   52.84    0.00   28.21    0.00    0.00    8.00    0.42    0.00    0.00   10.53

19:49:11     CPU    %usr   %nice    %sys %iowait    %irq   %soft  %steal  %guest  %gnice   %idle
19:49:16     all   60.06    0.00   24.40    0.00    0.00    8.34    0.21    0.00    0.00    7.00
19:49:16       0   62.19    0.00   25.00    0.00    0.00    6.82    0.21    0.00    0.00    5.79
19:49:16       1   52.92    0.00   29.17    0.00    0.00    7.50    0.21    0.00    0.00   10.21
19:49:16       2   56.08    0.00   27.84    0.00    0.00   10.52    0.21    0.00    0.00    5.36
19:49:16       3   68.83    0.00   15.79    0.00    0.00    8.50    0.20    0.00    0.00    6.68

19:49:16     CPU    %usr   %nice    %sys %iowait    %irq   %soft  %steal  %guest  %gnice   %idle
19:49:21     all   57.99    0.00   26.18    0.00    0.00    7.57    0.26    0.00    0.00    7.99
19:49:21       0   60.42    0.00   25.26    0.00    0.00    6.32    0.21    0.00    0.00    7.79
19:49:21       1   60.92    0.00   23.11    0.00    0.00    7.14    0.42    0.00    0.00    8.40
19:49:21       2   55.23    0.00   27.82    0.00    0.00    9.21    0.21    0.00    0.00    7.53
19:49:21       3   55.39    0.00   28.54    0.00    0.00    7.61    0.21    0.00    0.00    8.25

19:49:21     CPU    %usr   %nice    %sys %iowait    %irq   %soft  %steal  %guest  %gnice   %idle
19:49:26     all   60.19    0.00   23.94    0.00    0.00    7.60    0.16    0.00    0.00    8.12
19:49:26       0   53.81    0.00   29.87    0.00    0.00    6.57    0.21    0.00    0.00    9.53
19:49:26       1   54.14    0.00   27.60    0.00    0.00    6.79    0.21    0.00    0.00   11.25
19:49:26       2   70.08    0.00   16.80    0.00    0.00    9.63    0.00    0.00    0.00    3.48
19:49:26       3   62.34    0.00   21.76    0.00    0.00    7.32    0.21    0.00    0.00    8.37

19:49:26     CPU    %usr   %nice    %sys %iowait    %irq   %soft  %steal  %guest  %gnice   %idle
19:49:31     all   57.39    0.00   25.52    0.00    0.00    8.18    0.21    0.00    0.00    8.70
19:49:31       0   53.72    0.00   28.87    0.00    0.00    7.01    0.21    0.00    0.00   10.19
19:49:31       1   50.43    0.00   30.21    0.00    0.00    7.87    0.21    0.00    0.00   11.28
19:49:31       2   70.64    0.00   16.22    0.00    0.00    9.24    0.21    0.00    0.00    3.70
19:49:31       3   54.37    0.00   27.08    0.00    0.00    8.54    0.21    0.00    0.00    9.79

19:49:31     CPU    %usr   %nice    %sys %iowait    %irq   %soft  %steal  %guest  %gnice   %idle
19:49:36     all   58.98    0.00   24.78    0.05    0.00    8.17    0.36    0.00    0.00    7.66
19:49:36       0   54.56    0.00   29.67    0.00    0.00    6.02    0.41    0.00    0.00    9.34
19:49:36       1   63.22    0.00   20.45    0.00    0.00    8.68    0.41    0.00    0.00    7.23
19:49:36       2   55.11    0.00   28.18    0.00    0.00    9.81    0.21    0.00    0.00    6.68
19:49:36       3   62.91    0.00   20.90    0.20    0.00    8.20    0.41    0.00    0.00    7.38

19:49:36     CPU    %usr   %nice    %sys %iowait    %irq   %soft  %steal  %guest  %gnice   %idle
19:49:41     all   59.53    0.00   24.75    0.00    0.00    7.83    0.21    0.00    0.00    7.68
19:49:41       0   61.05    0.00   24.42    0.00    0.00    6.11    0.21    0.00    0.00    8.21
19:49:41       1   54.20    0.00   28.99    0.00    0.00    7.77    0.21    0.00    0.00    8.82
19:49:41       2   68.11    0.00   17.08    0.00    0.00   10.08    0.21    0.00    0.00    4.53
19:49:41       3   54.60    0.00   28.66    0.00    0.00    7.32    0.21    0.00    0.00    9.21

19:49:41     CPU    %usr   %nice    %sys %iowait    %irq   %soft  %steal  %guest  %gnice   %idle
19:49:46     all   57.94    0.00   26.23    0.05    0.00    7.58    0.21    0.00    0.00    7.99
19:49:46       0   59.66    0.00   25.21    0.21    0.00    5.46    0.21    0.00    0.00    9.24
19:49:46       1   51.90    0.00   30.38    0.00    0.00    6.96    0.21    0.00    0.00   10.55
19:49:46       2   64.18    0.00   20.08    0.00    0.00    9.94    0.21    0.00    0.00    5.59
19:49:46       3   55.93    0.00   29.31    0.00    0.00    7.90    0.21    0.00    0.00    6.65

19:49:46     CPU    %usr   %nice    %sys %iowait    %irq   %soft  %steal  %guest  %gnice   %idle
19:49:51     all   59.22    0.00   26.17    0.00    0.00    7.85    0.21    0.00    0.00    6.56
19:49:51       0   67.08    0.00   19.84    0.00    0.00    6.13    0.20    0.00    0.00    6.75
19:49:51       1   56.22    0.00   29.67    0.00    0.00    7.47    0.21    0.00    0.00    6.43
19:49:51       2   55.58    0.00   28.31    0.00    0.00    9.92    0.21    0.00    0.00    5.99
19:49:51       3   57.88    0.00   26.97    0.00    0.00    7.88    0.21    0.00    0.00    7.05

19:49:51     CPU    %usr   %nice    %sys %iowait    %irq   %soft  %steal  %guest  %gnice   %idle
19:49:56     all   58.00    0.00   25.44    0.00    0.00    8.26    0.31    0.00    0.00    8.00
19:49:56       0   61.49    0.00   24.43    0.00    0.00    6.63    0.21    0.00    0.00    7.25
19:49:56       1   62.55    0.00   21.40    0.00    0.00    7.41    0.41    0.00    0.00    8.23
19:49:56       2   52.31    0.00   28.99    0.00    0.00   10.50    0.21    0.00    0.00    7.98
19:49:56       3   55.51    0.00   27.03    0.00    0.00    8.52    0.42    0.00    0.00    8.52

19:49:56     CPU    %usr   %nice    %sys %iowait    %irq   %soft  %steal  %guest  %gnice   %idle
19:50:01     all   57.96    0.00   25.59    0.00    0.00    7.94    0.26    0.00    0.00    8.25
19:50:01       0   59.83    0.00   24.90    0.00    0.00    5.44    0.42    0.00    0.00    9.41
19:50:01       1   55.16    0.00   28.00    0.00    0.00    7.16    0.21    0.00    0.00    9.47
19:50:01       2   53.32    0.00   29.05    0.00    0.00   10.37    0.21    0.00    0.00    7.05
19:50:01       3   63.54    0.00   20.42    0.00    0.00    8.75    0.21    0.00    0.00    7.08

19:50:01     CPU    %usr   %nice    %sys %iowait    %irq   %soft  %steal  %guest  %gnice   %idle
19:50:06     all   62.72    0.00   23.66    0.05    0.00    7.57    0.10    0.00    0.00    5.90
19:50:06       0   59.66    0.00   27.31    0.00    0.00    5.88    0.21    0.00    0.00    6.93
19:50:06       1   71.05    0.00   16.43    0.21    0.00    7.39    0.21    0.00    0.00    4.72
19:50:06       2   54.35    0.00   30.36    0.00    0.00    8.92    0.00    0.00    0.00    6.37
19:50:06       3   65.49    0.00   20.79    0.00    0.00    8.11    0.00    0.00    0.00    5.61

19:50:06     CPU    %usr   %nice    %sys %iowait    %irq   %soft  %steal  %guest  %gnice   %idle
19:50:11     all   60.72    0.00   23.56    0.00    0.00    8.14    0.31    0.00    0.00    7.27
19:50:11       0   63.99    0.00   21.60    0.00    0.00    6.17    0.41    0.00    0.00    7.82
19:50:11       1   63.09    0.00   21.44    0.00    0.00    7.63    0.21    0.00    0.00    7.63
19:50:11       2   57.85    0.00   26.45    0.00    0.00    9.50    0.21    0.00    0.00    5.99
19:50:11       3   57.94    0.00   24.74    0.00    0.00    9.28    0.41    0.00    0.00    7.63

19:50:11     CPU    %usr   %nice    %sys %iowait    %irq   %soft  %steal  %guest  %gnice   %idle
19:50:16     all   57.31    0.00   25.81    0.00    0.00    8.15    0.21    0.00    0.00    8.52
19:50:16       0   59.96    0.00   25.37    0.00    0.00    5.87    0.21    0.00    0.00    8.60
19:50:16       1   56.04    0.00   26.67    0.00    0.00    7.71    0.21    0.00    0.00    9.38
19:50:16       2   60.91    0.00   22.87    0.00    0.00   10.60    0.21    0.00    0.00    5.41
19:50:16       3   52.31    0.00   28.36    0.00    0.00    8.40    0.21    0.00    0.00   10.71

19:50:16     CPU    %usr   %nice    %sys %iowait    %irq   %soft  %steal  %guest  %gnice   %idle
19:50:21     all   57.81    0.00   26.00    0.00    0.00    7.29    0.26    0.00    0.00    8.65
19:50:21       0   54.68    0.00   28.94    0.00    0.00    4.68    0.43    0.00    0.00   11.28
19:50:21       1   62.55    0.00   21.55    0.00    0.00    7.11    0.21    0.00    0.00    8.58
19:50:21       2   59.63    0.00   24.84    0.00    0.00    9.52    0.21    0.00    0.00    5.80
19:50:21       3   54.30    0.00   28.72    0.00    0.00    7.76    0.21    0.00    0.00    9.01

19:50:21     CPU    %usr   %nice    %sys %iowait    %irq   %soft  %steal  %guest  %gnice   %idle
19:50:26     all   56.67    0.00   25.53    0.00    0.00    7.41    0.26    0.00    0.00   10.14
19:50:26       0   56.54    0.00   26.16    0.00    0.00    5.27    0.21    0.00    0.00   11.81
19:50:26       1   58.13    0.00   23.96    0.00    0.00    7.29    0.42    0.00    0.00   10.21
19:50:26       2   53.59    0.00   27.85    0.00    0.00    9.07    0.21    0.00    0.00    9.28
19:50:26       3   58.40    0.00   24.16    0.00    0.00    7.98    0.21    0.00    0.00    9.24
