Linux 6.17.0-1015-aws (ip-172-31-8-179) 	05/27/26 	_x86_64_	(4 CPU)

19:47:52     CPU    %usr   %nice    %sys %iowait    %irq   %soft  %steal  %guest  %gnice   %idle
19:47:57     all   20.49    0.00    7.66    0.15    0.00    1.72    0.10    0.00    0.00   69.88
19:47:57       0   32.05    0.00    9.53    0.20    0.00    0.00    0.00    0.00    0.00   58.22
19:47:57       1   11.92    0.00    5.25    0.20    0.00    6.67    0.20    0.00    0.00   75.76
19:47:57       2   25.00    0.00    8.67    0.20    0.00    0.20    0.00    0.00    0.00   65.93
19:47:57       3   12.91    0.00    7.17    0.00    0.00    0.00    0.20    0.00    0.00   79.71

19:47:57     CPU    %usr   %nice    %sys %iowait    %irq   %soft  %steal  %guest  %gnice   %idle
19:48:02     all   56.05    0.00   26.21    0.00    0.00    7.08    0.15    0.00    0.00   10.51
19:48:02       0   59.27    0.00   27.49    0.00    0.00    0.00    0.20    0.00    0.00   13.03
19:48:02       1   51.12    0.00   19.35    0.00    0.00   28.11    0.00    0.00    0.00    1.43
19:48:02       2   51.85    0.00   32.72    0.00    0.00    0.00    0.21    0.00    0.00   15.23
19:48:02       3   62.03    0.00   25.31    0.00    0.00    0.00    0.21    0.00    0.00   12.45

19:48:02     CPU    %usr   %nice    %sys %iowait    %irq   %soft  %steal  %guest  %gnice   %idle
19:48:07     all   56.36    0.00   25.28    0.00    0.00    7.34    0.21    0.00    0.00   10.81
19:48:07       0   54.70    0.00   27.97    0.00    0.00    2.92    0.21    0.00    0.00   14.20
19:48:07       1   58.78    0.00   15.51    0.00    0.00   23.88    0.20    0.00    0.00    1.63
19:48:07       2   51.03    0.00   31.61    0.00    0.00    2.27    0.21    0.00    0.00   14.88
19:48:07       3   60.91    0.00   26.20    0.00    0.00    0.00    0.21    0.00    0.00   12.68

19:48:07     CPU    %usr   %nice    %sys %iowait    %irq   %soft  %steal  %guest  %gnice   %idle
19:48:12     all   60.28    0.00   25.63    0.05    0.00    7.18    0.15    0.00    0.00    6.71
19:48:12       0   53.88    0.00   28.51    0.00    0.00   11.32    0.00    0.00    0.00    6.29
19:48:12       1   59.43    0.00   26.02    0.00    0.00    9.02    0.20    0.00    0.00    5.33
19:48:12       2   70.62    0.00   18.31    0.00    0.00    8.45    0.20    0.00    0.00    2.41
19:48:12       3   56.85    0.00   29.86    0.20    0.00    0.00    0.20    0.00    0.00   12.88

19:48:12     CPU    %usr   %nice    %sys %iowait    %irq   %soft  %steal  %guest  %gnice   %idle
19:48:17     all   61.79    0.00   24.45    0.05    0.00    6.60    0.20    0.00    0.00    6.91
19:48:17       0   51.45    0.00   32.02    0.00    0.00    7.44    0.21    0.00    0.00    8.88
19:48:17       1   73.68    0.00   14.78    0.00    0.00    7.49    0.40    0.00    0.00    3.64
19:48:17       2   59.47    0.00   27.16    0.00    0.00    8.02    0.00    0.00    0.00    5.35
19:48:17       3   62.32    0.00   24.03    0.20    0.00    3.46    0.20    0.00    0.00    9.78

19:48:17     CPU    %usr   %nice    %sys %iowait    %irq   %soft  %steal  %guest  %gnice   %idle
19:48:22     all   58.84    0.00   26.02    0.00    0.00    7.10    0.16    0.00    0.00    7.88
19:48:22       0   61.57    0.00   26.65    0.00    0.00    0.00    0.00    0.00    0.00   11.78
19:48:22       1   61.89    0.00   23.98    0.00    0.00    8.20    0.20    0.00    0.00    5.74
19:48:22       2   56.70    0.00   27.84    0.00    0.00    8.87    0.21    0.00    0.00    6.39
19:48:22       3   55.08    0.00   25.64    0.00    0.00   11.44    0.21    0.00    0.00    7.63

19:48:22     CPU    %usr   %nice    %sys %iowait    %irq   %soft  %steal  %guest  %gnice   %idle
19:48:27     all   54.54    0.00   25.03    0.05    0.00    6.45    0.21    0.00    0.00   13.73
19:48:27       0   47.72    0.00   30.29    0.21    0.00    1.45    0.21    0.00    0.00   20.12
19:48:27       1   52.69    0.00   25.00    0.00    0.00    7.85    0.21    0.00    0.00   14.26
19:48:27       2   67.69    0.00   20.04    0.00    0.00    7.57    0.20    0.00    0.00    4.50
19:48:27       3   49.90    0.00   24.84    0.00    0.00    8.90    0.21    0.00    0.00   16.15

19:48:27     CPU    %usr   %nice    %sys %iowait    %irq   %soft  %steal  %guest  %gnice   %idle
19:48:32     all   53.21    0.00   25.92    0.00    0.00    5.47    0.21    0.00    0.00   15.19
19:48:32       0   47.41    0.00   28.45    0.00    0.00    9.27    0.00    0.00    0.00   14.87
19:48:32       1   51.72    0.00   26.82    0.00    0.00    6.44    0.43    0.00    0.00   14.59
19:48:32       2   51.27    0.00   29.03    0.00    0.00    6.36    0.21    0.00    0.00   13.14
19:48:32       3   62.16    0.00   19.54    0.00    0.00    0.00    0.21    0.00    0.00   18.09

19:48:32     CPU    %usr   %nice    %sys %iowait    %irq   %soft  %steal  %guest  %gnice   %idle
19:48:37     all   54.98    0.00   25.67    0.00    0.00    6.27    0.21    0.00    0.00   12.86
19:48:37       0   59.83    0.00   21.34    0.00    0.00    7.95    0.21    0.00    0.00   10.67
19:48:37       1   55.72    0.00   24.79    0.00    0.00    7.63    0.21    0.00    0.00   11.65
19:48:37       2   52.31    0.00   29.41    0.00    0.00    7.35    0.21    0.00    0.00   10.71
19:48:37       3   52.02    0.00   27.18    0.00    0.00    2.12    0.21    0.00    0.00   18.47

19:48:37     CPU    %usr   %nice    %sys %iowait    %irq   %soft  %steal  %guest  %gnice   %idle
19:48:42     all   56.75    0.00   23.99    0.00    0.00    5.67    0.10    0.00    0.00   13.49
19:48:42       0   58.64    0.00   21.40    0.00    0.00    0.00    0.21    0.00    0.00   19.75
19:48:42       1   62.71    0.00   21.67    0.00    0.00    6.46    0.21    0.00    0.00    8.96
19:48:42       2   54.20    0.00   26.89    0.00    0.00    7.14    0.00    0.00    0.00   11.76
19:48:42       3   51.19    0.00   26.13    0.00    0.00    9.29    0.00    0.00    0.00   13.39

19:48:42     CPU    %usr   %nice    %sys %iowait    %irq   %soft  %steal  %guest  %gnice   %idle
19:48:47     all   55.80    0.00   24.42    0.11    0.00    6.22    0.16    0.00    0.00   13.29
19:48:47       0   57.02    0.00   23.48    0.00    0.00    2.52    0.00    0.00    0.00   16.98
19:48:47       1   55.72    0.00   25.00    0.21    0.00    7.63    0.21    0.00    0.00   11.23
19:48:47       2   51.58    0.00   28.42    0.21    0.00    7.58    0.21    0.00    0.00   12.00
19:48:47       3   58.90    0.00   20.76    0.00    0.00    7.20    0.21    0.00    0.00   12.92

19:48:47     CPU    %usr   %nice    %sys %iowait    %irq   %soft  %steal  %guest  %gnice   %idle
19:48:52     all   55.92    0.00   24.43    0.00    0.00    5.58    0.21    0.00    0.00   13.85
19:48:52       0   48.82    0.00   27.62    0.00    0.00    9.21    0.21    0.00    0.00   14.13
19:48:52       1   54.45    0.00   26.48    0.00    0.00    5.72    0.21    0.00    0.00   13.14
19:48:52       2   62.00    0.00   20.67    0.00    0.00    7.52    0.21    0.00    0.00    9.60
19:48:52       3   58.21    0.00   23.08    0.00    0.00    0.00    0.21    0.00    0.00   18.50

19:48:52     CPU    %usr   %nice    %sys %iowait    %irq   %soft  %steal  %guest  %gnice   %idle
19:48:57     all   54.38    0.00   25.62    0.00    0.00    6.04    0.16    0.00    0.00   13.81
19:48:57       0   48.31    0.00   30.72    0.00    0.00    6.78    0.00    0.00    0.00   14.19
19:48:57       1   61.75    0.00   19.75    0.00    0.00    7.90    0.21    0.00    0.00   10.40
19:48:57       2   53.99    0.00   27.52    0.00    0.00    6.51    0.21    0.00    0.00   11.76
19:48:57       3   53.36    0.00   24.58    0.00    0.00    2.94    0.21    0.00    0.00   18.91

19:48:57     CPU    %usr   %nice    %sys %iowait    %irq   %soft  %steal  %guest  %gnice   %idle
19:49:02     all   54.62    0.00   24.70    0.00    0.00    6.12    0.26    0.00    0.00   14.30
19:49:02       0   51.05    0.00   28.03    0.00    0.00    0.00    0.21    0.00    0.00   20.71
19:49:02       1   60.38    0.00   21.80    0.00    0.00    7.13    0.42    0.00    0.00   10.27
19:49:02       2   54.22    0.00   24.89    0.00    0.00    6.96    0.21    0.00    0.00   13.71
19:49:02       3   52.79    0.00   24.03    0.00    0.00   10.52    0.21    0.00    0.00   12.45

19:49:02     CPU    %usr   %nice    %sys %iowait    %irq   %soft  %steal  %guest  %gnice   %idle
19:49:07     all   53.75    0.00   25.77    0.05    0.00    5.88    0.16    0.00    0.00   14.38
19:49:07       0   45.40    0.00   31.38    0.00    0.00    2.72    0.21    0.00    0.00   20.29
19:49:07       1   59.33    0.00   23.06    0.00    0.00    6.29    0.21    0.00    0.00   11.11
19:49:07       2   57.68    0.00   23.16    0.00    0.00    7.37    0.00    0.00    0.00   11.79
19:49:07       3   52.63    0.00   25.47    0.21    0.00    7.16    0.21    0.00    0.00   14.32

19:49:07     CPU    %usr   %nice    %sys %iowait    %irq   %soft  %steal  %guest  %gnice   %idle
19:49:12     all   53.73    0.00   26.05    0.00    0.00    5.30    0.16    0.00    0.00   14.76
19:49:12       0   56.33    0.00   23.63    0.00    0.00    8.23    0.00    0.00    0.00   11.81
19:49:12       1   55.16    0.00   24.63    0.00    0.00    6.74    0.21    0.00    0.00   13.26
19:49:12       2   52.62    0.00   28.93    0.00    0.00    6.08    0.21    0.00    0.00   12.16
19:49:12       3   50.84    0.00   26.99    0.00    0.00    0.21    0.21    0.00    0.00   21.76

19:49:12     CPU    %usr   %nice    %sys %iowait    %irq   %soft  %steal  %guest  %gnice   %idle
19:49:17     all   55.23    0.00   25.20    0.00    0.00    5.73    0.26    0.00    0.00   13.57
19:49:17       0   49.58    0.00   27.31    0.00    0.00    7.35    0.21    0.00    0.00   15.55
19:49:17       1   57.74    0.00   23.43    0.00    0.00    6.90    0.42    0.00    0.00   11.51
19:49:17       2   57.05    0.00   25.68    0.00    0.00    6.53    0.21    0.00    0.00   10.53
19:49:17       3   56.57    0.00   24.36    0.00    0.00    2.12    0.21    0.00    0.00   16.74

19:49:17     CPU    %usr   %nice    %sys %iowait    %irq   %soft  %steal  %guest  %gnice   %idle
19:49:22     all   54.22    0.00   25.58    0.00    0.00    5.96    0.16    0.00    0.00   14.08
19:49:22       0   43.58    0.00   33.05    0.00    0.00    0.00    0.00    0.00    0.00   23.37
19:49:22       1   63.12    0.00   19.79    0.00    0.00    7.29    0.21    0.00    0.00    9.58
19:49:22       2   57.20    0.00   23.94    0.00    0.00    6.57    0.21    0.00    0.00   12.08
19:49:22       3   52.88    0.00   25.59    0.00    0.00   10.02    0.21    0.00    0.00   11.30

19:49:22     CPU    %usr   %nice    %sys %iowait    %irq   %soft  %steal  %guest  %gnice   %idle
19:49:27     all   56.36    0.00   24.11    0.05    0.00    6.04    0.16    0.00    0.00   13.29
19:49:27       0   53.44    0.00   27.35    0.21    0.00    2.51    0.21    0.00    0.00   16.28
19:49:27       1   55.04    0.00   25.42    0.00    0.00    6.93    0.21    0.00    0.00   12.39
19:49:27       2   60.29    0.00   22.06    0.00    0.00    7.35    0.00    0.00    0.00   10.29
19:49:27       3   56.66    0.00   21.56    0.00    0.00    7.40    0.21    0.00    0.00   14.16

19:49:27     CPU    %usr   %nice    %sys %iowait    %irq   %soft  %steal  %guest  %gnice   %idle
19:49:32     all   55.98    0.00   24.87    0.00    0.00    5.77    0.10    0.00    0.00   13.27
19:49:32       0   50.85    0.00   27.35    0.00    0.00    8.97    0.00    0.00    0.00   12.82
19:49:32       1   55.83    0.00   24.58    0.00    0.00    7.08    0.21    0.00    0.00   12.29
19:49:32       2   56.69    0.00   25.94    0.00    0.00    7.11    0.21    0.00    0.00   10.04
19:49:32       3   60.42    0.00   21.67    0.00    0.00    0.00    0.00    0.00    0.00   17.92

19:49:32     CPU    %usr   %nice    %sys %iowait    %irq   %soft  %steal  %guest  %gnice   %idle
19:49:37     all   55.28    0.00   24.86    0.00    0.00    6.15    0.21    0.00    0.00   13.50
19:49:37       0   49.89    0.00   28.03    0.00    0.00    7.64    0.21    0.00    0.00   14.23
19:49:37       1   56.63    0.00   24.84    0.00    0.00    6.95    0.21    0.00    0.00   11.37
19:49:37       2   61.46    0.00   21.67    0.00    0.00    7.08    0.21    0.00    0.00    9.58
19:49:37       3   53.04    0.00   24.95    0.00    0.00    2.94    0.21    0.00    0.00   18.87

19:49:37     CPU    %usr   %nice    %sys %iowait    %irq   %soft  %steal  %guest  %gnice   %idle
19:49:42     all   54.59    0.00   25.09    0.00    0.00    5.83    0.21    0.00    0.00   14.28
19:49:42       0   46.97    0.00   30.69    0.00    0.00    0.00    0.00    0.00    0.00   22.34
19:49:42       1   61.59    0.00   21.29    0.00    0.00    6.68    0.42    0.00    0.00   10.02
19:49:42       2   57.53    0.00   23.64    0.00    0.00    6.90    0.21    0.00    0.00   11.72
19:49:42       3   52.24    0.00   24.73    0.00    0.00    9.81    0.21    0.00    0.00   13.01

19:49:42     CPU    %usr   %nice    %sys %iowait    %irq   %soft  %steal  %guest  %gnice   %idle
19:49:47     all   53.99    0.00   25.49    0.05    0.00    5.92    0.16    0.00    0.00   14.38
19:49:47       0   46.20    0.00   29.96    0.21    0.00    2.53    0.21    0.00    0.00   20.89
19:49:47       1   52.43    0.00   27.48    0.00    0.00    6.77    0.21    0.00    0.00   13.11
19:49:47       2   60.17    0.00   21.61    0.00    0.00    7.63    0.00    0.00    0.00   10.59
19:49:47       3   57.20    0.00   22.88    0.00    0.00    6.78    0.21    0.00    0.00   12.92

19:49:47     CPU    %usr   %nice    %sys %iowait    %irq   %soft  %steal  %guest  %gnice   %idle
19:49:52     all   56.61    0.00   24.36    0.16    0.00    5.91    0.16    0.00    0.00   12.81
19:49:52       0   58.46    0.00   22.55    0.00    0.00    9.60    0.00    0.00    0.00    9.39
19:49:52       1   53.56    0.00   26.99    0.21    0.00    6.69    0.21    0.00    0.00   12.34
19:49:52       2   59.92    0.00   22.31    0.21    0.00    7.23    0.21    0.00    0.00   10.12
19:49:52       3   54.45    0.00   25.64    0.21    0.00    0.00    0.21    0.00    0.00   19.49

19:49:52     CPU    %usr   %nice    %sys %iowait    %irq   %soft  %steal  %guest  %gnice   %idle
19:49:57     all   54.55    0.00   25.58    0.00    0.00    5.70    0.26    0.00    0.00   13.91
19:49:57       0   59.62    0.00   21.13    0.00    0.00    6.69    0.21    0.00    0.00   12.34
19:49:57       1   51.78    0.00   27.25    0.00    0.00    7.13    0.42    0.00    0.00   13.42
19:49:57       2   57.26    0.00   25.47    0.00    0.00    6.53    0.21    0.00    0.00   10.53
19:49:57       3   49.59    0.00   28.42    0.00    0.00    2.49    0.21    0.00    0.00   19.29

19:49:57     CPU    %usr   %nice    %sys %iowait    %irq   %soft  %steal  %guest  %gnice   %idle
19:50:02     all   53.35    0.00   25.28    0.00    0.00    6.17    0.16    0.00    0.00   15.04
19:50:02       0   46.67    0.00   30.21    0.00    0.00    0.00    0.21    0.00    0.00   22.92
19:50:02       1   62.13    0.00   21.13    0.00    0.00    6.69    0.21    0.00    0.00    9.83
19:50:02       2   48.50    0.00   27.99    0.00    0.00    7.26    0.00    0.00    0.00   16.24
19:50:02       3   56.08    0.00   21.75    0.00    0.00   10.87    0.21    0.00    0.00   11.09

19:50:02     CPU    %usr   %nice    %sys %iowait    %irq   %soft  %steal  %guest  %gnice   %idle
19:50:07     all   54.95    0.00   25.37    0.00    0.00    6.21    0.16    0.00    0.00   13.32
19:50:07       0   45.67    0.00   30.87    0.00    0.00    3.38    0.00    0.00    0.00   20.08
19:50:07       1   55.44    0.00   24.69    0.00    0.00    7.74    0.21    0.00    0.00   11.92
19:50:07       2   66.87    0.00   17.81    0.00    0.00    7.25    0.21    0.00    0.00    7.87
19:50:07       3   51.50    0.00   28.33    0.00    0.00    6.44    0.21    0.00    0.00   13.52

19:50:07     CPU    %usr   %nice    %sys %iowait    %irq   %soft  %steal  %guest  %gnice   %idle
19:50:12     all   54.03    0.00   25.41    0.00    0.00    6.11    0.21    0.00    0.00   14.23
19:50:12       0   55.81    0.00   22.62    0.00    0.00   10.15    0.21    0.00    0.00   11.21
19:50:12       1   52.34    0.00   27.45    0.00    0.00    6.81    0.21    0.00    0.00   13.19
19:50:12       2   60.29    0.00   22.25    0.00    0.00    7.48    0.21    0.00    0.00    9.77
19:50:12       3   47.57    0.00   29.39    0.00    0.00    0.00    0.21    0.00    0.00   22.83

19:50:12     CPU    %usr   %nice    %sys %iowait    %irq   %soft  %steal  %guest  %gnice   %idle
19:50:17     all   54.36    0.00   24.88    0.00    0.00    5.86    0.11    0.00    0.00   14.79
19:50:17       0   47.64    0.00   29.18    0.00    0.00    7.30    0.00    0.00    0.00   15.88
19:50:17       1   57.38    0.00   22.15    0.00    0.00    6.12    0.21    0.00    0.00   14.14
19:50:17       2   53.14    0.00   26.99    0.00    0.00    7.53    0.21    0.00    0.00   12.13
19:50:17       3   59.16    0.00   21.26    0.00    0.00    2.53    0.00    0.00    0.00   17.05

19:50:17     CPU    %usr   %nice    %sys %iowait    %irq   %soft  %steal  %guest  %gnice   %idle
19:50:22     all   54.18    0.00   25.29    0.00    0.00    5.61    0.21    0.00    0.00   14.71
19:50:22       0   49.16    0.00   30.13    0.00    0.00    0.00    0.21    0.00    0.00   20.50
19:50:22       1   54.97    0.00   26.85    0.00    0.00    5.07    0.21    0.00    0.00   12.90
19:50:22       2   55.06    0.00   24.26    0.00    0.00    7.38    0.21    0.00    0.00   13.08
19:50:22       3   57.63    0.00   19.78    0.00    0.00   10.11    0.22    0.00    0.00   12.26

19:50:22     CPU    %usr   %nice    %sys %iowait    %irq   %soft  %steal  %guest  %gnice   %idle
19:50:27     all   47.63    0.00   20.68    0.00    0.00    4.75    0.26    0.00    0.00   26.69
19:50:27       0   45.70    0.00   26.83    0.00    0.00    1.05    0.21    0.00    0.00   26.21
19:50:27       1   43.74    0.00   23.35    0.00    0.00    4.88    0.42    0.00    0.00   27.60
19:50:27       2   43.71    0.00   21.75    0.00    0.00    5.33    0.00    0.00    0.00   29.21
19:50:27       3   57.20    0.00   10.86    0.00    0.00    7.72    0.42    0.00    0.00   23.80
