Linux 6.17.0-1015-aws (ip-172-31-11-190) 	05/26/26 	_x86_64_	(4 CPU)

22:32:12     CPU    %usr   %nice    %sys %iowait    %irq   %soft  %steal  %guest  %gnice   %idle
22:32:17     all   28.60    0.00   10.40    0.00    0.00    3.30    0.15    0.00    0.00   57.56
22:32:17       0   27.27    0.00    7.88    0.00    0.00   10.30    0.20    0.00    0.00   54.34
22:32:17       1   30.10    0.00   10.71    0.00    0.00    0.00    0.20    0.00    0.00   58.99
22:32:17       2   24.64    0.00   12.73    0.00    0.00    2.87    0.00    0.00    0.00   59.75
22:32:17       3   32.32    0.00   10.30    0.00    0.00    0.00    0.20    0.00    0.00   57.17

22:32:17     CPU    %usr   %nice    %sys %iowait    %irq   %soft  %steal  %guest  %gnice   %idle
22:32:22     all   60.87    0.00   25.97    0.00    0.00    8.27    0.26    0.00    0.00    4.64
22:32:22       0   54.71    0.00   25.82    0.00    0.00   16.60    0.20    0.00    0.00    2.66
22:32:22       1   59.39    0.00   28.16    0.00    0.00    6.94    0.20    0.00    0.00    5.31
22:32:22       2   66.26    0.00   23.11    0.00    0.00    6.75    0.20    0.00    0.00    3.68
22:32:22       3   63.08    0.00   26.77    0.00    0.00    2.84    0.41    0.00    0.00    6.90

22:32:22     CPU    %usr   %nice    %sys %iowait    %irq   %soft  %steal  %guest  %gnice   %idle
22:32:27     all   63.80    0.00   24.42    0.00    0.00    8.35    0.20    0.00    0.00    3.23
22:32:27       0   66.80    0.00   21.72    0.00    0.00    9.22    0.00    0.00    0.00    2.25
22:32:27       1   61.60    0.00   24.44    0.00    0.00   11.09    0.41    0.00    0.00    2.46
22:32:27       2   62.91    0.00   25.61    0.00    0.00    8.20    0.20    0.00    0.00    3.07
22:32:27       3   63.88    0.00   25.92    0.00    0.00    4.90    0.20    0.00    0.00    5.10

22:32:27     CPU    %usr   %nice    %sys %iowait    %irq   %soft  %steal  %guest  %gnice   %idle
22:32:32     all   64.90    0.00   23.18    0.00    0.00    7.91    0.21    0.00    0.00    3.80
22:32:32       0   63.58    0.00   24.07    0.00    0.00    8.85    0.21    0.00    0.00    3.29
22:32:32       1   59.38    0.00   26.67    0.00    0.00   10.21    0.21    0.00    0.00    3.54
22:32:32       2   73.17    0.00   16.67    0.00    0.00    7.93    0.20    0.00    0.00    2.03
22:32:32       3   63.32    0.00   25.41    0.00    0.00    4.71    0.20    0.00    0.00    6.35

22:32:32     CPU    %usr   %nice    %sys %iowait    %irq   %soft  %steal  %guest  %gnice   %idle
22:32:37     all   63.04    0.00   24.81    0.00    0.00    8.20    0.21    0.00    0.00    3.74
22:32:37       0   60.70    0.00   27.57    0.00    0.00    7.82    0.21    0.00    0.00    3.70
22:32:37       1   59.27    0.00   25.46    0.00    0.00   13.03    0.20    0.00    0.00    2.04
22:32:37       2   64.12    0.00   24.74    0.00    0.00    7.22    0.21    0.00    0.00    3.71
22:32:37       3   68.10    0.00   21.47    0.00    0.00    4.70    0.20    0.00    0.00    5.52

22:32:37     CPU    %usr   %nice    %sys %iowait    %irq   %soft  %steal  %guest  %gnice   %idle
22:32:42     all   62.07    0.00   26.49    0.05    0.00    7.68    0.20    0.00    0.00    3.51
22:32:42       0   59.36    0.00   27.77    0.20    0.00    9.26    0.20    0.00    0.00    3.22
22:32:42       1   57.69    0.00   29.55    0.00    0.00   10.73    0.20    0.00    0.00    1.82
22:32:42       2   69.74    0.00   21.04    0.00    0.00    6.41    0.20    0.00    0.00    2.61
22:32:42       3   61.43    0.00   27.63    0.00    0.00    4.37    0.20    0.00    0.00    6.36

22:32:42     CPU    %usr   %nice    %sys %iowait    %irq   %soft  %steal  %guest  %gnice   %idle
22:32:47     all   63.41    0.00   23.61    0.00    0.00    6.92    0.20    0.00    0.00    5.85
22:32:47       0   78.40    0.00   13.00    0.00    0.00    7.40    0.00    0.00    0.00    1.20
22:32:47       1   56.06    0.00   27.10    0.00    0.00   10.06    0.41    0.00    0.00    6.37
22:32:47       2   58.33    0.00   26.22    0.00    0.00    6.50    0.20    0.00    0.00    8.74
22:32:47       3   60.49    0.00   28.40    0.00    0.00    3.70    0.21    0.00    0.00    7.20

22:32:47     CPU    %usr   %nice    %sys %iowait    %irq   %soft  %steal  %guest  %gnice   %idle
22:32:52     all   64.79    0.00   23.27    0.00    0.00    8.30    0.21    0.00    0.00    3.43
22:32:52       0   66.12    0.00   23.47    0.00    0.00    7.76    0.20    0.00    0.00    2.45
22:32:52       1   61.49    0.00   23.40    0.00    0.00   12.22    0.21    0.00    0.00    2.69
22:32:52       2   65.08    0.00   23.35    0.00    0.00    8.26    0.21    0.00    0.00    3.10
22:32:52       3   66.40    0.00   22.87    0.00    0.00    5.06    0.20    0.00    0.00    5.47

22:32:52     CPU    %usr   %nice    %sys %iowait    %irq   %soft  %steal  %guest  %gnice   %idle
22:32:57     all   66.86    0.00   21.62    0.00    0.00    7.15    0.26    0.00    0.00    4.12
22:32:57       0   63.41    0.00   27.03    0.00    0.00    4.37    0.21    0.00    0.00    4.99
22:32:57       1   65.78    0.00   19.88    0.00    0.00   11.48    0.41    0.00    0.00    2.46
22:32:57       2   60.88    0.00   25.94    0.00    0.00    7.53    0.21    0.00    0.00    5.44
22:32:57       3   77.02    0.00   13.91    0.00    0.00    5.24    0.20    0.00    0.00    3.63

22:32:57     CPU    %usr   %nice    %sys %iowait    %irq   %soft  %steal  %guest  %gnice   %idle
22:33:02     all   64.23    0.00   24.20    0.00    0.00    6.94    0.21    0.00    0.00    4.42
22:33:02       0   59.54    0.00   29.56    0.00    0.00    5.87    0.21    0.00    0.00    4.82
22:33:02       1   56.29    0.00   28.25    0.00    0.00   11.34    0.21    0.00    0.00    3.92
22:33:02       2   73.98    0.00   17.01    0.00    0.00    5.94    0.20    0.00    0.00    2.87
22:33:02       3   66.94    0.00   22.18    0.00    0.00    4.64    0.20    0.00    0.00    6.05

22:33:02     CPU    %usr   %nice    %sys %iowait    %irq   %soft  %steal  %guest  %gnice   %idle
22:33:07     all   62.76    0.00   24.59    0.00    0.00    7.92    0.21    0.00    0.00    4.53
22:33:07       0   63.99    0.00   23.25    0.00    0.00    9.05    0.21    0.00    0.00    3.50
22:33:07       1   60.17    0.00   25.52    0.00    0.00   10.79    0.21    0.00    0.00    3.32
22:33:07       2   67.62    0.00   21.93    0.00    0.00    6.35    0.20    0.00    0.00    3.89
22:33:07       3   59.22    0.00   27.66    0.00    0.00    5.53    0.20    0.00    0.00    7.38

22:33:07     CPU    %usr   %nice    %sys %iowait    %irq   %soft  %steal  %guest  %gnice   %idle
22:33:12     all   61.56    0.00   25.78    0.00    0.00    7.94    0.21    0.00    0.00    4.51
22:33:12       0   58.35    0.00   29.28    0.00    0.00    8.04    0.21    0.00    0.00    4.12
22:33:12       1   57.85    0.00   27.48    0.00    0.00   10.74    0.21    0.00    0.00    3.72
22:33:12       2   67.21    0.00   22.34    0.00    0.00    7.58    0.20    0.00    0.00    2.66
22:33:12       3   62.75    0.00   24.09    0.00    0.00    5.47    0.20    0.00    0.00    7.49

22:33:12     CPU    %usr   %nice    %sys %iowait    %irq   %soft  %steal  %guest  %gnice   %idle
22:33:17     all   61.65    0.00   26.01    0.00    0.00    8.47    0.15    0.00    0.00    3.72
22:33:17       0   66.60    0.00   22.61    0.00    0.00    8.15    0.20    0.00    0.00    2.44
22:33:17       1   66.94    0.00   18.66    0.00    0.00   12.78    0.20    0.00    0.00    1.42
22:33:17       2   57.35    0.00   30.85    0.00    0.00    7.87    0.21    0.00    0.00    3.73
22:33:17       3   55.67    0.00   31.98    0.00    0.00    5.06    0.00    0.00    0.00    7.29

22:33:17     CPU    %usr   %nice    %sys %iowait    %irq   %soft  %steal  %guest  %gnice   %idle
22:33:22     all   60.90    0.00   25.86    0.00    0.00    8.81    0.21    0.00    0.00    4.22
22:33:22       0   68.03    0.00   20.08    0.00    0.00    9.02    0.20    0.00    0.00    2.66
22:33:22       1   62.63    0.00   22.18    0.00    0.00   12.73    0.21    0.00    0.00    2.26
22:33:22       2   58.97    0.00   29.07    0.00    0.00    8.04    0.21    0.00    0.00    3.71
22:33:22       3   53.85    0.00   32.22    0.00    0.00    5.41    0.21    0.00    0.00    8.32

22:33:22     CPU    %usr   %nice    %sys %iowait    %irq   %soft  %steal  %guest  %gnice   %idle
22:33:27     all   61.56    0.00   26.07    0.00    0.00    7.71    0.10    0.00    0.00    4.55
22:33:27       0   58.28    0.00   28.72    0.00    0.00    8.81    0.00    0.00    0.00    4.19
22:33:27       1   58.91    0.00   26.62    0.00    0.00   10.90    0.21    0.00    0.00    3.35
22:33:27       2   71.14    0.00   19.51    0.00    0.00    6.91    0.00    0.00    0.00    2.44
22:33:27       3   57.70    0.00   29.57    0.00    0.00    4.31    0.21    0.00    0.00    8.21

22:33:27     CPU    %usr   %nice    %sys %iowait    %irq   %soft  %steal  %guest  %gnice   %idle
22:33:32     all   61.99    0.00   24.91    0.00    0.00    7.14    0.26    0.00    0.00    5.70
22:33:32       0   67.62    0.00   20.08    0.00    0.00    8.20    0.20    0.00    0.00    3.89
22:33:32       1   58.02    0.00   26.54    0.00    0.00   10.70    0.41    0.00    0.00    4.32
22:33:32       2   57.00    0.00   31.28    0.00    0.00    5.56    0.21    0.00    0.00    5.97
22:33:32       3   65.30    0.00   21.77    0.00    0.00    4.11    0.21    0.00    0.00    8.62

22:33:32     CPU    %usr   %nice    %sys %iowait    %irq   %soft  %steal  %guest  %gnice   %idle
22:33:37     all   66.82    0.00   21.66    0.00    0.00    7.42    0.20    0.00    0.00    3.89
22:33:37       0   64.27    0.00   23.41    0.00    0.00    7.60    0.21    0.00    0.00    4.52
22:33:37       1   63.17    0.00   23.46    0.00    0.00   10.91    0.21    0.00    0.00    2.26
22:33:37       2   63.84    0.00   25.00    0.00    0.00    6.61    0.21    0.00    0.00    4.34
22:33:37       3   75.81    0.00   14.92    0.00    0.00    4.64    0.20    0.00    0.00    4.44

22:33:37     CPU    %usr   %nice    %sys %iowait    %irq   %soft  %steal  %guest  %gnice   %idle
22:33:42     all   61.05    0.00   26.43    0.00    0.00    8.45    0.15    0.00    0.00    3.92
22:33:42       0   58.23    0.00   30.04    0.00    0.00    8.23    0.21    0.00    0.00    3.29
22:33:42       1   67.28    0.00   19.02    0.00    0.00   11.66    0.20    0.00    0.00    1.84
22:33:42       2   61.44    0.00   26.19    0.00    0.00    8.66    0.00    0.00    0.00    3.71
22:33:42       3   57.17    0.00   30.56    0.00    0.00    5.20    0.21    0.00    0.00    6.86

22:33:42     CPU    %usr   %nice    %sys %iowait    %irq   %soft  %steal  %guest  %gnice   %idle
22:33:47     all   60.88    0.00   26.67    0.00    0.00    8.48    0.26    0.00    0.00    3.72
22:33:47       0   58.26    0.00   30.37    0.00    0.00    7.64    0.00    0.00    0.00    3.72
22:33:47       1   63.45    0.00   21.77    0.00    0.00   12.53    0.41    0.00    0.00    1.85
22:33:47       2   54.91    0.00   32.15    0.00    0.00    8.14    0.21    0.00    0.00    4.59
22:33:47       3   66.80    0.00   22.47    0.00    0.00    5.57    0.41    0.00    0.00    4.74

22:33:47     CPU    %usr   %nice    %sys %iowait    %irq   %soft  %steal  %guest  %gnice   %idle
22:33:52     all   70.00    0.00   20.20    0.00    0.00    7.59    0.20    0.00    0.00    2.01
22:33:52       0   65.26    0.00   23.69    0.00    0.00    7.63    0.20    0.00    0.00    3.21
22:33:52       1   64.72    0.00   22.38    0.00    0.00   11.29    0.20    0.00    0.00    1.41
22:33:52       2   76.41    0.00   15.52    0.00    0.00    6.85    0.20    0.00    0.00    1.01
22:33:52       3   73.60    0.00   19.20    0.00    0.00    4.60    0.20    0.00    0.00    2.40

22:33:52     CPU    %usr   %nice    %sys %iowait    %irq   %soft  %steal  %guest  %gnice   %idle
22:33:57     all   70.09    0.00   19.18    0.00    0.00    7.63    0.15    0.00    0.00    2.95
22:33:57       0   71.92    0.00   18.38    0.00    0.00    7.68    0.20    0.00    0.00    1.82
22:33:57       1   69.96    0.00   16.94    0.00    0.00   11.29    0.20    0.00    0.00    1.61
22:33:57       2   71.34    0.00   18.29    0.00    0.00    7.11    0.20    0.00    0.00    3.05
22:33:57       3   67.08    0.00   23.19    0.00    0.00    4.35    0.00    0.00    0.00    5.38

22:33:57     CPU    %usr   %nice    %sys %iowait    %irq   %soft  %steal  %guest  %gnice   %idle
22:34:02     all   60.22    0.00   26.51    0.00    0.00    7.93    0.21    0.00    0.00    5.15
22:34:02       0   56.22    0.00   29.88    0.00    0.00    7.47    0.21    0.00    0.00    6.22
22:34:02       1   57.41    0.00   26.95    0.00    0.00   12.14    0.21    0.00    0.00    3.29
22:34:02       2   57.49    0.00   30.60    0.00    0.00    7.39    0.00    0.00    0.00    4.52
22:34:02       3   69.67    0.00   18.65    0.00    0.00    4.71    0.41    0.00    0.00    6.56

22:34:02     CPU    %usr   %nice    %sys %iowait    %irq   %soft  %steal  %guest  %gnice   %idle
22:34:07     all   61.36    0.00   26.12    0.00    0.00    7.93    0.15    0.00    0.00    4.43
22:34:07       0   57.50    0.00   30.42    0.00    0.00    6.88    0.00    0.00    0.00    5.21
22:34:07       1   61.52    0.00   23.87    0.00    0.00   12.14    0.21    0.00    0.00    2.26
22:34:07       2   64.01    0.00   25.56    0.00    0.00    6.75    0.20    0.00    0.00    3.48
22:34:07       3   62.35    0.00   24.69    0.00    0.00    5.97    0.21    0.00    0.00    6.79

22:34:07     CPU    %usr   %nice    %sys %iowait    %irq   %soft  %steal  %guest  %gnice   %idle
22:34:12     all   65.79    0.00   22.43    0.00    0.00    6.94    0.26    0.00    0.00    4.58
22:34:12       0   67.08    0.00   24.07    0.00    0.00    5.14    0.21    0.00    0.00    3.50
22:34:12       1   69.51    0.00   16.46    0.00    0.00   12.20    0.41    0.00    0.00    1.42
22:34:12       2   66.46    0.00   23.19    0.00    0.00    5.59    0.21    0.00    0.00    4.55
22:34:12       3   60.04    0.00   26.09    0.00    0.00    4.76    0.21    0.00    0.00    8.90

22:34:12     CPU    %usr   %nice    %sys %iowait    %irq   %soft  %steal  %guest  %gnice   %idle
22:34:17     all   63.59    0.00   24.18    0.00    0.00    6.89    0.21    0.00    0.00    5.13
22:34:17       0   66.60    0.00   22.34    0.00    0.00    6.76    0.20    0.00    0.00    4.10
22:34:17       1   55.16    0.00   29.68    0.00    0.00   10.32    0.21    0.00    0.00    4.63
22:34:17       2   67.01    0.00   22.82    0.00    0.00    5.39    0.21    0.00    0.00    4.56
22:34:17       3   65.43    0.00   22.02    0.00    0.00    5.14    0.21    0.00    0.00    7.20

22:34:17     CPU    %usr   %nice    %sys %iowait    %irq   %soft  %steal  %guest  %gnice   %idle
22:34:22     all   65.59    0.00   23.31    0.00    0.00    7.21    0.15    0.00    0.00    3.73
22:34:22       0   70.91    0.00   19.19    0.00    0.00    8.28    0.20    0.00    0.00    1.41
22:34:22       1   60.91    0.00   25.72    0.00    0.00    9.67    0.21    0.00    0.00    3.50
22:34:22       2   67.21    0.00   21.93    0.00    0.00    6.97    0.20    0.00    0.00    3.69
22:34:22       3   63.24    0.00   26.49    0.00    0.00    3.90    0.00    0.00    0.00    6.37

22:34:22     CPU    %usr   %nice    %sys %iowait    %irq   %soft  %steal  %guest  %gnice   %idle
22:34:27     all   64.75    0.00   23.76    0.00    0.00    7.75    0.21    0.00    0.00    3.54
22:34:27       0   67.55    0.00   21.43    0.00    0.00    8.57    0.00    0.00    0.00    2.45
22:34:27       1   56.88    0.00   28.96    0.00    0.00   10.62    0.21    0.00    0.00    3.33
22:34:27       2   72.15    0.00   18.50    0.00    0.00    7.32    0.20    0.00    0.00    1.83
22:34:27       3   62.22    0.00   26.28    0.00    0.00    4.52    0.41    0.00    0.00    6.57

22:34:27     CPU    %usr   %nice    %sys %iowait    %irq   %soft  %steal  %guest  %gnice   %idle
22:34:32     all   62.16    0.00   24.88    0.00    0.00    8.59    0.26    0.00    0.00    4.11
22:34:32       0   57.47    0.00   28.84    0.00    0.00    9.13    0.41    0.00    0.00    4.15
22:34:32       1   64.27    0.00   20.33    0.00    0.00   12.53    0.41    0.00    0.00    2.46
22:34:32       2   61.84    0.00   27.35    0.00    0.00    7.35    0.00    0.00    0.00    3.47
22:34:32       3   65.02    0.00   23.05    0.00    0.00    5.35    0.21    0.00    0.00    6.38

22:34:32     CPU    %usr   %nice    %sys %iowait    %irq   %soft  %steal  %guest  %gnice   %idle
22:34:37     all   61.98    0.00   25.54    0.00    0.00    8.09    0.20    0.00    0.00    4.20
22:34:37       0   62.30    0.00   25.61    0.00    0.00    8.61    0.00    0.00    0.00    3.48
22:34:37       1   61.11    0.00   24.28    0.00    0.00   11.93    0.21    0.00    0.00    2.47
22:34:37       2   62.30    0.00   26.64    0.00    0.00    6.76    0.41    0.00    0.00    3.89
22:34:37       3   62.20    0.00   25.61    0.00    0.00    5.08    0.20    0.00    0.00    6.91

22:34:37     CPU    %usr   %nice    %sys %iowait    %irq   %soft  %steal  %guest  %gnice   %idle
22:34:42     all   61.01    0.00   25.68    0.00    0.00    8.46    0.21    0.00    0.00    4.64
22:34:42       0   59.88    0.00   27.65    0.00    0.00    8.52    0.21    0.00    0.00    3.74
22:34:42       1   61.89    0.00   23.16    0.00    0.00   12.70    0.20    0.00    0.00    2.05
22:34:42       2   66.26    0.00   22.63    0.00    0.00    7.20    0.21    0.00    0.00    3.70
22:34:42       3   55.99    0.00   29.34    0.00    0.00    5.37    0.21    0.00    0.00    9.09

22:34:42     CPU    %usr   %nice    %sys %iowait    %irq   %soft  %steal  %guest  %gnice   %idle
22:34:47     all   45.14    0.00   17.38    0.00    0.00    5.93    0.10    0.00    0.00   31.44
22:34:47       0   43.47    0.00   18.78    0.00    0.00    5.71    0.20    0.00    0.00   31.84
22:34:47       1   41.55    0.00   15.27    0.00    0.00    9.16    0.20    0.00    0.00   33.81
22:34:47       2   47.41    0.00   21.33    0.00    0.00    5.18    0.00    0.00    0.00   26.09
22:34:47       3   48.17    0.00   14.23    0.00    0.00    3.66    0.00    0.00    0.00   33.94
