info: Loading workload script /workload/performance.rn...
info: Connecting to ["http://172.31.15.155:8000", "http://172.31.15.213:8000", "http://172.31.13.152:8000"]... 
info: Connected to '' cluster running ScyllaDB 2026.1.0~dev-0.20251003.20aeed160740 with build-id d177add4e6a23f71d527ca6e182d27a1f9ad74b4
info: Preparing...
info: Warming up...
info: Running benchmark...
CONFIG ═════════════════════════════════════════════════════════════════════════════════════════════════════════════════════
            Date            Mon, 25 May 2026                                                          
            Time            18:45:18 +0000                                                            
         Cluster                                                                                      
      Datacenter                                                                                      
            Rack                                                                                      
      DB version            ScyllaDB 2026.1.0~dev-0.20251003.20aeed160740 with build-id d177add4e6a23f71d527ca6e182d27a1f9ad74b4                                            
        Workload            performance.rn                                                            
     Function(s)            get:0.5, update:0.5                                                       
Request compression            Off                                                                       
Header whitelist            default                                                                   
 Active interval            default                                                                   
   Idle interval            default                                                                   
Routing fallback            default                                                                   
Key route affinity            Rmw                                                                       
Key route affinity tables            latte_performance=pk                                                      
            Tags                                                                                      
────────────────────────────────────────────────────────────────────────────────────────────────────────────────────────────
-P alternator.consistentReads            false                                                                     
   -P fieldcount            10                                                                        
  -P fieldlength            512                                                                       
-P requestdistribution            "uniform"                                                                 
    -P row_count            100000                                                                    
        -P table            "latte_performance"                                                       
────────────────────────────────────────────────────────────────────────────────────────────────────────────────────────────
         Threads                   16                                                                 
     Concurrency     [req]          8                                                                 
        Max rate    [op/s]      30000                                                                 
          Warmup       [s]          5                                                                 
              └─      [op]                                                                            
        Run time       [s]       30.0                                                                 
              └─      [op]                                                                            
        Sampling       [s]        1.0                                                                 
              └─      [op]                                                                            
 Request timeout       [s]          5                                                                 
         Retries                                                                                      
  ┌──────┴number                   10                                                                 
  ├─min interval      [ms]        100                                                                 
  └─max interval      [ms]       5000                                                                 

LOG ════════════════════════════════════════════════════════════════════════════════════════════════════════════════════════
    Time    Cycles    Errors    Thrpt.     ────────────────────────────────── Latency [ms/op] ──────────────────────────────
     [s]      [op]      [op]    [op/s]             Min        50        75        90        95        99      99.9       Max
   1.001     29954         0     29929           0.345     2.030     2.658     3.394     4.018     5.550     7.647    10.166
   2.001     30001         0     29998           0.358     2.053     2.699     3.508     4.198     5.636     8.036    12.386
   3.001     30013         0     30012           0.338     2.009     2.632     3.303     3.824     5.218     7.463    19.005
   4.001     29997         0     30000           0.345     2.043     2.673     3.404     4.024     5.476     7.262     9.855
   5.002     29992         0     29994           0.329     1.975     2.562     3.203     3.713     5.046     7.434    10.142
   6.001     29995         0     29996           0.351     2.017     2.652     3.400     4.037     5.325     7.406    10.322
   7.001     30004         0     30005           0.329     1.930     2.529     3.168     3.701     5.210     7.205    10.052
   8.001     30001         0     29996           0.341     2.043     2.697     3.455     4.102     5.476     7.291     9.921
   9.001     30007         0     30010           0.327     1.947     2.529     3.127     3.596     4.801     6.390    10.519
  10.002     29989         0     29986           0.357     2.048     2.697     3.484     4.106     5.632     7.434     8.929
  11.001     30006         0     30010           0.325     2.022     2.634     3.279     3.820     5.194     7.074     9.658
  12.001     30000         0     29997           0.341     1.976     2.572     3.183     3.668     5.071     7.205    10.297
  13.001     30009         0     30009           0.331     1.992     2.621     3.299     3.858     5.132     6.906     8.643
  14.001     29988         0     29989           0.340     1.985     2.597     3.250     3.766     5.046     6.787     9.863
  15.002     30002         0     29999           0.343     1.959     2.556     3.191     3.717     5.124     6.783     9.470
  16.002     29994         0     29997           0.330     2.011     2.634     3.273     3.789     5.145     7.176    14.778
  17.001     30003         0     30002           0.369     1.925     2.494     3.074     3.521     4.674     6.156     8.430
  18.001     30003         0     30001           0.358     2.076     2.728     3.508     4.119     5.538     7.393    10.969
  19.002     30004         0     30006           0.335     1.956     2.537     3.166     3.664     4.948     6.541     9.683
  20.001     29993         0     29993           0.329     2.040     2.689     3.449     4.057     5.714     8.385    15.868
  21.001     30010         0     30007           0.321     1.978     2.572     3.211     3.740     5.132     6.730    11.141
  22.001     29975         0     29980           0.318     1.979     2.587     3.242     3.779     5.186     6.926    10.109
  23.001     30020         0     30020           0.322     1.995     2.601     3.250     3.772     5.083     7.401    10.043
  24.001     29991         0     29989           0.326     1.961     2.562     3.187     3.682     4.989     6.504     9.519
  25.001     30005         0     30005           0.315     2.038     2.685     3.455     4.084     5.595     8.897    19.202
  26.002     30003         0     29997           0.300     1.988     2.601     3.285     3.850     5.595    11.960    19.382
  27.001     29997         0     30005           0.359     1.977     2.583     3.240     3.783     5.157     7.000     8.921
  28.001     30002         0     29998           0.349     2.016     2.656     3.404     4.014     5.403     7.508    10.445
  29.001     30004         0     30006           0.290     1.988     2.595     3.250     3.785     5.206     6.631     9.470
  30.000     29965         0     30003           0.333     1.987     2.585     3.203     3.688     4.825     6.517     8.405
  30.002         2         0      6371           3.510     3.512     4.133     4.133     4.133     4.133     4.133     4.133

SUMMARY STATS ══════════════════════════════════════════════════════════════════════════════════════════════════════════════
    Elapsed time       [s]     30.007                                                                 
        CPU time       [s]    202.832                                                                 
 CPU utilisation       [%]       42.2                                                                 
          Cycles      [op]     899929                                                                 
          Errors      [op]          0                                                                 
              └─       [%]        0.0                                                                 
        Requests     [req]     899929                                                                 
              └─  [req/op]        1.0                                                                 
         Retries     [ret]          0                                                                 
              └─ [ret/req]    0.00000                                                                 
            Rows     [row]     445163                                                                 
              └─ [row/req]        0.5                                                                 
     Concurrency     [req]          3 ± 0                                                             
              └─       [%]         35                                                                 
      Throughput    [op/s]      29991 ± 86                                                            
              ├─   [req/s]      29991 ± 86                                                            
              └─   [row/s]      14835 ± 43                                                            
   Cycle latency      [ms]      2.127 ± 0.017                                                         
 Request latency      [ms]      1.760 ± 0.003                                                         

CYCLE LATENCY for update [ms]  ═════════════════════════════════════════════════════════════════════════════════════════════
          Min                   0.740 ± 0.068                                                         
           25                   1.965 ± 0.005                                                         
           50                   2.398 ± 0.005                                                         
           75                   2.922 ± 0.007                                                         
           90                   3.561 ± 0.013                                                         
           95                   4.110 ± 0.020                                                         
           98                   4.866 ± 0.030                                                         
           99                   5.444 ± 0.046                                                         
           99.9                 7.385 ± 0.145                                                         
           99.99               10.920 ± 1.103                                                         
          Max                  19.202 ± 1.169                                                         

CYCLE LATENCY for get [ms]  ════════════════════════════════════════════════════════════════════════════════════════════════
          Min                   0.290 ± 0.033                                                         
           25                   1.146 ± 0.004                                                         
           50                   1.532 ± 0.004                                                         
           75                   2.045 ± 0.006                                                         
           90                   2.744 ± 0.014                                                         
           95                   3.418 ± 0.026                                                         
           98                   4.309 ± 0.031                                                         
           99                   4.952 ± 0.055                                                         
           99.9                 7.295 ± 0.219                                                         
           99.99               10.273 ± 1.047                                                         
          Max                  19.382 ± 1.233                                                         

info: Saved report to /output/latte_1.json
TIMEFORMAT 35.612 224.732 36.328
