Linux 6.17.0-1015-aws (ip-172-31-15-213) 	05/25/26 	_x86_64_	(4 CPU)

18:45:14     CPU    %usr   %nice    %sys %iowait    %irq   %soft  %steal  %guest  %gnice   %idle
18:45:19     all   21.20    0.00    8.78    0.00    0.00    2.22    0.10    0.00    0.00   67.69
18:45:19       0   26.41    0.00    9.68    0.00    0.00    2.42    0.20    0.00    0.00   61.29
18:45:19       1   14.75    0.00    9.49    0.00    0.00    0.00    0.00    0.00    0.00   75.76
18:45:19       2   28.63    0.00    6.85    0.00    0.00    6.45    0.20    0.00    0.00   57.86
18:45:19       3   14.98    0.00    9.11    0.00    0.00    0.00    0.00    0.00    0.00   75.91

18:45:19     CPU    %usr   %nice    %sys %iowait    %irq   %soft  %steal  %guest  %gnice   %idle
18:45:24     all   54.61    0.00   26.34    0.05    0.00    8.81    0.20    0.00    0.00    9.98
18:45:24       0   60.20    0.00   21.84    0.00    0.00    9.39    0.20    0.00    0.00    8.37
18:45:24       1   51.54    0.00   33.47    0.21    0.00    0.21    0.21    0.00    0.00   14.37
18:45:24       2   51.81    0.00   21.69    0.00    0.00   20.28    0.20    0.00    0.00    6.02
18:45:24       3   54.92    0.00   28.48    0.00    0.00    5.12    0.20    0.00    0.00   11.27

18:45:24     CPU    %usr   %nice    %sys %iowait    %irq   %soft  %steal  %guest  %gnice   %idle
18:45:29     all   56.32    0.00   26.85    0.05    0.00    7.08    0.16    0.00    0.00    9.54
18:45:29       0   52.88    0.00   28.36    0.00    0.00    8.53    0.43    0.00    0.00    9.81
18:45:29       1   59.26    0.00   27.16    0.00    0.00    0.00    0.00    0.00    0.00   13.58
18:45:29       2   53.99    0.00   28.15    0.00    0.00   10.50    0.21    0.00    0.00    7.14
18:45:29       3   59.03    0.00   23.74    0.21    0.00    9.45    0.00    0.00    0.00    7.56

18:45:29     CPU    %usr   %nice    %sys %iowait    %irq   %soft  %steal  %guest  %gnice   %idle
18:45:34     all   55.28    0.00   27.24    0.05    0.00    6.51    0.21    0.00    0.00   10.71
18:45:34       0   58.33    0.00   23.50    0.00    0.00    7.69    0.21    0.00    0.00   10.26
18:45:34       1   55.53    0.00   29.30    0.20    0.00    2.87    0.20    0.00    0.00   11.89
18:45:34       2   57.20    0.00   26.10    0.00    0.00    6.89    0.21    0.00    0.00    9.60
18:45:34       3   50.00    0.00   30.00    0.00    0.00    8.72    0.21    0.00    0.00   11.06

18:45:34     CPU    %usr   %nice    %sys %iowait    %irq   %soft  %steal  %guest  %gnice   %idle
18:45:39     all   56.04    0.00   27.34    0.11    0.00    6.28    0.11    0.00    0.00   10.13
18:45:39       0   58.64    0.00   24.09    0.21    0.00    7.04    0.21    0.00    0.00    9.81
18:45:39       1   50.00    0.00   32.56    0.00    0.00    5.88    0.00    0.00    0.00   11.55
18:45:39       2   53.83    0.00   29.57    0.00    0.00    3.62    0.21    0.00    0.00   12.77
18:45:39       3   61.67    0.00   23.12    0.21    0.00    8.54    0.00    0.00    0.00    6.46

18:45:39     CPU    %usr   %nice    %sys %iowait    %irq   %soft  %steal  %guest  %gnice   %idle
18:45:44     all   54.30    0.00   27.70    0.05    0.00    6.86    0.26    0.00    0.00   10.82
18:45:44       0   53.28    0.00   27.70    0.21    0.00    9.09    0.42    0.00    0.00    9.30
18:45:44       1   46.48    0.00   33.26    0.00    0.00    5.97    0.21    0.00    0.00   14.07
18:45:44       2   64.50    0.00   20.59    0.00    0.00    3.99    0.21    0.00    0.00   10.71
18:45:44       3   52.83    0.00   29.35    0.00    0.00    8.39    0.21    0.00    0.00    9.22

18:45:44     CPU    %usr   %nice    %sys %iowait    %irq   %soft  %steal  %guest  %gnice   %idle
18:45:49     all   55.69    0.00   27.27    0.16    0.00    7.03    0.16    0.00    0.00    9.70
18:45:49       0   51.60    0.00   29.21    0.00    0.00    8.74    0.21    0.00    0.00   10.23
18:45:49       1   52.83    0.00   29.77    0.21    0.00    6.71    0.00    0.00    0.00   10.48
18:45:49       2   61.49    0.00   23.60    0.21    0.00    3.93    0.41    0.00    0.00   10.35
18:45:49       3   56.69    0.00   26.57    0.21    0.00    8.79    0.00    0.00    0.00    7.74

18:45:49     CPU    %usr   %nice    %sys %iowait    %irq   %soft  %steal  %guest  %gnice   %idle
18:45:54     all   45.92    0.00   22.12    0.00    0.00    5.60    0.21    0.00    0.00   26.15
18:45:54       0   43.34    0.00   23.04    0.00    0.00    7.19    0.21    0.00    0.00   26.22
18:45:54       1   39.96    0.00   26.36    0.00    0.00    5.23    0.21    0.00    0.00   28.24
18:45:54       2   47.59    0.00   24.11    0.00    0.00    3.35    0.21    0.00    0.00   24.74
18:45:54       3   52.69    0.00   15.08    0.00    0.00    6.61    0.21    0.00    0.00   25.41
