Linux 6.17.0-1015-aws (ip-172-31-5-230) 	05/26/26 	_x86_64_	(4 CPU)

23:03:07     CPU    %usr   %nice    %sys %iowait    %irq   %soft  %steal  %guest  %gnice   %idle
23:03:12     all   15.25    0.00    5.15    0.10    0.00    0.51    0.05    0.00    0.00   78.94
23:03:12       0   19.22    0.00    4.50    0.00    0.00    1.02    0.20    0.00    0.00   75.05
23:03:12       1    8.35    0.00    5.37    0.00    0.00    0.00    0.00    0.00    0.00   86.28
23:03:12       2   27.13    0.00    5.87    0.00    0.00    1.01    0.00    0.00    0.00   65.99
23:03:12       3    6.48    0.00    4.86    0.40    0.00    0.00    0.00    0.00    0.00   88.26

23:03:12     CPU    %usr   %nice    %sys %iowait    %irq   %soft  %steal  %guest  %gnice   %idle
23:03:17     all   34.92    0.00   14.45    0.00    0.00    1.69    0.21    0.00    0.00   48.73
23:03:17       0   51.48    0.00   12.66    0.00    0.00    2.74    0.21    0.00    0.00   32.91
23:03:17       1   26.00    0.00   15.01    0.00    0.00    1.48    0.21    0.00    0.00   57.29
23:03:17       2   36.46    0.00   14.79    0.00    0.00    1.25    0.21    0.00    0.00   47.29
23:03:17       3   25.59    0.00   15.35    0.00    0.00    1.28    0.21    0.00    0.00   57.57

23:03:17     CPU    %usr   %nice    %sys %iowait    %irq   %soft  %steal  %guest  %gnice   %idle
23:03:22     all   33.90    0.00   14.95    0.00    0.00    1.71    0.16    0.00    0.00   49.28
23:03:22       0   24.20    0.00   16.70    0.00    0.00    1.50    0.21    0.00    0.00   57.39
23:03:22       1   40.98    0.00   15.50    0.00    0.00    3.40    0.00    0.00    0.00   40.13
23:03:22       2   44.63    0.00   10.95    0.00    0.00    0.00    0.21    0.00    0.00   44.21
23:03:22       3   25.06    0.00   16.85    0.00    0.00    2.00    0.22    0.00    0.00   55.88

23:03:22     CPU    %usr   %nice    %sys %iowait    %irq   %soft  %steal  %guest  %gnice   %idle
23:03:27     all   40.19    0.00   13.75    0.00    0.00    1.47    0.10    0.00    0.00   44.49
23:03:27       0   36.21    0.00   14.32    0.00    0.00    1.05    0.00    0.00    0.00   48.42
23:03:27       1   43.55    0.00   14.80    0.00    0.00    2.54    0.21    0.00    0.00   38.90
23:03:27       2   27.97    0.00   15.47    0.00    0.00    1.27    0.21    0.00    0.00   55.08
23:03:27       3   52.67    0.00   10.49    0.00    0.00    1.03    0.00    0.00    0.00   35.80

23:03:27     CPU    %usr   %nice    %sys %iowait    %irq   %soft  %steal  %guest  %gnice   %idle
23:03:32     all   30.46    0.00   14.18    0.00    0.00    1.79    0.10    0.00    0.00   53.47
23:03:32       0   38.81    0.00   12.53    0.00    0.00    1.44    0.21    0.00    0.00   47.02
23:03:32       1   34.43    0.00   13.40    0.00    0.00    2.47    0.00    0.00    0.00   49.69
23:03:32       2   26.07    0.00   15.68    0.00    0.00    3.26    0.00    0.00    0.00   54.99
23:03:32       3   22.74    0.00   15.09    0.00    0.00    0.00    0.20    0.00    0.00   61.97

23:03:32     CPU    %usr   %nice    %sys %iowait    %irq   %soft  %steal  %guest  %gnice   %idle
23:03:37     all   33.28    0.00   14.57    0.00    0.00    1.61    0.20    0.00    0.00   50.33
23:03:37       0   50.10    0.00   10.91    0.00    0.00    1.82    0.20    0.00    0.00   36.97
23:03:37       1   24.15    0.00   15.77    0.00    0.00    0.80    0.20    0.00    0.00   59.08
23:03:37       2   33.81    0.00   15.59    0.00    0.00    2.02    0.20    0.00    0.00   48.38
23:03:37       3   25.15    0.00   16.02    0.00    0.00    1.83    0.20    0.00    0.00   56.80

23:03:37     CPU    %usr   %nice    %sys %iowait    %irq   %soft  %steal  %guest  %gnice   %idle
23:03:42     all   31.77    0.00   14.14    0.10    0.00    1.59    0.20    0.00    0.00   52.19
23:03:42       0   30.94    0.00   14.57    0.00    0.00    1.20    0.20    0.00    0.00   53.09
23:03:42       1   22.79    0.00   14.73    0.20    0.00    0.00    0.20    0.00    0.00   62.08
23:03:42       2   47.82    0.00   12.10    0.20    0.00    1.98    0.20    0.00    0.00   37.70
23:03:42       3   25.51    0.00   15.18    0.00    0.00    3.24    0.20    0.00    0.00   55.87

23:03:42     CPU    %usr   %nice    %sys %iowait    %irq   %soft  %steal  %guest  %gnice   %idle
23:03:47     all   45.20    0.00   12.99    0.00    0.00    1.42    0.00    0.00    0.00   40.39
23:03:47       0   34.76    0.00   16.03    0.00    0.00    2.03    0.00    0.00    0.00   47.18
23:03:47       1   43.35    0.00   12.88    0.00    0.00    0.00    0.00    0.00    0.00   43.78
23:03:47       2   38.53    0.00   14.25    0.00    0.00    1.78    0.00    0.00    0.00   45.43
23:03:47       3   63.08    0.00    9.07    0.00    0.00    1.90    0.00    0.00    0.00   25.95

23:03:47     CPU    %usr   %nice    %sys %iowait    %irq   %soft  %steal  %guest  %gnice   %idle
23:03:52     all   33.77    0.00   13.20    0.05    0.00    1.42    0.21    0.00    0.00   51.34
23:03:52       0   38.03    0.00   13.46    0.21    0.00    3.85    0.21    0.00    0.00   44.23
23:03:52       1   24.90    0.00   14.32    0.00    0.00    0.00    0.21    0.00    0.00   60.58
23:03:52       2   26.09    0.00   14.13    0.00    0.00    1.09    0.22    0.00    0.00   58.48
23:03:52       3   45.62    0.00   11.00    0.00    0.00    0.81    0.20    0.00    0.00   42.36

23:03:52     CPU    %usr   %nice    %sys %iowait    %irq   %soft  %steal  %guest  %gnice   %idle
23:03:57     all   38.19    0.00   13.23    0.05    0.00    1.76    0.21    0.00    0.00   46.56
23:03:57       0   48.64    0.00   12.11    0.00    0.00    2.30    0.21    0.00    0.00   36.74
23:03:57       1   27.12    0.00   15.53    0.00    0.00    2.90    0.21    0.00    0.00   54.24
23:03:57       2   42.71    0.00   12.53    0.00    0.00    0.82    0.21    0.00    0.00   43.74
23:03:57       3   34.36    0.00   12.76    0.21    0.00    1.03    0.21    0.00    0.00   51.44

23:03:57     CPU    %usr   %nice    %sys %iowait    %irq   %soft  %steal  %guest  %gnice   %idle
23:04:02     all   34.99    0.00   13.12    0.05    0.00    1.92    0.11    0.00    0.00   49.81
23:04:02       0   35.88    0.00   13.80    0.00    0.00    1.49    0.21    0.00    0.00   48.62
23:04:02       1   24.73    0.00   15.97    0.22    0.00    4.60    0.00    0.00    0.00   54.49
23:04:02       2   44.31    0.00    9.94    0.00    0.00    0.00    0.21    0.00    0.00   45.55
23:04:02       3   34.48    0.00   12.93    0.00    0.00    1.72    0.00    0.00    0.00   50.86

23:04:02     CPU    %usr   %nice    %sys %iowait    %irq   %soft  %steal  %guest  %gnice   %idle
23:04:07     all   36.16    0.00   13.42    0.05    0.00    1.87    0.16    0.00    0.00   48.34
23:04:07       0   38.53    0.00   15.37    0.00    0.00    1.89    0.21    0.00    0.00   44.00
23:04:07       1   37.89    0.00   13.46    0.00    0.00    2.28    0.21    0.00    0.00   46.17
23:04:07       2   35.01    0.00   12.16    0.21    0.00    2.94    0.00    0.00    0.00   49.69
23:04:07       3   33.26    0.00   12.73    0.00    0.00    0.41    0.21    0.00    0.00   53.39

23:04:07     CPU    %usr   %nice    %sys %iowait    %irq   %soft  %steal  %guest  %gnice   %idle
23:04:12     all   29.28    0.00   12.32    0.00    0.00    1.74    0.21    0.00    0.00   56.45
23:04:12       0   24.40    0.00   14.51    0.00    0.00    2.20    0.22    0.00    0.00   58.68
23:04:12       1   38.92    0.00   10.35    0.00    0.00    0.62    0.21    0.00    0.00   49.90
23:04:12       2   28.00    0.00   12.21    0.00    0.00    4.21    0.21    0.00    0.00   55.37
23:04:12       3   25.51    0.00   12.35    0.00    0.00    0.00    0.21    0.00    0.00   61.93

23:04:12     CPU    %usr   %nice    %sys %iowait    %irq   %soft  %steal  %guest  %gnice   %idle
23:04:17     all   28.18    0.00   13.02    0.00    0.00    1.63    0.10    0.00    0.00   57.07
23:04:17       0   23.52    0.00   14.19    0.00    0.00    2.33    0.21    0.00    0.00   59.75
23:04:17       1   33.93    0.00   12.97    0.00    0.00    0.60    0.00    0.00    0.00   52.50
23:04:17       2   22.47    0.00   13.16    0.00    0.00    1.01    0.20    0.00    0.00   63.16
23:04:17       3   32.52    0.00   11.79    0.00    0.00    2.64    0.00    0.00    0.00   53.05

23:04:17     CPU    %usr   %nice    %sys %iowait    %irq   %soft  %steal  %guest  %gnice   %idle
23:04:22     all   28.57    0.00   13.74    0.05    0.00    1.45    0.20    0.00    0.00   55.99
23:04:22       0   24.24    0.00   15.27    0.00    0.00    2.65    0.20    0.00    0.00   57.64
23:04:22       1   27.52    0.00   13.47    0.00    0.00    0.59    0.20    0.00    0.00   58.22
23:04:22       2   30.78    0.00   12.94    0.00    0.00    0.00    0.20    0.00    0.00   56.08
23:04:22       3   31.65    0.00   13.31    0.20    0.00    2.62    0.20    0.00    0.00   52.02

23:04:22     CPU    %usr   %nice    %sys %iowait    %irq   %soft  %steal  %guest  %gnice   %idle
23:04:27     all   31.68    0.00   14.25    0.00    0.00    1.47    0.05    0.00    0.00   52.55
23:04:27       0   25.90    0.00   17.33    0.00    0.00    2.39    0.20    0.00    0.00   54.18
23:04:27       1   41.14    0.00   11.02    0.00    0.00    0.59    0.00    0.00    0.00   47.24
23:04:27       2   35.85    0.00   13.37    0.00    0.00    1.74    0.00    0.00    0.00   49.03
23:04:27       3   23.84    0.00   15.31    0.00    0.00    1.16    0.00    0.00    0.00   59.69

23:04:27     CPU    %usr   %nice    %sys %iowait    %irq   %soft  %steal  %guest  %gnice   %idle
23:04:32     all   30.13    0.00   14.64    0.05    0.00    1.68    0.20    0.00    0.00   53.30
23:04:32       0   38.46    0.00   14.17    0.00    0.00    3.44    0.20    0.00    0.00   43.72
23:04:32       1   25.54    0.00   14.34    0.20    0.00    0.98    0.20    0.00    0.00   58.74
23:04:32       2   25.44    0.00   16.37    0.00    0.00    2.37    0.20    0.00    0.00   55.62
23:04:32       3   31.27    0.00   13.71    0.00    0.00    0.00    0.19    0.00    0.00   54.83

23:04:32     CPU    %usr   %nice    %sys %iowait    %irq   %soft  %steal  %guest  %gnice   %idle
23:04:37     all   33.28    0.00   14.10    0.00    0.00    1.67    0.10    0.00    0.00   50.84
23:04:37       0   49.07    0.00   12.22    0.00    0.00    2.90    0.00    0.00    0.00   35.82
23:04:37       1   24.44    0.00   14.87    0.00    0.00    0.81    0.20    0.00    0.00   59.67
23:04:37       2   25.65    0.00   15.63    0.00    0.00    1.40    0.00    0.00    0.00   57.31
23:04:37       3   34.34    0.00   13.65    0.00    0.00    1.61    0.20    0.00    0.00   50.20

23:04:37     CPU    %usr   %nice    %sys %iowait    %irq   %soft  %steal  %guest  %gnice   %idle
23:04:42     all   27.55    0.00   12.68    0.00    0.00    1.57    0.16    0.00    0.00   58.04
23:04:42       0   23.04    0.00   14.78    0.00    0.00    2.17    0.22    0.00    0.00   59.78
23:04:42       1   20.46    0.00   13.15    0.00    0.00    0.84    0.21    0.00    0.00   65.34
23:04:42       2   31.43    0.00   10.82    0.00    0.00    0.00    0.20    0.00    0.00   57.55
23:04:42       3   35.00    0.00   12.08    0.00    0.00    3.33    0.00    0.00    0.00   49.58

23:04:42     CPU    %usr   %nice    %sys %iowait    %irq   %soft  %steal  %guest  %gnice   %idle
23:04:47     all   31.55    0.00   12.86    0.05    0.00    1.43    0.16    0.00    0.00   53.94
23:04:47       0   33.62    0.00   12.93    0.22    0.00    2.80    0.22    0.00    0.00   50.22
23:04:47       1   32.29    0.00   12.37    0.00    0.00    0.63    0.00    0.00    0.00   54.72
23:04:47       2   22.91    0.00   14.56    0.00    0.00    1.28    0.21    0.00    0.00   61.03
23:04:47       3   37.21    0.00   11.64    0.00    0.00    1.04    0.21    0.00    0.00   49.90

23:04:47     CPU    %usr   %nice    %sys %iowait    %irq   %soft  %steal  %guest  %gnice   %idle
23:04:52     all   26.17    0.00   11.39    0.00    0.00    1.06    0.16    0.00    0.00   61.23
23:04:52       0   21.32    0.00   13.19    0.00    0.00    1.98    0.00    0.00    0.00   63.52
23:04:52       1   20.80    0.00   11.13    0.00    0.00    0.42    0.21    0.00    0.00   67.44
23:04:52       2   32.84    0.00   11.02    0.00    0.00    1.91    0.21    0.00    0.00   54.03
23:04:52       3   29.48    0.00   10.31    0.00    0.00    0.00    0.21    0.00    0.00   60.00

23:04:52     CPU    %usr   %nice    %sys %iowait    %irq   %soft  %steal  %guest  %gnice   %idle
23:04:57     all   30.21    0.00   12.26    0.00    0.00    1.26    0.16    0.00    0.00   56.11
23:04:57       0   35.39    0.00   12.58    0.00    0.00    2.13    0.21    0.00    0.00   49.68
23:04:57       1   24.53    0.00   12.37    0.00    0.00    0.42    0.21    0.00    0.00   62.47
23:04:57       2   36.11    0.00   11.75    0.00    0.00    1.71    0.00    0.00    0.00   50.43
23:04:57       3   25.10    0.00   12.35    0.00    0.00    0.82    0.21    0.00    0.00   61.52

23:04:57     CPU    %usr   %nice    %sys %iowait    %irq   %soft  %steal  %guest  %gnice   %idle
23:05:02     all   42.51    0.00   13.04    0.05    0.00    1.44    0.10    0.00    0.00   42.86
23:05:02       0   38.77    0.00   13.14    0.00    0.00    1.48    0.21    0.00    0.00   46.40
23:05:02       1   28.54    0.00   15.81    0.00    0.00    0.62    0.00    0.00    0.00   55.03
23:05:02       2   61.68    0.00    9.84    0.20    0.00    2.25    0.20    0.00    0.00   25.82
23:05:02       3   40.92    0.00   13.37    0.00    0.00    1.40    0.00    0.00    0.00   44.31

23:05:02     CPU    %usr   %nice    %sys %iowait    %irq   %soft  %steal  %guest  %gnice   %idle
23:05:07     all   49.19    0.00   13.13    0.10    0.00    1.56    0.21    0.00    0.00   35.80
23:05:07       0   30.56    0.00   16.88    0.21    0.00    0.85    0.21    0.00    0.00   51.28
23:05:07       1   37.79    0.00   16.91    0.21    0.00    0.42    0.21    0.00    0.00   44.47
23:05:07       2   61.22    0.00   11.22    0.00    0.00    3.27    0.20    0.00    0.00   24.08
23:05:07       3   66.39    0.00    7.68    0.00    0.00    1.66    0.21    0.00    0.00   24.07

23:05:07     CPU    %usr   %nice    %sys %iowait    %irq   %soft  %steal  %guest  %gnice   %idle
23:05:12     all   44.62    0.00   10.29    0.05    0.00    1.97    0.21    0.00    0.00   42.86
23:05:12       0   44.66    0.00    9.37    0.22    0.00    0.87    0.22    0.00    0.00   44.66
23:05:12       1   30.17    0.00   13.58    0.00    0.00    0.22    0.22    0.00    0.00   55.82
23:05:12       2   63.51    0.00    8.25    0.00    0.00    5.36    0.21    0.00    0.00   22.68
23:05:12       3   39.32    0.00   10.04    0.00    0.00    1.28    0.21    0.00    0.00   49.15

23:05:12     CPU    %usr   %nice    %sys %iowait    %irq   %soft  %steal  %guest  %gnice   %idle
23:05:17     all   42.56    0.00   11.57    0.11    0.00    1.89    0.16    0.00    0.00   43.71
23:05:17       0   49.79    0.00   10.00    0.00    0.00    1.04    0.21    0.00    0.00   38.96
23:05:17       1   34.90    0.00   12.42    0.21    0.00    3.21    0.21    0.00    0.00   49.04
23:05:17       2   47.89    0.00   10.34    0.00    0.00    2.53    0.21    0.00    0.00   39.03
23:05:17       3   37.50    0.00   13.54    0.21    0.00    0.83    0.00    0.00    0.00   47.92

23:05:17     CPU    %usr   %nice    %sys %iowait    %irq   %soft  %steal  %guest  %gnice   %idle
23:05:22     all   27.80    0.00   11.43    0.00    0.00    1.75    0.16    0.00    0.00   58.85
23:05:22       0   18.78    0.00   13.10    0.00    0.00    1.31    0.22    0.00    0.00   66.59
23:05:22       1   24.35    0.00   12.07    0.00    0.00    4.74    0.00    0.00    0.00   58.84
23:05:22       2   47.54    0.00    8.20    0.00    0.00    0.20    0.20    0.00    0.00   43.85
23:05:22       3   19.53    0.00   12.53    0.00    0.00    0.85    0.21    0.00    0.00   66.88

23:05:22     CPU    %usr   %nice    %sys %iowait    %irq   %soft  %steal  %guest  %gnice   %idle
23:05:27     all   26.52    0.00   11.48    0.00    0.00    1.42    0.05    0.00    0.00   60.53
23:05:27       0   21.21    0.00   13.42    0.00    0.00    1.52    0.00    0.00    0.00   63.85
23:05:27       1   31.90    0.00   10.02    0.00    0.00    2.45    0.20    0.00    0.00   55.42
23:05:27       2   33.54    0.00   10.48    0.00    0.00    1.26    0.00    0.00    0.00   54.72
23:05:27       3   19.17    0.00   12.08    0.00    0.00    0.42    0.00    0.00    0.00   68.33

23:05:27     CPU    %usr   %nice    %sys %iowait    %irq   %soft  %steal  %guest  %gnice   %idle
23:05:32     all   27.98    0.00   11.75    0.05    0.00    1.63    0.16    0.00    0.00   58.43
23:05:32       0   33.19    0.00   12.50    0.22    0.00    3.02    0.22    0.00    0.00   50.86
23:05:32       1   25.26    0.00   11.69    0.00    0.00    0.42    0.00    0.00    0.00   62.63
23:05:32       2   36.58    0.00   10.99    0.00    0.00    3.17    0.21    0.00    0.00   49.05
23:05:32       3   17.22    0.00   11.83    0.00    0.00    0.00    0.21    0.00    0.00   70.75

23:05:32     CPU    %usr   %nice    %sys %iowait    %irq   %soft  %steal  %guest  %gnice   %idle
23:05:37     all   25.80    0.00   10.42    0.00    0.00    1.24    0.22    0.00    0.00   62.33
23:05:37       0   19.73    0.00   13.15    0.00    0.00    2.49    0.23    0.00    0.00   64.40
23:05:37       1   17.09    0.00   11.11    0.00    0.00    0.43    0.21    0.00    0.00   71.15
23:05:37       2   47.60    0.00    7.52    0.00    0.00    1.04    0.21    0.00    0.00   43.63
23:05:37       3   17.85    0.00   10.11    0.00    0.00    1.08    0.22    0.00    0.00   70.75

23:05:37     CPU    %usr   %nice    %sys %iowait    %irq   %soft  %steal  %guest  %gnice   %idle
23:05:42     all   23.73    0.00    9.32    0.00    0.00    1.10    0.10    0.00    0.00   65.74
23:05:42       0   15.18    0.00    9.76    0.00    0.00    1.30    0.22    0.00    0.00   73.54
23:05:42       1   20.00    0.00   10.00    0.00    0.00    0.62    0.21    0.00    0.00   69.17
23:05:42       2   25.26    0.00    9.86    0.00    0.00    0.00    0.00    0.00    0.00   64.89
23:05:42       3   34.10    0.00    7.69    0.00    0.00    2.49    0.00    0.00    0.00   55.72
