Linux 6.17.0-1015-aws (ip-172-31-3-246) 	05/27/26 	_x86_64_	(4 CPU)

19:13:19     CPU    %usr   %nice    %sys %iowait    %irq   %soft  %steal  %guest  %gnice   %idle
19:13:24     all   17.36    0.00    4.09    0.05    0.00    1.31    0.10    0.00    0.00   77.09
19:13:24       0   19.43    0.00    5.26    0.20    0.00    0.20    0.00    0.00    0.00   74.90
19:13:24       1    7.27    0.00    3.64    0.00    0.00    1.21    0.20    0.00    0.00   87.68
19:13:24       2   11.72    0.00    5.05    0.00    0.00    0.00    0.00    0.00    0.00   83.23
19:13:24       3   30.92    0.00    2.41    0.00    0.00    3.82    0.20    0.00    0.00   62.65

19:13:24     CPU    %usr   %nice    %sys %iowait    %irq   %soft  %steal  %guest  %gnice   %idle
19:13:29     all   59.86    0.00   23.88    0.00    0.00   10.87    0.25    0.00    0.00    5.13
19:13:29       0   60.77    0.00   30.69    0.00    0.00    0.00    0.41    0.00    0.00    8.13
19:13:29       1   60.37    0.00   24.85    0.00    0.00   10.27    0.21    0.00    0.00    4.31
19:13:29       2   61.35    0.00   30.27    0.00    0.00    0.00    0.20    0.00    0.00    8.18
19:13:29       3   57.00    0.00   10.00    0.00    0.00   32.80    0.20    0.00    0.00    0.00

19:13:29     CPU    %usr   %nice    %sys %iowait    %irq   %soft  %steal  %guest  %gnice   %idle
19:13:34     all   60.61    0.00   23.72    0.00    0.00   10.08    0.25    0.00    0.00    5.34
19:13:34       0   64.21    0.00   26.58    0.00    0.00    0.00    0.20    0.00    0.00    9.00
19:13:34       1   60.57    0.00   25.05    0.00    0.00    9.45    0.41    0.00    0.00    4.52
19:13:34       2   63.75    0.00   26.68    0.00    0.00    1.43    0.41    0.00    0.00    7.74
19:13:34       3   54.02    0.00   16.67    0.00    0.00   29.12    0.00    0.00    0.00    0.20

19:13:34     CPU    %usr   %nice    %sys %iowait    %irq   %soft  %steal  %guest  %gnice   %idle
19:13:39     all   69.59    0.00   23.41    0.00    0.00    5.69    0.20    0.00    0.00    1.11
19:13:39       0   74.09    0.00   23.28    0.00    0.00    0.00    0.20    0.00    0.00    2.43
19:13:39       1   73.99    0.00   18.55    0.00    0.00    6.45    0.20    0.00    0.00    0.81
19:13:39       2   67.07    0.00   24.90    0.00    0.00    7.43    0.20    0.00    0.00    0.40
19:13:39       3   63.25    0.00   26.91    0.00    0.00    8.84    0.20    0.00    0.00    0.80

19:13:39     CPU    %usr   %nice    %sys %iowait    %irq   %soft  %steal  %guest  %gnice   %idle
19:13:44     all   73.67    0.00   17.97    0.00    0.00    7.91    0.25    0.00    0.00    0.20
19:13:44       0   63.80    0.00   34.80    0.00    0.00    1.20    0.20    0.00    0.00    0.00
19:13:44       1   84.17    0.00    6.61    0.00    0.00    8.62    0.20    0.00    0.00    0.40
19:13:44       2   71.20    0.00   18.00    0.00    0.00   10.40    0.40    0.00    0.00    0.00
19:13:44       3   75.55    0.00   12.42    0.00    0.00   11.42    0.20    0.00    0.00    0.40

19:13:44     CPU    %usr   %nice    %sys %iowait    %irq   %soft  %steal  %guest  %gnice   %idle
19:13:49     all   64.00    0.00   23.88    0.00    0.00    9.52    0.15    0.00    0.00    2.44
19:13:49       0   61.10    0.00   27.29    0.00    0.00    8.76    0.20    0.00    0.00    2.65
19:13:49       1   59.55    0.00   27.03    0.00    0.00   10.57    0.20    0.00    0.00    2.64
19:13:49       2   60.49    0.00   26.27    0.00    0.00   11.41    0.00    0.00    0.00    1.83
19:13:49       3   74.90    0.00   14.90    0.00    0.00    7.35    0.20    0.00    0.00    2.65

19:13:49     CPU    %usr   %nice    %sys %iowait    %irq   %soft  %steal  %guest  %gnice   %idle
19:13:54     all   60.79    0.00   22.54    0.00    0.00    9.64    0.25    0.00    0.00    6.78
19:13:54       0   56.97    0.00   25.20    0.00    0.00    8.81    0.20    0.00    0.00    8.81
19:13:54       1   56.10    0.00   24.19    0.00    0.00   10.16    0.41    0.00    0.00    9.15
19:13:54       2   69.37    0.00   17.44    0.00    0.00   11.76    0.20    0.00    0.00    1.22
19:13:54       3   60.66    0.00   23.36    0.00    0.00    7.79    0.20    0.00    0.00    7.99

19:13:54     CPU    %usr   %nice    %sys %iowait    %irq   %soft  %steal  %guest  %gnice   %idle
19:13:59     all   55.91    0.00   24.84    0.00    0.00    7.37    0.21    0.00    0.00   11.67
19:13:59       0   54.77    0.00   26.14    0.00    0.00    6.85    0.21    0.00    0.00   12.03
19:13:59       1   55.79    0.00   23.16    0.00    0.00    7.16    0.21    0.00    0.00   13.68
19:13:59       2   56.67    0.00   24.64    0.00    0.00    9.45    0.21    0.00    0.00    9.03
19:13:59       3   56.40    0.00   25.41    0.00    0.00    5.99    0.21    0.00    0.00   11.98

19:13:59     CPU    %usr   %nice    %sys %iowait    %irq   %soft  %steal  %guest  %gnice   %idle
19:14:04     all   55.78    0.00   25.39    0.00    0.00    7.28    0.21    0.00    0.00   11.34
19:14:04       0   56.38    0.00   25.31    0.00    0.00    7.00    0.21    0.00    0.00   11.11
19:14:04       1   56.07    0.00   25.10    0.00    0.00    7.32    0.21    0.00    0.00   11.30
19:14:04       2   56.31    0.00   25.26    0.00    0.00    8.70    0.21    0.00    0.00    9.52
19:14:04       3   54.32    0.00   25.89    0.00    0.00    6.11    0.21    0.00    0.00   13.47

19:14:04     CPU    %usr   %nice    %sys %iowait    %irq   %soft  %steal  %guest  %gnice   %idle
19:14:09     all   57.74    0.00   24.02    0.00    0.00    7.30    0.26    0.00    0.00   10.68
19:14:09       0   61.00    0.00   21.58    0.00    0.00    6.22    0.21    0.00    0.00   11.00
19:14:09       1   50.10    0.00   28.30    0.00    0.00    7.76    0.42    0.00    0.00   13.42
19:14:09       2   56.88    0.00   25.00    0.00    0.00    9.17    0.21    0.00    0.00    8.75
19:14:09       3   62.92    0.00   21.25    0.00    0.00    6.04    0.21    0.00    0.00    9.58

19:14:09     CPU    %usr   %nice    %sys %iowait    %irq   %soft  %steal  %guest  %gnice   %idle
19:14:14     all   56.43    0.00   24.74    0.00    0.00    7.41    0.36    0.00    0.00   11.06
19:14:14       0   52.78    0.00   28.04    0.00    0.00    7.01    0.41    0.00    0.00   11.75
19:14:14       1   60.94    0.00   19.84    0.00    0.00    8.18    0.41    0.00    0.00   10.63
19:14:14       2   51.65    0.00   28.93    0.00    0.00    8.47    0.21    0.00    0.00   10.74
19:14:14       3   60.29    0.00   22.22    0.00    0.00    5.97    0.41    0.00    0.00   11.11

19:14:14     CPU    %usr   %nice    %sys %iowait    %irq   %soft  %steal  %guest  %gnice   %idle
19:14:19     all   57.95    0.00   24.22    0.00    0.00    7.07    0.21    0.00    0.00   10.55
19:14:19       0   52.81    0.00   28.07    0.00    0.00    6.65    0.21    0.00    0.00   12.27
19:14:19       1   68.17    0.00   16.02    0.00    0.00    7.60    0.21    0.00    0.00    8.01
19:14:19       2   54.26    0.00   27.65    0.00    0.00    8.32    0.21    0.00    0.00    9.56
19:14:19       3   56.42    0.00   25.26    0.00    0.00    5.68    0.21    0.00    0.00   12.42

19:14:19     CPU    %usr   %nice    %sys %iowait    %irq   %soft  %steal  %guest  %gnice   %idle
19:14:24     all   56.39    0.00   24.82    0.00    0.00    7.22    0.21    0.00    0.00   11.37
19:14:24       0   56.02    0.00   25.31    0.00    0.00    7.05    0.21    0.00    0.00   11.41
19:14:24       1   58.33    0.00   22.29    0.00    0.00    7.50    0.21    0.00    0.00   11.67
19:14:24       2   55.44    0.00   26.69    0.00    0.00    8.01    0.21    0.00    0.00    9.65
19:14:24       3   55.77    0.00   24.95    0.00    0.00    6.29    0.21    0.00    0.00   12.79

19:14:24     CPU    %usr   %nice    %sys %iowait    %irq   %soft  %steal  %guest  %gnice   %idle
19:14:29     all   56.22    0.00   24.67    0.00    0.00    7.65    0.21    0.00    0.00   11.24
19:14:29       0   52.83    0.00   26.83    0.00    0.00    7.13    0.21    0.00    0.00   13.00
19:14:29       1   55.11    0.00   24.63    0.00    0.00    8.35    0.21    0.00    0.00   11.69
19:14:29       2   52.92    0.00   27.71    0.00    0.00    8.96    0.21    0.00    0.00   10.21
19:14:29       3   63.92    0.00   19.59    0.00    0.00    6.19    0.21    0.00    0.00   10.10

19:14:29     CPU    %usr   %nice    %sys %iowait    %irq   %soft  %steal  %guest  %gnice   %idle
19:14:34     all   56.26    0.00   24.92    0.00    0.00    7.34    0.21    0.00    0.00   11.27
19:14:34       0   55.21    0.00   26.58    0.00    0.00    7.57    0.20    0.00    0.00   10.43
19:14:34       1   53.35    0.00   25.52    0.00    0.00    7.11    0.42    0.00    0.00   13.60
19:14:34       2   63.37    0.00   19.55    0.00    0.00    9.47    0.00    0.00    0.00    7.61
19:14:34       3   53.01    0.00   28.07    0.00    0.00    5.20    0.21    0.00    0.00   13.51

19:14:34     CPU    %usr   %nice    %sys %iowait    %irq   %soft  %steal  %guest  %gnice   %idle
19:14:39     all   57.01    0.00   24.74    0.00    0.00    7.89    0.21    0.00    0.00   10.15
19:14:39       0   60.53    0.00   22.49    0.00    0.00    7.57    0.20    0.00    0.00    9.20
19:14:39       1   50.94    0.00   28.18    0.00    0.00    7.93    0.21    0.00    0.00   12.73
19:14:39       2   60.49    0.00   23.01    0.00    0.00    9.57    0.20    0.00    0.00    6.72
19:14:39       3   55.93    0.00   25.36    0.00    0.00    6.44    0.21    0.00    0.00   12.06

19:14:39     CPU    %usr   %nice    %sys %iowait    %irq   %soft  %steal  %guest  %gnice   %idle
19:14:44     all   58.43    0.00   24.25    0.00    0.00    7.61    0.21    0.00    0.00    9.51
19:14:44       0   54.85    0.00   27.01    0.00    0.00    6.80    0.21    0.00    0.00   11.13
19:14:44       1   62.58    0.00   21.27    0.00    0.00    8.18    0.20    0.00    0.00    7.77
19:14:44       2   62.17    0.00   21.27    0.00    0.00    9.41    0.20    0.00    0.00    6.95
19:14:44       3   54.04    0.00   27.54    0.00    0.00    6.00    0.21    0.00    0.00   12.22

19:14:44     CPU    %usr   %nice    %sys %iowait    %irq   %soft  %steal  %guest  %gnice   %idle
19:14:49     all   56.54    0.00   24.59    0.00    0.00    7.57    0.26    0.00    0.00   11.05
19:14:49       0   61.25    0.00   21.04    0.00    0.00    7.08    0.21    0.00    0.00   10.42
19:14:49       1   50.94    0.00   27.77    0.00    0.00    8.14    0.42    0.00    0.00   12.73
19:14:49       2   63.14    0.00   20.16    0.00    0.00    9.37    0.20    0.00    0.00    7.13
19:14:49       3   50.63    0.00   29.50    0.00    0.00    5.65    0.21    0.00    0.00   14.02

19:14:49     CPU    %usr   %nice    %sys %iowait    %irq   %soft  %steal  %guest  %gnice   %idle
19:14:54     all   56.07    0.00   25.30    0.00    0.00    7.43    0.26    0.00    0.00   10.94
19:14:54       0   57.41    0.00   24.69    0.00    0.00    6.17    0.21    0.00    0.00   11.52
19:14:54       1   60.82    0.00   21.63    0.00    0.00    8.57    0.20    0.00    0.00    8.78
19:14:54       2   54.28    0.00   26.72    0.00    0.00    8.98    0.21    0.00    0.00    9.81
19:14:54       3   51.66    0.00   28.22    0.00    0.00    6.02    0.41    0.00    0.00   13.69

19:14:54     CPU    %usr   %nice    %sys %iowait    %irq   %soft  %steal  %guest  %gnice   %idle
19:14:59     all   56.42    0.00   25.00    0.00    0.00    7.66    0.21    0.00    0.00   10.71
19:14:59       0   66.67    0.00   17.18    0.00    0.00    7.16    0.41    0.00    0.00    8.59
19:14:59       1   50.21    0.00   28.75    0.00    0.00    8.12    0.21    0.00    0.00   12.71
19:14:59       2   53.93    0.00   27.48    0.00    0.00    9.71    0.00    0.00    0.00    8.88
19:14:59       3   54.70    0.00   26.72    0.00    0.00    5.64    0.21    0.00    0.00   12.73

19:14:59     CPU    %usr   %nice    %sys %iowait    %irq   %soft  %steal  %guest  %gnice   %idle
19:15:04     all   56.90    0.00   23.89    0.00    0.00    7.72    0.21    0.00    0.00   11.28
19:15:04       0   55.01    0.00   26.18    0.00    0.00    7.57    0.20    0.00    0.00   11.04
19:15:04       1   57.44    0.00   22.31    0.00    0.00    8.26    0.21    0.00    0.00   11.78
19:15:04       2   52.18    0.00   27.44    0.00    0.00    9.36    0.21    0.00    0.00   10.81
19:15:04       3   62.91    0.00   19.67    0.00    0.00    5.74    0.20    0.00    0.00   11.48

19:15:04     CPU    %usr   %nice    %sys %iowait    %irq   %soft  %steal  %guest  %gnice   %idle
19:15:09     all   58.53    0.00   23.94    0.00    0.00    7.91    0.21    0.00    0.00    9.41
19:15:09       0   56.31    0.00   25.88    0.00    0.00    7.25    0.21    0.00    0.00   10.35
19:15:09       1   55.69    0.00   26.29    0.00    0.00    7.66    0.21    0.00    0.00   10.14
19:15:09       2   69.86    0.00   14.26    0.00    0.00   11.20    0.20    0.00    0.00    4.48
19:15:09       3   51.99    0.00   29.56    0.00    0.00    5.45    0.21    0.00    0.00   12.79

19:15:09     CPU    %usr   %nice    %sys %iowait    %irq   %soft  %steal  %guest  %gnice   %idle
19:15:14     all   56.59    0.00   25.01    0.00    0.00    7.19    0.21    0.00    0.00   11.00
19:15:14       0   58.00    0.00   24.12    0.00    0.00    6.44    0.21    0.00    0.00   11.23
19:15:14       1   56.09    0.00   23.32    0.00    0.00    8.19    0.21    0.00    0.00   12.18
19:15:14       2   54.56    0.00   27.39    0.00    0.00    8.71    0.21    0.00    0.00    9.13
19:15:14       3   57.71    0.00   25.21    0.00    0.00    5.42    0.21    0.00    0.00   11.46

19:15:14     CPU    %usr   %nice    %sys %iowait    %irq   %soft  %steal  %guest  %gnice   %idle
19:15:19     all   56.19    0.00   25.67    0.00    0.00    7.53    0.26    0.00    0.00   10.36
19:15:19       0   60.41    0.00   23.51    0.00    0.00    6.19    0.21    0.00    0.00    9.69
19:15:19       1   53.00    0.00   27.33    0.00    0.00    7.66    0.41    0.00    0.00   11.59
19:15:19       2   52.77    0.00   28.13    0.00    0.00   10.06    0.21    0.00    0.00    8.83
19:15:19       3   58.56    0.00   23.71    0.00    0.00    6.19    0.21    0.00    0.00   11.34

19:15:19     CPU    %usr   %nice    %sys %iowait    %irq   %soft  %steal  %guest  %gnice   %idle
19:15:24     all   58.62    0.00   23.97    0.00    0.00    7.35    0.21    0.00    0.00    9.85
19:15:24       0   58.66    0.00   25.05    0.00    0.00    5.85    0.21    0.00    0.00   10.23
19:15:24       1   59.12    0.00   22.43    0.00    0.00    8.18    0.21    0.00    0.00   10.06
19:15:24       2   56.43    0.00   25.31    0.00    0.00    9.75    0.00    0.00    0.00    8.51
19:15:24       3   60.29    0.00   23.08    0.00    0.00    5.61    0.42    0.00    0.00   10.60

19:15:24     CPU    %usr   %nice    %sys %iowait    %irq   %soft  %steal  %guest  %gnice   %idle
19:15:29     all   79.89    0.00   13.11    0.00    0.00    6.55    0.20    0.00    0.00    0.25
19:15:29       0   82.44    0.00   12.18    0.00    0.00    5.19    0.20    0.00    0.00    0.00
19:15:29       1   82.80    0.00    9.20    0.00    0.00    7.60    0.20    0.00    0.00    0.20
19:15:29       2   63.80    0.00   25.60    0.00    0.00    9.80    0.20    0.00    0.00    0.60
19:15:29       3   90.56    0.00    5.42    0.00    0.00    3.61    0.20    0.00    0.00    0.20

19:15:29     CPU    %usr   %nice    %sys %iowait    %irq   %soft  %steal  %guest  %gnice   %idle
19:15:34     all   68.42    0.00   19.05    0.00    0.00    7.28    0.25    0.00    0.00    4.99
19:15:34       0   67.07    0.00   19.92    0.00    0.00    6.91    0.20    0.00    0.00    5.89
19:15:34       1   70.41    0.00   17.14    0.00    0.00    7.76    0.20    0.00    0.00    4.49
19:15:34       2   64.50    0.00   23.12    0.00    0.00    8.92    0.41    0.00    0.00    3.04
19:15:34       3   71.72    0.00   15.98    0.00    0.00    5.53    0.20    0.00    0.00    6.56

19:15:34     CPU    %usr   %nice    %sys %iowait    %irq   %soft  %steal  %guest  %gnice   %idle
19:15:39     all   55.16    0.00   25.73    0.00    0.00    7.50    0.16    0.00    0.00   11.46
19:15:39       0   52.60    0.00   28.69    0.00    0.00    6.86    0.21    0.00    0.00   11.64
19:15:39       1   52.42    0.00   26.32    0.00    0.00    8.21    0.21    0.00    0.00   12.84
19:15:39       2   51.45    0.00   29.25    0.00    0.00    9.34    0.00    0.00    0.00    9.96
19:15:39       3   64.11    0.00   18.67    0.00    0.00    5.60    0.21    0.00    0.00   11.41

19:15:39     CPU    %usr   %nice    %sys %iowait    %irq   %soft  %steal  %guest  %gnice   %idle
19:15:44     all   56.28    0.00   24.71    0.00    0.00    7.49    0.26    0.00    0.00   11.26
19:15:44       0   62.08    0.00   20.42    0.00    0.00    7.08    0.21    0.00    0.00   10.21
19:15:44       1   50.73    0.00   28.93    0.00    0.00    7.13    0.42    0.00    0.00   12.79
19:15:44       2   54.79    0.00   26.25    0.00    0.00    9.79    0.21    0.00    0.00    8.96
19:15:44       3   57.51    0.00   23.26    0.00    0.00    5.92    0.21    0.00    0.00   13.11

19:15:44     CPU    %usr   %nice    %sys %iowait    %irq   %soft  %steal  %guest  %gnice   %idle
19:15:49     all   55.62    0.00   24.90    0.00    0.00    7.47    0.26    0.00    0.00   11.75
19:15:49       0   52.99    0.00   28.45    0.00    0.00    6.39    0.41    0.00    0.00   11.75
19:15:49       1   49.79    0.00   27.50    0.00    0.00    7.71    0.21    0.00    0.00   14.79
19:15:49       2   62.88    0.00   20.08    0.00    0.00    9.53    0.20    0.00    0.00    7.30
19:15:49       3   56.64    0.00   23.65    0.00    0.00    6.22    0.21    0.00    0.00   13.28

19:15:49     CPU    %usr   %nice    %sys %iowait    %irq   %soft  %steal  %guest  %gnice   %idle
19:15:54     all   53.78    0.00   23.03    0.00    0.00    6.94    0.21    0.00    0.00   16.05
19:15:54       0   48.33    0.00   26.99    0.00    0.00    6.69    0.21    0.00    0.00   17.78
19:15:54       1   50.41    0.00   25.93    0.00    0.00    6.22    0.21    0.00    0.00   17.22
19:15:54       2   50.10    0.00   26.50    0.00    0.00    8.28    0.21    0.00    0.00   14.91
19:15:54       3   66.05    0.00   12.88    0.00    0.00    6.54    0.20    0.00    0.00   14.31
