Linux 6.17.0-1015-aws (ip-172-31-10-5) 	05/27/26 	_x86_64_	(4 CPU)

19:13:21     CPU    %usr   %nice    %sys %iowait    %irq   %soft  %steal  %guest  %gnice   %idle
19:13:26     all   30.01    0.00   10.73    0.00    0.00    3.95    0.10    0.00    0.00   55.21
19:13:26       0   26.56    0.00    5.63    0.00    0.00    7.65    0.00    0.00    0.00   60.16
19:13:26       1   43.09    0.00   15.24    0.00    0.00    0.00    0.20    0.00    0.00   41.46
19:13:26       2   24.90    0.00    7.43    0.00    0.00    8.03    0.00    0.00    0.00   59.64
19:13:26       3   25.56    0.00   14.72    0.00    0.00    0.00    0.20    0.00    0.00   59.51

19:13:26     CPU    %usr   %nice    %sys %iowait    %irq   %soft  %steal  %guest  %gnice   %idle
19:13:31     all   59.23    0.00   25.52    0.00    0.00    9.91    0.25    0.00    0.00    5.08
19:13:31       0   59.36    0.00   19.32    0.00    0.00   20.72    0.20    0.00    0.00    0.40
19:13:31       1   56.47    0.00   33.68    0.00    0.00    0.00    0.41    0.00    0.00    9.45
19:13:31       2   68.74    0.00   12.22    0.00    0.00   18.44    0.20    0.00    0.00    0.40
19:13:31       3   52.07    0.00   37.40    0.00    0.00    0.00    0.21    0.00    0.00   10.33

19:13:31     CPU    %usr   %nice    %sys %iowait    %irq   %soft  %steal  %guest  %gnice   %idle
19:13:36     all   61.92    0.00   25.42    0.00    0.00    9.05    0.20    0.00    0.00    3.41
19:13:36       0   64.46    0.00   15.46    0.00    0.00   19.48    0.00    0.00    0.00    0.60
19:13:36       1   61.43    0.00   31.22    0.00    0.00    0.00    0.20    0.00    0.00    7.14
19:13:36       2   60.49    0.00   25.87    0.00    0.00   11.81    0.20    0.00    0.00    1.63
19:13:36       3   61.27    0.00   29.30    0.00    0.00    4.71    0.41    0.00    0.00    4.30

19:13:36     CPU    %usr   %nice    %sys %iowait    %irq   %soft  %steal  %guest  %gnice   %idle
19:13:41     all   85.78    0.00    8.51    0.05    0.00    4.71    0.25    0.00    0.00    0.70
19:13:41       0   81.20    0.00    7.80    0.00    0.00   10.80    0.20    0.00    0.00    0.00
19:13:41       1   88.80    0.00    9.40    0.00    0.00    0.00    0.40    0.00    0.00    1.40
19:13:41       2   90.22    0.00    5.99    0.20    0.00    3.19    0.20    0.00    0.00    0.20
19:13:41       3   82.86    0.00   10.89    0.00    0.00    4.84    0.20    0.00    0.00    1.21

19:13:41     CPU    %usr   %nice    %sys %iowait    %irq   %soft  %steal  %guest  %gnice   %idle
19:13:46     all   76.67    0.00   15.06    0.00    0.00    6.95    0.15    0.00    0.00    1.17
19:13:46       0   72.47    0.00   17.41    0.00    0.00    8.91    0.20    0.00    0.00    1.01
19:13:46       1   77.24    0.00   15.45    0.00    0.00    5.89    0.20    0.00    0.00    1.22
19:13:46       2   78.79    0.00   13.54    0.00    0.00    6.87    0.00    0.00    0.00    0.81
19:13:46       3   78.21    0.00   13.85    0.00    0.00    6.11    0.20    0.00    0.00    1.63

19:13:46     CPU    %usr   %nice    %sys %iowait    %irq   %soft  %steal  %guest  %gnice   %idle
19:13:51     all   61.28    0.00   26.79    0.00    0.00    9.39    0.15    0.00    0.00    2.40
19:13:51       0   65.85    0.00   22.36    0.00    0.00    9.76    0.00    0.00    0.00    2.03
19:13:51       1   63.99    0.00   24.07    0.00    0.00    9.47    0.21    0.00    0.00    2.26
19:13:51       2   55.69    0.00   31.50    0.00    0.00    9.76    0.20    0.00    0.00    2.85
19:13:51       3   59.59    0.00   29.18    0.00    0.00    8.57    0.20    0.00    0.00    2.45

19:13:51     CPU    %usr   %nice    %sys %iowait    %irq   %soft  %steal  %guest  %gnice   %idle
19:13:56     all   57.14    0.00   25.51    0.00    0.00    8.21    0.26    0.00    0.00    8.88
19:13:56       0   62.55    0.00   24.49    0.00    0.00    8.23    0.21    0.00    0.00    4.53
19:13:56       1   50.84    0.00   29.20    0.00    0.00    7.98    0.21    0.00    0.00   11.76
19:13:56       2   60.70    0.00   21.19    0.00    0.00    9.26    0.21    0.00    0.00    8.64
19:13:56       3   54.30    0.00   27.25    0.00    0.00    7.34    0.42    0.00    0.00   10.69

19:13:56     CPU    %usr   %nice    %sys %iowait    %irq   %soft  %steal  %guest  %gnice   %idle
19:14:01     all   54.98    0.00   27.01    0.00    0.00    7.03    0.16    0.00    0.00   10.82
19:14:01       0   50.32    0.00   31.42    0.00    0.00    7.01    0.00    0.00    0.00   11.25
19:14:01       1   49.57    0.00   29.78    0.00    0.00    7.39    0.43    0.00    0.00   12.83
19:14:01       2   59.75    0.00   23.90    0.00    0.00    6.92    0.00    0.00    0.00    9.43
19:14:01       3   60.13    0.00   23.03    0.00    0.00    6.82    0.21    0.00    0.00    9.81

19:14:01     CPU    %usr   %nice    %sys %iowait    %irq   %soft  %steal  %guest  %gnice   %idle
19:14:06     all   55.80    0.00   26.26    0.00    0.00    6.71    0.21    0.00    0.00   11.01
19:14:06       0   52.03    0.00   31.13    0.00    0.00    6.40    0.21    0.00    0.00   10.23
19:14:06       1   64.03    0.00   18.42    0.00    0.00    7.71    0.21    0.00    0.00    9.64
19:14:06       2   50.97    0.00   30.11    0.00    0.00    6.67    0.22    0.00    0.00   12.04
19:14:06       3   56.18    0.00   25.38    0.00    0.00    6.07    0.22    0.00    0.00   12.15

19:14:06     CPU    %usr   %nice    %sys %iowait    %irq   %soft  %steal  %guest  %gnice   %idle
19:14:11     all   56.15    0.00   25.99    0.00    0.00    7.45    0.16    0.00    0.00   10.25
19:14:11       0   51.05    0.00   30.80    0.00    0.00    6.75    0.00    0.00    0.00   11.39
19:14:11       1   66.74    0.00   16.42    0.00    0.00    8.73    0.42    0.00    0.00    7.69
19:14:11       2   52.23    0.00   29.51    0.00    0.00    7.64    0.00    0.00    0.00   10.62
19:14:11       3   54.39    0.00   27.41    0.00    0.00    6.64    0.21    0.00    0.00   11.35

19:14:11     CPU    %usr   %nice    %sys %iowait    %irq   %soft  %steal  %guest  %gnice   %idle
19:14:16     all   55.44    0.00   26.90    0.00    0.00    7.06    0.27    0.00    0.00   10.34
19:14:16       0   56.00    0.00   27.37    0.00    0.00    6.32    0.00    0.00    0.00   10.32
19:14:16       1   49.46    0.00   30.15    0.00    0.00    8.24    0.43    0.00    0.00   11.71
19:14:16       2   56.00    0.00   27.16    0.00    0.00    6.95    0.21    0.00    0.00    9.68
19:14:16       3   60.13    0.00   23.00    0.00    0.00    6.75    0.42    0.00    0.00    9.70

19:14:16     CPU    %usr   %nice    %sys %iowait    %irq   %soft  %steal  %guest  %gnice   %idle
19:14:21     all   55.11    0.00   26.46    0.00    0.00    7.29    0.16    0.00    0.00   10.97
19:14:21       0   60.17    0.00   23.09    0.00    0.00    6.78    0.21    0.00    0.00    9.75
19:14:21       1   58.12    0.00   22.86    0.00    0.00    8.55    0.21    0.00    0.00   10.26
19:14:21       2   50.53    0.00   31.34    0.00    0.00    6.40    0.00    0.00    0.00   11.73
19:14:21       3   51.60    0.00   28.57    0.00    0.00    7.46    0.21    0.00    0.00   12.15

19:14:21     CPU    %usr   %nice    %sys %iowait    %irq   %soft  %steal  %guest  %gnice   %idle
19:14:26     all   56.11    0.00   26.48    0.00    0.00    6.83    0.16    0.00    0.00   10.41
19:14:26       0   50.96    0.00   31.13    0.00    0.00    5.97    0.00    0.00    0.00   11.94
19:14:26       1   60.22    0.00   22.37    0.00    0.00    7.10    0.43    0.00    0.00    9.89
19:14:26       2   51.50    0.00   30.56    0.00    0.00    6.62    0.00    0.00    0.00   11.32
19:14:26       3   61.78    0.00   21.87    0.00    0.00    7.64    0.21    0.00    0.00    8.49

19:14:26     CPU    %usr   %nice    %sys %iowait    %irq   %soft  %steal  %guest  %gnice   %idle
19:14:31     all   55.85    0.00   26.44    0.00    0.00    6.81    0.32    0.00    0.00   10.59
19:14:31       0   51.59    0.00   31.71    0.00    0.00    5.92    0.21    0.00    0.00   10.57
19:14:31       1   59.19    0.00   22.44    0.00    0.00    7.48    0.43    0.00    0.00   10.47
19:14:31       2   62.84    0.00   22.76    0.00    0.00    6.68    0.21    0.00    0.00    7.52
19:14:31       3   49.57    0.00   28.91    0.00    0.00    7.17    0.43    0.00    0.00   13.91

19:14:31     CPU    %usr   %nice    %sys %iowait    %irq   %soft  %steal  %guest  %gnice   %idle
19:14:36     all   55.14    0.00   27.22    0.00    0.00    6.83    0.11    0.00    0.00   10.70
19:14:36       0   60.43    0.00   23.19    0.00    0.00    6.60    0.00    0.00    0.00    9.79
19:14:36       1   59.44    0.00   22.34    0.00    0.00    7.59    0.22    0.00    0.00   10.41
19:14:36       2   50.96    0.00   32.55    0.00    0.00    6.42    0.00    0.00    0.00   10.06
19:14:36       3   49.67    0.00   30.80    0.00    0.00    6.72    0.22    0.00    0.00   12.58

19:14:36     CPU    %usr   %nice    %sys %iowait    %irq   %soft  %steal  %guest  %gnice   %idle
19:14:41     all   55.51    0.00   26.88    0.00    0.00    6.92    0.27    0.00    0.00   10.43
19:14:41       0   59.41    0.00   23.64    0.00    0.00    7.11    0.21    0.00    0.00    9.62
19:14:41       1   50.87    0.00   29.26    0.00    0.00    6.77    0.44    0.00    0.00   12.66
19:14:41       2   50.53    0.00   31.85    0.00    0.00    6.58    0.21    0.00    0.00   10.83
19:14:41       3   61.02    0.00   22.88    0.00    0.00    7.20    0.21    0.00    0.00    8.69

19:14:41     CPU    %usr   %nice    %sys %iowait    %irq   %soft  %steal  %guest  %gnice   %idle
19:14:46     all   55.75    0.00   27.39    0.00    0.00    6.53    0.16    0.00    0.00   10.17
19:14:46       0   50.64    0.00   32.13    0.00    0.00    6.17    0.00    0.00    0.00   11.06
19:14:46       1   61.41    0.00   21.96    0.00    0.00    7.04    0.43    0.00    0.00    9.17
19:14:46       2   52.35    0.00   30.34    0.00    0.00    6.41    0.00    0.00    0.00   10.90
19:14:46       3   58.66    0.00   25.11    0.00    0.00    6.49    0.22    0.00    0.00    9.52

19:14:46     CPU    %usr   %nice    %sys %iowait    %irq   %soft  %steal  %guest  %gnice   %idle
19:14:51     all   55.76    0.00   26.58    0.00    0.00    7.06    0.27    0.00    0.00   10.34
19:14:51       0   50.85    0.00   32.34    0.00    0.00    5.96    0.00    0.00    0.00   10.85
19:14:51       1   62.58    0.00   20.30    0.00    0.00    8.03    0.42    0.00    0.00    8.67
19:14:51       2   56.26    0.00   26.75    0.00    0.00    7.01    0.21    0.00    0.00    9.77
19:14:51       3   53.29    0.00   26.96    0.00    0.00    7.22    0.42    0.00    0.00   12.10

19:14:51     CPU    %usr   %nice    %sys %iowait    %irq   %soft  %steal  %guest  %gnice   %idle
19:14:56     all   56.60    0.00   26.50    0.00    0.00    6.49    0.16    0.00    0.00   10.25
19:14:56       0   58.05    0.00   26.69    0.00    0.00    5.51    0.21    0.00    0.00    9.53
19:14:56       1   60.56    0.00   21.77    0.00    0.00    7.54    0.22    0.00    0.00    9.91
19:14:56       2   56.10    0.00   28.27    0.00    0.00    6.00    0.00    0.00    0.00    9.64
19:14:56       3   51.63    0.00   29.28    0.00    0.00    6.94    0.22    0.00    0.00   11.93

19:14:56     CPU    %usr   %nice    %sys %iowait    %irq   %soft  %steal  %guest  %gnice   %idle
19:15:01     all   55.55    0.00   26.41    0.00    0.00    7.15    0.21    0.00    0.00   10.67
19:15:01       0   60.84    0.00   23.58    0.00    0.00    6.74    0.00    0.00    0.00    8.84
19:15:01       1   55.79    0.00   25.11    0.00    0.00    7.51    0.43    0.00    0.00   11.16
19:15:01       2   51.39    0.00   30.49    0.00    0.00    6.82    0.21    0.00    0.00   11.09
19:15:01       3   54.09    0.00   26.51    0.00    0.00    7.54    0.22    0.00    0.00   11.64

19:15:01     CPU    %usr   %nice    %sys %iowait    %irq   %soft  %steal  %guest  %gnice   %idle
19:15:06     all   56.33    0.00   26.13    0.00    0.00    6.84    0.21    0.00    0.00   10.49
19:15:06       0   56.42    0.00   27.58    0.00    0.00    6.53    0.21    0.00    0.00    9.26
19:15:06       1   53.26    0.00   25.87    0.00    0.00    8.04    0.22    0.00    0.00   12.61
19:15:06       2   57.02    0.00   27.25    0.00    0.00    6.50    0.00    0.00    0.00    9.22
19:15:06       3   58.53    0.00   23.79    0.00    0.00    6.32    0.42    0.00    0.00   10.95

19:15:06     CPU    %usr   %nice    %sys %iowait    %irq   %soft  %steal  %guest  %gnice   %idle
19:15:11     all   55.34    0.00   27.29    0.00    0.00    6.65    0.16    0.00    0.00   10.56
19:15:11       0   55.13    0.00   28.42    0.00    0.00    6.41    0.00    0.00    0.00   10.04
19:15:11       1   58.89    0.00   22.70    0.00    0.00    7.92    0.43    0.00    0.00   10.06
19:15:11       2   54.06    0.00   28.63    0.00    0.00    6.20    0.00    0.00    0.00   11.11
19:15:11       3   53.25    0.00   29.44    0.00    0.00    6.06    0.22    0.00    0.00   11.04

19:15:11     CPU    %usr   %nice    %sys %iowait    %irq   %soft  %steal  %guest  %gnice   %idle
19:15:16     all   55.57    0.00   26.49    0.05    0.00    7.22    0.27    0.00    0.00   10.40
19:15:16       0   57.44    0.00   25.58    0.00    0.00    5.45    0.21    0.00    0.00   11.32
19:15:16       1   58.64    0.00   22.81    0.21    0.00    8.96    0.43    0.00    0.00    8.96
19:15:16       2   52.65    0.00   29.51    0.00    0.00    7.43    0.21    0.00    0.00   10.19
19:15:16       3   53.53    0.00   28.05    0.00    0.00    7.07    0.21    0.00    0.00   11.13

19:15:16     CPU    %usr   %nice    %sys %iowait    %irq   %soft  %steal  %guest  %gnice   %idle
19:15:21     all   55.33    0.00   27.16    0.00    0.00    7.12    0.11    0.00    0.00   10.28
19:15:21       0   58.19    0.00   26.05    0.00    0.00    6.09    0.00    0.00    0.00    9.66
19:15:21       1   51.75    0.00   29.69    0.00    0.00    7.64    0.22    0.00    0.00   10.70
19:15:21       2   51.39    0.00   30.06    0.00    0.00    7.68    0.00    0.00    0.00   10.87
19:15:21       3   59.91    0.00   22.84    0.00    0.00    7.11    0.22    0.00    0.00    9.91

19:15:21     CPU    %usr   %nice    %sys %iowait    %irq   %soft  %steal  %guest  %gnice   %idle
19:15:26     all   66.16    0.00   21.34    0.00    0.00    5.88    0.31    0.00    0.00    6.30
19:15:26       0   62.53    0.00   26.29    0.00    0.00    5.18    0.21    0.00    0.00    5.80
19:15:26       1   77.02    0.00   10.97    0.00    0.00    6.63    0.41    0.00    0.00    4.97
19:15:26       2   67.28    0.00   21.19    0.00    0.00    6.58    0.21    0.00    0.00    4.73
19:15:26       3   57.57    0.00   27.08    0.00    0.00    5.12    0.43    0.00    0.00    9.81

19:15:26     CPU    %usr   %nice    %sys %iowait    %irq   %soft  %steal  %guest  %gnice   %idle
19:15:31     all   86.31    0.00    7.47    0.00    0.00    5.87    0.15    0.00    0.00    0.20
19:15:31       0   88.58    0.00    6.41    0.00    0.00    5.01    0.00    0.00    0.00    0.00
19:15:31       1   83.97    0.00    7.41    0.00    0.00    8.02    0.40    0.00    0.00    0.20
19:15:31       2   88.18    0.00    5.61    0.00    0.00    6.21    0.00    0.00    0.00    0.00
19:15:31       3   84.51    0.00   10.46    0.00    0.00    4.23    0.20    0.00    0.00    0.60

19:15:31     CPU    %usr   %nice    %sys %iowait    %irq   %soft  %steal  %guest  %gnice   %idle
19:15:36     all   59.10    0.00   25.12    0.05    0.00    6.92    0.16    0.00    0.00    8.65
19:15:36       0   54.49    0.00   30.69    0.21    0.00    5.85    0.00    0.00    0.00    8.77
19:15:36       1   63.29    0.00   19.83    0.00    0.00    7.59    0.42    0.00    0.00    8.86
19:15:36       2   61.12    0.00   24.74    0.00    0.00    7.28    0.00    0.00    0.00    6.86
19:15:36       3   57.51    0.00   25.16    0.00    0.00    6.98    0.21    0.00    0.00   10.15

19:15:36     CPU    %usr   %nice    %sys %iowait    %irq   %soft  %steal  %guest  %gnice   %idle
19:15:41     all   55.48    0.00   26.59    0.00    0.00    6.80    0.27    0.00    0.00   10.86
19:15:41       0   59.96    0.00   23.27    0.00    0.00    6.29    0.21    0.00    0.00   10.27
19:15:41       1   60.90    0.00   22.01    0.00    0.00    7.05    0.21    0.00    0.00    9.83
19:15:41       2   50.75    0.00   30.97    0.00    0.00    7.74    0.22    0.00    0.00   10.32
19:15:41       3   50.11    0.00   30.28    0.00    0.00    6.10    0.44    0.00    0.00   13.07

19:15:41     CPU    %usr   %nice    %sys %iowait    %irq   %soft  %steal  %guest  %gnice   %idle
19:15:46     all   55.97    0.00   26.02    0.00    0.00    7.06    0.16    0.00    0.00   10.78
19:15:46       0   51.27    0.00   29.66    0.00    0.00    6.78    0.00    0.00    0.00   12.29
19:15:46       1   54.19    0.00   26.24    0.00    0.00    7.31    0.43    0.00    0.00   11.83
19:15:46       2   53.30    0.00   29.00    0.00    0.00    7.04    0.00    0.00    0.00   10.66
19:15:46       3   64.99    0.00   19.29    0.00    0.00    7.13    0.21    0.00    0.00    8.39

19:15:46     CPU    %usr   %nice    %sys %iowait    %irq   %soft  %steal  %guest  %gnice   %idle
19:15:51     all   55.83    0.00   26.58    0.00    0.00    6.98    0.27    0.00    0.00   10.34
19:15:51       0   59.24    0.00   24.37    0.00    0.00    6.09    0.21    0.00    0.00   10.08
19:15:51       1   59.74    0.00   22.91    0.00    0.00    7.28    0.43    0.00    0.00    9.64
19:15:51       2   51.80    0.00   30.36    0.00    0.00    7.64    0.21    0.00    0.00    9.98
19:15:51       3   52.48    0.00   28.73    0.00    0.00    6.91    0.22    0.00    0.00   11.66

19:15:51     CPU    %usr   %nice    %sys %iowait    %irq   %soft  %steal  %guest  %gnice   %idle
19:15:56     all   39.63    0.00   18.16    0.00    0.00    4.47    0.11    0.00    0.00   37.63
19:15:56       0   47.80    0.00   21.38    0.00    0.00    3.77    0.00    0.00    0.00   27.04
19:15:56       1   36.81    0.00   15.96    0.00    0.00    4.47    0.21    0.00    0.00   42.55
19:15:56       2   35.70    0.00   19.42    0.00    0.00    5.01    0.00    0.00    0.00   39.87
19:15:56       3   38.19    0.00   15.82    0.00    0.00    4.64    0.21    0.00    0.00   41.14
