Linux 6.17.0-1015-aws (ip-172-31-15-213) 	05/25/26 	_x86_64_	(4 CPU)

18:46:26     CPU    %usr   %nice    %sys %iowait    %irq   %soft  %steal  %guest  %gnice   %idle
18:46:31     all   21.76    0.00    7.15    0.05    0.00    2.22    0.10    0.00    0.00   68.72
18:46:31       0   24.14    0.00    9.46    0.00    0.00    0.00    0.20    0.00    0.00   66.20
18:46:31       1   27.77    0.00    5.03    0.00    0.00    3.82    0.00    0.00    0.00   63.38
18:46:31       2   19.72    0.00    9.26    0.20    0.00    0.00    0.20    0.00    0.00   70.62
18:46:31       3   15.38    0.00    4.86    0.00    0.00    5.06    0.00    0.00    0.00   74.70

18:46:31     CPU    %usr   %nice    %sys %iowait    %irq   %soft  %steal  %guest  %gnice   %idle
18:46:36     all   57.35    0.00   24.27    0.00    0.00    8.81    0.20    0.00    0.00    9.37
18:46:36       0   50.62    0.00   32.64    0.00    0.00    0.00    0.21    0.00    0.00   16.53
18:46:36       1   57.63    0.00   20.28    0.00    0.00   16.67    0.20    0.00    0.00    5.22
18:46:36       2   59.63    0.00   23.60    0.00    0.00    8.07    0.21    0.00    0.00    8.49
18:46:36       3   61.48    0.00   20.70    0.00    0.00   10.25    0.20    0.00    0.00    7.38

18:46:36     CPU    %usr   %nice    %sys %iowait    %irq   %soft  %steal  %guest  %gnice   %idle
18:46:41     all   56.74    0.00   27.43    0.00    0.00    8.10    0.21    0.00    0.00    7.52
18:46:41       0   56.40    0.00   28.10    0.00    0.00    0.21    0.21    0.00    0.00   15.08
18:46:41       1   55.83    0.00   26.25    0.00    0.00   15.21    0.00    0.00    0.00    2.71
18:46:41       2   52.34    0.00   30.21    0.00    0.00    8.94    0.43    0.00    0.00    8.09
18:46:41       3   62.29    0.00   25.21    0.00    0.00    8.12    0.21    0.00    0.00    4.17

18:46:41     CPU    %usr   %nice    %sys %iowait    %irq   %soft  %steal  %guest  %gnice   %idle
18:46:46     all   57.67    0.00   27.13    0.00    0.00    7.96    0.21    0.00    0.00    7.02
18:46:46       0   55.56    0.00   28.30    0.00    0.00    7.34    0.42    0.00    0.00    8.39
18:46:46       1   55.62    0.00   29.38    0.00    0.00    7.50    0.21    0.00    0.00    7.29
18:46:46       2   66.18    0.00   19.42    0.00    0.00    9.39    0.21    0.00    0.00    4.80
18:46:46       3   53.28    0.00   31.50    0.00    0.00    7.61    0.00    0.00    0.00    7.61

18:46:46     CPU    %usr   %nice    %sys %iowait    %irq   %soft  %steal  %guest  %gnice   %idle
18:46:51     all   57.53    0.00   27.74    0.00    0.00    7.68    0.21    0.00    0.00    6.84
18:46:51       0   55.34    0.00   27.56    0.00    0.00   10.04    0.21    0.00    0.00    6.84
18:46:51       1   55.04    0.00   32.14    0.00    0.00    4.62    0.00    0.00    0.00    8.19
18:46:51       2   59.21    0.00   25.31    0.00    0.00    8.79    0.42    0.00    0.00    6.28
18:46:51       3   60.46    0.00   25.94    0.00    0.00    7.32    0.21    0.00    0.00    6.07

18:46:51     CPU    %usr   %nice    %sys %iowait    %irq   %soft  %steal  %guest  %gnice   %idle
18:46:56     all   57.07    0.00   27.80    0.00    0.00    7.91    0.11    0.00    0.00    7.12
18:46:56       0   57.93    0.00   25.58    0.00    0.00   10.36    0.21    0.00    0.00    5.92
18:46:56       1   52.23    0.00   33.12    0.00    0.00    4.46    0.00    0.00    0.00   10.19
18:46:56       2   60.97    0.00   23.84    0.00    0.00    8.86    0.21    0.00    0.00    6.12
18:46:56       3   57.11    0.00   28.66    0.00    0.00    7.95    0.00    0.00    0.00    6.28

18:46:56     CPU    %usr   %nice    %sys %iowait    %irq   %soft  %steal  %guest  %gnice   %idle
18:47:01     all   57.30    0.00   27.26    0.00    0.00    7.95    0.26    0.00    0.00    7.22
18:47:01       0   55.37    0.00   26.74    0.00    0.00   10.95    0.42    0.00    0.00    6.53
18:47:01       1   60.87    0.00   26.71    0.00    0.00    4.97    0.21    0.00    0.00    7.25
18:47:01       2   54.33    0.00   30.02    0.00    0.00    8.46    0.21    0.00    0.00    6.98
18:47:01       3   58.54    0.00   25.62    0.00    0.00    7.50    0.21    0.00    0.00    8.12

18:47:01     CPU    %usr   %nice    %sys %iowait    %irq   %soft  %steal  %guest  %gnice   %idle
18:47:06     all   49.02    0.00   21.87    0.00    0.00    6.84    0.16    0.00    0.00   22.12
18:47:06       0   45.05    0.00   22.95    0.00    0.00    8.84    0.21    0.00    0.00   22.95
18:47:06       1   49.07    0.00   24.12    0.00    0.00    4.12    0.00    0.00    0.00   22.68
18:47:06       2   49.59    0.00   20.58    0.00    0.00    8.64    0.41    0.00    0.00   20.78
18:47:06       3   52.27    0.00   19.83    0.00    0.00    5.79    0.00    0.00    0.00   22.11
