Linux 6.17.0-1017-aws (ip-172-31-0-121) 	05/29/26 	_x86_64_	(4 CPU)

14:06:33     CPU    %usr   %nice    %sys %iowait    %irq   %soft  %steal  %guest  %gnice   %idle
14:06:38     all   22.08    0.00    6.53    0.00    0.00    1.33    0.10    0.00    0.00   69.96
14:06:38       0   23.31    0.00    6.13    0.00    0.00    1.64    0.00    0.00    0.00   68.92
14:06:38       1   14.87    0.00    7.54    0.00    0.00    1.02    0.20    0.00    0.00   76.37
14:06:38       2   15.51    0.00    5.31    0.00    0.00    0.00    0.20    0.00    0.00   78.98
14:06:38       3   34.62    0.00    7.13    0.00    0.00    2.65    0.00    0.00    0.00   55.60

14:06:38     CPU    %usr   %nice    %sys %iowait    %irq   %soft  %steal  %guest  %gnice   %idle
14:06:43     all   57.71    0.00   23.11    0.00    0.00    4.39    0.21    0.00    0.00   14.58
14:06:43       0   67.36    0.00   15.08    0.00    0.00    5.79    0.41    0.00    0.00   11.36
14:06:43       1   51.38    0.00   28.45    0.00    0.00    3.61    0.00    0.00    0.00   16.56
14:06:43       2   57.80    0.00   22.87    0.00    0.00    2.49    0.21    0.00    0.00   16.63
14:06:43       3   54.09    0.00   26.21    0.00    0.00    5.66    0.21    0.00    0.00   13.84

14:06:43     CPU    %usr   %nice    %sys %iowait    %irq   %soft  %steal  %guest  %gnice   %idle
14:06:48     all   58.63    0.00   23.86    0.10    0.00    4.67    0.21    0.00    0.00   12.53
14:06:48       0   60.38    0.00   22.64    0.00    0.00    5.03    0.21    0.00    0.00   11.74
14:06:48       1   55.08    0.00   26.48    0.21    0.00    3.81    0.21    0.00    0.00   14.19
14:06:48       2   61.55    0.00   21.01    0.00    0.00    6.30    0.21    0.00    0.00   10.92
14:06:48       3   57.47    0.00   25.31    0.21    0.00    3.53    0.21    0.00    0.00   13.28

14:06:48     CPU    %usr   %nice    %sys %iowait    %irq   %soft  %steal  %guest  %gnice   %idle
14:06:53     all   58.02    0.00   24.09    0.00    0.00    4.63    0.16    0.00    0.00   13.10
14:06:53       0   58.09    0.00   23.40    0.00    0.00    4.89    0.21    0.00    0.00   13.40
14:06:53       1   54.43    0.00   27.22    0.00    0.00    4.01    0.21    0.00    0.00   14.14
14:06:53       2   54.97    0.00   27.06    0.00    0.00    5.71    0.21    0.00    0.00   12.05
14:06:53       3   64.46    0.00   18.80    0.00    0.00    3.93    0.00    0.00    0.00   12.81

14:06:53     CPU    %usr   %nice    %sys %iowait    %irq   %soft  %steal  %guest  %gnice   %idle
14:06:58     all   58.80    0.00   24.17    0.00    0.00    4.68    0.21    0.00    0.00   12.14
14:06:58       0   60.17    0.00   23.27    0.00    0.00    5.45    0.21    0.00    0.00   10.90
14:06:58       1   51.80    0.00   29.30    0.00    0.00    3.82    0.21    0.00    0.00   14.86
14:06:58       2   58.14    0.00   25.79    0.00    0.00    6.13    0.21    0.00    0.00    9.73
14:06:58       3   64.94    0.00   18.46    0.00    0.00    3.32    0.21    0.00    0.00   13.07

14:06:58     CPU    %usr   %nice    %sys %iowait    %irq   %soft  %steal  %guest  %gnice   %idle
14:07:03     all   59.19    0.00   22.84    0.05    0.00    4.71    0.31    0.00    0.00   12.89
14:07:03       0   65.69    0.00   17.78    0.00    0.00    5.86    0.42    0.00    0.00   10.25
14:07:03       1   52.55    0.00   27.02    0.00    0.00    4.26    0.21    0.00    0.00   15.96
14:07:03       2   57.44    0.00   24.74    0.21    0.00    5.45    0.42    0.00    0.00   11.74
14:07:03       3   60.95    0.00   21.90    0.00    0.00    3.31    0.21    0.00    0.00   13.64

14:07:03     CPU    %usr   %nice    %sys %iowait    %irq   %soft  %steal  %guest  %gnice   %idle
14:07:08     all   53.66    0.00   21.36    0.00    0.00    4.37    0.05    0.00    0.00   20.57
14:07:08       0   54.95    0.00   19.58    0.00    0.00    5.05    0.21    0.00    0.00   20.21
14:07:08       1   44.16    0.00   27.39    0.00    0.00    3.82    0.00    0.00    0.00   24.63
14:07:08       2   52.21    0.00   21.26    0.00    0.00    5.26    0.00    0.00    0.00   21.26
14:07:08       3   63.12    0.00   17.29    0.00    0.00    3.33    0.00    0.00    0.00   16.25

14:07:08     CPU    %usr   %nice    %sys %iowait    %irq   %soft  %steal  %guest  %gnice   %idle
14:07:13     all   55.48    0.00   22.60    0.05    0.00    4.37    0.26    0.00    0.00   17.23
14:07:13       0   66.81    0.00   16.60    0.00    0.00    5.25    0.21    0.00    0.00   11.13
14:07:13       1   46.77    0.00   28.02    0.00    0.00    3.88    0.22    0.00    0.00   21.12
14:07:13       2   55.00    0.00   23.75    0.00    0.00    5.21    0.42    0.00    0.00   15.62
14:07:13       3   53.14    0.00   22.18    0.21    0.00    3.14    0.21    0.00    0.00   21.13

14:07:13     CPU    %usr   %nice    %sys %iowait    %irq   %soft  %steal  %guest  %gnice   %idle
14:07:18     all   54.87    0.00   22.09    0.16    0.00    4.50    0.21    0.00    0.00   18.17
14:07:18       0   55.20    0.00   23.14    0.21    0.00    4.88    0.21    0.00    0.00   16.35
14:07:18       1   49.57    0.00   25.11    0.21    0.00    4.51    0.21    0.00    0.00   20.39
14:07:18       2   59.92    0.00   18.57    0.21    0.00    5.49    0.21    0.00    0.00   15.61
14:07:18       3   54.72    0.00   21.59    0.00    0.00    3.14    0.21    0.00    0.00   20.34

14:07:18     CPU    %usr   %nice    %sys %iowait    %irq   %soft  %steal  %guest  %gnice   %idle
14:07:23     all   54.36    0.00   22.72    0.00    0.00    4.54    0.26    0.00    0.00   18.12
14:07:23       0   60.47    0.00   19.03    0.00    0.00    5.50    0.42    0.00    0.00   14.59
14:07:23       1   51.81    0.00   24.52    0.00    0.00    3.84    0.21    0.00    0.00   19.62
14:07:23       2   57.56    0.00   22.48    0.00    0.00    5.04    0.21    0.00    0.00   14.71
14:07:23       3   47.58    0.00   24.84    0.00    0.00    3.79    0.21    0.00    0.00   23.58

14:07:23     CPU    %usr   %nice    %sys %iowait    %irq   %soft  %steal  %guest  %gnice   %idle
14:07:28     all   57.59    0.00   22.15    0.05    0.00    4.25    0.10    0.00    0.00   15.85
14:07:28       0   55.86    0.00   22.60    0.00    0.00    4.90    0.21    0.00    0.00   16.42
14:07:28       1   61.64    0.00   20.75    0.00    0.00    3.98    0.00    0.00    0.00   13.63
14:07:28       2   53.15    0.00   25.00    0.00    0.00    4.62    0.21    0.00    0.00   17.02
14:07:28       3   59.63    0.00   20.29    0.21    0.00    3.52    0.00    0.00    0.00   16.36

14:07:28     CPU    %usr   %nice    %sys %iowait    %irq   %soft  %steal  %guest  %gnice   %idle
14:07:33     all   55.32    0.00   23.02    0.00    0.00    4.64    0.21    0.00    0.00   16.81
14:07:33       0   56.93    0.00   23.11    0.00    0.00    5.04    0.21    0.00    0.00   14.71
14:07:33       1   51.28    0.00   25.53    0.00    0.00    4.26    0.21    0.00    0.00   18.72
14:07:33       2   61.95    0.00   18.09    0.00    0.00    5.82    0.21    0.00    0.00   13.93
14:07:33       3   50.96    0.00   25.48    0.00    0.00    3.40    0.21    0.00    0.00   19.96

14:07:33     CPU    %usr   %nice    %sys %iowait    %irq   %soft  %steal  %guest  %gnice   %idle
14:07:38     all   55.05    0.00   22.68    0.05    0.00    4.37    0.26    0.00    0.00   17.58
14:07:38       0   55.14    0.00   22.43    0.00    0.00    5.24    0.42    0.00    0.00   16.77
14:07:38       1   48.72    0.00   27.78    0.21    0.00    3.85    0.21    0.00    0.00   19.23
14:07:38       2   60.54    0.00   19.42    0.00    0.00    5.01    0.21    0.00    0.00   14.82
14:07:38       3   55.67    0.00   21.22    0.00    0.00    3.36    0.21    0.00    0.00   19.54

14:07:38     CPU    %usr   %nice    %sys %iowait    %irq   %soft  %steal  %guest  %gnice   %idle
14:07:43     all   54.32    0.00   22.97    0.05    0.00    4.48    0.21    0.00    0.00   17.97
14:07:43       0   60.42    0.00   20.62    0.21    0.00    5.42    0.21    0.00    0.00   13.12
14:07:43       1   50.43    0.00   25.74    0.00    0.00    3.83    0.21    0.00    0.00   19.79
14:07:43       2   58.82    0.00   20.59    0.00    0.00    5.46    0.21    0.00    0.00   14.92
14:07:43       3   47.46    0.00   25.00    0.00    0.00    3.18    0.21    0.00    0.00   24.15

14:07:43     CPU    %usr   %nice    %sys %iowait    %irq   %soft  %steal  %guest  %gnice   %idle
14:07:48     all   55.60    0.00   23.09    0.11    0.00    4.73    0.16    0.00    0.00   16.31
14:07:48       0   60.62    0.00   19.79    0.00    0.00    5.42    0.42    0.00    0.00   13.75
14:07:48       1   48.60    0.00   29.16    0.00    0.00    3.89    0.00    0.00    0.00   18.36
14:07:48       2   56.76    0.00   22.87    0.21    0.00    5.82    0.21    0.00    0.00   14.14
14:07:48       3   56.18    0.00   20.75    0.21    0.00    3.77    0.00    0.00    0.00   19.08

14:07:48     CPU    %usr   %nice    %sys %iowait    %irq   %soft  %steal  %guest  %gnice   %idle
14:07:53     all   63.38    0.00   21.73    0.21    0.00    4.41    0.21    0.00    0.00   10.06
14:07:53       0   62.76    0.00   21.34    0.21    0.00    4.81    0.21    0.00    0.00   10.67
14:07:53       1   63.62    0.00   22.25    0.00    0.00    3.74    0.21    0.00    0.00   10.19
14:07:53       2   62.24    0.00   22.61    0.21    0.00    5.60    0.21    0.00    0.00    9.13
14:07:53       3   64.89    0.00   20.74    0.41    0.00    3.49    0.21    0.00    0.00   10.27

14:07:53     CPU    %usr   %nice    %sys %iowait    %irq   %soft  %steal  %guest  %gnice   %idle
14:07:58     all   55.61    0.00   23.07    0.11    0.00    4.15    0.32    0.00    0.00   16.75
14:07:58       0   60.68    0.00   20.93    0.00    0.00    4.86    0.42    0.00    0.00   13.11
14:07:58       1   49.68    0.00   28.05    0.21    0.00    3.64    0.21    0.00    0.00   18.20
14:07:58       2   58.17    0.00   21.87    0.21    0.00    5.10    0.42    0.00    0.00   14.23
14:07:58       3   53.83    0.00   21.49    0.00    0.00    2.98    0.21    0.00    0.00   21.49

14:07:58     CPU    %usr   %nice    %sys %iowait    %irq   %soft  %steal  %guest  %gnice   %idle
14:08:03     all   57.59    0.00   22.67    0.05    0.00    4.40    0.21    0.00    0.00   15.08
14:08:03       0   60.00    0.00   20.63    0.21    0.00    5.47    0.21    0.00    0.00   13.47
14:08:03       1   52.74    0.00   26.79    0.00    0.00    3.59    0.21    0.00    0.00   16.67
14:08:03       2   55.32    0.00   24.22    0.00    0.00    5.01    0.21    0.00    0.00   15.24
14:08:03       3   62.24    0.00   19.09    0.00    0.00    3.53    0.21    0.00    0.00   14.94

14:08:03     CPU    %usr   %nice    %sys %iowait    %irq   %soft  %steal  %guest  %gnice   %idle
14:08:08     all   55.34    0.00   23.41    0.05    0.00    4.55    0.05    0.00    0.00   16.60
14:08:08       0   57.89    0.00   22.32    0.00    0.00    5.47    0.21    0.00    0.00   14.11
14:08:08       1   55.32    0.00   24.68    0.00    0.00    4.04    0.00    0.00    0.00   15.96
14:08:08       2   56.66    0.00   21.78    0.00    0.00    5.50    0.00    0.00    0.00   16.07
14:08:08       3   51.48    0.00   24.89    0.21    0.00    3.16    0.00    0.00    0.00   20.25

14:08:08     CPU    %usr   %nice    %sys %iowait    %irq   %soft  %steal  %guest  %gnice   %idle
14:08:13     all   55.82    0.00   23.06    0.05    0.00    4.05    0.26    0.00    0.00   16.75
14:08:13       0   57.63    0.00   22.67    0.00    0.00    4.24    0.21    0.00    0.00   15.25
14:08:13       1   52.43    0.00   25.58    0.00    0.00    4.02    0.21    0.00    0.00   17.76
14:08:13       2   58.40    0.00   22.27    0.21    0.00    4.83    0.42    0.00    0.00   13.87
14:08:13       3   54.81    0.00   21.76    0.00    0.00    3.14    0.21    0.00    0.00   20.08

14:08:13     CPU    %usr   %nice    %sys %iowait    %irq   %soft  %steal  %guest  %gnice   %idle
14:08:18     all   56.15    0.00   23.29    0.10    0.00    4.24    0.21    0.00    0.00   16.01
14:08:18       0   54.62    0.00   24.37    0.21    0.00    4.62    0.42    0.00    0.00   15.76
14:08:18       1   50.95    0.00   28.54    0.00    0.00    3.17    0.21    0.00    0.00   17.12
14:08:18       2   57.88    0.00   21.78    0.00    0.00    5.39    0.21    0.00    0.00   14.73
14:08:18       3   61.04    0.00   18.54    0.21    0.00    3.75    0.00    0.00    0.00   16.46

14:08:18     CPU    %usr   %nice    %sys %iowait    %irq   %soft  %steal  %guest  %gnice   %idle
14:08:23     all   55.65    0.00   23.30    0.00    0.00    4.40    0.16    0.00    0.00   16.49
14:08:23       0   59.41    0.00   20.51    0.00    0.00    5.07    0.21    0.00    0.00   14.80
14:08:23       1   47.97    0.00   29.21    0.00    0.00    3.41    0.00    0.00    0.00   19.40
14:08:23       2   57.94    0.00   22.89    0.00    0.00    5.36    0.21    0.00    0.00   13.61
14:08:23       3   57.14    0.00   20.70    0.00    0.00    3.73    0.21    0.00    0.00   18.22

14:08:23     CPU    %usr   %nice    %sys %iowait    %irq   %soft  %steal  %guest  %gnice   %idle
14:08:28     all   55.27    0.00   22.98    0.05    0.00    4.45    0.21    0.00    0.00   17.05
14:08:28       0   58.23    0.00   21.94    0.00    0.00    4.85    0.21    0.00    0.00   14.77
14:08:28       1   50.32    0.00   25.91    0.21    0.00    4.07    0.21    0.00    0.00   19.27
14:08:28       2   60.59    0.00   20.34    0.00    0.00    5.45    0.21    0.00    0.00   13.42
14:08:28       3   51.80    0.00   23.78    0.00    0.00    3.40    0.21    0.00    0.00   20.81

14:08:28     CPU    %usr   %nice    %sys %iowait    %irq   %soft  %steal  %guest  %gnice   %idle
14:08:33     all   54.84    0.00   23.22    0.05    0.00    4.28    0.16    0.00    0.00   17.45
14:08:33       0   60.08    0.00   21.01    0.00    0.00    4.41    0.21    0.00    0.00   14.29
14:08:33       1   49.15    0.00   27.35    0.00    0.00    3.85    0.21    0.00    0.00   19.44
14:08:33       2   59.87    0.00   20.80    0.00    0.00    5.46    0.21    0.00    0.00   13.66
14:08:33       3   50.11    0.00   23.78    0.21    0.00    3.40    0.00    0.00    0.00   22.51

14:08:33     CPU    %usr   %nice    %sys %iowait    %irq   %soft  %steal  %guest  %gnice   %idle
14:08:38     all   55.08    0.00   23.54    0.00    0.00    4.23    0.21    0.00    0.00   16.93
14:08:38       0   55.41    0.00   23.99    0.00    0.00    4.67    0.21    0.00    0.00   15.71
14:08:38       1   50.21    0.00   27.14    0.00    0.00    3.42    0.21    0.00    0.00   19.02
14:08:38       2   55.20    0.00   23.35    0.00    0.00    5.10    0.21    0.00    0.00   16.14
14:08:38       3   59.38    0.00   19.79    0.00    0.00    3.75    0.21    0.00    0.00   16.88

14:08:38     CPU    %usr   %nice    %sys %iowait    %irq   %soft  %steal  %guest  %gnice   %idle
14:08:43     all   54.24    0.00   22.22    0.00    0.00    3.94    0.27    0.00    0.00   19.34
14:08:43       0   57.23    0.00   21.28    0.00    0.00    4.89    0.21    0.00    0.00   16.38
14:08:43       1   51.82    0.00   22.70    0.00    0.00    3.43    0.21    0.00    0.00   21.84
14:08:43       2   57.20    0.00   22.67    0.00    0.00    4.66    0.42    0.00    0.00   15.04
14:08:43       3   50.64    0.00   22.22    0.00    0.00    2.78    0.21    0.00    0.00   24.15

14:08:43     CPU    %usr   %nice    %sys %iowait    %irq   %soft  %steal  %guest  %gnice   %idle
14:08:48     all   54.37    0.00   23.76    0.05    0.00    4.79    0.16    0.00    0.00   16.86
14:08:48       0   54.62    0.00   25.21    0.00    0.00    5.04    0.42    0.00    0.00   14.71
14:08:48       1   48.08    0.00   27.99    0.21    0.00    4.49    0.00    0.00    0.00   19.23
14:08:48       2   56.21    0.00   21.26    0.00    0.00    6.11    0.21    0.00    0.00   16.21
14:08:48       3   58.46    0.00   20.67    0.00    0.00    3.55    0.00    0.00    0.00   17.33

14:08:48     CPU    %usr   %nice    %sys %iowait    %irq   %soft  %steal  %guest  %gnice   %idle
14:08:53     all   54.78    0.00   23.19    0.00    0.00    4.36    0.21    0.00    0.00   17.46
14:08:53       0   58.82    0.00   20.80    0.00    0.00    4.83    0.21    0.00    0.00   15.34
14:08:53       1   52.52    0.00   26.05    0.00    0.00    4.20    0.21    0.00    0.00   17.02
14:08:53       2   59.58    0.00   20.83    0.00    0.00    5.21    0.21    0.00    0.00   14.17
14:08:53       3   48.09    0.00   25.11    0.00    0.00    3.19    0.21    0.00    0.00   23.40

14:08:53     CPU    %usr   %nice    %sys %iowait    %irq   %soft  %steal  %guest  %gnice   %idle
14:08:58     all   56.95    0.00   22.68    0.05    0.00    4.28    0.21    0.00    0.00   15.83
14:08:58       0   70.16    0.00   14.61    0.00    0.00    5.56    0.21    0.00    0.00    9.47
14:08:58       1   48.21    0.00   28.84    0.00    0.00    3.58    0.21    0.00    0.00   19.16
14:08:58       2   59.75    0.00   23.03    0.00    0.00    4.98    0.21    0.00    0.00   12.03
14:08:58       3   49.26    0.00   24.42    0.21    0.00    2.97    0.21    0.00    0.00   22.93

14:08:58     CPU    %usr   %nice    %sys %iowait    %irq   %soft  %steal  %guest  %gnice   %idle
14:09:03     all   57.81    0.00   21.73    0.05    0.00    4.32    0.32    0.00    0.00   15.77
14:09:03       0   63.39    0.00   18.20    0.00    0.00    5.23    0.42    0.00    0.00   12.76
14:09:03       1   59.58    0.00   21.47    0.00    0.00    4.00    0.21    0.00    0.00   14.74
14:09:03       2   54.74    0.00   24.00    0.21    0.00    5.05    0.42    0.00    0.00   15.58
14:09:03       3   53.42    0.00   23.29    0.00    0.00    2.99    0.21    0.00    0.00   20.09

14:09:03     CPU    %usr   %nice    %sys %iowait    %irq   %soft  %steal  %guest  %gnice   %idle
14:09:08     all   49.17    0.00   20.31    0.00    0.00    3.58    0.21    0.00    0.00   26.74
14:09:08       0   59.47    0.00   15.43    0.00    0.00    4.12    0.21    0.00    0.00   20.78
14:09:08       1   42.80    0.00   23.80    0.00    0.00    2.92    0.21    0.00    0.00   30.27
14:09:08       2   54.23    0.00   19.79    0.00    0.00    4.54    0.21    0.00    0.00   21.24
14:09:08       3   40.00    0.00   22.29    0.00    0.00    2.71    0.21    0.00    0.00   34.79
